=== CREATING SERVER ===
✓ Server object created
=== RUNNING SERVER ===
Server starting on port 8080
=== SETTING UP SERVER ===
✓ Socket created
✓ Socket options set
✓ 127.0.0.1 server setup complete!
=== SETTING UP EPOLL ===
✓ Epoll created
✓ Server socket added to epoll
✓ Epoll setup complete!
✅ Server successfully started on port 8080
Waiting for events on port 8080...
No events (timeout)
Waiting for events on port 8080...
No events (timeout)
Waiting for events on port 8080...
No events (timeout)
Waiting for events on port 8080...
No events (timeout)
Waiting for events on port 8080...
No events (timeout)
Waiting for events on port 8080...
No events (timeout)
Waiting for events on port 8080...
No events (timeout)
Waiting for events on port 8080...
Creating a new HTTP request parser with modular handlers
Client constructor called
✓ New client connected: 5
Creating a new HTTP request parser with modular handlers
Client constructor called
Client destructor called
Client destructor called
✓ Client 5 added to map
✓ Total active clients: 1
Client destructor called
Waiting for events on port 8080...
=== CLIENT 5: PROCESSING REQUEST ===
Message from client 5: GET /files/The.Bear.S04E03.EgyDead.CoM.mp4 HTTP/1.1
Host: 127.0.0.1:8080
Connection: keep-alive
sec-ch-ua: "Not)A;Brand";v="8", "Chromium";v="138", "Google Chrome";v="138"
sec-ch-ua-mobile: ?0
sec-ch-ua-platform: "Linux"
Upgrade-Insecure-Requests: 1
User-Agent: Mozilla/5.0 (X11; Linux x86_64) AppleWebKit/537.36 (KHTML, like Gecko) Chrome/138.0.0.0 Safari/537.36
Accept: text/html,application/xhtml+xml,application/xml;q=0.9,image/avif,image/webp,image/apng,*/*;q=0.8,application/signed-exchange;v=b3;q=0.7
Sec-Fetch-Site: none
Sec-Fetch-Mode: navigate
Sec-Fetch-User: ?1
Sec-Fetch-Dest: document
Accept-Encoding: gzip, deflate, br, zstd
Accept-Language: en-US,en;q=0.9,ar;q=0.8


=== GOT 697 NEW BYTES FROM CLIENT ===
Total data we have now: 697 bytes
Found all headers! Now reading them...
Found header: Host = 127.0.0.1:8080
Found header: Connection = keep-alive
Found header: sec-ch-ua = "Not)A;Brand";v="8", "Chromium";v="138", "Google Chrome";v="138"
Found header: sec-ch-ua-mobile = ?0
Found header: sec-ch-ua-platform = "Linux"
Found header: Upgrade-Insecure-Requests = 1
Found header: User-Agent = Mozilla/5.0 (X11; Linux x86_64) AppleWebKit/537.36 (KHTML, like Gecko) Chrome/138.0.0.0 Safari/537.36
Found header: Accept = text/html,application/xhtml+xml,application/xml;q=0.9,image/avif,image/webp,image/apng,*/*;q=0.8,application/signed-exchange;v=b3;q=0.7
Found header: Sec-Fetch-Site = none
Found header: Sec-Fetch-Mode = navigate
Found header: Sec-Fetch-User = ?1
Found header: Sec-Fetch-Dest = document
Found header: Accept-Encoding = gzip, deflate, br, zstd
Found header: Accept-Language = en-US,en;q=0.9,ar;q=0.8
Successfully read all headers!
HTTP Method: GET, Requested Path: /files/The.Bear.S04E03.EgyDead.CoM.mp4, Version: HTTP/1.1
Processing request data - checking handler...
=== GET HANDLER - COMPREHENSIVE VALIDATION ===
Requested path: '/files/The.Bear.S04E03.EgyDead.CoM.mp4'
Request fully processed and ready!
Final request - Method: GET Path: /files/The.Bear.S04E03.EgyDead.CoM.mp4
Waiting for events on port 8080...
=== GENERATING RESPONSE FOR CLIENT 5 ===
Creating normal response for path: /files/The.Bear.S04E03.EgyDead.CoM.mp4
=== ANALYZING REQUEST PATH: /files/The.Bear.S04E03.EgyDead.CoM.mp4 ===
Trying to serve file: www/files/The.Bear.S04E03.EgyDead.CoM.mp4
-----------------RESPONSE--------------
Starting file streaming for: www/files/The.Bear.S04E03.EgyDead.CoM.mp4
File size: 606047425 bytes
Sending headers: 90 bytes
File opened successfully for streaming. Stream good: 1
File streaming in progress - keeping connection alive
Waiting for events on port 8080...
=== GENERATING RESPONSE FOR CLIENT 5 ===
Continuing file streaming...
-----------------RESPONSE--------------
Continuing file streaming...
Reading from file stream...
Read 9000 bytes from file
Sent 9000 bytes to client
File streaming in progress - keeping connection alive
Waiting for events on port 8080...
=== GENERATING RESPONSE FOR CLIENT 5 ===
Continuing file streaming...
-----------------RESPONSE--------------
Continuing file streaming...
Reading from file stream...
Read 9000 bytes from file
Sent 9000 bytes to client
File streaming in progress - keeping connection alive
Waiting for events on port 8080...
=== GENERATING RESPONSE FOR CLIENT 5 ===
Continuing file streaming...
-----------------RESPONSE--------------
Continuing file streaming...
Reading from file stream...
Read 9000 bytes from file
Sent 9000 bytes to client
File streaming in progress - keeping connection alive
Waiting for events on port 8080...
=== GENERATING RESPONSE FOR CLIENT 5 ===
Continuing file streaming...
-----------------RESPONSE--------------
Continuing file streaming...
Reading from file stream...
Read 9000 bytes from file
Sent 9000 bytes to client
File streaming in progress - keeping connection alive
Waiting for events on port 8080...
=== GENERATING RESPONSE FOR CLIENT 5 ===
Continuing file streaming...
-----------------RESPONSE--------------
Continuing file streaming...
Reading from file stream...
Read 9000 bytes from file
Sent 9000 bytes to client
File streaming in progress - keeping connection alive
Waiting for events on port 8080...
=== GENERATING RESPONSE FOR CLIENT 5 ===
Continuing file streaming...
-----------------RESPONSE--------------
Continuing file streaming...
Reading from file stream...
Read 9000 bytes from file
Sent 9000 bytes to client
File streaming in progress - keeping connection alive
Waiting for events on port 8080...
=== GENERATING RESPONSE FOR CLIENT 5 ===
Continuing file streaming...
-----------------RESPONSE--------------
Continuing file streaming...
Reading from file stream...
Read 9000 bytes from file
Sent 9000 bytes to client
File streaming in progress - keeping connection alive
Waiting for events on port 8080...
=== GENERATING RESPONSE FOR CLIENT 5 ===
Continuing file streaming...
-----------------RESPONSE--------------
Continuing file streaming...
Reading from file stream...
Read 9000 bytes from file
Sent 9000 bytes to client
File streaming in progress - keeping connection alive
Waiting for events on port 8080...
=== GENERATING RESPONSE FOR CLIENT 5 ===
Continuing file streaming...
-----------------RESPONSE--------------
Continuing file streaming...
Reading from file stream...
Read 9000 bytes from file
Sent 9000 bytes to client
File streaming in progress - keeping connection alive
Waiting for events on port 8080...
=== GENERATING RESPONSE FOR CLIENT 5 ===
Continuing file streaming...
-----------------RESPONSE--------------
Continuing file streaming...
Reading from file stream...
Read 9000 bytes from file
Sent 9000 bytes to client
File streaming in progress - keeping connection alive
Waiting for events on port 8080...
=== GENERATING RESPONSE FOR CLIENT 5 ===
Continuing file streaming...
-----------------RESPONSE--------------
Continuing file streaming...
Reading from file stream...
Read 9000 bytes from file
Sent 9000 bytes to client
File streaming in progress - keeping connection alive
Waiting for events on port 8080...
=== GENERATING RESPONSE FOR CLIENT 5 ===
Continuing file streaming...
-----------------RESPONSE--------------
Continuing file streaming...
Reading from file stream...
Read 9000 bytes from file
Sent 9000 bytes to client
File streaming in progress - keeping connection alive
Waiting for events on port 8080...
=== GENERATING RESPONSE FOR CLIENT 5 ===
Continuing file streaming...
-----------------RESPONSE--------------
Continuing file streaming...
Reading from file stream...
Read 9000 bytes from file
Sent 9000 bytes to client
File streaming in progress - keeping connection alive
Waiting for events on port 8080...
=== GENERATING RESPONSE FOR CLIENT 5 ===
Continuing file streaming...
-----------------RESPONSE--------------
Continuing file streaming...
Reading from file stream...
Read 9000 bytes from file
Sent 9000 bytes to client
File streaming in progress - keeping connection alive
Waiting for events on port 8080...
=== GENERATING RESPONSE FOR CLIENT 5 ===
Continuing file streaming...
-----------------RESPONSE--------------
Continuing file streaming...
Reading from file stream...
Read 9000 bytes from file
Sent 9000 bytes to client
File streaming in progress - keeping connection alive
Waiting for events on port 8080...
=== GENERATING RESPONSE FOR CLIENT 5 ===
Continuing file streaming...
-----------------RESPONSE--------------
Continuing file streaming...
Reading from file stream...
Read 9000 bytes from file
Sent 9000 bytes to client
File streaming in progress - keeping connection alive
Waiting for events on port 8080...
=== GENERATING RESPONSE FOR CLIENT 5 ===
Continuing file streaming...
-----------------RESPONSE--------------
Continuing file streaming...
Reading from file stream...
Read 9000 bytes from file
Sent 9000 bytes to client
File streaming in progress - keeping connection alive
Waiting for events on port 8080...
=== GENERATING RESPONSE FOR CLIENT 5 ===
Continuing file streaming...
-----------------RESPONSE--------------
Continuing file streaming...
Reading from file stream...
Read 9000 bytes from file
Sent 9000 bytes to client
File streaming in progress - keeping connection alive
Waiting for events on port 8080...
=== GENERATING RESPONSE FOR CLIENT 5 ===
Continuing file streaming...
-----------------RESPONSE--------------
Continuing file streaming...
Reading from file stream...
Read 9000 bytes from file
Sent 9000 bytes to client
File streaming in progress - keeping connection alive
Waiting for events on port 8080...
=== GENERATING RESPONSE FOR CLIENT 5 ===
Continuing file streaming...
-----------------RESPONSE--------------
Continuing file streaming...
Reading from file stream...
Read 9000 bytes from file
Sent 9000 bytes to client
File streaming in progress - keeping connection alive
Waiting for events on port 8080...
=== GENERATING RESPONSE FOR CLIENT 5 ===
Continuing file streaming...
-----------------RESPONSE--------------
Continuing file streaming...
Reading from file stream...
Read 9000 bytes from file
Sent 9000 bytes to client
File streaming in progress - keeping connection alive
Waiting for events on port 8080...
=== GENERATING RESPONSE FOR CLIENT 5 ===
Continuing file streaming...
-----------------RESPONSE--------------
Continuing file streaming...
Reading from file stream...
Read 9000 bytes from file
Sent 9000 bytes to client
File streaming in progress - keeping connection alive
Waiting for events on port 8080...
=== GENERATING RESPONSE FOR CLIENT 5 ===
Continuing file streaming...
-----------------RESPONSE--------------
Continuing file streaming...
Reading from file stream...
Read 9000 bytes from file
Sent 9000 bytes to client
File streaming in progress - keeping connection alive
Waiting for events on port 8080...
=== GENERATING RESPONSE FOR CLIENT 5 ===
Continuing file streaming...
-----------------RESPONSE--------------
Continuing file streaming...
Reading from file stream...
Read 9000 bytes from file
Sent 9000 bytes to client
File streaming in progress - keeping connection alive
Waiting for events on port 8080...
=== GENERATING RESPONSE FOR CLIENT 5 ===
Continuing file streaming...
-----------------RESPONSE--------------
Continuing file streaming...
Reading from file stream...
Read 9000 bytes from file
Sent 9000 bytes to client
File streaming in progress - keeping connection alive
Waiting for events on port 8080...
=== GENERATING RESPONSE FOR CLIENT 5 ===
Continuing file streaming...
-----------------RESPONSE--------------
Continuing file streaming...
Reading from file stream...
Read 9000 bytes from file
Sent 9000 bytes to client
File streaming in progress - keeping connection alive
Waiting for events on port 8080...
=== GENERATING RESPONSE FOR CLIENT 5 ===
Continuing file streaming...
-----------------RESPONSE--------------
Continuing file streaming...
Reading from file stream...
Read 9000 bytes from file
Sent 9000 bytes to client
File streaming in progress - keeping connection alive
Waiting for events on port 8080...
=== GENERATING RESPONSE FOR CLIENT 5 ===
Continuing file streaming...
-----------------RESPONSE--------------
Continuing file streaming...
Reading from file stream...
Read 9000 bytes from file
Sent 9000 bytes to client
File streaming in progress - keeping connection alive
Waiting for events on port 8080...
=== GENERATING RESPONSE FOR CLIENT 5 ===
Continuing file streaming...
-----------------RESPONSE--------------
Continuing file streaming...
Reading from file stream...
Read 9000 bytes from file
Sent 9000 bytes to client
File streaming in progress - keeping connection alive
Waiting for events on port 8080...
=== GENERATING RESPONSE FOR CLIENT 5 ===
Continuing file streaming...
-----------------RESPONSE--------------
Continuing file streaming...
Reading from file stream...
Read 9000 bytes from file
Sent 9000 bytes to client
File streaming in progress - keeping connection alive
Waiting for events on port 8080...
=== GENERATING RESPONSE FOR CLIENT 5 ===
Continuing file streaming...
-----------------RESPONSE--------------
Continuing file streaming...
Reading from file stream...
Read 9000 bytes from file
Sent 9000 bytes to client
File streaming in progress - keeping connection alive
Waiting for events on port 8080...
=== GENERATING RESPONSE FOR CLIENT 5 ===
Continuing file streaming...
-----------------RESPONSE--------------
Continuing file streaming...
Reading from file stream...
Read 9000 bytes from file
Sent 9000 bytes to client
File streaming in progress - keeping connection alive
Waiting for events on port 8080...
=== GENERATING RESPONSE FOR CLIENT 5 ===
Continuing file streaming...
-----------------RESPONSE--------------
Continuing file streaming...
Reading from file stream...
Read 9000 bytes from file
Sent 9000 bytes to client
File streaming in progress - keeping connection alive
Waiting for events on port 8080...
=== GENERATING RESPONSE FOR CLIENT 5 ===
Continuing file streaming...
-----------------RESPONSE--------------
Continuing file streaming...
Reading from file stream...
Read 9000 bytes from file
Sent 9000 bytes to client
File streaming in progress - keeping connection alive
Waiting for events on port 8080...
=== GENERATING RESPONSE FOR CLIENT 5 ===
Continuing file streaming...
-----------------RESPONSE--------------
Continuing file streaming...
Reading from file stream...
Read 9000 bytes from file
Sent 9000 bytes to client
File streaming in progress - keeping connection alive
Waiting for events on port 8080...
=== GENERATING RESPONSE FOR CLIENT 5 ===
Continuing file streaming...
-----------------RESPONSE--------------
Continuing file streaming...
Reading from file stream...
Read 9000 bytes from file
Sent 9000 bytes to client
File streaming in progress - keeping connection alive
Waiting for events on port 8080...
=== GENERATING RESPONSE FOR CLIENT 5 ===
Continuing file streaming...
-----------------RESPONSE--------------
Continuing file streaming...
Reading from file stream...
Read 9000 bytes from file
Sent 9000 bytes to client
File streaming in progress - keeping connection alive
Waiting for events on port 8080...
=== GENERATING RESPONSE FOR CLIENT 5 ===
Continuing file streaming...
-----------------RESPONSE--------------
Continuing file streaming...
Reading from file stream...
Read 9000 bytes from file
Sent 9000 bytes to client
File streaming in progress - keeping connection alive
Waiting for events on port 8080...
=== GENERATING RESPONSE FOR CLIENT 5 ===
Continuing file streaming...
-----------------RESPONSE--------------
Continuing file streaming...
Reading from file stream...
Read 9000 bytes from file
Sent 9000 bytes to client
File streaming in progress - keeping connection alive
Waiting for events on port 8080...
=== GENERATING RESPONSE FOR CLIENT 5 ===
Continuing file streaming...
-----------------RESPONSE--------------
Continuing file streaming...
Reading from file stream...
Read 9000 bytes from file
Sent 9000 bytes to client
File streaming in progress - keeping connection alive
Waiting for events on port 8080...
=== GENERATING RESPONSE FOR CLIENT 5 ===
Continuing file streaming...
-----------------RESPONSE--------------
Continuing file streaming...
Reading from file stream...
Read 9000 bytes from file
Sent 9000 bytes to client
File streaming in progress - keeping connection alive
Waiting for events on port 8080...
=== GENERATING RESPONSE FOR CLIENT 5 ===
Continuing file streaming...
-----------------RESPONSE--------------
Continuing file streaming...
Reading from file stream...
Read 9000 bytes from file
Sent 9000 bytes to client
File streaming in progress - keeping connection alive
Waiting for events on port 8080...
=== GENERATING RESPONSE FOR CLIENT 5 ===
Continuing file streaming...
-----------------RESPONSE--------------
Continuing file streaming...
Reading from file stream...
Read 9000 bytes from file
Sent 9000 bytes to client
File streaming in progress - keeping connection alive
Waiting for events on port 8080...
=== GENERATING RESPONSE FOR CLIENT 5 ===
Continuing file streaming...
-----------------RESPONSE--------------
Continuing file streaming...
Reading from file stream...
Read 9000 bytes from file
Sent 9000 bytes to client
File streaming in progress - keeping connection alive
Waiting for events on port 8080...
=== GENERATING RESPONSE FOR CLIENT 5 ===
Continuing file streaming...
-----------------RESPONSE--------------
Continuing file streaming...
Reading from file stream...
Read 9000 bytes from file
Sent 9000 bytes to client
File streaming in progress - keeping connection alive
Waiting for events on port 8080...
=== GENERATING RESPONSE FOR CLIENT 5 ===
Continuing file streaming...
-----------------RESPONSE--------------
Continuing file streaming...
Reading from file stream...
Read 9000 bytes from file
Sent 9000 bytes to client
File streaming in progress - keeping connection alive
Waiting for events on port 8080...
=== GENERATING RESPONSE FOR CLIENT 5 ===
Continuing file streaming...
-----------------RESPONSE--------------
Continuing file streaming...
Reading from file stream...
Read 9000 bytes from file
Sent 9000 bytes to client
File streaming in progress - keeping connection alive
Waiting for events on port 8080...
=== GENERATING RESPONSE FOR CLIENT 5 ===
Continuing file streaming...
-----------------RESPONSE--------------
Continuing file streaming...
Reading from file stream...
Read 9000 bytes from file
Sent 9000 bytes to client
File streaming in progress - keeping connection alive
Waiting for events on port 8080...
=== GENERATING RESPONSE FOR CLIENT 5 ===
Continuing file streaming...
-----------------RESPONSE--------------
Continuing file streaming...
Reading from file stream...
Read 9000 bytes from file
Sent 9000 bytes to client
File streaming in progress - keeping connection alive
Waiting for events on port 8080...
=== GENERATING RESPONSE FOR CLIENT 5 ===
Continuing file streaming...
-----------------RESPONSE--------------
Continuing file streaming...
Reading from file stream...
Read 9000 bytes from file
Sent 9000 bytes to client
File streaming in progress - keeping connection alive
Waiting for events on port 8080...
=== GENERATING RESPONSE FOR CLIENT 5 ===
Continuing file streaming...
-----------------RESPONSE--------------
Continuing file streaming...
Reading from file stream...
Read 9000 bytes from file
Sent 9000 bytes to client
File streaming in progress - keeping connection alive
Waiting for events on port 8080...
=== GENERATING RESPONSE FOR CLIENT 5 ===
Continuing file streaming...
-----------------RESPONSE--------------
Continuing file streaming...
Reading from file stream...
Read 9000 bytes from file
Sent 9000 bytes to client
File streaming in progress - keeping connection alive
Waiting for events on port 8080...
=== GENERATING RESPONSE FOR CLIENT 5 ===
Continuing file streaming...
-----------------RESPONSE--------------
Continuing file streaming...
Reading from file stream...
Read 9000 bytes from file
Sent 9000 bytes to client
File streaming in progress - keeping connection alive
Waiting for events on port 8080...
=== GENERATING RESPONSE FOR CLIENT 5 ===
Continuing file streaming...
-----------------RESPONSE--------------
Continuing file streaming...
Reading from file stream...
Read 9000 bytes from file
Sent 9000 bytes to client
File streaming in progress - keeping connection alive
Waiting for events on port 8080...
=== GENERATING RESPONSE FOR CLIENT 5 ===
Continuing file streaming...
-----------------RESPONSE--------------
Continuing file streaming...
Reading from file stream...
Read 9000 bytes from file
Sent 9000 bytes to client
File streaming in progress - keeping connection alive
Waiting for events on port 8080...
=== GENERATING RESPONSE FOR CLIENT 5 ===
Continuing file streaming...
-----------------RESPONSE--------------
Continuing file streaming...
Reading from file stream...
Read 9000 bytes from file
Sent 9000 bytes to client
File streaming in progress - keeping connection alive
Waiting for events on port 8080...
=== GENERATING RESPONSE FOR CLIENT 5 ===
Continuing file streaming...
-----------------RESPONSE--------------
Continuing file streaming...
Reading from file stream...
Read 9000 bytes from file
Sent 9000 bytes to client
File streaming in progress - keeping connection alive
Waiting for events on port 8080...
=== GENERATING RESPONSE FOR CLIENT 5 ===
Continuing file streaming...
-----------------RESPONSE--------------
Continuing file streaming...
Reading from file stream...
Read 9000 bytes from file
Sent 9000 bytes to client
File streaming in progress - keeping connection alive
Waiting for events on port 8080...
=== GENERATING RESPONSE FOR CLIENT 5 ===
Continuing file streaming...
-----------------RESPONSE--------------
Continuing file streaming...
Reading from file stream...
Read 9000 bytes from file
Sent 9000 bytes to client
File streaming in progress - keeping connection alive
Waiting for events on port 8080...
=== GENERATING RESPONSE FOR CLIENT 5 ===
Continuing file streaming...
-----------------RESPONSE--------------
Continuing file streaming...
Reading from file stream...
Read 9000 bytes from file
Sent 9000 bytes to client
File streaming in progress - keeping connection alive
Waiting for events on port 8080...
=== GENERATING RESPONSE FOR CLIENT 5 ===
Continuing file streaming...
-----------------RESPONSE--------------
Continuing file streaming...
Reading from file stream...
Read 9000 bytes from file
Sent 9000 bytes to client
File streaming in progress - keeping connection alive
Waiting for events on port 8080...
=== GENERATING RESPONSE FOR CLIENT 5 ===
Continuing file streaming...
-----------------RESPONSE--------------
Continuing file streaming...
Reading from file stream...
Read 9000 bytes from file
Sent 9000 bytes to client
File streaming in progress - keeping connection alive
Waiting for events on port 8080...
=== GENERATING RESPONSE FOR CLIENT 5 ===
Continuing file streaming...
-----------------RESPONSE--------------
Continuing file streaming...
Reading from file stream...
Read 9000 bytes from file
Sent 9000 bytes to client
File streaming in progress - keeping connection alive
Waiting for events on port 8080...
=== GENERATING RESPONSE FOR CLIENT 5 ===
Continuing file streaming...
-----------------RESPONSE--------------
Continuing file streaming...
Reading from file stream...
Read 9000 bytes from file
Sent 9000 bytes to client
File streaming in progress - keeping connection alive
Waiting for events on port 8080...
=== GENERATING RESPONSE FOR CLIENT 5 ===
Continuing file streaming...
-----------------RESPONSE--------------
Continuing file streaming...
Reading from file stream...
Read 9000 bytes from file
Sent 9000 bytes to client
File streaming in progress - keeping connection alive
Waiting for events on port 8080...
=== GENERATING RESPONSE FOR CLIENT 5 ===
Continuing file streaming...
-----------------RESPONSE--------------
Continuing file streaming...
Reading from file stream...
Read 9000 bytes from file
Sent 9000 bytes to client
File streaming in progress - keeping connection alive
Waiting for events on port 8080...
=== GENERATING RESPONSE FOR CLIENT 5 ===
Continuing file streaming...
-----------------RESPONSE--------------
Continuing file streaming...
Reading from file stream...
Read 9000 bytes from file
Sent 9000 bytes to client
File streaming in progress - keeping connection alive
Waiting for events on port 8080...
=== GENERATING RESPONSE FOR CLIENT 5 ===
Continuing file streaming...
-----------------RESPONSE--------------
Continuing file streaming...
Reading from file stream...
Read 9000 bytes from file
Sent 9000 bytes to client
File streaming in progress - keeping connection alive
Waiting for events on port 8080...
=== GENERATING RESPONSE FOR CLIENT 5 ===
Continuing file streaming...
-----------------RESPONSE--------------
Continuing file streaming...
Reading from file stream...
Read 9000 bytes from file
Sent 9000 bytes to client
File streaming in progress - keeping connection alive
Waiting for events on port 8080...
=== GENERATING RESPONSE FOR CLIENT 5 ===
Continuing file streaming...
-----------------RESPONSE--------------
Continuing file streaming...
Reading from file stream...
Read 9000 bytes from file
Sent 9000 bytes to client
File streaming in progress - keeping connection alive
Waiting for events on port 8080...
=== GENERATING RESPONSE FOR CLIENT 5 ===
Continuing file streaming...
-----------------RESPONSE--------------
Continuing file streaming...
Reading from file stream...
Read 9000 bytes from file
Sent 9000 bytes to client
File streaming in progress - keeping connection alive
Waiting for events on port 8080...
=== GENERATING RESPONSE FOR CLIENT 5 ===
Continuing file streaming...
-----------------RESPONSE--------------
Continuing file streaming...
Reading from file stream...
Read 9000 bytes from file
Sent 9000 bytes to client
File streaming in progress - keeping connection alive
Waiting for events on port 8080...
=== GENERATING RESPONSE FOR CLIENT 5 ===
Continuing file streaming...
-----------------RESPONSE--------------
Continuing file streaming...
Reading from file stream...
Read 9000 bytes from file
Sent 9000 bytes to client
File streaming in progress - keeping connection alive
Waiting for events on port 8080...
=== GENERATING RESPONSE FOR CLIENT 5 ===
Continuing file streaming...
-----------------RESPONSE--------------
Continuing file streaming...
Reading from file stream...
Read 9000 bytes from file
Sent 9000 bytes to client
File streaming in progress - keeping connection alive
Waiting for events on port 8080...
=== GENERATING RESPONSE FOR CLIENT 5 ===
Continuing file streaming...
-----------------RESPONSE--------------
Continuing file streaming...
Reading from file stream...
Read 9000 bytes from file
Sent 9000 bytes to client
File streaming in progress - keeping connection alive
Waiting for events on port 8080...
=== GENERATING RESPONSE FOR CLIENT 5 ===
Continuing file streaming...
-----------------RESPONSE--------------
Continuing file streaming...
Reading from file stream...
Read 9000 bytes from file
Sent 9000 bytes to client
File streaming in progress - keeping connection alive
Waiting for events on port 8080...
=== GENERATING RESPONSE FOR CLIENT 5 ===
Continuing file streaming...
-----------------RESPONSE--------------
Continuing file streaming...
Reading from file stream...
Read 9000 bytes from file
Sent 9000 bytes to client
File streaming in progress - keeping connection alive
Waiting for events on port 8080...
=== GENERATING RESPONSE FOR CLIENT 5 ===
Continuing file streaming...
-----------------RESPONSE--------------
Continuing file streaming...
Reading from file stream...
Read 9000 bytes from file
Sent 9000 bytes to client
File streaming in progress - keeping connection alive
Waiting for events on port 8080...
=== GENERATING RESPONSE FOR CLIENT 5 ===
Continuing file streaming...
-----------------RESPONSE--------------
Continuing file streaming...
Reading from file stream...
Read 9000 bytes from file
Sent 9000 bytes to client
File streaming in progress - keeping connection alive
Waiting for events on port 8080...
=== GENERATING RESPONSE FOR CLIENT 5 ===
Continuing file streaming...
-----------------RESPONSE--------------
Continuing file streaming...
Reading from file stream...
Read 9000 bytes from file
Sent 9000 bytes to client
File streaming in progress - keeping connection alive
Waiting for events on port 8080...
=== GENERATING RESPONSE FOR CLIENT 5 ===
Continuing file streaming...
-----------------RESPONSE--------------
Continuing file streaming...
Reading from file stream...
Read 9000 bytes from file
Sent 9000 bytes to client
File streaming in progress - keeping connection alive
Waiting for events on port 8080...
=== GENERATING RESPONSE FOR CLIENT 5 ===
Continuing file streaming...
-----------------RESPONSE--------------
Continuing file streaming...
Reading from file stream...
Read 9000 bytes from file
Sent 9000 bytes to client
File streaming in progress - keeping connection alive
Waiting for events on port 8080...
=== GENERATING RESPONSE FOR CLIENT 5 ===
Continuing file streaming...
-----------------RESPONSE--------------
Continuing file streaming...
Reading from file stream...
Read 9000 bytes from file
Sent 9000 bytes to client
File streaming in progress - keeping connection alive
Waiting for events on port 8080...
=== GENERATING RESPONSE FOR CLIENT 5 ===
Continuing file streaming...
-----------------RESPONSE--------------
Continuing file streaming...
Reading from file stream...
Read 9000 bytes from file
Sent 9000 bytes to client
File streaming in progress - keeping connection alive
Waiting for events on port 8080...
=== GENERATING RESPONSE FOR CLIENT 5 ===
Continuing file streaming...
-----------------RESPONSE--------------
Continuing file streaming...
Reading from file stream...
Read 9000 bytes from file
Sent 9000 bytes to client
File streaming in progress - keeping connection alive
Waiting for events on port 8080...
=== GENERATING RESPONSE FOR CLIENT 5 ===
Continuing file streaming...
-----------------RESPONSE--------------
Continuing file streaming...
Reading from file stream...
Read 9000 bytes from file
Sent 9000 bytes to client
File streaming in progress - keeping connection alive
Waiting for events on port 8080...
=== GENERATING RESPONSE FOR CLIENT 5 ===
Continuing file streaming...
-----------------RESPONSE--------------
Continuing file streaming...
Reading from file stream...
Read 9000 bytes from file
Sent 9000 bytes to client
File streaming in progress - keeping connection alive
Waiting for events on port 8080...
=== GENERATING RESPONSE FOR CLIENT 5 ===
Continuing file streaming...
-----------------RESPONSE--------------
Continuing file streaming...
Reading from file stream...
Read 9000 bytes from file
Sent 9000 bytes to client
File streaming in progress - keeping connection alive
Waiting for events on port 8080...
=== GENERATING RESPONSE FOR CLIENT 5 ===
Continuing file streaming...
-----------------RESPONSE--------------
Continuing file streaming...
Reading from file stream...
Read 9000 bytes from file
Sent 9000 bytes to client
File streaming in progress - keeping connection alive
Waiting for events on port 8080...
=== GENERATING RESPONSE FOR CLIENT 5 ===
Continuing file streaming...
-----------------RESPONSE--------------
Continuing file streaming...
Reading from file stream...
Read 9000 bytes from file
Sent 9000 bytes to client
File streaming in progress - keeping connection alive
Waiting for events on port 8080...
=== GENERATING RESPONSE FOR CLIENT 5 ===
Continuing file streaming...
-----------------RESPONSE--------------
Continuing file streaming...
Reading from file stream...
Read 9000 bytes from file
Sent 9000 bytes to client
File streaming in progress - keeping connection alive
Waiting for events on port 8080...
=== GENERATING RESPONSE FOR CLIENT 5 ===
Continuing file streaming...
-----------------RESPONSE--------------
Continuing file streaming...
Reading from file stream...
Read 9000 bytes from file
Sent 9000 bytes to client
File streaming in progress - keeping connection alive
Waiting for events on port 8080...
=== GENERATING RESPONSE FOR CLIENT 5 ===
Continuing file streaming...
-----------------RESPONSE--------------
Continuing file streaming...
Reading from file stream...
Read 9000 bytes from file
Sent 9000 bytes to client
File streaming in progress - keeping connection alive
Waiting for events on port 8080...
=== GENERATING RESPONSE FOR CLIENT 5 ===
Continuing file streaming...
-----------------RESPONSE--------------
Continuing file streaming...
Reading from file stream...
Read 9000 bytes from file
Sent 9000 bytes to client
File streaming in progress - keeping connection alive
Waiting for events on port 8080...
=== GENERATING RESPONSE FOR CLIENT 5 ===
Continuing file streaming...
-----------------RESPONSE--------------
Continuing file streaming...
Reading from file stream...
Read 9000 bytes from file
Sent 9000 bytes to client
File streaming in progress - keeping connection alive
Waiting for events on port 8080...
=== GENERATING RESPONSE FOR CLIENT 5 ===
Continuing file streaming...
-----------------RESPONSE--------------
Continuing file streaming...
Reading from file stream...
Read 9000 bytes from file
Sent 9000 bytes to client
File streaming in progress - keeping connection alive
Waiting for events on port 8080...
=== GENERATING RESPONSE FOR CLIENT 5 ===
Continuing file streaming...
-----------------RESPONSE--------------
Continuing file streaming...
Reading from file stream...
Read 9000 bytes from file
Sent 9000 bytes to client
File streaming in progress - keeping connection alive
Waiting for events on port 8080...
=== GENERATING RESPONSE FOR CLIENT 5 ===
Continuing file streaming...
-----------------RESPONSE--------------
Continuing file streaming...
Reading from file stream...
Read 9000 bytes from file
Sent 9000 bytes to client
File streaming in progress - keeping connection alive
Waiting for events on port 8080...
=== GENERATING RESPONSE FOR CLIENT 5 ===
Continuing file streaming...
-----------------RESPONSE--------------
Continuing file streaming...
Reading from file stream...
Read 9000 bytes from file
Sent 9000 bytes to client
File streaming in progress - keeping connection alive
Waiting for events on port 8080...
=== GENERATING RESPONSE FOR CLIENT 5 ===
Continuing file streaming...
-----------------RESPONSE--------------
Continuing file streaming...
Reading from file stream...
Read 9000 bytes from file
Sent 9000 bytes to client
File streaming in progress - keeping connection alive
Waiting for events on port 8080...
=== GENERATING RESPONSE FOR CLIENT 5 ===
Continuing file streaming...
-----------------RESPONSE--------------
Continuing file streaming...
Reading from file stream...
Read 9000 bytes from file
Sent 9000 bytes to client
File streaming in progress - keeping connection alive
Waiting for events on port 8080...
=== GENERATING RESPONSE FOR CLIENT 5 ===
Continuing file streaming...
-----------------RESPONSE--------------
Continuing file streaming...
Reading from file stream...
Read 9000 bytes from file
Sent 9000 bytes to client
File streaming in progress - keeping connection alive
Waiting for events on port 8080...
=== GENERATING RESPONSE FOR CLIENT 5 ===
Continuing file streaming...
-----------------RESPONSE--------------
Continuing file streaming...
Reading from file stream...
Read 9000 bytes from file
Sent 9000 bytes to client
File streaming in progress - keeping connection alive
Waiting for events on port 8080...
=== GENERATING RESPONSE FOR CLIENT 5 ===
Continuing file streaming...
-----------------RESPONSE--------------
Continuing file streaming...
Reading from file stream...
Read 9000 bytes from file
Sent 9000 bytes to client
File streaming in progress - keeping connection alive
Waiting for events on port 8080...
=== GENERATING RESPONSE FOR CLIENT 5 ===
Continuing file streaming...
-----------------RESPONSE--------------
Continuing file streaming...
Reading from file stream...
Read 9000 bytes from file
Sent 9000 bytes to client
File streaming in progress - keeping connection alive
Waiting for events on port 8080...
=== GENERATING RESPONSE FOR CLIENT 5 ===
Continuing file streaming...
-----------------RESPONSE--------------
Continuing file streaming...
Reading from file stream...
Read 9000 bytes from file
Sent 9000 bytes to client
File streaming in progress - keeping connection alive
Waiting for events on port 8080...
=== GENERATING RESPONSE FOR CLIENT 5 ===
Continuing file streaming...
-----------------RESPONSE--------------
Continuing file streaming...
Reading from file stream...
Read 9000 bytes from file
Sent 9000 bytes to client
File streaming in progress - keeping connection alive
Waiting for events on port 8080...
=== GENERATING RESPONSE FOR CLIENT 5 ===
Continuing file streaming...
-----------------RESPONSE--------------
Continuing file streaming...
Reading from file stream...
Read 9000 bytes from file
Sent 9000 bytes to client
File streaming in progress - keeping connection alive
Waiting for events on port 8080...
=== GENERATING RESPONSE FOR CLIENT 5 ===
Continuing file streaming...
-----------------RESPONSE--------------
Continuing file streaming...
Reading from file stream...
Read 9000 bytes from file
Sent 9000 bytes to client
File streaming in progress - keeping connection alive
Waiting for events on port 8080...
=== GENERATING RESPONSE FOR CLIENT 5 ===
Continuing file streaming...
-----------------RESPONSE--------------
Continuing file streaming...
Reading from file stream...
Read 9000 bytes from file
Sent 9000 bytes to client
File streaming in progress - keeping connection alive
Waiting for events on port 8080...
=== GENERATING RESPONSE FOR CLIENT 5 ===
Continuing file streaming...
-----------------RESPONSE--------------
Continuing file streaming...
Reading from file stream...
Read 9000 bytes from file
Sent 9000 bytes to client
File streaming in progress - keeping connection alive
Waiting for events on port 8080...
=== GENERATING RESPONSE FOR CLIENT 5 ===
Continuing file streaming...
-----------------RESPONSE--------------
Continuing file streaming...
Reading from file stream...
Read 9000 bytes from file
Sent 9000 bytes to client
File streaming in progress - keeping connection alive
Waiting for events on port 8080...
=== GENERATING RESPONSE FOR CLIENT 5 ===
Continuing file streaming...
-----------------RESPONSE--------------
Continuing file streaming...
Reading from file stream...
Read 9000 bytes from file
Sent 9000 bytes to client
File streaming in progress - keeping connection alive
Waiting for events on port 8080...
=== GENERATING RESPONSE FOR CLIENT 5 ===
Continuing file streaming...
-----------------RESPONSE--------------
Continuing file streaming...
Reading from file stream...
Read 9000 bytes from file
Sent 9000 bytes to client
File streaming in progress - keeping connection alive
Waiting for events on port 8080...
=== GENERATING RESPONSE FOR CLIENT 5 ===
Continuing file streaming...
-----------------RESPONSE--------------
Continuing file streaming...
Reading from file stream...
Read 9000 bytes from file
Sent 9000 bytes to client
File streaming in progress - keeping connection alive
Waiting for events on port 8080...
=== GENERATING RESPONSE FOR CLIENT 5 ===
Continuing file streaming...
-----------------RESPONSE--------------
Continuing file streaming...
Reading from file stream...
Read 9000 bytes from file
Sent 9000 bytes to client
File streaming in progress - keeping connection alive
Waiting for events on port 8080...
=== GENERATING RESPONSE FOR CLIENT 5 ===
Continuing file streaming...
-----------------RESPONSE--------------
Continuing file streaming...
Reading from file stream...
Read 9000 bytes from file
Sent 9000 bytes to client
File streaming in progress - keeping connection alive
Waiting for events on port 8080...
=== GENERATING RESPONSE FOR CLIENT 5 ===
Continuing file streaming...
-----------------RESPONSE--------------
Continuing file streaming...
Reading from file stream...
Read 9000 bytes from file
Sent 9000 bytes to client
File streaming in progress - keeping connection alive
Waiting for events on port 8080...
=== GENERATING RESPONSE FOR CLIENT 5 ===
Continuing file streaming...
-----------------RESPONSE--------------
Continuing file streaming...
Reading from file stream...
Read 9000 bytes from file
Sent 9000 bytes to client
File streaming in progress - keeping connection alive
Waiting for events on port 8080...
=== GENERATING RESPONSE FOR CLIENT 5 ===
Continuing file streaming...
-----------------RESPONSE--------------
Continuing file streaming...
Reading from file stream...
Read 9000 bytes from file
Sent 9000 bytes to client
File streaming in progress - keeping connection alive
Waiting for events on port 8080...
=== GENERATING RESPONSE FOR CLIENT 5 ===
Continuing file streaming...
-----------------RESPONSE--------------
Continuing file streaming...
Reading from file stream...
Read 9000 bytes from file
Sent 9000 bytes to client
File streaming in progress - keeping connection alive
Waiting for events on port 8080...
=== GENERATING RESPONSE FOR CLIENT 5 ===
Continuing file streaming...
-----------------RESPONSE--------------
Continuing file streaming...
Reading from file stream...
Read 9000 bytes from file
Sent 9000 bytes to client
File streaming in progress - keeping connection alive
Waiting for events on port 8080...
=== GENERATING RESPONSE FOR CLIENT 5 ===
Continuing file streaming...
-----------------RESPONSE--------------
Continuing file streaming...
Reading from file stream...
Read 9000 bytes from file
Sent 9000 bytes to client
File streaming in progress - keeping connection alive
Waiting for events on port 8080...
=== GENERATING RESPONSE FOR CLIENT 5 ===
Continuing file streaming...
-----------------RESPONSE--------------
Continuing file streaming...
Reading from file stream...
Read 9000 bytes from file
Sent 9000 bytes to client
File streaming in progress - keeping connection alive
Waiting for events on port 8080...
=== GENERATING RESPONSE FOR CLIENT 5 ===
Continuing file streaming...
-----------------RESPONSE--------------
Continuing file streaming...
Reading from file stream...
Read 9000 bytes from file
Sent 9000 bytes to client
File streaming in progress - keeping connection alive
Waiting for events on port 8080...
=== GENERATING RESPONSE FOR CLIENT 5 ===
Continuing file streaming...
-----------------RESPONSE--------------
Continuing file streaming...
Reading from file stream...
Read 9000 bytes from file
Sent 9000 bytes to client
File streaming in progress - keeping connection alive
Waiting for events on port 8080...
=== GENERATING RESPONSE FOR CLIENT 5 ===
Continuing file streaming...
-----------------RESPONSE--------------
Continuing file streaming...
Reading from file stream...
Read 9000 bytes from file
Sent 9000 bytes to client
File streaming in progress - keeping connection alive
Waiting for events on port 8080...
=== GENERATING RESPONSE FOR CLIENT 5 ===
Continuing file streaming...
-----------------RESPONSE--------------
Continuing file streaming...
Reading from file stream...
Read 9000 bytes from file
Sent 9000 bytes to client
File streaming in progress - keeping connection alive
Waiting for events on port 8080...
=== GENERATING RESPONSE FOR CLIENT 5 ===
Continuing file streaming...
-----------------RESPONSE--------------
Continuing file streaming...
Reading from file stream...
Read 9000 bytes from file
Sent 9000 bytes to client
File streaming in progress - keeping connection alive
Waiting for events on port 8080...
=== GENERATING RESPONSE FOR CLIENT 5 ===
Continuing file streaming...
-----------------RESPONSE--------------
Continuing file streaming...
Reading from file stream...
Read 9000 bytes from file
Sent 9000 bytes to client
File streaming in progress - keeping connection alive
Waiting for events on port 8080...
=== GENERATING RESPONSE FOR CLIENT 5 ===
Continuing file streaming...
-----------------RESPONSE--------------
Continuing file streaming...
Reading from file stream...
Read 9000 bytes from file
Sent 9000 bytes to client
File streaming in progress - keeping connection alive
Waiting for events on port 8080...
=== GENERATING RESPONSE FOR CLIENT 5 ===
Continuing file streaming...
-----------------RESPONSE--------------
Continuing file streaming...
Reading from file stream...
Read 9000 bytes from file
Sent 9000 bytes to client
File streaming in progress - keeping connection alive
Waiting for events on port 8080...
=== GENERATING RESPONSE FOR CLIENT 5 ===
Continuing file streaming...
-----------------RESPONSE--------------
Continuing file streaming...
Reading from file stream...
Read 9000 bytes from file
Sent 9000 bytes to client
File streaming in progress - keeping connection alive
Waiting for events on port 8080...
=== GENERATING RESPONSE FOR CLIENT 5 ===
Continuing file streaming...
-----------------RESPONSE--------------
Continuing file streaming...
Reading from file stream...
Read 9000 bytes from file
Sent 9000 bytes to client
File streaming in progress - keeping connection alive
Waiting for events on port 8080...
=== GENERATING RESPONSE FOR CLIENT 5 ===
Continuing file streaming...
-----------------RESPONSE--------------
Continuing file streaming...
Reading from file stream...
Read 9000 bytes from file
Sent 9000 bytes to client
File streaming in progress - keeping connection alive
Waiting for events on port 8080...
=== GENERATING RESPONSE FOR CLIENT 5 ===
Continuing file streaming...
-----------------RESPONSE--------------
Continuing file streaming...
Reading from file stream...
Read 9000 bytes from file
Sent 9000 bytes to client
File streaming in progress - keeping connection alive
Waiting for events on port 8080...
=== GENERATING RESPONSE FOR CLIENT 5 ===
Continuing file streaming...
-----------------RESPONSE--------------
Continuing file streaming...
Reading from file stream...
Read 9000 bytes from file
Sent 9000 bytes to client
File streaming in progress - keeping connection alive
Waiting for events on port 8080...
=== GENERATING RESPONSE FOR CLIENT 5 ===
Continuing file streaming...
-----------------RESPONSE--------------
Continuing file streaming...
Reading from file stream...
Read 9000 bytes from file
Sent 9000 bytes to client
File streaming in progress - keeping connection alive
Waiting for events on port 8080...
=== GENERATING RESPONSE FOR CLIENT 5 ===
Continuing file streaming...
-----------------RESPONSE--------------
Continuing file streaming...
Reading from file stream...
Read 9000 bytes from file
Sent 9000 bytes to client
File streaming in progress - keeping connection alive
Waiting for events on port 8080...
=== GENERATING RESPONSE FOR CLIENT 5 ===
Continuing file streaming...
-----------------RESPONSE--------------
Continuing file streaming...
Reading from file stream...
Read 9000 bytes from file
Sent 9000 bytes to client
File streaming in progress - keeping connection alive
Waiting for events on port 8080...
=== GENERATING RESPONSE FOR CLIENT 5 ===
Continuing file streaming...
-----------------RESPONSE--------------
Continuing file streaming...
Reading from file stream...
Read 9000 bytes from file
Sent 9000 bytes to client
File streaming in progress - keeping connection alive
Waiting for events on port 8080...
=== GENERATING RESPONSE FOR CLIENT 5 ===
Continuing file streaming...
-----------------RESPONSE--------------
Continuing file streaming...
Reading from file stream...
Read 9000 bytes from file
Sent 9000 bytes to client
File streaming in progress - keeping connection alive
Waiting for events on port 8080...
=== GENERATING RESPONSE FOR CLIENT 5 ===
Continuing file streaming...
-----------------RESPONSE--------------
Continuing file streaming...
Reading from file stream...
Read 9000 bytes from file
Sent 9000 bytes to client
File streaming in progress - keeping connection alive
Waiting for events on port 8080...
=== GENERATING RESPONSE FOR CLIENT 5 ===
Continuing file streaming...
-----------------RESPONSE--------------
Continuing file streaming...
Reading from file stream...
Read 9000 bytes from file
Sent 9000 bytes to client
File streaming in progress - keeping connection alive
Waiting for events on port 8080...
=== GENERATING RESPONSE FOR CLIENT 5 ===
Continuing file streaming...
-----------------RESPONSE--------------
Continuing file streaming...
Reading from file stream...
Read 9000 bytes from file
Sent 9000 bytes to client
File streaming in progress - keeping connection alive
Waiting for events on port 8080...
=== GENERATING RESPONSE FOR CLIENT 5 ===
Continuing file streaming...
-----------------RESPONSE--------------
Continuing file streaming...
Reading from file stream...
Read 9000 bytes from file
Sent 9000 bytes to client
File streaming in progress - keeping connection alive
Waiting for events on port 8080...
=== GENERATING RESPONSE FOR CLIENT 5 ===
Continuing file streaming...
-----------------RESPONSE--------------
Continuing file streaming...
Reading from file stream...
Read 9000 bytes from file
Sent 9000 bytes to client
File streaming in progress - keeping connection alive
Waiting for events on port 8080...
=== GENERATING RESPONSE FOR CLIENT 5 ===
Continuing file streaming...
-----------------RESPONSE--------------
Continuing file streaming...
Reading from file stream...
Read 9000 bytes from file
Sent 9000 bytes to client
File streaming in progress - keeping connection alive
Waiting for events on port 8080...
=== GENERATING RESPONSE FOR CLIENT 5 ===
Continuing file streaming...
-----------------RESPONSE--------------
Continuing file streaming...
Reading from file stream...
Read 9000 bytes from file
Sent 9000 bytes to client
File streaming in progress - keeping connection alive
Waiting for events on port 8080...
=== GENERATING RESPONSE FOR CLIENT 5 ===
Continuing file streaming...
-----------------RESPONSE--------------
Continuing file streaming...
Reading from file stream...
Read 9000 bytes from file
Sent 9000 bytes to client
File streaming in progress - keeping connection alive
Waiting for events on port 8080...
=== GENERATING RESPONSE FOR CLIENT 5 ===
Continuing file streaming...
-----------------RESPONSE--------------
Continuing file streaming...
Reading from file stream...
Read 9000 bytes from file
Sent 9000 bytes to client
File streaming in progress - keeping connection alive
Waiting for events on port 8080...
=== GENERATING RESPONSE FOR CLIENT 5 ===
Continuing file streaming...
-----------------RESPONSE--------------
Continuing file streaming...
Reading from file stream...
Read 9000 bytes from file
Sent 9000 bytes to client
File streaming in progress - keeping connection alive
Waiting for events on port 8080...
=== GENERATING RESPONSE FOR CLIENT 5 ===
Continuing file streaming...
-----------------RESPONSE--------------
Continuing file streaming...
Reading from file stream...
Read 9000 bytes from file
Sent 9000 bytes to client
File streaming in progress - keeping connection alive
Waiting for events on port 8080...
=== GENERATING RESPONSE FOR CLIENT 5 ===
Continuing file streaming...
-----------------RESPONSE--------------
Continuing file streaming...
Reading from file stream...
Read 9000 bytes from file
Sent 9000 bytes to client
File streaming in progress - keeping connection alive
Waiting for events on port 8080...
=== GENERATING RESPONSE FOR CLIENT 5 ===
Continuing file streaming...
-----------------RESPONSE--------------
Continuing file streaming...
Reading from file stream...
Read 9000 bytes from file
Sent 9000 bytes to client
File streaming in progress - keeping connection alive
Waiting for events on port 8080...
=== GENERATING RESPONSE FOR CLIENT 5 ===
Continuing file streaming...
-----------------RESPONSE--------------
Continuing file streaming...
Reading from file stream...
Read 9000 bytes from file
Sent 9000 bytes to client
File streaming in progress - keeping connection alive
Waiting for events on port 8080...
=== GENERATING RESPONSE FOR CLIENT 5 ===
Continuing file streaming...
-----------------RESPONSE--------------
Continuing file streaming...
Reading from file stream...
Read 9000 bytes from file
Sent 9000 bytes to client
File streaming in progress - keeping connection alive
Waiting for events on port 8080...
=== GENERATING RESPONSE FOR CLIENT 5 ===
Continuing file streaming...
-----------------RESPONSE--------------
Continuing file streaming...
Reading from file stream...
Read 9000 bytes from file
Sent 9000 bytes to client
File streaming in progress - keeping connection alive
Waiting for events on port 8080...
=== GENERATING RESPONSE FOR CLIENT 5 ===
Continuing file streaming...
-----------------RESPONSE--------------
Continuing file streaming...
Reading from file stream...
Read 9000 bytes from file
Sent 9000 bytes to client
File streaming in progress - keeping connection alive
Waiting for events on port 8080...
=== GENERATING RESPONSE FOR CLIENT 5 ===
Continuing file streaming...
-----------------RESPONSE--------------
Continuing file streaming...
Reading from file stream...
Read 9000 bytes from file
Sent 9000 bytes to client
File streaming in progress - keeping connection alive
Waiting for events on port 8080...
=== GENERATING RESPONSE FOR CLIENT 5 ===
Continuing file streaming...
-----------------RESPONSE--------------
Continuing file streaming...
Reading from file stream...
Read 9000 bytes from file
Sent 9000 bytes to client
File streaming in progress - keeping connection alive
Waiting for events on port 8080...
=== GENERATING RESPONSE FOR CLIENT 5 ===
Continuing file streaming...
-----------------RESPONSE--------------
Continuing file streaming...
Reading from file stream...
Read 9000 bytes from file
Sent 9000 bytes to client
File streaming in progress - keeping connection alive
Waiting for events on port 8080...
=== GENERATING RESPONSE FOR CLIENT 5 ===
Continuing file streaming...
-----------------RESPONSE--------------
Continuing file streaming...
Reading from file stream...
Read 9000 bytes from file
Sent 9000 bytes to client
File streaming in progress - keeping connection alive
Waiting for events on port 8080...
=== GENERATING RESPONSE FOR CLIENT 5 ===
Continuing file streaming...
-----------------RESPONSE--------------
Continuing file streaming...
Reading from file stream...
Read 9000 bytes from file
Sent 9000 bytes to client
File streaming in progress - keeping connection alive
Waiting for events on port 8080...
=== GENERATING RESPONSE FOR CLIENT 5 ===
Continuing file streaming...
-----------------RESPONSE--------------
Continuing file streaming...
Reading from file stream...
Read 9000 bytes from file
Sent 9000 bytes to client
File streaming in progress - keeping connection alive
Waiting for events on port 8080...
=== GENERATING RESPONSE FOR CLIENT 5 ===
Continuing file streaming...
-----------------RESPONSE--------------
Continuing file streaming...
Reading from file stream...
Read 9000 bytes from file
Sent 9000 bytes to client
File streaming in progress - keeping connection alive
Waiting for events on port 8080...
=== GENERATING RESPONSE FOR CLIENT 5 ===
Continuing file streaming...
-----------------RESPONSE--------------
Continuing file streaming...
Reading from file stream...
Read 9000 bytes from file
Sent 9000 bytes to client
File streaming in progress - keeping connection alive
Waiting for events on port 8080...
=== GENERATING RESPONSE FOR CLIENT 5 ===
Continuing file streaming...
-----------------RESPONSE--------------
Continuing file streaming...
Reading from file stream...
Read 9000 bytes from file
Sent 9000 bytes to client
File streaming in progress - keeping connection alive
Waiting for events on port 8080...
=== GENERATING RESPONSE FOR CLIENT 5 ===
Continuing file streaming...
-----------------RESPONSE--------------
Continuing file streaming...
Reading from file stream...
Read 9000 bytes from file
Sent 9000 bytes to client
File streaming in progress - keeping connection alive
Waiting for events on port 8080...
=== GENERATING RESPONSE FOR CLIENT 5 ===
Continuing file streaming...
-----------------RESPONSE--------------
Continuing file streaming...
Reading from file stream...
Read 9000 bytes from file
Sent 9000 bytes to client
File streaming in progress - keeping connection alive
Waiting for events on port 8080...
=== GENERATING RESPONSE FOR CLIENT 5 ===
Continuing file streaming...
-----------------RESPONSE--------------
Continuing file streaming...
Reading from file stream...
Read 9000 bytes from file
Sent 9000 bytes to client
File streaming in progress - keeping connection alive
Waiting for events on port 8080...
=== GENERATING RESPONSE FOR CLIENT 5 ===
Continuing file streaming...
-----------------RESPONSE--------------
Continuing file streaming...
Reading from file stream...
Read 9000 bytes from file
Sent 9000 bytes to client
File streaming in progress - keeping connection alive
Waiting for events on port 8080...
=== GENERATING RESPONSE FOR CLIENT 5 ===
Continuing file streaming...
-----------------RESPONSE--------------
Continuing file streaming...
Reading from file stream...
Read 9000 bytes from file
Sent 9000 bytes to client
File streaming in progress - keeping connection alive
Waiting for events on port 8080...
=== GENERATING RESPONSE FOR CLIENT 5 ===
Continuing file streaming...
-----------------RESPONSE--------------
Continuing file streaming...
Reading from file stream...
Read 9000 bytes from file
Sent 9000 bytes to client
File streaming in progress - keeping connection alive
Waiting for events on port 8080...
=== GENERATING RESPONSE FOR CLIENT 5 ===
Continuing file streaming...
-----------------RESPONSE--------------
Continuing file streaming...
Reading from file stream...
Read 9000 bytes from file
Sent 9000 bytes to client
File streaming in progress - keeping connection alive
Waiting for events on port 8080...
=== GENERATING RESPONSE FOR CLIENT 5 ===
Continuing file streaming...
-----------------RESPONSE--------------
Continuing file streaming...
Reading from file stream...
Read 9000 bytes from file
Sent 9000 bytes to client
File streaming in progress - keeping connection alive
Waiting for events on port 8080...
=== GENERATING RESPONSE FOR CLIENT 5 ===
Continuing file streaming...
-----------------RESPONSE--------------
Continuing file streaming...
Reading from file stream...
Read 9000 bytes from file
Sent 9000 bytes to client
File streaming in progress - keeping connection alive
Waiting for events on port 8080...
=== GENERATING RESPONSE FOR CLIENT 5 ===
Continuing file streaming...
-----------------RESPONSE--------------
Continuing file streaming...
Reading from file stream...
Read 9000 bytes from file
Sent 9000 bytes to client
File streaming in progress - keeping connection alive
Waiting for events on port 8080...
=== GENERATING RESPONSE FOR CLIENT 5 ===
Continuing file streaming...
-----------------RESPONSE--------------
Continuing file streaming...
Reading from file stream...
Read 9000 bytes from file
Sent 9000 bytes to client
File streaming in progress - keeping connection alive
Waiting for events on port 8080...
=== GENERATING RESPONSE FOR CLIENT 5 ===
Continuing file streaming...
-----------------RESPONSE--------------
Continuing file streaming...
Reading from file stream...
Read 9000 bytes from file
Sent 9000 bytes to client
File streaming in progress - keeping connection alive
Waiting for events on port 8080...
=== GENERATING RESPONSE FOR CLIENT 5 ===
Continuing file streaming...
-----------------RESPONSE--------------
Continuing file streaming...
Reading from file stream...
Read 9000 bytes from file
Sent 9000 bytes to client
File streaming in progress - keeping connection alive
Waiting for events on port 8080...
=== GENERATING RESPONSE FOR CLIENT 5 ===
Continuing file streaming...
-----------------RESPONSE--------------
Continuing file streaming...
Reading from file stream...
Read 9000 bytes from file
Sent 9000 bytes to client
File streaming in progress - keeping connection alive
Waiting for events on port 8080...
=== GENERATING RESPONSE FOR CLIENT 5 ===
Continuing file streaming...
-----------------RESPONSE--------------
Continuing file streaming...
Reading from file stream...
Read 9000 bytes from file
Sent 9000 bytes to client
File streaming in progress - keeping connection alive
Waiting for events on port 8080...
=== GENERATING RESPONSE FOR CLIENT 5 ===
Continuing file streaming...
-----------------RESPONSE--------------
Continuing file streaming...
Reading from file stream...
Read 9000 bytes from file
Sent 9000 bytes to client
File streaming in progress - keeping connection alive
Waiting for events on port 8080...
=== GENERATING RESPONSE FOR CLIENT 5 ===
Continuing file streaming...
-----------------RESPONSE--------------
Continuing file streaming...
Reading from file stream...
Read 9000 bytes from file
Sent 9000 bytes to client
File streaming in progress - keeping connection alive
Waiting for events on port 8080...
=== GENERATING RESPONSE FOR CLIENT 5 ===
Continuing file streaming...
-----------------RESPONSE--------------
Continuing file streaming...
Reading from file stream...
Read 9000 bytes from file
Sent 9000 bytes to client
File streaming in progress - keeping connection alive
Waiting for events on port 8080...
=== GENERATING RESPONSE FOR CLIENT 5 ===
Continuing file streaming...
-----------------RESPONSE--------------
Continuing file streaming...
Reading from file stream...
Read 9000 bytes from file
Sent 9000 bytes to client
File streaming in progress - keeping connection alive
Waiting for events on port 8080...
=== GENERATING RESPONSE FOR CLIENT 5 ===
Continuing file streaming...
-----------------RESPONSE--------------
Continuing file streaming...
Reading from file stream...
Read 9000 bytes from file
Sent 9000 bytes to client
File streaming in progress - keeping connection alive
Waiting for events on port 8080...
=== GENERATING RESPONSE FOR CLIENT 5 ===
Continuing file streaming...
-----------------RESPONSE--------------
Continuing file streaming...
Reading from file stream...
Read 9000 bytes from file
Sent 9000 bytes to client
File streaming in progress - keeping connection alive
Waiting for events on port 8080...
=== GENERATING RESPONSE FOR CLIENT 5 ===
Continuing file streaming...
-----------------RESPONSE--------------
Continuing file streaming...
Reading from file stream...
Read 9000 bytes from file
Sent 9000 bytes to client
File streaming in progress - keeping connection alive
Waiting for events on port 8080...
=== GENERATING RESPONSE FOR CLIENT 5 ===
Continuing file streaming...
-----------------RESPONSE--------------
Continuing file streaming...
Reading from file stream...
Read 9000 bytes from file
Sent 9000 bytes to client
File streaming in progress - keeping connection alive
Waiting for events on port 8080...
=== GENERATING RESPONSE FOR CLIENT 5 ===
Continuing file streaming...
-----------------RESPONSE--------------
Continuing file streaming...
Reading from file stream...
Read 9000 bytes from file
Sent 9000 bytes to client
File streaming in progress - keeping connection alive
Waiting for events on port 8080...
=== GENERATING RESPONSE FOR CLIENT 5 ===
Continuing file streaming...
-----------------RESPONSE--------------
Continuing file streaming...
Reading from file stream...
Read 9000 bytes from file
Sent 9000 bytes to client
File streaming in progress - keeping connection alive
Waiting for events on port 8080...
=== GENERATING RESPONSE FOR CLIENT 5 ===
Continuing file streaming...
-----------------RESPONSE--------------
Continuing file streaming...
Reading from file stream...
Read 9000 bytes from file
Sent 9000 bytes to client
File streaming in progress - keeping connection alive
Waiting for events on port 8080...
=== GENERATING RESPONSE FOR CLIENT 5 ===
Continuing file streaming...
-----------------RESPONSE--------------
Continuing file streaming...
Reading from file stream...
Read 9000 bytes from file
Sent 9000 bytes to client
File streaming in progress - keeping connection alive
Waiting for events on port 8080...
=== GENERATING RESPONSE FOR CLIENT 5 ===
Continuing file streaming...
-----------------RESPONSE--------------
Continuing file streaming...
Reading from file stream...
Read 9000 bytes from file
Sent 9000 bytes to client
File streaming in progress - keeping connection alive
Waiting for events on port 8080...
=== GENERATING RESPONSE FOR CLIENT 5 ===
Continuing file streaming...
-----------------RESPONSE--------------
Continuing file streaming...
Reading from file stream...
Read 9000 bytes from file
Sent 9000 bytes to client
File streaming in progress - keeping connection alive
Waiting for events on port 8080...
=== GENERATING RESPONSE FOR CLIENT 5 ===
Continuing file streaming...
-----------------RESPONSE--------------
Continuing file streaming...
Reading from file stream...
Read 9000 bytes from file
Sent 9000 bytes to client
File streaming in progress - keeping connection alive
Waiting for events on port 8080...
=== GENERATING RESPONSE FOR CLIENT 5 ===
Continuing file streaming...
-----------------RESPONSE--------------
Continuing file streaming...
Reading from file stream...
Read 9000 bytes from file
Sent 9000 bytes to client
File streaming in progress - keeping connection alive
Waiting for events on port 8080...
=== GENERATING RESPONSE FOR CLIENT 5 ===
Continuing file streaming...
-----------------RESPONSE--------------
Continuing file streaming...
Reading from file stream...
Read 9000 bytes from file
Sent 9000 bytes to client
File streaming in progress - keeping connection alive
Waiting for events on port 8080...
=== GENERATING RESPONSE FOR CLIENT 5 ===
Continuing file streaming...
-----------------RESPONSE--------------
Continuing file streaming...
Reading from file stream...
Read 9000 bytes from file
Sent 9000 bytes to client
File streaming in progress - keeping connection alive
Waiting for events on port 8080...
=== GENERATING RESPONSE FOR CLIENT 5 ===
Continuing file streaming...
-----------------RESPONSE--------------
Continuing file streaming...
Reading from file stream...
Read 9000 bytes from file
Sent 9000 bytes to client
File streaming in progress - keeping connection alive
Waiting for events on port 8080...
=== GENERATING RESPONSE FOR CLIENT 5 ===
Continuing file streaming...
-----------------RESPONSE--------------
Continuing file streaming...
Reading from file stream...
Read 9000 bytes from file
Sent 9000 bytes to client
File streaming in progress - keeping connection alive
Waiting for events on port 8080...
=== GENERATING RESPONSE FOR CLIENT 5 ===
Continuing file streaming...
-----------------RESPONSE--------------
Continuing file streaming...
Reading from file stream...
Read 9000 bytes from file
Sent 9000 bytes to client
File streaming in progress - keeping connection alive
Waiting for events on port 8080...
=== GENERATING RESPONSE FOR CLIENT 5 ===
Continuing file streaming...
-----------------RESPONSE--------------
Continuing file streaming...
Reading from file stream...
Read 9000 bytes from file
Sent 9000 bytes to client
File streaming in progress - keeping connection alive
Waiting for events on port 8080...
=== GENERATING RESPONSE FOR CLIENT 5 ===
Continuing file streaming...
-----------------RESPONSE--------------
Continuing file streaming...
Reading from file stream...
Read 9000 bytes from file
Sent 9000 bytes to client
File streaming in progress - keeping connection alive
Waiting for events on port 8080...
=== GENERATING RESPONSE FOR CLIENT 5 ===
Continuing file streaming...
-----------------RESPONSE--------------
Continuing file streaming...
Reading from file stream...
Read 9000 bytes from file
Sent 9000 bytes to client
File streaming in progress - keeping connection alive
Waiting for events on port 8080...
=== GENERATING RESPONSE FOR CLIENT 5 ===
Continuing file streaming...
-----------------RESPONSE--------------
Continuing file streaming...
Reading from file stream...
Read 9000 bytes from file
Sent 9000 bytes to client
File streaming in progress - keeping connection alive
Waiting for events on port 8080...
=== GENERATING RESPONSE FOR CLIENT 5 ===
Continuing file streaming...
-----------------RESPONSE--------------
Continuing file streaming...
Reading from file stream...
Read 9000 bytes from file
Sent 9000 bytes to client
File streaming in progress - keeping connection alive
Waiting for events on port 8080...
=== GENERATING RESPONSE FOR CLIENT 5 ===
Continuing file streaming...
-----------------RESPONSE--------------
Continuing file streaming...
Reading from file stream...
Read 9000 bytes from file
Sent 9000 bytes to client
File streaming in progress - keeping connection alive
Waiting for events on port 8080...
=== GENERATING RESPONSE FOR CLIENT 5 ===
Continuing file streaming...
-----------------RESPONSE--------------
Continuing file streaming...
Reading from file stream...
Read 9000 bytes from file
Sent 9000 bytes to client
File streaming in progress - keeping connection alive
Waiting for events on port 8080...
=== GENERATING RESPONSE FOR CLIENT 5 ===
Continuing file streaming...
-----------------RESPONSE--------------
Continuing file streaming...
Reading from file stream...
Read 9000 bytes from file
Sent 9000 bytes to client
File streaming in progress - keeping connection alive
Waiting for events on port 8080...
=== GENERATING RESPONSE FOR CLIENT 5 ===
Continuing file streaming...
-----------------RESPONSE--------------
Continuing file streaming...
Reading from file stream...
Read 9000 bytes from file
Sent 9000 bytes to client
File streaming in progress - keeping connection alive
Waiting for events on port 8080...
=== GENERATING RESPONSE FOR CLIENT 5 ===
Continuing file streaming...
-----------------RESPONSE--------------
Continuing file streaming...
Reading from file stream...
Read 9000 bytes from file
Sent 9000 bytes to client
File streaming in progress - keeping connection alive
Waiting for events on port 8080...
=== GENERATING RESPONSE FOR CLIENT 5 ===
Continuing file streaming...
-----------------RESPONSE--------------
Continuing file streaming...
Reading from file stream...
Read 9000 bytes from file
Sent 9000 bytes to client
File streaming in progress - keeping connection alive
Waiting for events on port 8080...
=== GENERATING RESPONSE FOR CLIENT 5 ===
Continuing file streaming...
-----------------RESPONSE--------------
Continuing file streaming...
Reading from file stream...
Read 9000 bytes from file
Sent 9000 bytes to client
File streaming in progress - keeping connection alive
Waiting for events on port 8080...
=== GENERATING RESPONSE FOR CLIENT 5 ===
Continuing file streaming...
-----------------RESPONSE--------------
Continuing file streaming...
Reading from file stream...
Read 9000 bytes from file
Sent 9000 bytes to client
File streaming in progress - keeping connection alive
Waiting for events on port 8080...
=== GENERATING RESPONSE FOR CLIENT 5 ===
Continuing file streaming...
-----------------RESPONSE--------------
Continuing file streaming...
Reading from file stream...
Read 9000 bytes from file
Sent 9000 bytes to client
File streaming in progress - keeping connection alive
Waiting for events on port 8080...
=== GENERATING RESPONSE FOR CLIENT 5 ===
Continuing file streaming...
-----------------RESPONSE--------------
Continuing file streaming...
Reading from file stream...
Read 9000 bytes from file
Sent 9000 bytes to client
File streaming in progress - keeping connection alive
Waiting for events on port 8080...
=== GENERATING RESPONSE FOR CLIENT 5 ===
Continuing file streaming...
-----------------RESPONSE--------------
Continuing file streaming...
Reading from file stream...
Read 9000 bytes from file
Sent 9000 bytes to client
File streaming in progress - keeping connection alive
Waiting for events on port 8080...
=== GENERATING RESPONSE FOR CLIENT 5 ===
Continuing file streaming...
-----------------RESPONSE--------------
Continuing file streaming...
Reading from file stream...
Read 9000 bytes from file
Sent 9000 bytes to client
File streaming in progress - keeping connection alive
Waiting for events on port 8080...
=== GENERATING RESPONSE FOR CLIENT 5 ===
Continuing file streaming...
-----------------RESPONSE--------------
Continuing file streaming...
Reading from file stream...
Read 9000 bytes from file
Sent 9000 bytes to client
File streaming in progress - keeping connection alive
Waiting for events on port 8080...
=== GENERATING RESPONSE FOR CLIENT 5 ===
Continuing file streaming...
-----------------RESPONSE--------------
Continuing file streaming...
Reading from file stream...
Read 9000 bytes from file
Sent 9000 bytes to client
File streaming in progress - keeping connection alive
Waiting for events on port 8080...
=== GENERATING RESPONSE FOR CLIENT 5 ===
Continuing file streaming...
-----------------RESPONSE--------------
Continuing file streaming...
Reading from file stream...
Read 9000 bytes from file
Sent 9000 bytes to client
File streaming in progress - keeping connection alive
Waiting for events on port 8080...
=== GENERATING RESPONSE FOR CLIENT 5 ===
Continuing file streaming...
-----------------RESPONSE--------------
Continuing file streaming...
Reading from file stream...
Read 9000 bytes from file
Sent 9000 bytes to client
File streaming in progress - keeping connection alive
Waiting for events on port 8080...
=== GENERATING RESPONSE FOR CLIENT 5 ===
Continuing file streaming...
-----------------RESPONSE--------------
Continuing file streaming...
Reading from file stream...
Read 9000 bytes from file
Sent 9000 bytes to client
File streaming in progress - keeping connection alive
Waiting for events on port 8080...
=== GENERATING RESPONSE FOR CLIENT 5 ===
Continuing file streaming...
-----------------RESPONSE--------------
Continuing file streaming...
Reading from file stream...
Read 9000 bytes from file
Sent 9000 bytes to client
File streaming in progress - keeping connection alive
Waiting for events on port 8080...
=== GENERATING RESPONSE FOR CLIENT 5 ===
Continuing file streaming...
-----------------RESPONSE--------------
Continuing file streaming...
Reading from file stream...
Read 9000 bytes from file
Sent 9000 bytes to client
File streaming in progress - keeping connection alive
Waiting for events on port 8080...
=== GENERATING RESPONSE FOR CLIENT 5 ===
Continuing file streaming...
-----------------RESPONSE--------------
Continuing file streaming...
Reading from file stream...
Read 9000 bytes from file
Sent 9000 bytes to client
File streaming in progress - keeping connection alive
Waiting for events on port 8080...
=== GENERATING RESPONSE FOR CLIENT 5 ===
Continuing file streaming...
-----------------RESPONSE--------------
Continuing file streaming...
Reading from file stream...
Read 9000 bytes from file
Sent 9000 bytes to client
File streaming in progress - keeping connection alive
Waiting for events on port 8080...
=== GENERATING RESPONSE FOR CLIENT 5 ===
Continuing file streaming...
-----------------RESPONSE--------------
Continuing file streaming...
Reading from file stream...
Read 9000 bytes from file
Sent 9000 bytes to client
File streaming in progress - keeping connection alive
Waiting for events on port 8080...
=== GENERATING RESPONSE FOR CLIENT 5 ===
Continuing file streaming...
-----------------RESPONSE--------------
Continuing file streaming...
Reading from file stream...
Read 9000 bytes from file
Sent 9000 bytes to client
File streaming in progress - keeping connection alive
Waiting for events on port 8080...
=== GENERATING RESPONSE FOR CLIENT 5 ===
Continuing file streaming...
-----------------RESPONSE--------------
Continuing file streaming...
Reading from file stream...
Read 9000 bytes from file
Sent 9000 bytes to client
File streaming in progress - keeping connection alive
Waiting for events on port 8080...
=== GENERATING RESPONSE FOR CLIENT 5 ===
Continuing file streaming...
-----------------RESPONSE--------------
Continuing file streaming...
Reading from file stream...
Read 9000 bytes from file
Sent 9000 bytes to client
File streaming in progress - keeping connection alive
Waiting for events on port 8080...
=== GENERATING RESPONSE FOR CLIENT 5 ===
Continuing file streaming...
-----------------RESPONSE--------------
Continuing file streaming...
Reading from file stream...
Read 9000 bytes from file
Sent 9000 bytes to client
File streaming in progress - keeping connection alive
Waiting for events on port 8080...
=== GENERATING RESPONSE FOR CLIENT 5 ===
Continuing file streaming...
-----------------RESPONSE--------------
Continuing file streaming...
Reading from file stream...
Read 9000 bytes from file
Sent 9000 bytes to client
File streaming in progress - keeping connection alive
Waiting for events on port 8080...
=== GENERATING RESPONSE FOR CLIENT 5 ===
Continuing file streaming...
-----------------RESPONSE--------------
Continuing file streaming...
Reading from file stream...
Read 9000 bytes from file
Sent 9000 bytes to client
File streaming in progress - keeping connection alive
Waiting for events on port 8080...
=== GENERATING RESPONSE FOR CLIENT 5 ===
Continuing file streaming...
-----------------RESPONSE--------------
Continuing file streaming...
Reading from file stream...
Read 9000 bytes from file
Sent 9000 bytes to client
File streaming in progress - keeping connection alive
Waiting for events on port 8080...
=== GENERATING RESPONSE FOR CLIENT 5 ===
Continuing file streaming...
-----------------RESPONSE--------------
Continuing file streaming...
Reading from file stream...
Read 9000 bytes from file
Sent 9000 bytes to client
File streaming in progress - keeping connection alive
Waiting for events on port 8080...
=== GENERATING RESPONSE FOR CLIENT 5 ===
Continuing file streaming...
-----------------RESPONSE--------------
Continuing file streaming...
Reading from file stream...
Read 9000 bytes from file
Sent 9000 bytes to client
File streaming in progress - keeping connection alive
Waiting for events on port 8080...
=== GENERATING RESPONSE FOR CLIENT 5 ===
Continuing file streaming...
-----------------RESPONSE--------------
Continuing file streaming...
Reading from file stream...
Read 9000 bytes from file
Sent 9000 bytes to client
File streaming in progress - keeping connection alive
Waiting for events on port 8080...
=== GENERATING RESPONSE FOR CLIENT 5 ===
Continuing file streaming...
-----------------RESPONSE--------------
Continuing file streaming...
Reading from file stream...
Read 9000 bytes from file
Sent 9000 bytes to client
File streaming in progress - keeping connection alive
Waiting for events on port 8080...
=== GENERATING RESPONSE FOR CLIENT 5 ===
Continuing file streaming...
-----------------RESPONSE--------------
Continuing file streaming...
Reading from file stream...
Read 9000 bytes from file
Sent 9000 bytes to client
File streaming in progress - keeping connection alive
Waiting for events on port 8080...
=== GENERATING RESPONSE FOR CLIENT 5 ===
Continuing file streaming...
-----------------RESPONSE--------------
Continuing file streaming...
Reading from file stream...
Read 9000 bytes from file
Sent 9000 bytes to client
File streaming in progress - keeping connection alive
Waiting for events on port 8080...
=== GENERATING RESPONSE FOR CLIENT 5 ===
Continuing file streaming...
-----------------RESPONSE--------------
Continuing file streaming...
Reading from file stream...
Read 9000 bytes from file
Sent 9000 bytes to client
File streaming in progress - keeping connection alive
Waiting for events on port 8080...
=== GENERATING RESPONSE FOR CLIENT 5 ===
Continuing file streaming...
-----------------RESPONSE--------------
Continuing file streaming...
Reading from file stream...
Read 9000 bytes from file
Sent 9000 bytes to client
File streaming in progress - keeping connection alive
Waiting for events on port 8080...
=== GENERATING RESPONSE FOR CLIENT 5 ===
Continuing file streaming...
-----------------RESPONSE--------------
Continuing file streaming...
Reading from file stream...
Read 9000 bytes from file
Sent 9000 bytes to client
File streaming in progress - keeping connection alive
Waiting for events on port 8080...
=== GENERATING RESPONSE FOR CLIENT 5 ===
Continuing file streaming...
-----------------RESPONSE--------------
Continuing file streaming...
Reading from file stream...
Read 9000 bytes from file
Sent 9000 bytes to client
File streaming in progress - keeping connection alive
Waiting for events on port 8080...
=== GENERATING RESPONSE FOR CLIENT 5 ===
Continuing file streaming...
-----------------RESPONSE--------------
Continuing file streaming...
Reading from file stream...
Read 9000 bytes from file
Sent 9000 bytes to client
File streaming in progress - keeping connection alive
Waiting for events on port 8080...
=== GENERATING RESPONSE FOR CLIENT 5 ===
Continuing file streaming...
-----------------RESPONSE--------------
Continuing file streaming...
Reading from file stream...
Read 9000 bytes from file
Sent 9000 bytes to client
File streaming in progress - keeping connection alive
Waiting for events on port 8080...
=== GENERATING RESPONSE FOR CLIENT 5 ===
Continuing file streaming...
-----------------RESPONSE--------------
Continuing file streaming...
Reading from file stream...
Read 9000 bytes from file
Sent 9000 bytes to client
File streaming in progress - keeping connection alive
Waiting for events on port 8080...
=== GENERATING RESPONSE FOR CLIENT 5 ===
Continuing file streaming...
-----------------RESPONSE--------------
Continuing file streaming...
Reading from file stream...
Read 9000 bytes from file
Sent 9000 bytes to client
File streaming in progress - keeping connection alive
Waiting for events on port 8080...
=== GENERATING RESPONSE FOR CLIENT 5 ===
Continuing file streaming...
-----------------RESPONSE--------------
Continuing file streaming...
Reading from file stream...
Read 9000 bytes from file
Sent 9000 bytes to client
File streaming in progress - keeping connection alive
Waiting for events on port 8080...
=== GENERATING RESPONSE FOR CLIENT 5 ===
Continuing file streaming...
-----------------RESPONSE--------------
Continuing file streaming...
Reading from file stream...
Read 9000 bytes from file
Sent 9000 bytes to client
File streaming in progress - keeping connection alive
Waiting for events on port 8080...
=== GENERATING RESPONSE FOR CLIENT 5 ===
Continuing file streaming...
-----------------RESPONSE--------------
Continuing file streaming...
Reading from file stream...
Read 9000 bytes from file
Sent 9000 bytes to client
File streaming in progress - keeping connection alive
Waiting for events on port 8080...
=== GENERATING RESPONSE FOR CLIENT 5 ===
Continuing file streaming...
-----------------RESPONSE--------------
Continuing file streaming...
Reading from file stream...
Read 9000 bytes from file
Sent 9000 bytes to client
File streaming in progress - keeping connection alive
Waiting for events on port 8080...
=== GENERATING RESPONSE FOR CLIENT 5 ===
Continuing file streaming...
-----------------RESPONSE--------------
Continuing file streaming...
Reading from file stream...
Read 9000 bytes from file
Sent 9000 bytes to client
File streaming in progress - keeping connection alive
Waiting for events on port 8080...
=== GENERATING RESPONSE FOR CLIENT 5 ===
Continuing file streaming...
-----------------RESPONSE--------------
Continuing file streaming...
Reading from file stream...
Read 9000 bytes from file
Sent 9000 bytes to client
File streaming in progress - keeping connection alive
Waiting for events on port 8080...
=== GENERATING RESPONSE FOR CLIENT 5 ===
Continuing file streaming...
-----------------RESPONSE--------------
Continuing file streaming...
Reading from file stream...
Read 9000 bytes from file
Sent 9000 bytes to client
File streaming in progress - keeping connection alive
Waiting for events on port 8080...
=== GENERATING RESPONSE FOR CLIENT 5 ===
Continuing file streaming...
-----------------RESPONSE--------------
Continuing file streaming...
Reading from file stream...
Read 9000 bytes from file
Sent 9000 bytes to client
File streaming in progress - keeping connection alive
Waiting for events on port 8080...
=== GENERATING RESPONSE FOR CLIENT 5 ===
Continuing file streaming...
-----------------RESPONSE--------------
Continuing file streaming...
Reading from file stream...
Read 9000 bytes from file
Sent 9000 bytes to client
File streaming in progress - keeping connection alive
Waiting for events on port 8080...
=== GENERATING RESPONSE FOR CLIENT 5 ===
Continuing file streaming...
-----------------RESPONSE--------------
Continuing file streaming...
Reading from file stream...
Read 9000 bytes from file
Sent 9000 bytes to client
File streaming in progress - keeping connection alive
Waiting for events on port 8080...
=== GENERATING RESPONSE FOR CLIENT 5 ===
Continuing file streaming...
-----------------RESPONSE--------------
Continuing file streaming...
Reading from file stream...
Read 9000 bytes from file
Sent 9000 bytes to client
File streaming in progress - keeping connection alive
Waiting for events on port 8080...
=== GENERATING RESPONSE FOR CLIENT 5 ===
Continuing file streaming...
-----------------RESPONSE--------------
Continuing file streaming...
Reading from file stream...
Read 9000 bytes from file
Sent 9000 bytes to client
File streaming in progress - keeping connection alive
Waiting for events on port 8080...
=== GENERATING RESPONSE FOR CLIENT 5 ===
Continuing file streaming...
-----------------RESPONSE--------------
Continuing file streaming...
Reading from file stream...
Read 9000 bytes from file
Sent 9000 bytes to client
File streaming in progress - keeping connection alive
Waiting for events on port 8080...
=== GENERATING RESPONSE FOR CLIENT 5 ===
Continuing file streaming...
-----------------RESPONSE--------------
Continuing file streaming...
Reading from file stream...
Read 9000 bytes from file
Sent 9000 bytes to client
File streaming in progress - keeping connection alive
Waiting for events on port 8080...
=== GENERATING RESPONSE FOR CLIENT 5 ===
Continuing file streaming...
-----------------RESPONSE--------------
Continuing file streaming...
Reading from file stream...
Read 9000 bytes from file
Sent 9000 bytes to client
File streaming in progress - keeping connection alive
Waiting for events on port 8080...
=== GENERATING RESPONSE FOR CLIENT 5 ===
Continuing file streaming...
-----------------RESPONSE--------------
Continuing file streaming...
Reading from file stream...
Read 9000 bytes from file
Sent 9000 bytes to client
File streaming in progress - keeping connection alive
Waiting for events on port 8080...
=== GENERATING RESPONSE FOR CLIENT 5 ===
Continuing file streaming...
-----------------RESPONSE--------------
Continuing file streaming...
Reading from file stream...
Read 9000 bytes from file
Sent 9000 bytes to client
File streaming in progress - keeping connection alive
Waiting for events on port 8080...
=== GENERATING RESPONSE FOR CLIENT 5 ===
Continuing file streaming...
-----------------RESPONSE--------------
Continuing file streaming...
Reading from file stream...
Read 9000 bytes from file
Sent 9000 bytes to client
File streaming in progress - keeping connection alive
Waiting for events on port 8080...
=== GENERATING RESPONSE FOR CLIENT 5 ===
Continuing file streaming...
-----------------RESPONSE--------------
Continuing file streaming...
Reading from file stream...
Read 9000 bytes from file
Sent 9000 bytes to client
File streaming in progress - keeping connection alive
Waiting for events on port 8080...
=== GENERATING RESPONSE FOR CLIENT 5 ===
Continuing file streaming...
-----------------RESPONSE--------------
Continuing file streaming...
Reading from file stream...
Read 9000 bytes from file
Sent 9000 bytes to client
File streaming in progress - keeping connection alive
Waiting for events on port 8080...
=== GENERATING RESPONSE FOR CLIENT 5 ===
Continuing file streaming...
-----------------RESPONSE--------------
Continuing file streaming...
Reading from file stream...
Read 9000 bytes from file
Sent 9000 bytes to client
File streaming in progress - keeping connection alive
Waiting for events on port 8080...
=== GENERATING RESPONSE FOR CLIENT 5 ===
Continuing file streaming...
-----------------RESPONSE--------------
Continuing file streaming...
Reading from file stream...
Read 9000 bytes from file
Sent 9000 bytes to client
File streaming in progress - keeping connection alive
Waiting for events on port 8080...
=== GENERATING RESPONSE FOR CLIENT 5 ===
Continuing file streaming...
-----------------RESPONSE--------------
Continuing file streaming...
Reading from file stream...
Read 9000 bytes from file
Sent 9000 bytes to client
File streaming in progress - keeping connection alive
Waiting for events on port 8080...
=== GENERATING RESPONSE FOR CLIENT 5 ===
Continuing file streaming...
-----------------RESPONSE--------------
Continuing file streaming...
Reading from file stream...
Read 9000 bytes from file
Sent 9000 bytes to client
File streaming in progress - keeping connection alive
Waiting for events on port 8080...
=== GENERATING RESPONSE FOR CLIENT 5 ===
Continuing file streaming...
-----------------RESPONSE--------------
Continuing file streaming...
Reading from file stream...
Read 9000 bytes from file
Sent 9000 bytes to client
File streaming in progress - keeping connection alive
Waiting for events on port 8080...
=== GENERATING RESPONSE FOR CLIENT 5 ===
Continuing file streaming...
-----------------RESPONSE--------------
Continuing file streaming...
Reading from file stream...
Read 9000 bytes from file
Sent 9000 bytes to client
File streaming in progress - keeping connection alive
Waiting for events on port 8080...
=== GENERATING RESPONSE FOR CLIENT 5 ===
Continuing file streaming...
-----------------RESPONSE--------------
Continuing file streaming...
Reading from file stream...
Read 9000 bytes from file
Sent 9000 bytes to client
File streaming in progress - keeping connection alive
Waiting for events on port 8080...
=== GENERATING RESPONSE FOR CLIENT 5 ===
Continuing file streaming...
-----------------RESPONSE--------------
Continuing file streaming...
Reading from file stream...
Read 9000 bytes from file
Sent 9000 bytes to client
File streaming in progress - keeping connection alive
Waiting for events on port 8080...
=== GENERATING RESPONSE FOR CLIENT 5 ===
Continuing file streaming...
-----------------RESPONSE--------------
Continuing file streaming...
Reading from file stream...
Read 9000 bytes from file
Sent 9000 bytes to client
File streaming in progress - keeping connection alive
Waiting for events on port 8080...
=== GENERATING RESPONSE FOR CLIENT 5 ===
Continuing file streaming...
-----------------RESPONSE--------------
Continuing file streaming...
Reading from file stream...
Read 9000 bytes from file
Sent 9000 bytes to client
File streaming in progress - keeping connection alive
Waiting for events on port 8080...
=== GENERATING RESPONSE FOR CLIENT 5 ===
Continuing file streaming...
-----------------RESPONSE--------------
Continuing file streaming...
Reading from file stream...
Read 9000 bytes from file
Sent 9000 bytes to client
File streaming in progress - keeping connection alive
Waiting for events on port 8080...
=== GENERATING RESPONSE FOR CLIENT 5 ===
Continuing file streaming...
-----------------RESPONSE--------------
Continuing file streaming...
Reading from file stream...
Read 9000 bytes from file
Sent 9000 bytes to client
File streaming in progress - keeping connection alive
Waiting for events on port 8080...
=== GENERATING RESPONSE FOR CLIENT 5 ===
Continuing file streaming...
-----------------RESPONSE--------------
Continuing file streaming...
Reading from file stream...
Read 9000 bytes from file
Sent 9000 bytes to client
File streaming in progress - keeping connection alive
Waiting for events on port 8080...
=== GENERATING RESPONSE FOR CLIENT 5 ===
Continuing file streaming...
-----------------RESPONSE--------------
Continuing file streaming...
Reading from file stream...
Read 9000 bytes from file
Sent 9000 bytes to client
File streaming in progress - keeping connection alive
Waiting for events on port 8080...
=== GENERATING RESPONSE FOR CLIENT 5 ===
Continuing file streaming...
-----------------RESPONSE--------------
Continuing file streaming...
Reading from file stream...
Read 9000 bytes from file
Sent 9000 bytes to client
File streaming in progress - keeping connection alive
Waiting for events on port 8080...
=== GENERATING RESPONSE FOR CLIENT 5 ===
Continuing file streaming...
-----------------RESPONSE--------------
Continuing file streaming...
Reading from file stream...
Read 9000 bytes from file
Sent 9000 bytes to client
File streaming in progress - keeping connection alive
Waiting for events on port 8080...
=== GENERATING RESPONSE FOR CLIENT 5 ===
Continuing file streaming...
-----------------RESPONSE--------------
Continuing file streaming...
Reading from file stream...
Read 9000 bytes from file
Sent 9000 bytes to client
File streaming in progress - keeping connection alive
Waiting for events on port 8080...
=== GENERATING RESPONSE FOR CLIENT 5 ===
Continuing file streaming...
-----------------RESPONSE--------------
Continuing file streaming...
Reading from file stream...
Read 9000 bytes from file
Sent 9000 bytes to client
File streaming in progress - keeping connection alive
Waiting for events on port 8080...
=== GENERATING RESPONSE FOR CLIENT 5 ===
Continuing file streaming...
-----------------RESPONSE--------------
Continuing file streaming...
Reading from file stream...
Read 9000 bytes from file
Sent 9000 bytes to client
File streaming in progress - keeping connection alive
Waiting for events on port 8080...
=== GENERATING RESPONSE FOR CLIENT 5 ===
Continuing file streaming...
-----------------RESPONSE--------------
Continuing file streaming...
Reading from file stream...
Read 9000 bytes from file
Sent 9000 bytes to client
File streaming in progress - keeping connection alive
Waiting for events on port 8080...
=== GENERATING RESPONSE FOR CLIENT 5 ===
Continuing file streaming...
-----------------RESPONSE--------------
Continuing file streaming...
Reading from file stream...
Read 9000 bytes from file
Sent 9000 bytes to client
File streaming in progress - keeping connection alive
Waiting for events on port 8080...
=== GENERATING RESPONSE FOR CLIENT 5 ===
Continuing file streaming...
-----------------RESPONSE--------------
Continuing file streaming...
Reading from file stream...
Read 9000 bytes from file
Sent 9000 bytes to client
File streaming in progress - keeping connection alive
Waiting for events on port 8080...
=== GENERATING RESPONSE FOR CLIENT 5 ===
Continuing file streaming...
-----------------RESPONSE--------------
Continuing file streaming...
Reading from file stream...
Read 9000 bytes from file
Sent 9000 bytes to client
File streaming in progress - keeping connection alive
Waiting for events on port 8080...
=== GENERATING RESPONSE FOR CLIENT 5 ===
Continuing file streaming...
-----------------RESPONSE--------------
Continuing file streaming...
Reading from file stream...
Read 9000 bytes from file
Sent 9000 bytes to client
File streaming in progress - keeping connection alive
Waiting for events on port 8080...
=== GENERATING RESPONSE FOR CLIENT 5 ===
Continuing file streaming...
-----------------RESPONSE--------------
Continuing file streaming...
Reading from file stream...
Read 9000 bytes from file
Sent 9000 bytes to client
File streaming in progress - keeping connection alive
Waiting for events on port 8080...
=== GENERATING RESPONSE FOR CLIENT 5 ===
Continuing file streaming...
-----------------RESPONSE--------------
Continuing file streaming...
Reading from file stream...
Read 9000 bytes from file
Sent 9000 bytes to client
File streaming in progress - keeping connection alive
Waiting for events on port 8080...
=== GENERATING RESPONSE FOR CLIENT 5 ===
Continuing file streaming...
-----------------RESPONSE--------------
Continuing file streaming...
Reading from file stream...
Read 9000 bytes from file
Sent 9000 bytes to client
File streaming in progress - keeping connection alive
Waiting for events on port 8080...
=== GENERATING RESPONSE FOR CLIENT 5 ===
Continuing file streaming...
-----------------RESPONSE--------------
Continuing file streaming...
Reading from file stream...
Read 9000 bytes from file
Sent 9000 bytes to client
File streaming in progress - keeping connection alive
Waiting for events on port 8080...
=== GENERATING RESPONSE FOR CLIENT 5 ===
Continuing file streaming...
-----------------RESPONSE--------------
Continuing file streaming...
Reading from file stream...
Read 9000 bytes from file
Sent 9000 bytes to client
File streaming in progress - keeping connection alive
Waiting for events on port 8080...
=== GENERATING RESPONSE FOR CLIENT 5 ===
Continuing file streaming...
-----------------RESPONSE--------------
Continuing file streaming...
Reading from file stream...
Read 9000 bytes from file
Sent 9000 bytes to client
File streaming in progress - keeping connection alive
Waiting for events on port 8080...
=== GENERATING RESPONSE FOR CLIENT 5 ===
Continuing file streaming...
-----------------RESPONSE--------------
Continuing file streaming...
Reading from file stream...
Read 9000 bytes from file
Sent 9000 bytes to client
File streaming in progress - keeping connection alive
Waiting for events on port 8080...
=== GENERATING RESPONSE FOR CLIENT 5 ===
Continuing file streaming...
-----------------RESPONSE--------------
Continuing file streaming...
Reading from file stream...
Read 9000 bytes from file
Sent 9000 bytes to client
File streaming in progress - keeping connection alive
Waiting for events on port 8080...
=== GENERATING RESPONSE FOR CLIENT 5 ===
Continuing file streaming...
-----------------RESPONSE--------------
Continuing file streaming...
Reading from file stream...
Read 9000 bytes from file
Sent 9000 bytes to client
File streaming in progress - keeping connection alive
Waiting for events on port 8080...
=== GENERATING RESPONSE FOR CLIENT 5 ===
Continuing file streaming...
-----------------RESPONSE--------------
Continuing file streaming...
Reading from file stream...
Read 9000 bytes from file
Sent 9000 bytes to client
File streaming in progress - keeping connection alive
Waiting for events on port 8080...
=== GENERATING RESPONSE FOR CLIENT 5 ===
Continuing file streaming...
-----------------RESPONSE--------------
Continuing file streaming...
Reading from file stream...
Read 9000 bytes from file
Sent 9000 bytes to client
File streaming in progress - keeping connection alive
Waiting for events on port 8080...
=== GENERATING RESPONSE FOR CLIENT 5 ===
Continuing file streaming...
-----------------RESPONSE--------------
Continuing file streaming...
Reading from file stream...
Read 9000 bytes from file
Sent 9000 bytes to client
File streaming in progress - keeping connection alive
Waiting for events on port 8080...
=== GENERATING RESPONSE FOR CLIENT 5 ===
Continuing file streaming...
-----------------RESPONSE--------------
Continuing file streaming...
Reading from file stream...
Read 9000 bytes from file
Sent 9000 bytes to client
File streaming in progress - keeping connection alive
Waiting for events on port 8080...
=== GENERATING RESPONSE FOR CLIENT 5 ===
Continuing file streaming...
-----------------RESPONSE--------------
Continuing file streaming...
Reading from file stream...
Read 9000 bytes from file
Sent 9000 bytes to client
File streaming in progress - keeping connection alive
Waiting for events on port 8080...
=== GENERATING RESPONSE FOR CLIENT 5 ===
Continuing file streaming...
-----------------RESPONSE--------------
Continuing file streaming...
Reading from file stream...
Read 9000 bytes from file
Sent 9000 bytes to client
File streaming in progress - keeping connection alive
Waiting for events on port 8080...
=== GENERATING RESPONSE FOR CLIENT 5 ===
Continuing file streaming...
-----------------RESPONSE--------------
Continuing file streaming...
Reading from file stream...
Read 9000 bytes from file
Sent 9000 bytes to client
File streaming in progress - keeping connection alive
Waiting for events on port 8080...
=== GENERATING RESPONSE FOR CLIENT 5 ===
Continuing file streaming...
-----------------RESPONSE--------------
Continuing file streaming...
Reading from file stream...
Read 9000 bytes from file
Sent 9000 bytes to client
File streaming in progress - keeping connection alive
Waiting for events on port 8080...
=== GENERATING RESPONSE FOR CLIENT 5 ===
Continuing file streaming...
-----------------RESPONSE--------------
Continuing file streaming...
Reading from file stream...
Read 9000 bytes from file
Sent 9000 bytes to client
File streaming in progress - keeping connection alive
Waiting for events on port 8080...
=== GENERATING RESPONSE FOR CLIENT 5 ===
Continuing file streaming...
-----------------RESPONSE--------------
Continuing file streaming...
Reading from file stream...
Read 9000 bytes from file
Sent 9000 bytes to client
File streaming in progress - keeping connection alive
Waiting for events on port 8080...
=== GENERATING RESPONSE FOR CLIENT 5 ===
Continuing file streaming...
-----------------RESPONSE--------------
Continuing file streaming...
Reading from file stream...
Read 9000 bytes from file
Sent 9000 bytes to client
File streaming in progress - keeping connection alive
Waiting for events on port 8080...
=== GENERATING RESPONSE FOR CLIENT 5 ===
Continuing file streaming...
-----------------RESPONSE--------------
Continuing file streaming...
Reading from file stream...
Read 9000 bytes from file
Sent 9000 bytes to client
File streaming in progress - keeping connection alive
Waiting for events on port 8080...
=== GENERATING RESPONSE FOR CLIENT 5 ===
Continuing file streaming...
-----------------RESPONSE--------------
Continuing file streaming...
Reading from file stream...
Read 9000 bytes from file
Sent 9000 bytes to client
File streaming in progress - keeping connection alive
Waiting for events on port 8080...
=== GENERATING RESPONSE FOR CLIENT 5 ===
Continuing file streaming...
-----------------RESPONSE--------------
Continuing file streaming...
Reading from file stream...
Read 9000 bytes from file
Sent 9000 bytes to client
File streaming in progress - keeping connection alive
Waiting for events on port 8080...
=== GENERATING RESPONSE FOR CLIENT 5 ===
Continuing file streaming...
-----------------RESPONSE--------------
Continuing file streaming...
Reading from file stream...
Read 9000 bytes from file
Sent 9000 bytes to client
File streaming in progress - keeping connection alive
Waiting for events on port 8080...
=== GENERATING RESPONSE FOR CLIENT 5 ===
Continuing file streaming...
-----------------RESPONSE--------------
Continuing file streaming...
Reading from file stream...
Read 9000 bytes from file
Sent 9000 bytes to client
File streaming in progress - keeping connection alive
Waiting for events on port 8080...
=== GENERATING RESPONSE FOR CLIENT 5 ===
Continuing file streaming...
-----------------RESPONSE--------------
Continuing file streaming...
Reading from file stream...
Read 9000 bytes from file
Sent 9000 bytes to client
File streaming in progress - keeping connection alive
Waiting for events on port 8080...
=== GENERATING RESPONSE FOR CLIENT 5 ===
Continuing file streaming...
-----------------RESPONSE--------------
Continuing file streaming...
Reading from file stream...
Read 9000 bytes from file
Sent 9000 bytes to client
File streaming in progress - keeping connection alive
Waiting for events on port 8080...
=== GENERATING RESPONSE FOR CLIENT 5 ===
Continuing file streaming...
-----------------RESPONSE--------------
Continuing file streaming...
Reading from file stream...
Read 9000 bytes from file
Sent 9000 bytes to client
File streaming in progress - keeping connection alive
Waiting for events on port 8080...
=== GENERATING RESPONSE FOR CLIENT 5 ===
Continuing file streaming...
-----------------RESPONSE--------------
Continuing file streaming...
Reading from file stream...
Read 9000 bytes from file
Sent 9000 bytes to client
File streaming in progress - keeping connection alive
Waiting for events on port 8080...
=== GENERATING RESPONSE FOR CLIENT 5 ===
Continuing file streaming...
-----------------RESPONSE--------------
Continuing file streaming...
Reading from file stream...
Read 9000 bytes from file
Sent 9000 bytes to client
File streaming in progress - keeping connection alive
Waiting for events on port 8080...
=== GENERATING RESPONSE FOR CLIENT 5 ===
Continuing file streaming...
-----------------RESPONSE--------------
Continuing file streaming...
Reading from file stream...
Read 9000 bytes from file
Sent 9000 bytes to client
File streaming in progress - keeping connection alive
Waiting for events on port 8080...
=== GENERATING RESPONSE FOR CLIENT 5 ===
Continuing file streaming...
-----------------RESPONSE--------------
Continuing file streaming...
Reading from file stream...
Read 9000 bytes from file
Sent 9000 bytes to client
File streaming in progress - keeping connection alive
Waiting for events on port 8080...
=== GENERATING RESPONSE FOR CLIENT 5 ===
Continuing file streaming...
-----------------RESPONSE--------------
Continuing file streaming...
Reading from file stream...
Read 9000 bytes from file
Sent 9000 bytes to client
File streaming in progress - keeping connection alive
Waiting for events on port 8080...
=== GENERATING RESPONSE FOR CLIENT 5 ===
Continuing file streaming...
-----------------RESPONSE--------------
Continuing file streaming...
Reading from file stream...
Read 9000 bytes from file
Sent 9000 bytes to client
File streaming in progress - keeping connection alive
Waiting for events on port 8080...
=== GENERATING RESPONSE FOR CLIENT 5 ===
Continuing file streaming...
-----------------RESPONSE--------------
Continuing file streaming...
Reading from file stream...
Read 9000 bytes from file
Sent 9000 bytes to client
File streaming in progress - keeping connection alive
Waiting for events on port 8080...
=== GENERATING RESPONSE FOR CLIENT 5 ===
Continuing file streaming...
-----------------RESPONSE--------------
Continuing file streaming...
Reading from file stream...
Read 9000 bytes from file
Sent 9000 bytes to client
File streaming in progress - keeping connection alive
Waiting for events on port 8080...
=== GENERATING RESPONSE FOR CLIENT 5 ===
Continuing file streaming...
-----------------RESPONSE--------------
Continuing file streaming...
Reading from file stream...
Read 9000 bytes from file
Sent 9000 bytes to client
File streaming in progress - keeping connection alive
Waiting for events on port 8080...
=== GENERATING RESPONSE FOR CLIENT 5 ===
Continuing file streaming...
-----------------RESPONSE--------------
Continuing file streaming...
Reading from file stream...
Read 9000 bytes from file
Sent 9000 bytes to client
File streaming in progress - keeping connection alive
Waiting for events on port 8080...
=== GENERATING RESPONSE FOR CLIENT 5 ===
Continuing file streaming...
-----------------RESPONSE--------------
Continuing file streaming...
Reading from file stream...
Read 9000 bytes from file
Sent 9000 bytes to client
File streaming in progress - keeping connection alive
Waiting for events on port 8080...
=== GENERATING RESPONSE FOR CLIENT 5 ===
Continuing file streaming...
-----------------RESPONSE--------------
Continuing file streaming...
Reading from file stream...
Read 9000 bytes from file
Sent 9000 bytes to client
File streaming in progress - keeping connection alive
Waiting for events on port 8080...
=== GENERATING RESPONSE FOR CLIENT 5 ===
Continuing file streaming...
-----------------RESPONSE--------------
Continuing file streaming...
Reading from file stream...
Read 9000 bytes from file
Sent 9000 bytes to client
File streaming in progress - keeping connection alive
Waiting for events on port 8080...
=== GENERATING RESPONSE FOR CLIENT 5 ===
Continuing file streaming...
-----------------RESPONSE--------------
Continuing file streaming...
Reading from file stream...
Read 9000 bytes from file
Sent 9000 bytes to client
File streaming in progress - keeping connection alive
Waiting for events on port 8080...
=== GENERATING RESPONSE FOR CLIENT 5 ===
Continuing file streaming...
-----------------RESPONSE--------------
Continuing file streaming...
Reading from file stream...
Read 9000 bytes from file
Sent 9000 bytes to client
File streaming in progress - keeping connection alive
Waiting for events on port 8080...
=== GENERATING RESPONSE FOR CLIENT 5 ===
Continuing file streaming...
-----------------RESPONSE--------------
Continuing file streaming...
Reading from file stream...
Read 9000 bytes from file
Sent 9000 bytes to client
File streaming in progress - keeping connection alive
Waiting for events on port 8080...
=== GENERATING RESPONSE FOR CLIENT 5 ===
Continuing file streaming...
-----------------RESPONSE--------------
Continuing file streaming...
Reading from file stream...
Read 9000 bytes from file
Sent 9000 bytes to client
File streaming in progress - keeping connection alive
Waiting for events on port 8080...
=== GENERATING RESPONSE FOR CLIENT 5 ===
Continuing file streaming...
-----------------RESPONSE--------------
Continuing file streaming...
Reading from file stream...
Read 9000 bytes from file
Sent 9000 bytes to client
File streaming in progress - keeping connection alive
Waiting for events on port 8080...
=== GENERATING RESPONSE FOR CLIENT 5 ===
Continuing file streaming...
-----------------RESPONSE--------------
Continuing file streaming...
Reading from file stream...
Read 9000 bytes from file
Sent 9000 bytes to client
File streaming in progress - keeping connection alive
Waiting for events on port 8080...
=== GENERATING RESPONSE FOR CLIENT 5 ===
Continuing file streaming...
-----------------RESPONSE--------------
Continuing file streaming...
Reading from file stream...
Read 9000 bytes from file
Sent 9000 bytes to client
File streaming in progress - keeping connection alive
Waiting for events on port 8080...
=== GENERATING RESPONSE FOR CLIENT 5 ===
Continuing file streaming...
-----------------RESPONSE--------------
Continuing file streaming...
Reading from file stream...
Read 9000 bytes from file
Sent 9000 bytes to client
File streaming in progress - keeping connection alive
Waiting for events on port 8080...
=== GENERATING RESPONSE FOR CLIENT 5 ===
Continuing file streaming...
-----------------RESPONSE--------------
Continuing file streaming...
Reading from file stream...
Read 9000 bytes from file
Sent 9000 bytes to client
File streaming in progress - keeping connection alive
Waiting for events on port 8080...
=== GENERATING RESPONSE FOR CLIENT 5 ===
Continuing file streaming...
-----------------RESPONSE--------------
Continuing file streaming...
Reading from file stream...
Read 9000 bytes from file
Sent 9000 bytes to client
File streaming in progress - keeping connection alive
Waiting for events on port 8080...
=== GENERATING RESPONSE FOR CLIENT 5 ===
Continuing file streaming...
-----------------RESPONSE--------------
Continuing file streaming...
Reading from file stream...
Read 9000 bytes from file
Sent 9000 bytes to client
File streaming in progress - keeping connection alive
Waiting for events on port 8080...
=== GENERATING RESPONSE FOR CLIENT 5 ===
Continuing file streaming...
-----------------RESPONSE--------------
Continuing file streaming...
Reading from file stream...
Read 9000 bytes from file
Sent 9000 bytes to client
File streaming in progress - keeping connection alive
Waiting for events on port 8080...
=== GENERATING RESPONSE FOR CLIENT 5 ===
Continuing file streaming...
-----------------RESPONSE--------------
Continuing file streaming...
Reading from file stream...
Read 9000 bytes from file
Sent 9000 bytes to client
File streaming in progress - keeping connection alive
Waiting for events on port 8080...
=== GENERATING RESPONSE FOR CLIENT 5 ===
Continuing file streaming...
-----------------RESPONSE--------------
Continuing file streaming...
Reading from file stream...
Read 9000 bytes from file
Sent 9000 bytes to client
File streaming in progress - keeping connection alive
Waiting for events on port 8080...
=== GENERATING RESPONSE FOR CLIENT 5 ===
Continuing file streaming...
-----------------RESPONSE--------------
Continuing file streaming...
Reading from file stream...
Read 9000 bytes from file
Sent 9000 bytes to client
File streaming in progress - keeping connection alive
Waiting for events on port 8080...
=== GENERATING RESPONSE FOR CLIENT 5 ===
Continuing file streaming...
-----------------RESPONSE--------------
Continuing file streaming...
Reading from file stream...
Read 9000 bytes from file
Sent 9000 bytes to client
File streaming in progress - keeping connection alive
Waiting for events on port 8080...
=== GENERATING RESPONSE FOR CLIENT 5 ===
Continuing file streaming...
-----------------RESPONSE--------------
Continuing file streaming...
Reading from file stream...
Read 9000 bytes from file
Sent 9000 bytes to client
File streaming in progress - keeping connection alive
Waiting for events on port 8080...
=== GENERATING RESPONSE FOR CLIENT 5 ===
Continuing file streaming...
-----------------RESPONSE--------------
Continuing file streaming...
Reading from file stream...
Read 9000 bytes from file
Sent 9000 bytes to client
File streaming in progress - keeping connection alive
Waiting for events on port 8080...
=== GENERATING RESPONSE FOR CLIENT 5 ===
Continuing file streaming...
-----------------RESPONSE--------------
Continuing file streaming...
Reading from file stream...
Read 9000 bytes from file
Sent 9000 bytes to client
File streaming in progress - keeping connection alive
Waiting for events on port 8080...
=== GENERATING RESPONSE FOR CLIENT 5 ===
Continuing file streaming...
-----------------RESPONSE--------------
Continuing file streaming...
Reading from file stream...
Read 9000 bytes from file
Sent 9000 bytes to client
File streaming in progress - keeping connection alive
Waiting for events on port 8080...
=== GENERATING RESPONSE FOR CLIENT 5 ===
Continuing file streaming...
-----------------RESPONSE--------------
Continuing file streaming...
Reading from file stream...
Read 9000 bytes from file
Sent 9000 bytes to client
File streaming in progress - keeping connection alive
Waiting for events on port 8080...
=== GENERATING RESPONSE FOR CLIENT 5 ===
Continuing file streaming...
-----------------RESPONSE--------------
Continuing file streaming...
Reading from file stream...
Read 9000 bytes from file
Sent 9000 bytes to client
File streaming in progress - keeping connection alive
Waiting for events on port 8080...
=== GENERATING RESPONSE FOR CLIENT 5 ===
Continuing file streaming...
-----------------RESPONSE--------------
Continuing file streaming...
Reading from file stream...
Read 9000 bytes from file
Sent 9000 bytes to client
File streaming in progress - keeping connection alive
Waiting for events on port 8080...
=== GENERATING RESPONSE FOR CLIENT 5 ===
Continuing file streaming...
-----------------RESPONSE--------------
Continuing file streaming...
Reading from file stream...
Read 9000 bytes from file
Sent 9000 bytes to client
File streaming in progress - keeping connection alive
Waiting for events on port 8080...
=== GENERATING RESPONSE FOR CLIENT 5 ===
Continuing file streaming...
-----------------RESPONSE--------------
Continuing file streaming...
Reading from file stream...
Read 9000 bytes from file
Sent 9000 bytes to client
File streaming in progress - keeping connection alive
Waiting for events on port 8080...
=== GENERATING RESPONSE FOR CLIENT 5 ===
Continuing file streaming...
-----------------RESPONSE--------------
Continuing file streaming...
Reading from file stream...
Read 9000 bytes from file
Sent 9000 bytes to client
File streaming in progress - keeping connection alive
Waiting for events on port 8080...
=== GENERATING RESPONSE FOR CLIENT 5 ===
Continuing file streaming...
-----------------RESPONSE--------------
Continuing file streaming...
Reading from file stream...
Read 9000 bytes from file
Sent 9000 bytes to client
File streaming in progress - keeping connection alive
Waiting for events on port 8080...
=== GENERATING RESPONSE FOR CLIENT 5 ===
Continuing file streaming...
-----------------RESPONSE--------------
Continuing file streaming...
Reading from file stream...
Read 9000 bytes from file
Sent 9000 bytes to client
File streaming in progress - keeping connection alive
Waiting for events on port 8080...
=== GENERATING RESPONSE FOR CLIENT 5 ===
Continuing file streaming...
-----------------RESPONSE--------------
Continuing file streaming...
Reading from file stream...
Read 9000 bytes from file
Sent 9000 bytes to client
File streaming in progress - keeping connection alive
Waiting for events on port 8080...
=== GENERATING RESPONSE FOR CLIENT 5 ===
Continuing file streaming...
-----------------RESPONSE--------------
Continuing file streaming...
Reading from file stream...
Read 9000 bytes from file
Sent 9000 bytes to client
File streaming in progress - keeping connection alive
Waiting for events on port 8080...
=== GENERATING RESPONSE FOR CLIENT 5 ===
Continuing file streaming...
-----------------RESPONSE--------------
Continuing file streaming...
Reading from file stream...
Read 9000 bytes from file
Sent 9000 bytes to client
File streaming in progress - keeping connection alive
Waiting for events on port 8080...
=== GENERATING RESPONSE FOR CLIENT 5 ===
Continuing file streaming...
-----------------RESPONSE--------------
Continuing file streaming...
Reading from file stream...
Read 9000 bytes from file
Sent 9000 bytes to client
File streaming in progress - keeping connection alive
Waiting for events on port 8080...
=== GENERATING RESPONSE FOR CLIENT 5 ===
Continuing file streaming...
-----------------RESPONSE--------------
Continuing file streaming...
Reading from file stream...
Read 9000 bytes from file
Sent 9000 bytes to client
File streaming in progress - keeping connection alive
Waiting for events on port 8080...
=== GENERATING RESPONSE FOR CLIENT 5 ===
Continuing file streaming...
-----------------RESPONSE--------------
Continuing file streaming...
Reading from file stream...
Read 9000 bytes from file
Sent 9000 bytes to client
File streaming in progress - keeping connection alive
Waiting for events on port 8080...
=== GENERATING RESPONSE FOR CLIENT 5 ===
Continuing file streaming...
-----------------RESPONSE--------------
Continuing file streaming...
Reading from file stream...
Read 9000 bytes from file
Sent 9000 bytes to client
File streaming in progress - keeping connection alive
Waiting for events on port 8080...
=== GENERATING RESPONSE FOR CLIENT 5 ===
Continuing file streaming...
-----------------RESPONSE--------------
Continuing file streaming...
Reading from file stream...
Read 9000 bytes from file
Sent 9000 bytes to client
File streaming in progress - keeping connection alive
Waiting for events on port 8080...
=== GENERATING RESPONSE FOR CLIENT 5 ===
Continuing file streaming...
-----------------RESPONSE--------------
Continuing file streaming...
Reading from file stream...
Read 9000 bytes from file
Sent 9000 bytes to client
File streaming in progress - keeping connection alive
Waiting for events on port 8080...
=== GENERATING RESPONSE FOR CLIENT 5 ===
Continuing file streaming...
-----------------RESPONSE--------------
Continuing file streaming...
Reading from file stream...
Read 9000 bytes from file
Sent 9000 bytes to client
File streaming in progress - keeping connection alive
Waiting for events on port 8080...
=== GENERATING RESPONSE FOR CLIENT 5 ===
Continuing file streaming...
-----------------RESPONSE--------------
Continuing file streaming...
Reading from file stream...
Read 9000 bytes from file
Sent 9000 bytes to client
File streaming in progress - keeping connection alive
Waiting for events on port 8080...
=== GENERATING RESPONSE FOR CLIENT 5 ===
Continuing file streaming...
-----------------RESPONSE--------------
Continuing file streaming...
Reading from file stream...
Read 9000 bytes from file
Sent 9000 bytes to client
File streaming in progress - keeping connection alive
Waiting for events on port 8080...
=== GENERATING RESPONSE FOR CLIENT 5 ===
Continuing file streaming...
-----------------RESPONSE--------------
Continuing file streaming...
Reading from file stream...
Read 9000 bytes from file
Sent 9000 bytes to client
File streaming in progress - keeping connection alive
Waiting for events on port 8080...
=== GENERATING RESPONSE FOR CLIENT 5 ===
Continuing file streaming...
-----------------RESPONSE--------------
Continuing file streaming...
Reading from file stream...
Read 9000 bytes from file
Sent 9000 bytes to client
File streaming in progress - keeping connection alive
Waiting for events on port 8080...
=== GENERATING RESPONSE FOR CLIENT 5 ===
Continuing file streaming...
-----------------RESPONSE--------------
Continuing file streaming...
Reading from file stream...
Read 9000 bytes from file
Sent 9000 bytes to client
File streaming in progress - keeping connection alive
Waiting for events on port 8080...
=== GENERATING RESPONSE FOR CLIENT 5 ===
Continuing file streaming...
-----------------RESPONSE--------------
Continuing file streaming...
Reading from file stream...
Read 9000 bytes from file
Sent 9000 bytes to client
File streaming in progress - keeping connection alive
Waiting for events on port 8080...
=== GENERATING RESPONSE FOR CLIENT 5 ===
Continuing file streaming...
-----------------RESPONSE--------------
Continuing file streaming...
Reading from file stream...
Read 9000 bytes from file
Sent 9000 bytes to client
File streaming in progress - keeping connection alive
Waiting for events on port 8080...
=== GENERATING RESPONSE FOR CLIENT 5 ===
Continuing file streaming...
-----------------RESPONSE--------------
Continuing file streaming...
Reading from file stream...
Read 9000 bytes from file
Sent 9000 bytes to client
File streaming in progress - keeping connection alive
Waiting for events on port 8080...
=== GENERATING RESPONSE FOR CLIENT 5 ===
Continuing file streaming...
-----------------RESPONSE--------------
Continuing file streaming...
Reading from file stream...
Read 9000 bytes from file
Sent 9000 bytes to client
File streaming in progress - keeping connection alive
Waiting for events on port 8080...
=== GENERATING RESPONSE FOR CLIENT 5 ===
Continuing file streaming...
-----------------RESPONSE--------------
Continuing file streaming...
Reading from file stream...
Read 9000 bytes from file
Sent 9000 bytes to client
File streaming in progress - keeping connection alive
Waiting for events on port 8080...
=== GENERATING RESPONSE FOR CLIENT 5 ===
Continuing file streaming...
-----------------RESPONSE--------------
Continuing file streaming...
Reading from file stream...
Read 9000 bytes from file
Sent 9000 bytes to client
File streaming in progress - keeping connection alive
Waiting for events on port 8080...
=== GENERATING RESPONSE FOR CLIENT 5 ===
Continuing file streaming...
-----------------RESPONSE--------------
Continuing file streaming...
Reading from file stream...
Read 9000 bytes from file
Sent 9000 bytes to client
File streaming in progress - keeping connection alive
Waiting for events on port 8080...
=== GENERATING RESPONSE FOR CLIENT 5 ===
Continuing file streaming...
-----------------RESPONSE--------------
Continuing file streaming...
Reading from file stream...
Read 9000 bytes from file
Sent 9000 bytes to client
File streaming in progress - keeping connection alive
Waiting for events on port 8080...
=== GENERATING RESPONSE FOR CLIENT 5 ===
Continuing file streaming...
-----------------RESPONSE--------------
Continuing file streaming...
Reading from file stream...
Read 9000 bytes from file
Sent 9000 bytes to client
File streaming in progress - keeping connection alive
Waiting for events on port 8080...
=== GENERATING RESPONSE FOR CLIENT 5 ===
Continuing file streaming...
-----------------RESPONSE--------------
Continuing file streaming...
Reading from file stream...
Read 9000 bytes from file
Sent 9000 bytes to client
File streaming in progress - keeping connection alive
Waiting for events on port 8080...
=== GENERATING RESPONSE FOR CLIENT 5 ===
Continuing file streaming...
-----------------RESPONSE--------------
Continuing file streaming...
Reading from file stream...
Read 9000 bytes from file
Sent 9000 bytes to client
File streaming in progress - keeping connection alive
Waiting for events on port 8080...
=== GENERATING RESPONSE FOR CLIENT 5 ===
Continuing file streaming...
-----------------RESPONSE--------------
Continuing file streaming...
Reading from file stream...
Read 9000 bytes from file
Sent 9000 bytes to client
File streaming in progress - keeping connection alive
Waiting for events on port 8080...
=== GENERATING RESPONSE FOR CLIENT 5 ===
Continuing file streaming...
-----------------RESPONSE--------------
Continuing file streaming...
Reading from file stream...
Read 9000 bytes from file
Sent 9000 bytes to client
File streaming in progress - keeping connection alive
Waiting for events on port 8080...
=== GENERATING RESPONSE FOR CLIENT 5 ===
Continuing file streaming...
-----------------RESPONSE--------------
Continuing file streaming...
Reading from file stream...
Read 9000 bytes from file
Sent 9000 bytes to client
File streaming in progress - keeping connection alive
Waiting for events on port 8080...
=== GENERATING RESPONSE FOR CLIENT 5 ===
Continuing file streaming...
-----------------RESPONSE--------------
Continuing file streaming...
Reading from file stream...
Read 9000 bytes from file
Sent 9000 bytes to client
File streaming in progress - keeping connection alive
Waiting for events on port 8080...
=== GENERATING RESPONSE FOR CLIENT 5 ===
Continuing file streaming...
-----------------RESPONSE--------------
Continuing file streaming...
Reading from file stream...
Read 9000 bytes from file
Sent 9000 bytes to client
File streaming in progress - keeping connection alive
Waiting for events on port 8080...
=== GENERATING RESPONSE FOR CLIENT 5 ===
Continuing file streaming...
-----------------RESPONSE--------------
Continuing file streaming...
Reading from file stream...
Read 9000 bytes from file
Sent 9000 bytes to client
File streaming in progress - keeping connection alive
Waiting for events on port 8080...
=== GENERATING RESPONSE FOR CLIENT 5 ===
Continuing file streaming...
-----------------RESPONSE--------------
Continuing file streaming...
Reading from file stream...
Read 9000 bytes from file
Sent 9000 bytes to client
File streaming in progress - keeping connection alive
Waiting for events on port 8080...
=== GENERATING RESPONSE FOR CLIENT 5 ===
Continuing file streaming...
-----------------RESPONSE--------------
Continuing file streaming...
Reading from file stream...
Read 9000 bytes from file
Sent 9000 bytes to client
File streaming in progress - keeping connection alive
Waiting for events on port 8080...
=== GENERATING RESPONSE FOR CLIENT 5 ===
Continuing file streaming...
-----------------RESPONSE--------------
Continuing file streaming...
Reading from file stream...
Read 9000 bytes from file
Sent 9000 bytes to client
File streaming in progress - keeping connection alive
Waiting for events on port 8080...
=== GENERATING RESPONSE FOR CLIENT 5 ===
Continuing file streaming...
-----------------RESPONSE--------------
Continuing file streaming...
Reading from file stream...
Read 9000 bytes from file
Sent 9000 bytes to client
File streaming in progress - keeping connection alive
Waiting for events on port 8080...
=== GENERATING RESPONSE FOR CLIENT 5 ===
Continuing file streaming...
-----------------RESPONSE--------------
Continuing file streaming...
Reading from file stream...
Read 9000 bytes from file
Sent 9000 bytes to client
File streaming in progress - keeping connection alive
Waiting for events on port 8080...
=== GENERATING RESPONSE FOR CLIENT 5 ===
Continuing file streaming...
-----------------RESPONSE--------------
Continuing file streaming...
Reading from file stream...
Read 9000 bytes from file
Sent 9000 bytes to client
File streaming in progress - keeping connection alive
Waiting for events on port 8080...
=== GENERATING RESPONSE FOR CLIENT 5 ===
Continuing file streaming...
-----------------RESPONSE--------------
Continuing file streaming...
Reading from file stream...
Read 9000 bytes from file
Sent 9000 bytes to client
File streaming in progress - keeping connection alive
Waiting for events on port 8080...
=== GENERATING RESPONSE FOR CLIENT 5 ===
Continuing file streaming...
-----------------RESPONSE--------------
Continuing file streaming...
Reading from file stream...
Read 9000 bytes from file
Sent 9000 bytes to client
File streaming in progress - keeping connection alive
Waiting for events on port 8080...
=== GENERATING RESPONSE FOR CLIENT 5 ===
Continuing file streaming...
-----------------RESPONSE--------------
Continuing file streaming...
Reading from file stream...
Read 9000 bytes from file
Sent 9000 bytes to client
File streaming in progress - keeping connection alive
Waiting for events on port 8080...
=== GENERATING RESPONSE FOR CLIENT 5 ===
Continuing file streaming...
-----------------RESPONSE--------------
Continuing file streaming...
Reading from file stream...
Read 9000 bytes from file
Sent 9000 bytes to client
File streaming in progress - keeping connection alive
Waiting for events on port 8080...
=== GENERATING RESPONSE FOR CLIENT 5 ===
Continuing file streaming...
-----------------RESPONSE--------------
Continuing file streaming...
Reading from file stream...
Read 9000 bytes from file
Sent 9000 bytes to client
File streaming in progress - keeping connection alive
Waiting for events on port 8080...
=== GENERATING RESPONSE FOR CLIENT 5 ===
Continuing file streaming...
-----------------RESPONSE--------------
Continuing file streaming...
Reading from file stream...
Read 9000 bytes from file
Sent 9000 bytes to client
File streaming in progress - keeping connection alive
Waiting for events on port 8080...
=== GENERATING RESPONSE FOR CLIENT 5 ===
Continuing file streaming...
-----------------RESPONSE--------------
Continuing file streaming...
Reading from file stream...
Read 9000 bytes from file
Sent 9000 bytes to client
File streaming in progress - keeping connection alive
Waiting for events on port 8080...
=== GENERATING RESPONSE FOR CLIENT 5 ===
Continuing file streaming...
-----------------RESPONSE--------------
Continuing file streaming...
Reading from file stream...
Read 9000 bytes from file
Sent 9000 bytes to client
File streaming in progress - keeping connection alive
Waiting for events on port 8080...
=== GENERATING RESPONSE FOR CLIENT 5 ===
Continuing file streaming...
-----------------RESPONSE--------------
Continuing file streaming...
Reading from file stream...
Read 9000 bytes from file
Sent 9000 bytes to client
File streaming in progress - keeping connection alive
Waiting for events on port 8080...
=== GENERATING RESPONSE FOR CLIENT 5 ===
Continuing file streaming...
-----------------RESPONSE--------------
Continuing file streaming...
Reading from file stream...
Read 9000 bytes from file
Sent 9000 bytes to client
File streaming in progress - keeping connection alive
Waiting for events on port 8080...
=== GENERATING RESPONSE FOR CLIENT 5 ===
Continuing file streaming...
-----------------RESPONSE--------------
Continuing file streaming...
Reading from file stream...
Read 9000 bytes from file
Sent 9000 bytes to client
File streaming in progress - keeping connection alive
Waiting for events on port 8080...
=== GENERATING RESPONSE FOR CLIENT 5 ===
Continuing file streaming...
-----------------RESPONSE--------------
Continuing file streaming...
Reading from file stream...
Read 9000 bytes from file
Sent 9000 bytes to client
File streaming in progress - keeping connection alive
Waiting for events on port 8080...
=== GENERATING RESPONSE FOR CLIENT 5 ===
Continuing file streaming...
-----------------RESPONSE--------------
Continuing file streaming...
Reading from file stream...
Read 9000 bytes from file
Sent 9000 bytes to client
File streaming in progress - keeping connection alive
Waiting for events on port 8080...
=== GENERATING RESPONSE FOR CLIENT 5 ===
Continuing file streaming...
-----------------RESPONSE--------------
Continuing file streaming...
Reading from file stream...
Read 9000 bytes from file
Sent 9000 bytes to client
File streaming in progress - keeping connection alive
Waiting for events on port 8080...
=== GENERATING RESPONSE FOR CLIENT 5 ===
Continuing file streaming...
-----------------RESPONSE--------------
Continuing file streaming...
Reading from file stream...
Read 9000 bytes from file
Sent 9000 bytes to client
File streaming in progress - keeping connection alive
Waiting for events on port 8080...
=== GENERATING RESPONSE FOR CLIENT 5 ===
Continuing file streaming...
-----------------RESPONSE--------------
Continuing file streaming...
Reading from file stream...
Read 9000 bytes from file
Sent 9000 bytes to client
File streaming in progress - keeping connection alive
Waiting for events on port 8080...
=== GENERATING RESPONSE FOR CLIENT 5 ===
Continuing file streaming...
-----------------RESPONSE--------------
Continuing file streaming...
Reading from file stream...
Read 9000 bytes from file
Sent 9000 bytes to client
File streaming in progress - keeping connection alive
Waiting for events on port 8080...
=== GENERATING RESPONSE FOR CLIENT 5 ===
Continuing file streaming...
-----------------RESPONSE--------------
Continuing file streaming...
Reading from file stream...
Read 9000 bytes from file
Sent 9000 bytes to client
File streaming in progress - keeping connection alive
Waiting for events on port 8080...
=== GENERATING RESPONSE FOR CLIENT 5 ===
Continuing file streaming...
-----------------RESPONSE--------------
Continuing file streaming...
Reading from file stream...
Read 9000 bytes from file
Sent 9000 bytes to client
File streaming in progress - keeping connection alive
Waiting for events on port 8080...
=== GENERATING RESPONSE FOR CLIENT 5 ===
Continuing file streaming...
-----------------RESPONSE--------------
Continuing file streaming...
Reading from file stream...
Read 9000 bytes from file
Sent 9000 bytes to client
File streaming in progress - keeping connection alive
Waiting for events on port 8080...
=== GENERATING RESPONSE FOR CLIENT 5 ===
Continuing file streaming...
-----------------RESPONSE--------------
Continuing file streaming...
Reading from file stream...
Read 9000 bytes from file
Sent 9000 bytes to client
File streaming in progress - keeping connection alive
Waiting for events on port 8080...
=== GENERATING RESPONSE FOR CLIENT 5 ===
Continuing file streaming...
-----------------RESPONSE--------------
Continuing file streaming...
Reading from file stream...
Read 9000 bytes from file
Sent 9000 bytes to client
File streaming in progress - keeping connection alive
Waiting for events on port 8080...
=== GENERATING RESPONSE FOR CLIENT 5 ===
Continuing file streaming...
-----------------RESPONSE--------------
Continuing file streaming...
Reading from file stream...
Read 9000 bytes from file
Sent 9000 bytes to client
File streaming in progress - keeping connection alive
Waiting for events on port 8080...
=== GENERATING RESPONSE FOR CLIENT 5 ===
Continuing file streaming...
-----------------RESPONSE--------------
Continuing file streaming...
Reading from file stream...
Read 9000 bytes from file
Sent 9000 bytes to client
File streaming in progress - keeping connection alive
Waiting for events on port 8080...
=== GENERATING RESPONSE FOR CLIENT 5 ===
Continuing file streaming...
-----------------RESPONSE--------------
Continuing file streaming...
Reading from file stream...
Read 9000 bytes from file
Sent 9000 bytes to client
File streaming in progress - keeping connection alive
Waiting for events on port 8080...
=== GENERATING RESPONSE FOR CLIENT 5 ===
Continuing file streaming...
-----------------RESPONSE--------------
Continuing file streaming...
Reading from file stream...
Read 9000 bytes from file
Sent 9000 bytes to client
File streaming in progress - keeping connection alive
Waiting for events on port 8080...
=== GENERATING RESPONSE FOR CLIENT 5 ===
Continuing file streaming...
-----------------RESPONSE--------------
Continuing file streaming...
Reading from file stream...
Read 9000 bytes from file
Sent 9000 bytes to client
File streaming in progress - keeping connection alive
Waiting for events on port 8080...
=== GENERATING RESPONSE FOR CLIENT 5 ===
Continuing file streaming...
-----------------RESPONSE--------------
Continuing file streaming...
Reading from file stream...
Read 9000 bytes from file
Sent 9000 bytes to client
File streaming in progress - keeping connection alive
Waiting for events on port 8080...
=== GENERATING RESPONSE FOR CLIENT 5 ===
Continuing file streaming...
-----------------RESPONSE--------------
Continuing file streaming...
Reading from file stream...
Read 9000 bytes from file
Sent 9000 bytes to client
File streaming in progress - keeping connection alive
Waiting for events on port 8080...
=== GENERATING RESPONSE FOR CLIENT 5 ===
Continuing file streaming...
-----------------RESPONSE--------------
Continuing file streaming...
Reading from file stream...
Read 9000 bytes from file
Sent 9000 bytes to client
File streaming in progress - keeping connection alive
Waiting for events on port 8080...
=== GENERATING RESPONSE FOR CLIENT 5 ===
Continuing file streaming...
-----------------RESPONSE--------------
Continuing file streaming...
Reading from file stream...
Read 9000 bytes from file
Sent 9000 bytes to client
File streaming in progress - keeping connection alive
Waiting for events on port 8080...
=== GENERATING RESPONSE FOR CLIENT 5 ===
Continuing file streaming...
-----------------RESPONSE--------------
Continuing file streaming...
Reading from file stream...
Read 9000 bytes from file
Sent 9000 bytes to client
File streaming in progress - keeping connection alive
Waiting for events on port 8080...
=== GENERATING RESPONSE FOR CLIENT 5 ===
Continuing file streaming...
-----------------RESPONSE--------------
Continuing file streaming...
Reading from file stream...
Read 9000 bytes from file
Sent 9000 bytes to client
File streaming in progress - keeping connection alive
Waiting for events on port 8080...
=== GENERATING RESPONSE FOR CLIENT 5 ===
Continuing file streaming...
-----------------RESPONSE--------------
Continuing file streaming...
Reading from file stream...
Read 9000 bytes from file
Sent 9000 bytes to client
File streaming in progress - keeping connection alive
Waiting for events on port 8080...
=== GENERATING RESPONSE FOR CLIENT 5 ===
Continuing file streaming...
-----------------RESPONSE--------------
Continuing file streaming...
Reading from file stream...
Read 9000 bytes from file
Sent 9000 bytes to client
File streaming in progress - keeping connection alive
Waiting for events on port 8080...
=== GENERATING RESPONSE FOR CLIENT 5 ===
Continuing file streaming...
-----------------RESPONSE--------------
Continuing file streaming...
Reading from file stream...
Read 9000 bytes from file
Sent 9000 bytes to client
File streaming in progress - keeping connection alive
Waiting for events on port 8080...
=== GENERATING RESPONSE FOR CLIENT 5 ===
Continuing file streaming...
-----------------RESPONSE--------------
Continuing file streaming...
Reading from file stream...
Read 9000 bytes from file
Sent 9000 bytes to client
File streaming in progress - keeping connection alive
Waiting for events on port 8080...
=== GENERATING RESPONSE FOR CLIENT 5 ===
Continuing file streaming...
-----------------RESPONSE--------------
Continuing file streaming...
Reading from file stream...
Read 9000 bytes from file
Sent 9000 bytes to client
File streaming in progress - keeping connection alive
Waiting for events on port 8080...
=== GENERATING RESPONSE FOR CLIENT 5 ===
Continuing file streaming...
-----------------RESPONSE--------------
Continuing file streaming...
Reading from file stream...
Read 9000 bytes from file
Sent 9000 bytes to client
File streaming in progress - keeping connection alive
Waiting for events on port 8080...
=== GENERATING RESPONSE FOR CLIENT 5 ===
Continuing file streaming...
-----------------RESPONSE--------------
Continuing file streaming...
Reading from file stream...
Read 9000 bytes from file
Sent 9000 bytes to client
File streaming in progress - keeping connection alive
Waiting for events on port 8080...
=== GENERATING RESPONSE FOR CLIENT 5 ===
Continuing file streaming...
-----------------RESPONSE--------------
Continuing file streaming...
Reading from file stream...
Read 9000 bytes from file
Sent 9000 bytes to client
File streaming in progress - keeping connection alive
Waiting for events on port 8080...
=== GENERATING RESPONSE FOR CLIENT 5 ===
Continuing file streaming...
-----------------RESPONSE--------------
Continuing file streaming...
Reading from file stream...
Read 9000 bytes from file
Sent 9000 bytes to client
File streaming in progress - keeping connection alive
Waiting for events on port 8080...
=== GENERATING RESPONSE FOR CLIENT 5 ===
Continuing file streaming...
-----------------RESPONSE--------------
Continuing file streaming...
Reading from file stream...
Read 9000 bytes from file
Sent 9000 bytes to client
File streaming in progress - keeping connection alive
Waiting for events on port 8080...
=== GENERATING RESPONSE FOR CLIENT 5 ===
Continuing file streaming...
-----------------RESPONSE--------------
Continuing file streaming...
Reading from file stream...
Read 9000 bytes from file
Sent 9000 bytes to client
File streaming in progress - keeping connection alive
Waiting for events on port 8080...
=== GENERATING RESPONSE FOR CLIENT 5 ===
Continuing file streaming...
-----------------RESPONSE--------------
Continuing file streaming...
Reading from file stream...
Read 9000 bytes from file
Sent 9000 bytes to client
File streaming in progress - keeping connection alive
Waiting for events on port 8080...
=== GENERATING RESPONSE FOR CLIENT 5 ===
Continuing file streaming...
-----------------RESPONSE--------------
Continuing file streaming...
Reading from file stream...
Read 9000 bytes from file
Sent 9000 bytes to client
File streaming in progress - keeping connection alive
Waiting for events on port 8080...
=== GENERATING RESPONSE FOR CLIENT 5 ===
Continuing file streaming...
-----------------RESPONSE--------------
Continuing file streaming...
Reading from file stream...
Read 9000 bytes from file
Sent 9000 bytes to client
File streaming in progress - keeping connection alive
Waiting for events on port 8080...
=== GENERATING RESPONSE FOR CLIENT 5 ===
Continuing file streaming...
-----------------RESPONSE--------------
Continuing file streaming...
Reading from file stream...
Read 9000 bytes from file
Sent 9000 bytes to client
File streaming in progress - keeping connection alive
Waiting for events on port 8080...
=== GENERATING RESPONSE FOR CLIENT 5 ===
Continuing file streaming...
-----------------RESPONSE--------------
Continuing file streaming...
Reading from file stream...
Read 9000 bytes from file
Sent 9000 bytes to client
File streaming in progress - keeping connection alive
Waiting for events on port 8080...
=== GENERATING RESPONSE FOR CLIENT 5 ===
Continuing file streaming...
-----------------RESPONSE--------------
Continuing file streaming...
Reading from file stream...
Read 9000 bytes from file
Sent 9000 bytes to client
File streaming in progress - keeping connection alive
Waiting for events on port 8080...
=== GENERATING RESPONSE FOR CLIENT 5 ===
Continuing file streaming...
-----------------RESPONSE--------------
Continuing file streaming...
Reading from file stream...
Read 9000 bytes from file
Sent 9000 bytes to client
File streaming in progress - keeping connection alive
Waiting for events on port 8080...
=== GENERATING RESPONSE FOR CLIENT 5 ===
Continuing file streaming...
-----------------RESPONSE--------------
Continuing file streaming...
Reading from file stream...
Read 9000 bytes from file
Sent 9000 bytes to client
File streaming in progress - keeping connection alive
Waiting for events on port 8080...
=== GENERATING RESPONSE FOR CLIENT 5 ===
Continuing file streaming...
-----------------RESPONSE--------------
Continuing file streaming...
Reading from file stream...
Read 9000 bytes from file
Sent 9000 bytes to client
File streaming in progress - keeping connection alive
Waiting for events on port 8080...
=== GENERATING RESPONSE FOR CLIENT 5 ===
Continuing file streaming...
-----------------RESPONSE--------------
Continuing file streaming...
Reading from file stream...
Read 9000 bytes from file
Sent 9000 bytes to client
File streaming in progress - keeping connection alive
Waiting for events on port 8080...
=== GENERATING RESPONSE FOR CLIENT 5 ===
Continuing file streaming...
-----------------RESPONSE--------------
Continuing file streaming...
Reading from file stream...
Read 9000 bytes from file
Sent 9000 bytes to client
File streaming in progress - keeping connection alive
Waiting for events on port 8080...
=== GENERATING RESPONSE FOR CLIENT 5 ===
Continuing file streaming...
-----------------RESPONSE--------------
Continuing file streaming...
Reading from file stream...
Read 9000 bytes from file
Sent 9000 bytes to client
File streaming in progress - keeping connection alive
Waiting for events on port 8080...
=== GENERATING RESPONSE FOR CLIENT 5 ===
Continuing file streaming...
-----------------RESPONSE--------------
Continuing file streaming...
Reading from file stream...
Read 9000 bytes from file
Sent 9000 bytes to client
File streaming in progress - keeping connection alive
Waiting for events on port 8080...
=== GENERATING RESPONSE FOR CLIENT 5 ===
Continuing file streaming...
-----------------RESPONSE--------------
Continuing file streaming...
Reading from file stream...
Read 9000 bytes from file
Sent 9000 bytes to client
File streaming in progress - keeping connection alive
Waiting for events on port 8080...
=== GENERATING RESPONSE FOR CLIENT 5 ===
Continuing file streaming...
-----------------RESPONSE--------------
Continuing file streaming...
Reading from file stream...
Read 9000 bytes from file
Sent 9000 bytes to client
File streaming in progress - keeping connection alive
Waiting for events on port 8080...
=== GENERATING RESPONSE FOR CLIENT 5 ===
Continuing file streaming...
-----------------RESPONSE--------------
Continuing file streaming...
Reading from file stream...
Read 9000 bytes from file
Sent 9000 bytes to client
File streaming in progress - keeping connection alive
Waiting for events on port 8080...
=== GENERATING RESPONSE FOR CLIENT 5 ===
Continuing file streaming...
-----------------RESPONSE--------------
Continuing file streaming...
Reading from file stream...
Read 9000 bytes from file
Sent 9000 bytes to client
File streaming in progress - keeping connection alive
Waiting for events on port 8080...
=== GENERATING RESPONSE FOR CLIENT 5 ===
Continuing file streaming...
-----------------RESPONSE--------------
Continuing file streaming...
Reading from file stream...
Read 9000 bytes from file
Sent 9000 bytes to client
File streaming in progress - keeping connection alive
Waiting for events on port 8080...
=== GENERATING RESPONSE FOR CLIENT 5 ===
Continuing file streaming...
-----------------RESPONSE--------------
Continuing file streaming...
Reading from file stream...
Read 9000 bytes from file
Sent 9000 bytes to client
File streaming in progress - keeping connection alive
Waiting for events on port 8080...
=== GENERATING RESPONSE FOR CLIENT 5 ===
Continuing file streaming...
-----------------RESPONSE--------------
Continuing file streaming...
Reading from file stream...
Read 9000 bytes from file
Sent 9000 bytes to client
File streaming in progress - keeping connection alive
Waiting for events on port 8080...
=== GENERATING RESPONSE FOR CLIENT 5 ===
Continuing file streaming...
-----------------RESPONSE--------------
Continuing file streaming...
Reading from file stream...
Read 9000 bytes from file
Sent 9000 bytes to client
File streaming in progress - keeping connection alive
Waiting for events on port 8080...
=== GENERATING RESPONSE FOR CLIENT 5 ===
Continuing file streaming...
-----------------RESPONSE--------------
Continuing file streaming...
Reading from file stream...
Read 9000 bytes from file
Sent 9000 bytes to client
File streaming in progress - keeping connection alive
Waiting for events on port 8080...
=== GENERATING RESPONSE FOR CLIENT 5 ===
Continuing file streaming...
-----------------RESPONSE--------------
Continuing file streaming...
Reading from file stream...
Read 9000 bytes from file
Sent 9000 bytes to client
File streaming in progress - keeping connection alive
Waiting for events on port 8080...
=== GENERATING RESPONSE FOR CLIENT 5 ===
Continuing file streaming...
-----------------RESPONSE--------------
Continuing file streaming...
Reading from file stream...
Read 9000 bytes from file
Sent 9000 bytes to client
File streaming in progress - keeping connection alive
Waiting for events on port 8080...
=== GENERATING RESPONSE FOR CLIENT 5 ===
Continuing file streaming...
-----------------RESPONSE--------------
Continuing file streaming...
Reading from file stream...
Read 9000 bytes from file
Sent 9000 bytes to client
File streaming in progress - keeping connection alive
Waiting for events on port 8080...
=== GENERATING RESPONSE FOR CLIENT 5 ===
Continuing file streaming...
-----------------RESPONSE--------------
Continuing file streaming...
Reading from file stream...
Read 9000 bytes from file
Sent 9000 bytes to client
File streaming in progress - keeping connection alive
Waiting for events on port 8080...
=== GENERATING RESPONSE FOR CLIENT 5 ===
Continuing file streaming...
-----------------RESPONSE--------------
Continuing file streaming...
Reading from file stream...
Read 9000 bytes from file
Sent 9000 bytes to client
File streaming in progress - keeping connection alive
Waiting for events on port 8080...
=== GENERATING RESPONSE FOR CLIENT 5 ===
Continuing file streaming...
-----------------RESPONSE--------------
Continuing file streaming...
Reading from file stream...
Read 9000 bytes from file
Sent 9000 bytes to client
File streaming in progress - keeping connection alive
Waiting for events on port 8080...
=== GENERATING RESPONSE FOR CLIENT 5 ===
Continuing file streaming...
-----------------RESPONSE--------------
Continuing file streaming...
Reading from file stream...
Read 9000 bytes from file
Sent 9000 bytes to client
File streaming in progress - keeping connection alive
Waiting for events on port 8080...
=== GENERATING RESPONSE FOR CLIENT 5 ===
Continuing file streaming...
-----------------RESPONSE--------------
Continuing file streaming...
Reading from file stream...
Read 9000 bytes from file
Sent 9000 bytes to client
File streaming in progress - keeping connection alive
Waiting for events on port 8080...
=== GENERATING RESPONSE FOR CLIENT 5 ===
Continuing file streaming...
-----------------RESPONSE--------------
Continuing file streaming...
Reading from file stream...
Read 9000 bytes from file
Sent 9000 bytes to client
File streaming in progress - keeping connection alive
Waiting for events on port 8080...
=== GENERATING RESPONSE FOR CLIENT 5 ===
Continuing file streaming...
-----------------RESPONSE--------------
Continuing file streaming...
Reading from file stream...
Read 9000 bytes from file
Sent 9000 bytes to client
File streaming in progress - keeping connection alive
Waiting for events on port 8080...
=== GENERATING RESPONSE FOR CLIENT 5 ===
Continuing file streaming...
-----------------RESPONSE--------------
Continuing file streaming...
Reading from file stream...
Read 9000 bytes from file
Sent 9000 bytes to client
File streaming in progress - keeping connection alive
Waiting for events on port 8080...
=== GENERATING RESPONSE FOR CLIENT 5 ===
Continuing file streaming...
-----------------RESPONSE--------------
Continuing file streaming...
Reading from file stream...
Read 9000 bytes from file
Sent 9000 bytes to client
File streaming in progress - keeping connection alive
Waiting for events on port 8080...
=== GENERATING RESPONSE FOR CLIENT 5 ===
Continuing file streaming...
-----------------RESPONSE--------------
Continuing file streaming...
Reading from file stream...
Read 9000 bytes from file
Sent 9000 bytes to client
File streaming in progress - keeping connection alive
Waiting for events on port 8080...
=== GENERATING RESPONSE FOR CLIENT 5 ===
Continuing file streaming...
-----------------RESPONSE--------------
Continuing file streaming...
Reading from file stream...
Read 9000 bytes from file
Sent 9000 bytes to client
File streaming in progress - keeping connection alive
Waiting for events on port 8080...
=== GENERATING RESPONSE FOR CLIENT 5 ===
Continuing file streaming...
-----------------RESPONSE--------------
Continuing file streaming...
Reading from file stream...
Read 9000 bytes from file
Sent 9000 bytes to client
File streaming in progress - keeping connection alive
Waiting for events on port 8080...
=== GENERATING RESPONSE FOR CLIENT 5 ===
Continuing file streaming...
-----------------RESPONSE--------------
Continuing file streaming...
Reading from file stream...
Read 9000 bytes from file
Sent 9000 bytes to client
File streaming in progress - keeping connection alive
Waiting for events on port 8080...
=== GENERATING RESPONSE FOR CLIENT 5 ===
Continuing file streaming...
-----------------RESPONSE--------------
Continuing file streaming...
Reading from file stream...
Read 9000 bytes from file
Sent 9000 bytes to client
File streaming in progress - keeping connection alive
Waiting for events on port 8080...
=== GENERATING RESPONSE FOR CLIENT 5 ===
Continuing file streaming...
-----------------RESPONSE--------------
Continuing file streaming...
Reading from file stream...
Read 9000 bytes from file
Sent 9000 bytes to client
File streaming in progress - keeping connection alive
Waiting for events on port 8080...
=== GENERATING RESPONSE FOR CLIENT 5 ===
Continuing file streaming...
-----------------RESPONSE--------------
Continuing file streaming...
Reading from file stream...
Read 9000 bytes from file
Sent 9000 bytes to client
File streaming in progress - keeping connection alive
Waiting for events on port 8080...
=== GENERATING RESPONSE FOR CLIENT 5 ===
Continuing file streaming...
-----------------RESPONSE--------------
Continuing file streaming...
Reading from file stream...
Read 9000 bytes from file
Sent 9000 bytes to client
File streaming in progress - keeping connection alive
Waiting for events on port 8080...
=== GENERATING RESPONSE FOR CLIENT 5 ===
Continuing file streaming...
-----------------RESPONSE--------------
Continuing file streaming...
Reading from file stream...
Read 9000 bytes from file
Sent 9000 bytes to client
File streaming in progress - keeping connection alive
Waiting for events on port 8080...
=== GENERATING RESPONSE FOR CLIENT 5 ===
Continuing file streaming...
-----------------RESPONSE--------------
Continuing file streaming...
Reading from file stream...
Read 9000 bytes from file
Sent 9000 bytes to client
File streaming in progress - keeping connection alive
Waiting for events on port 8080...
=== GENERATING RESPONSE FOR CLIENT 5 ===
Continuing file streaming...
-----------------RESPONSE--------------
Continuing file streaming...
Reading from file stream...
Read 9000 bytes from file
Sent 9000 bytes to client
File streaming in progress - keeping connection alive
Waiting for events on port 8080...
=== GENERATING RESPONSE FOR CLIENT 5 ===
Continuing file streaming...
-----------------RESPONSE--------------
Continuing file streaming...
Reading from file stream...
Read 9000 bytes from file
Sent 9000 bytes to client
File streaming in progress - keeping connection alive
Waiting for events on port 8080...
=== GENERATING RESPONSE FOR CLIENT 5 ===
Continuing file streaming...
-----------------RESPONSE--------------
Continuing file streaming...
Reading from file stream...
Read 9000 bytes from file
Sent 9000 bytes to client
File streaming in progress - keeping connection alive
Waiting for events on port 8080...
=== GENERATING RESPONSE FOR CLIENT 5 ===
Continuing file streaming...
-----------------RESPONSE--------------
Continuing file streaming...
Reading from file stream...
Read 9000 bytes from file
Sent 9000 bytes to client
File streaming in progress - keeping connection alive
Waiting for events on port 8080...
=== GENERATING RESPONSE FOR CLIENT 5 ===
Continuing file streaming...
-----------------RESPONSE--------------
Continuing file streaming...
Reading from file stream...
Read 9000 bytes from file
Sent 9000 bytes to client
File streaming in progress - keeping connection alive
Waiting for events on port 8080...
=== GENERATING RESPONSE FOR CLIENT 5 ===
Continuing file streaming...
-----------------RESPONSE--------------
Continuing file streaming...
Reading from file stream...
Read 9000 bytes from file
Sent 9000 bytes to client
File streaming in progress - keeping connection alive
Waiting for events on port 8080...
=== GENERATING RESPONSE FOR CLIENT 5 ===
Continuing file streaming...
-----------------RESPONSE--------------
Continuing file streaming...
Reading from file stream...
Read 9000 bytes from file
Sent 9000 bytes to client
File streaming in progress - keeping connection alive
Waiting for events on port 8080...
=== GENERATING RESPONSE FOR CLIENT 5 ===
Continuing file streaming...
-----------------RESPONSE--------------
Continuing file streaming...
Reading from file stream...
Read 9000 bytes from file
Sent 9000 bytes to client
File streaming in progress - keeping connection alive
Waiting for events on port 8080...
=== GENERATING RESPONSE FOR CLIENT 5 ===
Continuing file streaming...
-----------------RESPONSE--------------
Continuing file streaming...
Reading from file stream...
Read 9000 bytes from file
Sent 9000 bytes to client
File streaming in progress - keeping connection alive
Waiting for events on port 8080...
=== GENERATING RESPONSE FOR CLIENT 5 ===
Continuing file streaming...
-----------------RESPONSE--------------
Continuing file streaming...
Reading from file stream...
Read 9000 bytes from file
Sent 9000 bytes to client
File streaming in progress - keeping connection alive
Waiting for events on port 8080...
=== GENERATING RESPONSE FOR CLIENT 5 ===
Continuing file streaming...
-----------------RESPONSE--------------
Continuing file streaming...
Reading from file stream...
Read 9000 bytes from file
Sent 9000 bytes to client
File streaming in progress - keeping connection alive
Waiting for events on port 8080...
=== GENERATING RESPONSE FOR CLIENT 5 ===
Continuing file streaming...
-----------------RESPONSE--------------
Continuing file streaming...
Reading from file stream...
Read 9000 bytes from file
Sent 9000 bytes to client
File streaming in progress - keeping connection alive
Waiting for events on port 8080...
=== GENERATING RESPONSE FOR CLIENT 5 ===
Continuing file streaming...
-----------------RESPONSE--------------
Continuing file streaming...
Reading from file stream...
Read 9000 bytes from file
Sent 9000 bytes to client
File streaming in progress - keeping connection alive
Waiting for events on port 8080...
=== GENERATING RESPONSE FOR CLIENT 5 ===
Continuing file streaming...
-----------------RESPONSE--------------
Continuing file streaming...
Reading from file stream...
Read 9000 bytes from file
Sent 9000 bytes to client
File streaming in progress - keeping connection alive
Waiting for events on port 8080...
=== GENERATING RESPONSE FOR CLIENT 5 ===
Continuing file streaming...
-----------------RESPONSE--------------
Continuing file streaming...
Reading from file stream...
Read 9000 bytes from file
Sent 9000 bytes to client
File streaming in progress - keeping connection alive
Waiting for events on port 8080...
=== GENERATING RESPONSE FOR CLIENT 5 ===
Continuing file streaming...
-----------------RESPONSE--------------
Continuing file streaming...
Reading from file stream...
Read 9000 bytes from file
Sent 9000 bytes to client
File streaming in progress - keeping connection alive
Waiting for events on port 8080...
=== GENERATING RESPONSE FOR CLIENT 5 ===
Continuing file streaming...
-----------------RESPONSE--------------
Continuing file streaming...
Reading from file stream...
Read 9000 bytes from file
Sent 9000 bytes to client
File streaming in progress - keeping connection alive
Waiting for events on port 8080...
=== GENERATING RESPONSE FOR CLIENT 5 ===
Continuing file streaming...
-----------------RESPONSE--------------
Continuing file streaming...
Reading from file stream...
Read 9000 bytes from file
Sent 9000 bytes to client
File streaming in progress - keeping connection alive
Waiting for events on port 8080...
=== GENERATING RESPONSE FOR CLIENT 5 ===
Continuing file streaming...
-----------------RESPONSE--------------
Continuing file streaming...
Reading from file stream...
Read 9000 bytes from file
Sent 9000 bytes to client
File streaming in progress - keeping connection alive
Waiting for events on port 8080...
=== GENERATING RESPONSE FOR CLIENT 5 ===
Continuing file streaming...
-----------------RESPONSE--------------
Continuing file streaming...
Reading from file stream...
Read 9000 bytes from file
Sent 9000 bytes to client
File streaming in progress - keeping connection alive
Waiting for events on port 8080...
=== GENERATING RESPONSE FOR CLIENT 5 ===
Continuing file streaming...
-----------------RESPONSE--------------
Continuing file streaming...
Reading from file stream...
Read 9000 bytes from file
Sent 9000 bytes to client
File streaming in progress - keeping connection alive
Waiting for events on port 8080...
=== GENERATING RESPONSE FOR CLIENT 5 ===
Continuing file streaming...
-----------------RESPONSE--------------
Continuing file streaming...
Reading from file stream...
Read 9000 bytes from file
Sent 9000 bytes to client
File streaming in progress - keeping connection alive
Waiting for events on port 8080...
=== GENERATING RESPONSE FOR CLIENT 5 ===
Continuing file streaming...
-----------------RESPONSE--------------
Continuing file streaming...
Reading from file stream...
Read 9000 bytes from file
Sent 9000 bytes to client
File streaming in progress - keeping connection alive
Waiting for events on port 8080...
=== GENERATING RESPONSE FOR CLIENT 5 ===
Continuing file streaming...
-----------------RESPONSE--------------
Continuing file streaming...
Reading from file stream...
Read 9000 bytes from file
Sent 9000 bytes to client
File streaming in progress - keeping connection alive
Waiting for events on port 8080...
=== GENERATING RESPONSE FOR CLIENT 5 ===
Continuing file streaming...
-----------------RESPONSE--------------
Continuing file streaming...
Reading from file stream...
Read 9000 bytes from file
Sent 9000 bytes to client
File streaming in progress - keeping connection alive
Waiting for events on port 8080...
=== GENERATING RESPONSE FOR CLIENT 5 ===
Continuing file streaming...
-----------------RESPONSE--------------
Continuing file streaming...
Reading from file stream...
Read 9000 bytes from file
Sent 9000 bytes to client
File streaming in progress - keeping connection alive
Waiting for events on port 8080...
=== GENERATING RESPONSE FOR CLIENT 5 ===
Continuing file streaming...
-----------------RESPONSE--------------
Continuing file streaming...
Reading from file stream...
Read 9000 bytes from file
Sent 9000 bytes to client
File streaming in progress - keeping connection alive
Waiting for events on port 8080...
=== GENERATING RESPONSE FOR CLIENT 5 ===
Continuing file streaming...
-----------------RESPONSE--------------
Continuing file streaming...
Reading from file stream...
Read 9000 bytes from file
Sent 9000 bytes to client
File streaming in progress - keeping connection alive
Waiting for events on port 8080...
=== GENERATING RESPONSE FOR CLIENT 5 ===
Continuing file streaming...
-----------------RESPONSE--------------
Continuing file streaming...
Reading from file stream...
Read 9000 bytes from file
Sent 9000 bytes to client
File streaming in progress - keeping connection alive
Waiting for events on port 8080...
=== GENERATING RESPONSE FOR CLIENT 5 ===
Continuing file streaming...
-----------------RESPONSE--------------
Continuing file streaming...
Reading from file stream...
Read 9000 bytes from file
Sent 9000 bytes to client
File streaming in progress - keeping connection alive
Waiting for events on port 8080...
=== GENERATING RESPONSE FOR CLIENT 5 ===
Continuing file streaming...
-----------------RESPONSE--------------
Continuing file streaming...
Reading from file stream...
Read 9000 bytes from file
Sent 9000 bytes to client
File streaming in progress - keeping connection alive
Waiting for events on port 8080...
=== GENERATING RESPONSE FOR CLIENT 5 ===
Continuing file streaming...
-----------------RESPONSE--------------
Continuing file streaming...
Reading from file stream...
Read 9000 bytes from file
Sent 9000 bytes to client
File streaming in progress - keeping connection alive
Waiting for events on port 8080...
=== GENERATING RESPONSE FOR CLIENT 5 ===
Continuing file streaming...
-----------------RESPONSE--------------
Continuing file streaming...
Reading from file stream...
Read 9000 bytes from file
Sent 9000 bytes to client
File streaming in progress - keeping connection alive
Waiting for events on port 8080...
=== GENERATING RESPONSE FOR CLIENT 5 ===
Continuing file streaming...
-----------------RESPONSE--------------
Continuing file streaming...
Reading from file stream...
Read 9000 bytes from file
Sent 9000 bytes to client
File streaming in progress - keeping connection alive
Waiting for events on port 8080...
=== GENERATING RESPONSE FOR CLIENT 5 ===
Continuing file streaming...
-----------------RESPONSE--------------
Continuing file streaming...
Reading from file stream...
Read 9000 bytes from file
Sent 9000 bytes to client
File streaming in progress - keeping connection alive
Waiting for events on port 8080...
=== GENERATING RESPONSE FOR CLIENT 5 ===
Continuing file streaming...
-----------------RESPONSE--------------
Continuing file streaming...
Reading from file stream...
Read 9000 bytes from file
Sent 9000 bytes to client
File streaming in progress - keeping connection alive
Waiting for events on port 8080...
=== GENERATING RESPONSE FOR CLIENT 5 ===
Continuing file streaming...
-----------------RESPONSE--------------
Continuing file streaming...
Reading from file stream...
Read 9000 bytes from file
Sent 9000 bytes to client
File streaming in progress - keeping connection alive
Waiting for events on port 8080...
=== GENERATING RESPONSE FOR CLIENT 5 ===
Continuing file streaming...
-----------------RESPONSE--------------
Continuing file streaming...
Reading from file stream...
Read 9000 bytes from file
Sent 9000 bytes to client
File streaming in progress - keeping connection alive
Waiting for events on port 8080...
=== GENERATING RESPONSE FOR CLIENT 5 ===
Continuing file streaming...
-----------------RESPONSE--------------
Continuing file streaming...
Reading from file stream...
Read 9000 bytes from file
Sent 9000 bytes to client
File streaming in progress - keeping connection alive
Waiting for events on port 8080...
=== GENERATING RESPONSE FOR CLIENT 5 ===
Continuing file streaming...
-----------------RESPONSE--------------
Continuing file streaming...
Reading from file stream...
Read 9000 bytes from file
Sent 9000 bytes to client
File streaming in progress - keeping connection alive
Waiting for events on port 8080...
=== GENERATING RESPONSE FOR CLIENT 5 ===
Continuing file streaming...
-----------------RESPONSE--------------
Continuing file streaming...
Reading from file stream...
Read 9000 bytes from file
Sent 9000 bytes to client
File streaming in progress - keeping connection alive
Waiting for events on port 8080...
=== GENERATING RESPONSE FOR CLIENT 5 ===
Continuing file streaming...
-----------------RESPONSE--------------
Continuing file streaming...
Reading from file stream...
Read 9000 bytes from file
Sent 9000 bytes to client
File streaming in progress - keeping connection alive
Waiting for events on port 8080...
=== GENERATING RESPONSE FOR CLIENT 5 ===
Continuing file streaming...
-----------------RESPONSE--------------
Continuing file streaming...
Reading from file stream...
Read 9000 bytes from file
Sent 9000 bytes to client
File streaming in progress - keeping connection alive
Waiting for events on port 8080...
=== GENERATING RESPONSE FOR CLIENT 5 ===
Continuing file streaming...
-----------------RESPONSE--------------
Continuing file streaming...
Reading from file stream...
Read 9000 bytes from file
Sent 9000 bytes to client
File streaming in progress - keeping connection alive
Waiting for events on port 8080...
=== GENERATING RESPONSE FOR CLIENT 5 ===
Continuing file streaming...
-----------------RESPONSE--------------
Continuing file streaming...
Reading from file stream...
Read 9000 bytes from file
Sent 9000 bytes to client
File streaming in progress - keeping connection alive
Waiting for events on port 8080...
=== GENERATING RESPONSE FOR CLIENT 5 ===
Continuing file streaming...
-----------------RESPONSE--------------
Continuing file streaming...
Reading from file stream...
Read 9000 bytes from file
Sent 9000 bytes to client
File streaming in progress - keeping connection alive
Waiting for events on port 8080...
=== GENERATING RESPONSE FOR CLIENT 5 ===
Continuing file streaming...
-----------------RESPONSE--------------
Continuing file streaming...
Reading from file stream...
Read 9000 bytes from file
Sent 9000 bytes to client
File streaming in progress - keeping connection alive
Waiting for events on port 8080...
=== GENERATING RESPONSE FOR CLIENT 5 ===
Continuing file streaming...
-----------------RESPONSE--------------
Continuing file streaming...
Reading from file stream...
Read 9000 bytes from file
Sent 9000 bytes to client
File streaming in progress - keeping connection alive
Waiting for events on port 8080...
=== GENERATING RESPONSE FOR CLIENT 5 ===
Continuing file streaming...
-----------------RESPONSE--------------
Continuing file streaming...
Reading from file stream...
Read 9000 bytes from file
Sent 9000 bytes to client
File streaming in progress - keeping connection alive
Waiting for events on port 8080...
=== GENERATING RESPONSE FOR CLIENT 5 ===
Continuing file streaming...
-----------------RESPONSE--------------
Continuing file streaming...
Reading from file stream...
Read 9000 bytes from file
Sent 9000 bytes to client
File streaming in progress - keeping connection alive
Waiting for events on port 8080...
=== GENERATING RESPONSE FOR CLIENT 5 ===
Continuing file streaming...
-----------------RESPONSE--------------
Continuing file streaming...
Reading from file stream...
Read 9000 bytes from file
Sent 9000 bytes to client
File streaming in progress - keeping connection alive
Waiting for events on port 8080...
=== GENERATING RESPONSE FOR CLIENT 5 ===
Continuing file streaming...
-----------------RESPONSE--------------
Continuing file streaming...
Reading from file stream...
Read 9000 bytes from file
Sent 9000 bytes to client
File streaming in progress - keeping connection alive
Waiting for events on port 8080...
=== GENERATING RESPONSE FOR CLIENT 5 ===
Continuing file streaming...
-----------------RESPONSE--------------
Continuing file streaming...
Reading from file stream...
Read 9000 bytes from file
Sent 9000 bytes to client
File streaming in progress - keeping connection alive
Waiting for events on port 8080...
=== GENERATING RESPONSE FOR CLIENT 5 ===
Continuing file streaming...
-----------------RESPONSE--------------
Continuing file streaming...
Reading from file stream...
Read 9000 bytes from file
Sent 9000 bytes to client
File streaming in progress - keeping connection alive
Waiting for events on port 8080...
=== GENERATING RESPONSE FOR CLIENT 5 ===
Continuing file streaming...
-----------------RESPONSE--------------
Continuing file streaming...
Reading from file stream...
Read 9000 bytes from file
Sent 9000 bytes to client
File streaming in progress - keeping connection alive
Waiting for events on port 8080...
=== GENERATING RESPONSE FOR CLIENT 5 ===
Continuing file streaming...
-----------------RESPONSE--------------
Continuing file streaming...
Reading from file stream...
Read 9000 bytes from file
Sent 9000 bytes to client
File streaming in progress - keeping connection alive
Waiting for events on port 8080...
=== GENERATING RESPONSE FOR CLIENT 5 ===
Continuing file streaming...
-----------------RESPONSE--------------
Continuing file streaming...
Reading from file stream...
Read 9000 bytes from file
Sent 9000 bytes to client
File streaming in progress - keeping connection alive
Waiting for events on port 8080...
=== GENERATING RESPONSE FOR CLIENT 5 ===
Continuing file streaming...
-----------------RESPONSE--------------
Continuing file streaming...
Reading from file stream...
Read 9000 bytes from file
Sent 9000 bytes to client
File streaming in progress - keeping connection alive
Waiting for events on port 8080...
=== GENERATING RESPONSE FOR CLIENT 5 ===
Continuing file streaming...
-----------------RESPONSE--------------
Continuing file streaming...
Reading from file stream...
Read 9000 bytes from file
Sent 9000 bytes to client
File streaming in progress - keeping connection alive
Waiting for events on port 8080...
=== GENERATING RESPONSE FOR CLIENT 5 ===
Continuing file streaming...
-----------------RESPONSE--------------
Continuing file streaming...
Reading from file stream...
Read 9000 bytes from file
Sent 9000 bytes to client
File streaming in progress - keeping connection alive
Waiting for events on port 8080...
=== GENERATING RESPONSE FOR CLIENT 5 ===
Continuing file streaming...
-----------------RESPONSE--------------
Continuing file streaming...
Reading from file stream...
Read 9000 bytes from file
Sent 9000 bytes to client
File streaming in progress - keeping connection alive
Waiting for events on port 8080...
=== GENERATING RESPONSE FOR CLIENT 5 ===
Continuing file streaming...
-----------------RESPONSE--------------
Continuing file streaming...
Reading from file stream...
Read 9000 bytes from file
Sent 9000 bytes to client
File streaming in progress - keeping connection alive
Waiting for events on port 8080...
=== GENERATING RESPONSE FOR CLIENT 5 ===
Continuing file streaming...
-----------------RESPONSE--------------
Continuing file streaming...
Reading from file stream...
Read 9000 bytes from file
Sent 9000 bytes to client
File streaming in progress - keeping connection alive
Waiting for events on port 8080...
=== GENERATING RESPONSE FOR CLIENT 5 ===
Continuing file streaming...
-----------------RESPONSE--------------
Continuing file streaming...
Reading from file stream...
Read 9000 bytes from file
Sent 9000 bytes to client
File streaming in progress - keeping connection alive
Waiting for events on port 8080...
=== GENERATING RESPONSE FOR CLIENT 5 ===
Continuing file streaming...
-----------------RESPONSE--------------
Continuing file streaming...
Reading from file stream...
Read 9000 bytes from file
Sent 9000 bytes to client
File streaming in progress - keeping connection alive
Waiting for events on port 8080...
=== GENERATING RESPONSE FOR CLIENT 5 ===
Continuing file streaming...
-----------------RESPONSE--------------
Continuing file streaming...
Reading from file stream...
Read 9000 bytes from file
Sent 9000 bytes to client
File streaming in progress - keeping connection alive
Waiting for events on port 8080...
=== GENERATING RESPONSE FOR CLIENT 5 ===
Continuing file streaming...
-----------------RESPONSE--------------
Continuing file streaming...
Reading from file stream...
Read 9000 bytes from file
Sent 9000 bytes to client
File streaming in progress - keeping connection alive
Waiting for events on port 8080...
=== GENERATING RESPONSE FOR CLIENT 5 ===
Continuing file streaming...
-----------------RESPONSE--------------
Continuing file streaming...
Reading from file stream...
Read 9000 bytes from file
Sent 9000 bytes to client
File streaming in progress - keeping connection alive
Waiting for events on port 8080...
=== GENERATING RESPONSE FOR CLIENT 5 ===
Continuing file streaming...
-----------------RESPONSE--------------
Continuing file streaming...
Reading from file stream...
Read 9000 bytes from file
Sent 9000 bytes to client
File streaming in progress - keeping connection alive
Waiting for events on port 8080...
=== GENERATING RESPONSE FOR CLIENT 5 ===
Continuing file streaming...
-----------------RESPONSE--------------
Continuing file streaming...
Reading from file stream...
Read 9000 bytes from file
Sent 9000 bytes to client
File streaming in progress - keeping connection alive
Waiting for events on port 8080...
=== GENERATING RESPONSE FOR CLIENT 5 ===
Continuing file streaming...
-----------------RESPONSE--------------
Continuing file streaming...
Reading from file stream...
Read 9000 bytes from file
Sent 9000 bytes to client
File streaming in progress - keeping connection alive
Waiting for events on port 8080...
=== GENERATING RESPONSE FOR CLIENT 5 ===
Continuing file streaming...
-----------------RESPONSE--------------
Continuing file streaming...
Reading from file stream...
Read 9000 bytes from file
Sent 9000 bytes to client
File streaming in progress - keeping connection alive
Waiting for events on port 8080...
=== GENERATING RESPONSE FOR CLIENT 5 ===
Continuing file streaming...
-----------------RESPONSE--------------
Continuing file streaming...
Reading from file stream...
Read 9000 bytes from file
Sent 9000 bytes to client
File streaming in progress - keeping connection alive
Waiting for events on port 8080...
=== GENERATING RESPONSE FOR CLIENT 5 ===
Continuing file streaming...
-----------------RESPONSE--------------
Continuing file streaming...
Reading from file stream...
Read 9000 bytes from file
Sent 9000 bytes to client
File streaming in progress - keeping connection alive
Waiting for events on port 8080...
=== GENERATING RESPONSE FOR CLIENT 5 ===
Continuing file streaming...
-----------------RESPONSE--------------
Continuing file streaming...
Reading from file stream...
Read 9000 bytes from file
Sent 9000 bytes to client
File streaming in progress - keeping connection alive
Waiting for events on port 8080...
=== GENERATING RESPONSE FOR CLIENT 5 ===
Continuing file streaming...
-----------------RESPONSE--------------
Continuing file streaming...
Reading from file stream...
Read 9000 bytes from file
Sent 9000 bytes to client
File streaming in progress - keeping connection alive
Waiting for events on port 8080...
=== GENERATING RESPONSE FOR CLIENT 5 ===
Continuing file streaming...
-----------------RESPONSE--------------
Continuing file streaming...
Reading from file stream...
Read 9000 bytes from file
Sent 9000 bytes to client
File streaming in progress - keeping connection alive
Waiting for events on port 8080...
=== GENERATING RESPONSE FOR CLIENT 5 ===
Continuing file streaming...
-----------------RESPONSE--------------
Continuing file streaming...
Reading from file stream...
Read 9000 bytes from file
Sent 9000 bytes to client
File streaming in progress - keeping connection alive
Waiting for events on port 8080...
=== GENERATING RESPONSE FOR CLIENT 5 ===
Continuing file streaming...
-----------------RESPONSE--------------
Continuing file streaming...
Reading from file stream...
Read 9000 bytes from file
Sent 9000 bytes to client
File streaming in progress - keeping connection alive
Waiting for events on port 8080...
=== GENERATING RESPONSE FOR CLIENT 5 ===
Continuing file streaming...
-----------------RESPONSE--------------
Continuing file streaming...
Reading from file stream...
Read 9000 bytes from file
Sent 9000 bytes to client
File streaming in progress - keeping connection alive
Waiting for events on port 8080...
=== GENERATING RESPONSE FOR CLIENT 5 ===
Continuing file streaming...
-----------------RESPONSE--------------
Continuing file streaming...
Reading from file stream...
Read 9000 bytes from file
Sent 9000 bytes to client
File streaming in progress - keeping connection alive
Waiting for events on port 8080...
=== GENERATING RESPONSE FOR CLIENT 5 ===
Continuing file streaming...
-----------------RESPONSE--------------
Continuing file streaming...
Reading from file stream...
Read 9000 bytes from file
Sent 9000 bytes to client
File streaming in progress - keeping connection alive
Waiting for events on port 8080...
=== GENERATING RESPONSE FOR CLIENT 5 ===
Continuing file streaming...
-----------------RESPONSE--------------
Continuing file streaming...
Reading from file stream...
Read 9000 bytes from file
Sent 9000 bytes to client
File streaming in progress - keeping connection alive
Waiting for events on port 8080...
=== GENERATING RESPONSE FOR CLIENT 5 ===
Continuing file streaming...
-----------------RESPONSE--------------
Continuing file streaming...
Reading from file stream...
Read 9000 bytes from file
Sent 9000 bytes to client
File streaming in progress - keeping connection alive
Waiting for events on port 8080...
=== GENERATING RESPONSE FOR CLIENT 5 ===
Continuing file streaming...
-----------------RESPONSE--------------
Continuing file streaming...
Reading from file stream...
Read 9000 bytes from file
Sent 9000 bytes to client
File streaming in progress - keeping connection alive
Waiting for events on port 8080...
=== GENERATING RESPONSE FOR CLIENT 5 ===
Continuing file streaming...
-----------------RESPONSE--------------
Continuing file streaming...
Reading from file stream...
Read 9000 bytes from file
Sent 9000 bytes to client
File streaming in progress - keeping connection alive
Waiting for events on port 8080...
=== GENERATING RESPONSE FOR CLIENT 5 ===
Continuing file streaming...
-----------------RESPONSE--------------
Continuing file streaming...
Reading from file stream...
Read 9000 bytes from file
Sent 9000 bytes to client
File streaming in progress - keeping connection alive
Waiting for events on port 8080...
=== GENERATING RESPONSE FOR CLIENT 5 ===
Continuing file streaming...
-----------------RESPONSE--------------
Continuing file streaming...
Reading from file stream...
Read 9000 bytes from file
Sent 9000 bytes to client
File streaming in progress - keeping connection alive
Waiting for events on port 8080...
=== GENERATING RESPONSE FOR CLIENT 5 ===
Continuing file streaming...
-----------------RESPONSE--------------
Continuing file streaming...
Reading from file stream...
Read 9000 bytes from file
Sent 9000 bytes to client
File streaming in progress - keeping connection alive
Waiting for events on port 8080...
=== GENERATING RESPONSE FOR CLIENT 5 ===
Continuing file streaming...
-----------------RESPONSE--------------
Continuing file streaming...
Reading from file stream...
Read 9000 bytes from file
Sent 9000 bytes to client
File streaming in progress - keeping connection alive
Waiting for events on port 8080...
=== GENERATING RESPONSE FOR CLIENT 5 ===
Continuing file streaming...
-----------------RESPONSE--------------
Continuing file streaming...
Reading from file stream...
Read 9000 bytes from file
Sent 9000 bytes to client
File streaming in progress - keeping connection alive
Waiting for events on port 8080...
=== GENERATING RESPONSE FOR CLIENT 5 ===
Continuing file streaming...
-----------------RESPONSE--------------
Continuing file streaming...
Reading from file stream...
Read 9000 bytes from file
Sent 9000 bytes to client
File streaming in progress - keeping connection alive
Waiting for events on port 8080...
=== GENERATING RESPONSE FOR CLIENT 5 ===
Continuing file streaming...
-----------------RESPONSE--------------
Continuing file streaming...
Reading from file stream...
Read 9000 bytes from file
Sent 9000 bytes to client
File streaming in progress - keeping connection alive
Waiting for events on port 8080...
=== GENERATING RESPONSE FOR CLIENT 5 ===
Continuing file streaming...
-----------------RESPONSE--------------
Continuing file streaming...
Reading from file stream...
Read 9000 bytes from file
Sent 9000 bytes to client
File streaming in progress - keeping connection alive
Waiting for events on port 8080...
=== GENERATING RESPONSE FOR CLIENT 5 ===
Continuing file streaming...
-----------------RESPONSE--------------
Continuing file streaming...
Reading from file stream...
Read 9000 bytes from file
Sent 9000 bytes to client
File streaming in progress - keeping connection alive
Waiting for events on port 8080...
=== GENERATING RESPONSE FOR CLIENT 5 ===
Continuing file streaming...
-----------------RESPONSE--------------
Continuing file streaming...
Reading from file stream...
Read 9000 bytes from file
Sent 9000 bytes to client
File streaming in progress - keeping connection alive
Waiting for events on port 8080...
=== GENERATING RESPONSE FOR CLIENT 5 ===
Continuing file streaming...
-----------------RESPONSE--------------
Continuing file streaming...
Reading from file stream...
Read 9000 bytes from file
Sent 9000 bytes to client
File streaming in progress - keeping connection alive
Waiting for events on port 8080...
=== GENERATING RESPONSE FOR CLIENT 5 ===
Continuing file streaming...
-----------------RESPONSE--------------
Continuing file streaming...
Reading from file stream...
Read 9000 bytes from file
Sent 9000 bytes to client
File streaming in progress - keeping connection alive
Waiting for events on port 8080...
=== GENERATING RESPONSE FOR CLIENT 5 ===
Continuing file streaming...
-----------------RESPONSE--------------
Continuing file streaming...
Reading from file stream...
Read 9000 bytes from file
Sent 9000 bytes to client
File streaming in progress - keeping connection alive
Waiting for events on port 8080...
=== GENERATING RESPONSE FOR CLIENT 5 ===
Continuing file streaming...
-----------------RESPONSE--------------
Continuing file streaming...
Reading from file stream...
Read 9000 bytes from file
Sent 9000 bytes to client
File streaming in progress - keeping connection alive
Waiting for events on port 8080...
=== GENERATING RESPONSE FOR CLIENT 5 ===
Continuing file streaming...
-----------------RESPONSE--------------
Continuing file streaming...
Reading from file stream...
Read 9000 bytes from file
Sent 9000 bytes to client
File streaming in progress - keeping connection alive
Waiting for events on port 8080...
=== GENERATING RESPONSE FOR CLIENT 5 ===
Continuing file streaming...
-----------------RESPONSE--------------
Continuing file streaming...
Reading from file stream...
Read 9000 bytes from file
Sent 9000 bytes to client
File streaming in progress - keeping connection alive
Waiting for events on port 8080...
=== GENERATING RESPONSE FOR CLIENT 5 ===
Continuing file streaming...
-----------------RESPONSE--------------
Continuing file streaming...
Reading from file stream...
Read 9000 bytes from file
Sent 9000 bytes to client
File streaming in progress - keeping connection alive
Waiting for events on port 8080...
=== GENERATING RESPONSE FOR CLIENT 5 ===
Continuing file streaming...
-----------------RESPONSE--------------
Continuing file streaming...
Reading from file stream...
Read 9000 bytes from file
Sent 9000 bytes to client
File streaming in progress - keeping connection alive
Waiting for events on port 8080...
=== GENERATING RESPONSE FOR CLIENT 5 ===
Continuing file streaming...
-----------------RESPONSE--------------
Continuing file streaming...
Reading from file stream...
Read 9000 bytes from file
Sent 9000 bytes to client
File streaming in progress - keeping connection alive
Waiting for events on port 8080...
=== GENERATING RESPONSE FOR CLIENT 5 ===
Continuing file streaming...
-----------------RESPONSE--------------
Continuing file streaming...
Reading from file stream...
Read 9000 bytes from file
Sent 9000 bytes to client
File streaming in progress - keeping connection alive
Waiting for events on port 8080...
=== GENERATING RESPONSE FOR CLIENT 5 ===
Continuing file streaming...
-----------------RESPONSE--------------
Continuing file streaming...
Reading from file stream...
Read 9000 bytes from file
Sent 9000 bytes to client
File streaming in progress - keeping connection alive
Waiting for events on port 8080...
=== GENERATING RESPONSE FOR CLIENT 5 ===
Continuing file streaming...
-----------------RESPONSE--------------
Continuing file streaming...
Reading from file stream...
Read 9000 bytes from file
Sent 9000 bytes to client
File streaming in progress - keeping connection alive
Waiting for events on port 8080...
=== GENERATING RESPONSE FOR CLIENT 5 ===
Continuing file streaming...
-----------------RESPONSE--------------
Continuing file streaming...
Reading from file stream...
Read 9000 bytes from file
Sent 9000 bytes to client
File streaming in progress - keeping connection alive
Waiting for events on port 8080...
=== GENERATING RESPONSE FOR CLIENT 5 ===
Continuing file streaming...
-----------------RESPONSE--------------
Continuing file streaming...
Reading from file stream...
Read 9000 bytes from file
Sent 9000 bytes to client
File streaming in progress - keeping connection alive
Waiting for events on port 8080...
=== GENERATING RESPONSE FOR CLIENT 5 ===
Continuing file streaming...
-----------------RESPONSE--------------
Continuing file streaming...
Reading from file stream...
Read 9000 bytes from file
Sent 9000 bytes to client
File streaming in progress - keeping connection alive
Waiting for events on port 8080...
=== GENERATING RESPONSE FOR CLIENT 5 ===
Continuing file streaming...
-----------------RESPONSE--------------
Continuing file streaming...
Reading from file stream...
Read 9000 bytes from file
Sent 9000 bytes to client
File streaming in progress - keeping connection alive
Waiting for events on port 8080...
=== GENERATING RESPONSE FOR CLIENT 5 ===
Continuing file streaming...
-----------------RESPONSE--------------
Continuing file streaming...
Reading from file stream...
Read 9000 bytes from file
Sent 9000 bytes to client
File streaming in progress - keeping connection alive
Waiting for events on port 8080...
=== GENERATING RESPONSE FOR CLIENT 5 ===
Continuing file streaming...
-----------------RESPONSE--------------
Continuing file streaming...
Reading from file stream...
Read 9000 bytes from file
Sent 9000 bytes to client
File streaming in progress - keeping connection alive
Waiting for events on port 8080...
=== GENERATING RESPONSE FOR CLIENT 5 ===
Continuing file streaming...
-----------------RESPONSE--------------
Continuing file streaming...
Reading from file stream...
Read 9000 bytes from file
Sent 9000 bytes to client
File streaming in progress - keeping connection alive
Waiting for events on port 8080...
=== GENERATING RESPONSE FOR CLIENT 5 ===
Continuing file streaming...
-----------------RESPONSE--------------
Continuing file streaming...
Reading from file stream...
Read 9000 bytes from file
Sent 9000 bytes to client
File streaming in progress - keeping connection alive
Waiting for events on port 8080...
=== GENERATING RESPONSE FOR CLIENT 5 ===
Continuing file streaming...
-----------------RESPONSE--------------
Continuing file streaming...
Reading from file stream...
Read 9000 bytes from file
Sent 9000 bytes to client
File streaming in progress - keeping connection alive
Waiting for events on port 8080...
=== GENERATING RESPONSE FOR CLIENT 5 ===
Continuing file streaming...
-----------------RESPONSE--------------
Continuing file streaming...
Reading from file stream...
Read 9000 bytes from file
Sent 9000 bytes to client
File streaming in progress - keeping connection alive
Waiting for events on port 8080...
=== GENERATING RESPONSE FOR CLIENT 5 ===
Continuing file streaming...
-----------------RESPONSE--------------
Continuing file streaming...
Reading from file stream...
Read 9000 bytes from file
Sent 9000 bytes to client
File streaming in progress - keeping connection alive
Waiting for events on port 8080...
=== GENERATING RESPONSE FOR CLIENT 5 ===
Continuing file streaming...
-----------------RESPONSE--------------
Continuing file streaming...
Reading from file stream...
Read 9000 bytes from file
Sent 9000 bytes to client
File streaming in progress - keeping connection alive
Waiting for events on port 8080...
=== GENERATING RESPONSE FOR CLIENT 5 ===
Continuing file streaming...
-----------------RESPONSE--------------
Continuing file streaming...
Reading from file stream...
Read 9000 bytes from file
Sent 9000 bytes to client
File streaming in progress - keeping connection alive
Waiting for events on port 8080...
=== GENERATING RESPONSE FOR CLIENT 5 ===
Continuing file streaming...
-----------------RESPONSE--------------
Continuing file streaming...
Reading from file stream...
Read 9000 bytes from file
Sent 9000 bytes to client
File streaming in progress - keeping connection alive
Waiting for events on port 8080...
=== GENERATING RESPONSE FOR CLIENT 5 ===
Continuing file streaming...
-----------------RESPONSE--------------
Continuing file streaming...
Reading from file stream...
Read 9000 bytes from file
Sent 9000 bytes to client
File streaming in progress - keeping connection alive
Waiting for events on port 8080...
=== GENERATING RESPONSE FOR CLIENT 5 ===
Continuing file streaming...
-----------------RESPONSE--------------
Continuing file streaming...
Reading from file stream...
Read 9000 bytes from file
Sent 9000 bytes to client
File streaming in progress - keeping connection alive
Waiting for events on port 8080...
=== GENERATING RESPONSE FOR CLIENT 5 ===
Continuing file streaming...
-----------------RESPONSE--------------
Continuing file streaming...
Reading from file stream...
Read 9000 bytes from file
Sent 9000 bytes to client
File streaming in progress - keeping connection alive
Waiting for events on port 8080...
=== GENERATING RESPONSE FOR CLIENT 5 ===
Continuing file streaming...
-----------------RESPONSE--------------
Continuing file streaming...
Reading from file stream...
Read 9000 bytes from file
Sent 9000 bytes to client
File streaming in progress - keeping connection alive
Waiting for events on port 8080...
=== GENERATING RESPONSE FOR CLIENT 5 ===
Continuing file streaming...
-----------------RESPONSE--------------
Continuing file streaming...
Reading from file stream...
Read 9000 bytes from file
Sent 9000 bytes to client
File streaming in progress - keeping connection alive
Waiting for events on port 8080...
=== GENERATING RESPONSE FOR CLIENT 5 ===
Continuing file streaming...
-----------------RESPONSE--------------
Continuing file streaming...
Reading from file stream...
Read 9000 bytes from file
Sent 9000 bytes to client
File streaming in progress - keeping connection alive
Waiting for events on port 8080...
=== GENERATING RESPONSE FOR CLIENT 5 ===
Continuing file streaming...
-----------------RESPONSE--------------
Continuing file streaming...
Reading from file stream...
Read 9000 bytes from file
Sent 9000 bytes to client
File streaming in progress - keeping connection alive
Waiting for events on port 8080...
=== GENERATING RESPONSE FOR CLIENT 5 ===
Continuing file streaming...
-----------------RESPONSE--------------
Continuing file streaming...
Reading from file stream...
Read 9000 bytes from file
Sent 9000 bytes to client
File streaming in progress - keeping connection alive
Waiting for events on port 8080...
=== GENERATING RESPONSE FOR CLIENT 5 ===
Continuing file streaming...
-----------------RESPONSE--------------
Continuing file streaming...
Reading from file stream...
Read 9000 bytes from file
Sent 9000 bytes to client
File streaming in progress - keeping connection alive
Waiting for events on port 8080...
=== GENERATING RESPONSE FOR CLIENT 5 ===
Continuing file streaming...
-----------------RESPONSE--------------
Continuing file streaming...
Reading from file stream...
Read 9000 bytes from file
Sent 9000 bytes to client
File streaming in progress - keeping connection alive
Waiting for events on port 8080...
=== GENERATING RESPONSE FOR CLIENT 5 ===
Continuing file streaming...
-----------------RESPONSE--------------
Continuing file streaming...
Reading from file stream...
Read 9000 bytes from file
Sent 9000 bytes to client
File streaming in progress - keeping connection alive
Waiting for events on port 8080...
=== GENERATING RESPONSE FOR CLIENT 5 ===
Continuing file streaming...
-----------------RESPONSE--------------
Continuing file streaming...
Reading from file stream...
Read 9000 bytes from file
Sent 9000 bytes to client
File streaming in progress - keeping connection alive
Waiting for events on port 8080...
=== GENERATING RESPONSE FOR CLIENT 5 ===
Continuing file streaming...
-----------------RESPONSE--------------
Continuing file streaming...
Reading from file stream...
Read 9000 bytes from file
Sent 9000 bytes to client
File streaming in progress - keeping connection alive
Waiting for events on port 8080...
=== GENERATING RESPONSE FOR CLIENT 5 ===
Continuing file streaming...
-----------------RESPONSE--------------
Continuing file streaming...
Reading from file stream...
Read 9000 bytes from file
Sent 9000 bytes to client
File streaming in progress - keeping connection alive
Waiting for events on port 8080...
=== GENERATING RESPONSE FOR CLIENT 5 ===
Continuing file streaming...
-----------------RESPONSE--------------
Continuing file streaming...
Reading from file stream...
Read 9000 bytes from file
Sent 9000 bytes to client
File streaming in progress - keeping connection alive
Waiting for events on port 8080...
=== GENERATING RESPONSE FOR CLIENT 5 ===
Continuing file streaming...
-----------------RESPONSE--------------
Continuing file streaming...
Reading from file stream...
Read 9000 bytes from file
Sent 9000 bytes to client
File streaming in progress - keeping connection alive
Waiting for events on port 8080...
=== GENERATING RESPONSE FOR CLIENT 5 ===
Continuing file streaming...
-----------------RESPONSE--------------
Continuing file streaming...
Reading from file stream...
Read 9000 bytes from file
Sent 9000 bytes to client
File streaming in progress - keeping connection alive
Waiting for events on port 8080...
=== GENERATING RESPONSE FOR CLIENT 5 ===
Continuing file streaming...
-----------------RESPONSE--------------
Continuing file streaming...
Reading from file stream...
Read 9000 bytes from file
Sent 9000 bytes to client
File streaming in progress - keeping connection alive
Waiting for events on port 8080...
=== GENERATING RESPONSE FOR CLIENT 5 ===
Continuing file streaming...
-----------------RESPONSE--------------
Continuing file streaming...
Reading from file stream...
Read 9000 bytes from file
Sent 9000 bytes to client
File streaming in progress - keeping connection alive
Waiting for events on port 8080...
=== GENERATING RESPONSE FOR CLIENT 5 ===
Continuing file streaming...
-----------------RESPONSE--------------
Continuing file streaming...
Reading from file stream...
Read 9000 bytes from file
Sent 9000 bytes to client
File streaming in progress - keeping connection alive
Waiting for events on port 8080...
=== GENERATING RESPONSE FOR CLIENT 5 ===
Continuing file streaming...
-----------------RESPONSE--------------
Continuing file streaming...
Reading from file stream...
Read 9000 bytes from file
Sent 9000 bytes to client
File streaming in progress - keeping connection alive
Waiting for events on port 8080...
=== GENERATING RESPONSE FOR CLIENT 5 ===
Continuing file streaming...
-----------------RESPONSE--------------
Continuing file streaming...
Reading from file stream...
Read 9000 bytes from file
Sent 9000 bytes to client
File streaming in progress - keeping connection alive
Waiting for events on port 8080...
=== GENERATING RESPONSE FOR CLIENT 5 ===
Continuing file streaming...
-----------------RESPONSE--------------
Continuing file streaming...
Reading from file stream...
Read 9000 bytes from file
Sent 9000 bytes to client
File streaming in progress - keeping connection alive
Waiting for events on port 8080...
=== GENERATING RESPONSE FOR CLIENT 5 ===
Continuing file streaming...
-----------------RESPONSE--------------
Continuing file streaming...
Reading from file stream...
Read 9000 bytes from file
Sent 9000 bytes to client
File streaming in progress - keeping connection alive
Waiting for events on port 8080...
=== GENERATING RESPONSE FOR CLIENT 5 ===
Continuing file streaming...
-----------------RESPONSE--------------
Continuing file streaming...
Reading from file stream...
Read 9000 bytes from file
Sent 9000 bytes to client
File streaming in progress - keeping connection alive
Waiting for events on port 8080...
=== GENERATING RESPONSE FOR CLIENT 5 ===
Continuing file streaming...
-----------------RESPONSE--------------
Continuing file streaming...
Reading from file stream...
Read 9000 bytes from file
Sent 9000 bytes to client
File streaming in progress - keeping connection alive
Waiting for events on port 8080...
=== GENERATING RESPONSE FOR CLIENT 5 ===
Continuing file streaming...
-----------------RESPONSE--------------
Continuing file streaming...
Reading from file stream...
Read 9000 bytes from file
Sent 9000 bytes to client
File streaming in progress - keeping connection alive
Waiting for events on port 8080...
=== GENERATING RESPONSE FOR CLIENT 5 ===
Continuing file streaming...
-----------------RESPONSE--------------
Continuing file streaming...
Reading from file stream...
Read 9000 bytes from file
Sent 9000 bytes to client
File streaming in progress - keeping connection alive
Waiting for events on port 8080...
=== GENERATING RESPONSE FOR CLIENT 5 ===
Continuing file streaming...
-----------------RESPONSE--------------
Continuing file streaming...
Reading from file stream...
Read 9000 bytes from file
Sent 9000 bytes to client
File streaming in progress - keeping connection alive
Waiting for events on port 8080...
=== GENERATING RESPONSE FOR CLIENT 5 ===
Continuing file streaming...
-----------------RESPONSE--------------
Continuing file streaming...
Reading from file stream...
Read 9000 bytes from file
Sent 9000 bytes to client
File streaming in progress - keeping connection alive
Waiting for events on port 8080...
=== GENERATING RESPONSE FOR CLIENT 5 ===
Continuing file streaming...
-----------------RESPONSE--------------
Continuing file streaming...
Reading from file stream...
Read 9000 bytes from file
Sent 9000 bytes to client
File streaming in progress - keeping connection alive
Waiting for events on port 8080...
=== GENERATING RESPONSE FOR CLIENT 5 ===
Continuing file streaming...
-----------------RESPONSE--------------
Continuing file streaming...
Reading from file stream...
Read 9000 bytes from file
Sent 9000 bytes to client
File streaming in progress - keeping connection alive
Waiting for events on port 8080...
=== GENERATING RESPONSE FOR CLIENT 5 ===
Continuing file streaming...
-----------------RESPONSE--------------
Continuing file streaming...
Reading from file stream...
Read 9000 bytes from file
Sent 9000 bytes to client
File streaming in progress - keeping connection alive
Waiting for events on port 8080...
=== GENERATING RESPONSE FOR CLIENT 5 ===
Continuing file streaming...
-----------------RESPONSE--------------
Continuing file streaming...
Reading from file stream...
Read 9000 bytes from file
Sent 9000 bytes to client
File streaming in progress - keeping connection alive
Waiting for events on port 8080...
=== GENERATING RESPONSE FOR CLIENT 5 ===
Continuing file streaming...
-----------------RESPONSE--------------
Continuing file streaming...
Reading from file stream...
Read 9000 bytes from file
Sent 9000 bytes to client
File streaming in progress - keeping connection alive
Waiting for events on port 8080...
=== GENERATING RESPONSE FOR CLIENT 5 ===
Continuing file streaming...
-----------------RESPONSE--------------
Continuing file streaming...
Reading from file stream...
Read 9000 bytes from file
Sent 9000 bytes to client
File streaming in progress - keeping connection alive
Waiting for events on port 8080...
=== GENERATING RESPONSE FOR CLIENT 5 ===
Continuing file streaming...
-----------------RESPONSE--------------
Continuing file streaming...
Reading from file stream...
Read 9000 bytes from file
Sent 9000 bytes to client
File streaming in progress - keeping connection alive
Waiting for events on port 8080...
=== GENERATING RESPONSE FOR CLIENT 5 ===
Continuing file streaming...
-----------------RESPONSE--------------
Continuing file streaming...
Reading from file stream...
Read 9000 bytes from file
Sent 9000 bytes to client
File streaming in progress - keeping connection alive
Waiting for events on port 8080...
=== GENERATING RESPONSE FOR CLIENT 5 ===
Continuing file streaming...
-----------------RESPONSE--------------
Continuing file streaming...
Reading from file stream...
Read 9000 bytes from file
Sent 9000 bytes to client
File streaming in progress - keeping connection alive
Waiting for events on port 8080...
=== GENERATING RESPONSE FOR CLIENT 5 ===
Continuing file streaming...
-----------------RESPONSE--------------
Continuing file streaming...
Reading from file stream...
Read 9000 bytes from file
Sent 9000 bytes to client
File streaming in progress - keeping connection alive
Waiting for events on port 8080...
=== GENERATING RESPONSE FOR CLIENT 5 ===
Continuing file streaming...
-----------------RESPONSE--------------
Continuing file streaming...
Reading from file stream...
Read 9000 bytes from file
Sent 9000 bytes to client
File streaming in progress - keeping connection alive
Waiting for events on port 8080...
=== GENERATING RESPONSE FOR CLIENT 5 ===
Continuing file streaming...
-----------------RESPONSE--------------
Continuing file streaming...
Reading from file stream...
Read 9000 bytes from file
Sent 9000 bytes to client
File streaming in progress - keeping connection alive
Waiting for events on port 8080...
=== GENERATING RESPONSE FOR CLIENT 5 ===
Continuing file streaming...
-----------------RESPONSE--------------
Continuing file streaming...
Reading from file stream...
Read 9000 bytes from file
Sent 9000 bytes to client
File streaming in progress - keeping connection alive
Waiting for events on port 8080...
=== GENERATING RESPONSE FOR CLIENT 5 ===
Continuing file streaming...
-----------------RESPONSE--------------
Continuing file streaming...
Reading from file stream...
Read 9000 bytes from file
Sent 9000 bytes to client
File streaming in progress - keeping connection alive
Waiting for events on port 8080...
=== GENERATING RESPONSE FOR CLIENT 5 ===
Continuing file streaming...
-----------------RESPONSE--------------
Continuing file streaming...
Reading from file stream...
Read 9000 bytes from file
Sent 9000 bytes to client
File streaming in progress - keeping connection alive
Waiting for events on port 8080...
=== GENERATING RESPONSE FOR CLIENT 5 ===
Continuing file streaming...
-----------------RESPONSE--------------
Continuing file streaming...
Reading from file stream...
Read 9000 bytes from file
Sent 9000 bytes to client
File streaming in progress - keeping connection alive
Waiting for events on port 8080...
=== GENERATING RESPONSE FOR CLIENT 5 ===
Continuing file streaming...
-----------------RESPONSE--------------
Continuing file streaming...
Reading from file stream...
Read 9000 bytes from file
Sent 9000 bytes to client
File streaming in progress - keeping connection alive
Waiting for events on port 8080...
=== GENERATING RESPONSE FOR CLIENT 5 ===
Continuing file streaming...
-----------------RESPONSE--------------
Continuing file streaming...
Reading from file stream...
Read 9000 bytes from file
Sent 9000 bytes to client
File streaming in progress - keeping connection alive
Waiting for events on port 8080...
=== GENERATING RESPONSE FOR CLIENT 5 ===
Continuing file streaming...
-----------------RESPONSE--------------
Continuing file streaming...
Reading from file stream...
Read 9000 bytes from file
Sent 9000 bytes to client
File streaming in progress - keeping connection alive
Waiting for events on port 8080...
=== GENERATING RESPONSE FOR CLIENT 5 ===
Continuing file streaming...
-----------------RESPONSE--------------
Continuing file streaming...
Reading from file stream...
Read 9000 bytes from file
Sent 9000 bytes to client
File streaming in progress - keeping connection alive
Waiting for events on port 8080...
=== GENERATING RESPONSE FOR CLIENT 5 ===
Continuing file streaming...
-----------------RESPONSE--------------
Continuing file streaming...
Reading from file stream...
Read 9000 bytes from file
Sent 9000 bytes to client
File streaming in progress - keeping connection alive
Waiting for events on port 8080...
=== GENERATING RESPONSE FOR CLIENT 5 ===
Continuing file streaming...
-----------------RESPONSE--------------
Continuing file streaming...
Reading from file stream...
Read 9000 bytes from file
Sent 9000 bytes to client
File streaming in progress - keeping connection alive
Waiting for events on port 8080...
=== GENERATING RESPONSE FOR CLIENT 5 ===
Continuing file streaming...
-----------------RESPONSE--------------
Continuing file streaming...
Reading from file stream...
Read 9000 bytes from file
Sent 9000 bytes to client
File streaming in progress - keeping connection alive
Waiting for events on port 8080...
=== GENERATING RESPONSE FOR CLIENT 5 ===
Continuing file streaming...
-----------------RESPONSE--------------
Continuing file streaming...
Reading from file stream...
Read 9000 bytes from file
Sent 9000 bytes to client
File streaming in progress - keeping connection alive
Waiting for events on port 8080...
=== GENERATING RESPONSE FOR CLIENT 5 ===
Continuing file streaming...
-----------------RESPONSE--------------
Continuing file streaming...
Reading from file stream...
Read 9000 bytes from file
Sent 9000 bytes to client
File streaming in progress - keeping connection alive
Waiting for events on port 8080...
=== GENERATING RESPONSE FOR CLIENT 5 ===
Continuing file streaming...
-----------------RESPONSE--------------
Continuing file streaming...
Reading from file stream...
Read 9000 bytes from file
Sent 9000 bytes to client
File streaming in progress - keeping connection alive
Waiting for events on port 8080...
=== GENERATING RESPONSE FOR CLIENT 5 ===
Continuing file streaming...
-----------------RESPONSE--------------
Continuing file streaming...
Reading from file stream...
Read 9000 bytes from file
Sent 9000 bytes to client
File streaming in progress - keeping connection alive
Waiting for events on port 8080...
=== GENERATING RESPONSE FOR CLIENT 5 ===
Continuing file streaming...
-----------------RESPONSE--------------
Continuing file streaming...
Reading from file stream...
Read 9000 bytes from file
Sent 9000 bytes to client
File streaming in progress - keeping connection alive
Waiting for events on port 8080...
=== GENERATING RESPONSE FOR CLIENT 5 ===
Continuing file streaming...
-----------------RESPONSE--------------
Continuing file streaming...
Reading from file stream...
Read 9000 bytes from file
Sent 9000 bytes to client
File streaming in progress - keeping connection alive
Waiting for events on port 8080...
=== GENERATING RESPONSE FOR CLIENT 5 ===
Continuing file streaming...
-----------------RESPONSE--------------
Continuing file streaming...
Reading from file stream...
Read 9000 bytes from file
Sent 9000 bytes to client
File streaming in progress - keeping connection alive
Waiting for events on port 8080...
=== GENERATING RESPONSE FOR CLIENT 5 ===
Continuing file streaming...
-----------------RESPONSE--------------
Continuing file streaming...
Reading from file stream...
Read 9000 bytes from file
Sent 9000 bytes to client
File streaming in progress - keeping connection alive
Waiting for events on port 8080...
=== GENERATING RESPONSE FOR CLIENT 5 ===
Continuing file streaming...
-----------------RESPONSE--------------
Continuing file streaming...
Reading from file stream...
Read 9000 bytes from file
Sent 9000 bytes to client
File streaming in progress - keeping connection alive
Waiting for events on port 8080...
=== GENERATING RESPONSE FOR CLIENT 5 ===
Continuing file streaming...
-----------------RESPONSE--------------
Continuing file streaming...
Reading from file stream...
Read 9000 bytes from file
Sent 9000 bytes to client
File streaming in progress - keeping connection alive
Waiting for events on port 8080...
=== GENERATING RESPONSE FOR CLIENT 5 ===
Continuing file streaming...
-----------------RESPONSE--------------
Continuing file streaming...
Reading from file stream...
Read 9000 bytes from file
Sent 9000 bytes to client
File streaming in progress - keeping connection alive
Waiting for events on port 8080...
=== GENERATING RESPONSE FOR CLIENT 5 ===
Continuing file streaming...
-----------------RESPONSE--------------
Continuing file streaming...
Reading from file stream...
Read 9000 bytes from file
Sent 9000 bytes to client
File streaming in progress - keeping connection alive
Waiting for events on port 8080...
=== GENERATING RESPONSE FOR CLIENT 5 ===
Continuing file streaming...
-----------------RESPONSE--------------
Continuing file streaming...
Reading from file stream...
Read 9000 bytes from file
Sent 9000 bytes to client
File streaming in progress - keeping connection alive
Waiting for events on port 8080...
=== GENERATING RESPONSE FOR CLIENT 5 ===
Continuing file streaming...
-----------------RESPONSE--------------
Continuing file streaming...
Reading from file stream...
Read 9000 bytes from file
Sent 9000 bytes to client
File streaming in progress - keeping connection alive
Waiting for events on port 8080...
=== GENERATING RESPONSE FOR CLIENT 5 ===
Continuing file streaming...
-----------------RESPONSE--------------
Continuing file streaming...
Reading from file stream...
Read 9000 bytes from file
Sent 9000 bytes to client
File streaming in progress - keeping connection alive
Waiting for events on port 8080...
=== GENERATING RESPONSE FOR CLIENT 5 ===
Continuing file streaming...
-----------------RESPONSE--------------
Continuing file streaming...
Reading from file stream...
Read 9000 bytes from file
Sent 9000 bytes to client
File streaming in progress - keeping connection alive
Waiting for events on port 8080...
=== GENERATING RESPONSE FOR CLIENT 5 ===
Continuing file streaming...
-----------------RESPONSE--------------
Continuing file streaming...
Reading from file stream...
Read 9000 bytes from file
Sent 9000 bytes to client
File streaming in progress - keeping connection alive
Waiting for events on port 8080...
=== GENERATING RESPONSE FOR CLIENT 5 ===
Continuing file streaming...
-----------------RESPONSE--------------
Continuing file streaming...
Reading from file stream...
Read 9000 bytes from file
Sent 9000 bytes to client
File streaming in progress - keeping connection alive
Waiting for events on port 8080...
=== GENERATING RESPONSE FOR CLIENT 5 ===
Continuing file streaming...
-----------------RESPONSE--------------
Continuing file streaming...
Reading from file stream...
Read 9000 bytes from file
Sent 9000 bytes to client
File streaming in progress - keeping connection alive
Waiting for events on port 8080...
=== GENERATING RESPONSE FOR CLIENT 5 ===
Continuing file streaming...
-----------------RESPONSE--------------
Continuing file streaming...
Reading from file stream...
Read 9000 bytes from file
Sent 9000 bytes to client
File streaming in progress - keeping connection alive
Waiting for events on port 8080...
=== GENERATING RESPONSE FOR CLIENT 5 ===
Continuing file streaming...
-----------------RESPONSE--------------
Continuing file streaming...
Reading from file stream...
Read 9000 bytes from file
Sent 9000 bytes to client
File streaming in progress - keeping connection alive
Waiting for events on port 8080...
=== GENERATING RESPONSE FOR CLIENT 5 ===
Continuing file streaming...
-----------------RESPONSE--------------
Continuing file streaming...
Reading from file stream...
Read 9000 bytes from file
Sent 9000 bytes to client
File streaming in progress - keeping connection alive
Waiting for events on port 8080...
=== GENERATING RESPONSE FOR CLIENT 5 ===
Continuing file streaming...
-----------------RESPONSE--------------
Continuing file streaming...
Reading from file stream...
Read 9000 bytes from file
Sent 9000 bytes to client
File streaming in progress - keeping connection alive
Waiting for events on port 8080...
=== GENERATING RESPONSE FOR CLIENT 5 ===
Continuing file streaming...
-----------------RESPONSE--------------
Continuing file streaming...
Reading from file stream...
Read 9000 bytes from file
Sent 9000 bytes to client
File streaming in progress - keeping connection alive
Waiting for events on port 8080...
=== GENERATING RESPONSE FOR CLIENT 5 ===
Continuing file streaming...
-----------------RESPONSE--------------
Continuing file streaming...
Reading from file stream...
Read 9000 bytes from file
Sent 9000 bytes to client
File streaming in progress - keeping connection alive
Waiting for events on port 8080...
=== GENERATING RESPONSE FOR CLIENT 5 ===
Continuing file streaming...
-----------------RESPONSE--------------
Continuing file streaming...
Reading from file stream...
Read 9000 bytes from file
Sent 9000 bytes to client
File streaming in progress - keeping connection alive
Waiting for events on port 8080...
=== GENERATING RESPONSE FOR CLIENT 5 ===
Continuing file streaming...
-----------------RESPONSE--------------
Continuing file streaming...
Reading from file stream...
Read 9000 bytes from file
Sent 9000 bytes to client
File streaming in progress - keeping connection alive
Waiting for events on port 8080...
=== GENERATING RESPONSE FOR CLIENT 5 ===
Continuing file streaming...
-----------------RESPONSE--------------
Continuing file streaming...
Reading from file stream...
Read 9000 bytes from file
Sent 9000 bytes to client
File streaming in progress - keeping connection alive
Waiting for events on port 8080...
=== GENERATING RESPONSE FOR CLIENT 5 ===
Continuing file streaming...
-----------------RESPONSE--------------
Continuing file streaming...
Reading from file stream...
Read 9000 bytes from file
Sent 9000 bytes to client
File streaming in progress - keeping connection alive
Waiting for events on port 8080...
=== GENERATING RESPONSE FOR CLIENT 5 ===
Continuing file streaming...
-----------------RESPONSE--------------
Continuing file streaming...
Reading from file stream...
Read 9000 bytes from file
Sent 9000 bytes to client
File streaming in progress - keeping connection alive
Waiting for events on port 8080...
=== GENERATING RESPONSE FOR CLIENT 5 ===
Continuing file streaming...
-----------------RESPONSE--------------
Continuing file streaming...
Reading from file stream...
Read 9000 bytes from file
Sent 9000 bytes to client
File streaming in progress - keeping connection alive
Waiting for events on port 8080...
=== GENERATING RESPONSE FOR CLIENT 5 ===
Continuing file streaming...
-----------------RESPONSE--------------
Continuing file streaming...
Reading from file stream...
Read 9000 bytes from file
Sent 9000 bytes to client
File streaming in progress - keeping connection alive
Waiting for events on port 8080...
=== GENERATING RESPONSE FOR CLIENT 5 ===
Continuing file streaming...
-----------------RESPONSE--------------
Continuing file streaming...
Reading from file stream...
Read 9000 bytes from file
Sent 9000 bytes to client
File streaming in progress - keeping connection alive
Waiting for events on port 8080...
=== GENERATING RESPONSE FOR CLIENT 5 ===
Continuing file streaming...
-----------------RESPONSE--------------
Continuing file streaming...
Reading from file stream...
Read 9000 bytes from file
Sent 9000 bytes to client
File streaming in progress - keeping connection alive
Waiting for events on port 8080...
=== GENERATING RESPONSE FOR CLIENT 5 ===
Continuing file streaming...
-----------------RESPONSE--------------
Continuing file streaming...
Reading from file stream...
Read 9000 bytes from file
Sent 9000 bytes to client
File streaming in progress - keeping connection alive
Waiting for events on port 8080...
=== GENERATING RESPONSE FOR CLIENT 5 ===
Continuing file streaming...
-----------------RESPONSE--------------
Continuing file streaming...
Reading from file stream...
Read 9000 bytes from file
Sent 9000 bytes to client
File streaming in progress - keeping connection alive
Waiting for events on port 8080...
=== GENERATING RESPONSE FOR CLIENT 5 ===
Continuing file streaming...
-----------------RESPONSE--------------
Continuing file streaming...
Reading from file stream...
Read 9000 bytes from file
Sent 9000 bytes to client
File streaming in progress - keeping connection alive
Waiting for events on port 8080...
=== GENERATING RESPONSE FOR CLIENT 5 ===
Continuing file streaming...
-----------------RESPONSE--------------
Continuing file streaming...
Reading from file stream...
Read 9000 bytes from file
Sent 9000 bytes to client
File streaming in progress - keeping connection alive
Waiting for events on port 8080...
=== GENERATING RESPONSE FOR CLIENT 5 ===
Continuing file streaming...
-----------------RESPONSE--------------
Continuing file streaming...
Reading from file stream...
Read 9000 bytes from file
Sent 9000 bytes to client
File streaming in progress - keeping connection alive
Waiting for events on port 8080...
=== GENERATING RESPONSE FOR CLIENT 5 ===
Continuing file streaming...
-----------------RESPONSE--------------
Continuing file streaming...
Reading from file stream...
Read 9000 bytes from file
Sent 9000 bytes to client
File streaming in progress - keeping connection alive
Waiting for events on port 8080...
=== GENERATING RESPONSE FOR CLIENT 5 ===
Continuing file streaming...
-----------------RESPONSE--------------
Continuing file streaming...
Reading from file stream...
Read 9000 bytes from file
Sent 9000 bytes to client
File streaming in progress - keeping connection alive
Waiting for events on port 8080...
=== GENERATING RESPONSE FOR CLIENT 5 ===
Continuing file streaming...
-----------------RESPONSE--------------
Continuing file streaming...
Reading from file stream...
Read 9000 bytes from file
Sent 9000 bytes to client
File streaming in progress - keeping connection alive
Waiting for events on port 8080...
=== GENERATING RESPONSE FOR CLIENT 5 ===
Continuing file streaming...
-----------------RESPONSE--------------
Continuing file streaming...
Reading from file stream...
Read 9000 bytes from file
Sent 9000 bytes to client
File streaming in progress - keeping connection alive
Waiting for events on port 8080...
=== GENERATING RESPONSE FOR CLIENT 5 ===
Continuing file streaming...
-----------------RESPONSE--------------
Continuing file streaming...
Reading from file stream...
Read 9000 bytes from file
Sent 9000 bytes to client
File streaming in progress - keeping connection alive
Waiting for events on port 8080...
=== GENERATING RESPONSE FOR CLIENT 5 ===
Continuing file streaming...
-----------------RESPONSE--------------
Continuing file streaming...
Reading from file stream...
Read 9000 bytes from file
Sent 9000 bytes to client
File streaming in progress - keeping connection alive
Waiting for events on port 8080...
=== GENERATING RESPONSE FOR CLIENT 5 ===
Continuing file streaming...
-----------------RESPONSE--------------
Continuing file streaming...
Reading from file stream...
Read 9000 bytes from file
Sent 9000 bytes to client
File streaming in progress - keeping connection alive
Waiting for events on port 8080...
=== GENERATING RESPONSE FOR CLIENT 5 ===
Continuing file streaming...
-----------------RESPONSE--------------
Continuing file streaming...
Reading from file stream...
Read 9000 bytes from file
Sent 9000 bytes to client
File streaming in progress - keeping connection alive
Waiting for events on port 8080...
=== GENERATING RESPONSE FOR CLIENT 5 ===
Continuing file streaming...
-----------------RESPONSE--------------
Continuing file streaming...
Reading from file stream...
Read 9000 bytes from file
Sent 9000 bytes to client
File streaming in progress - keeping connection alive
Waiting for events on port 8080...
=== GENERATING RESPONSE FOR CLIENT 5 ===
Continuing file streaming...
-----------------RESPONSE--------------
Continuing file streaming...
Reading from file stream...
Read 9000 bytes from file
Sent 9000 bytes to client
File streaming in progress - keeping connection alive
Waiting for events on port 8080...
=== GENERATING RESPONSE FOR CLIENT 5 ===
Continuing file streaming...
-----------------RESPONSE--------------
Continuing file streaming...
Reading from file stream...
Read 9000 bytes from file
Sent 9000 bytes to client
File streaming in progress - keeping connection alive
Waiting for events on port 8080...
=== GENERATING RESPONSE FOR CLIENT 5 ===
Continuing file streaming...
-----------------RESPONSE--------------
Continuing file streaming...
Reading from file stream...
Read 9000 bytes from file
Sent 9000 bytes to client
File streaming in progress - keeping connection alive
Waiting for events on port 8080...
=== GENERATING RESPONSE FOR CLIENT 5 ===
Continuing file streaming...
-----------------RESPONSE--------------
Continuing file streaming...
Reading from file stream...
Read 9000 bytes from file
Sent 9000 bytes to client
File streaming in progress - keeping connection alive
Waiting for events on port 8080...
=== GENERATING RESPONSE FOR CLIENT 5 ===
Continuing file streaming...
-----------------RESPONSE--------------
Continuing file streaming...
Reading from file stream...
Read 9000 bytes from file
Sent 9000 bytes to client
File streaming in progress - keeping connection alive
Waiting for events on port 8080...
=== GENERATING RESPONSE FOR CLIENT 5 ===
Continuing file streaming...
-----------------RESPONSE--------------
Continuing file streaming...
Reading from file stream...
Read 9000 bytes from file
Sent 9000 bytes to client
File streaming in progress - keeping connection alive
Waiting for events on port 8080...
=== GENERATING RESPONSE FOR CLIENT 5 ===
Continuing file streaming...
-----------------RESPONSE--------------
Continuing file streaming...
Reading from file stream...
Read 9000 bytes from file
Sent 9000 bytes to client
File streaming in progress - keeping connection alive
Waiting for events on port 8080...
=== GENERATING RESPONSE FOR CLIENT 5 ===
Continuing file streaming...
-----------------RESPONSE--------------
Continuing file streaming...
Reading from file stream...
Read 9000 bytes from file
Sent 9000 bytes to client
File streaming in progress - keeping connection alive
Waiting for events on port 8080...
=== GENERATING RESPONSE FOR CLIENT 5 ===
Continuing file streaming...
-----------------RESPONSE--------------
Continuing file streaming...
Reading from file stream...
Read 9000 bytes from file
Sent 9000 bytes to client
File streaming in progress - keeping connection alive
Waiting for events on port 8080...
=== GENERATING RESPONSE FOR CLIENT 5 ===
Continuing file streaming...
-----------------RESPONSE--------------
Continuing file streaming...
Reading from file stream...
Read 9000 bytes from file
Sent 9000 bytes to client
File streaming in progress - keeping connection alive
Waiting for events on port 8080...
=== GENERATING RESPONSE FOR CLIENT 5 ===
Continuing file streaming...
-----------------RESPONSE--------------
Continuing file streaming...
Reading from file stream...
Read 9000 bytes from file
Sent 9000 bytes to client
File streaming in progress - keeping connection alive
Waiting for events on port 8080...
=== GENERATING RESPONSE FOR CLIENT 5 ===
Continuing file streaming...
-----------------RESPONSE--------------
Continuing file streaming...
Reading from file stream...
Read 9000 bytes from file
Sent 9000 bytes to client
File streaming in progress - keeping connection alive
Waiting for events on port 8080...
=== GENERATING RESPONSE FOR CLIENT 5 ===
Continuing file streaming...
-----------------RESPONSE--------------
Continuing file streaming...
Reading from file stream...
Read 9000 bytes from file
Sent 9000 bytes to client
File streaming in progress - keeping connection alive
Waiting for events on port 8080...
=== GENERATING RESPONSE FOR CLIENT 5 ===
Continuing file streaming...
-----------------RESPONSE--------------
Continuing file streaming...
Reading from file stream...
Read 9000 bytes from file
Sent 9000 bytes to client
File streaming in progress - keeping connection alive
Waiting for events on port 8080...
=== GENERATING RESPONSE FOR CLIENT 5 ===
Continuing file streaming...
-----------------RESPONSE--------------
Continuing file streaming...
Reading from file stream...
Read 9000 bytes from file
Sent 9000 bytes to client
File streaming in progress - keeping connection alive
Waiting for events on port 8080...
=== GENERATING RESPONSE FOR CLIENT 5 ===
Continuing file streaming...
-----------------RESPONSE--------------
Continuing file streaming...
Reading from file stream...
Read 9000 bytes from file
Sent 9000 bytes to client
File streaming in progress - keeping connection alive
Waiting for events on port 8080...
=== GENERATING RESPONSE FOR CLIENT 5 ===
Continuing file streaming...
-----------------RESPONSE--------------
Continuing file streaming...
Reading from file stream...
Read 9000 bytes from file
Sent 9000 bytes to client
File streaming in progress - keeping connection alive
Waiting for events on port 8080...
=== GENERATING RESPONSE FOR CLIENT 5 ===
Continuing file streaming...
-----------------RESPONSE--------------
Continuing file streaming...
Reading from file stream...
Read 9000 bytes from file
Sent 9000 bytes to client
File streaming in progress - keeping connection alive
Waiting for events on port 8080...
=== GENERATING RESPONSE FOR CLIENT 5 ===
Continuing file streaming...
-----------------RESPONSE--------------
Continuing file streaming...
Reading from file stream...
Read 9000 bytes from file
Sent 9000 bytes to client
File streaming in progress - keeping connection alive
Waiting for events on port 8080...
=== GENERATING RESPONSE FOR CLIENT 5 ===
Continuing file streaming...
-----------------RESPONSE--------------
Continuing file streaming...
Reading from file stream...
Read 9000 bytes from file
Sent 9000 bytes to client
File streaming in progress - keeping connection alive
Waiting for events on port 8080...
=== GENERATING RESPONSE FOR CLIENT 5 ===
Continuing file streaming...
-----------------RESPONSE--------------
Continuing file streaming...
Reading from file stream...
Read 9000 bytes from file
Sent 9000 bytes to client
File streaming in progress - keeping connection alive
Waiting for events on port 8080...
=== GENERATING RESPONSE FOR CLIENT 5 ===
Continuing file streaming...
-----------------RESPONSE--------------
Continuing file streaming...
Reading from file stream...
Read 9000 bytes from file
Sent 9000 bytes to client
File streaming in progress - keeping connection alive
Waiting for events on port 8080...
=== GENERATING RESPONSE FOR CLIENT 5 ===
Continuing file streaming...
-----------------RESPONSE--------------
Continuing file streaming...
Reading from file stream...
Read 9000 bytes from file
Sent 9000 bytes to client
File streaming in progress - keeping connection alive
Waiting for events on port 8080...
=== GENERATING RESPONSE FOR CLIENT 5 ===
Continuing file streaming...
-----------------RESPONSE--------------
Continuing file streaming...
Reading from file stream...
Read 9000 bytes from file
Sent 9000 bytes to client
File streaming in progress - keeping connection alive
Waiting for events on port 8080...
=== GENERATING RESPONSE FOR CLIENT 5 ===
Continuing file streaming...
-----------------RESPONSE--------------
Continuing file streaming...
Reading from file stream...
Read 9000 bytes from file
Sent 9000 bytes to client
File streaming in progress - keeping connection alive
Waiting for events on port 8080...
=== GENERATING RESPONSE FOR CLIENT 5 ===
Continuing file streaming...
-----------------RESPONSE--------------
Continuing file streaming...
Reading from file stream...
Read 9000 bytes from file
Sent 9000 bytes to client
File streaming in progress - keeping connection alive
Waiting for events on port 8080...
=== GENERATING RESPONSE FOR CLIENT 5 ===
Continuing file streaming...
-----------------RESPONSE--------------
Continuing file streaming...
Reading from file stream...
Read 9000 bytes from file
Sent 9000 bytes to client
File streaming in progress - keeping connection alive
Waiting for events on port 8080...
=== GENERATING RESPONSE FOR CLIENT 5 ===
Continuing file streaming...
-----------------RESPONSE--------------
Continuing file streaming...
Reading from file stream...
Read 9000 bytes from file
Sent 9000 bytes to client
File streaming in progress - keeping connection alive
Waiting for events on port 8080...
=== GENERATING RESPONSE FOR CLIENT 5 ===
Continuing file streaming...
-----------------RESPONSE--------------
Continuing file streaming...
Reading from file stream...
Read 9000 bytes from file
Sent 9000 bytes to client
File streaming in progress - keeping connection alive
Waiting for events on port 8080...
=== GENERATING RESPONSE FOR CLIENT 5 ===
Continuing file streaming...
-----------------RESPONSE--------------
Continuing file streaming...
Reading from file stream...
Read 9000 bytes from file
Sent 9000 bytes to client
File streaming in progress - keeping connection alive
Waiting for events on port 8080...
=== GENERATING RESPONSE FOR CLIENT 5 ===
Continuing file streaming...
-----------------RESPONSE--------------
Continuing file streaming...
Reading from file stream...
Read 9000 bytes from file
Sent 9000 bytes to client
File streaming in progress - keeping connection alive
Waiting for events on port 8080...
=== GENERATING RESPONSE FOR CLIENT 5 ===
Continuing file streaming...
-----------------RESPONSE--------------
Continuing file streaming...
Reading from file stream...
Read 9000 bytes from file
Sent 9000 bytes to client
File streaming in progress - keeping connection alive
Waiting for events on port 8080...
=== GENERATING RESPONSE FOR CLIENT 5 ===
Continuing file streaming...
-----------------RESPONSE--------------
Continuing file streaming...
Reading from file stream...
Read 9000 bytes from file
Sent 9000 bytes to client
File streaming in progress - keeping connection alive
Waiting for events on port 8080...
=== GENERATING RESPONSE FOR CLIENT 5 ===
Continuing file streaming...
-----------------RESPONSE--------------
Continuing file streaming...
Reading from file stream...
Read 9000 bytes from file
Sent 9000 bytes to client
File streaming in progress - keeping connection alive
Waiting for events on port 8080...
=== GENERATING RESPONSE FOR CLIENT 5 ===
Continuing file streaming...
-----------------RESPONSE--------------
Continuing file streaming...
Reading from file stream...
Read 9000 bytes from file
Sent 9000 bytes to client
File streaming in progress - keeping connection alive
Waiting for events on port 8080...
=== GENERATING RESPONSE FOR CLIENT 5 ===
Continuing file streaming...
-----------------RESPONSE--------------
Continuing file streaming...
Reading from file stream...
Read 9000 bytes from file
Sent 9000 bytes to client
File streaming in progress - keeping connection alive
Waiting for events on port 8080...
=== GENERATING RESPONSE FOR CLIENT 5 ===
Continuing file streaming...
-----------------RESPONSE--------------
Continuing file streaming...
Reading from file stream...
Read 9000 bytes from file
Sent 9000 bytes to client
File streaming in progress - keeping connection alive
Waiting for events on port 8080...
=== GENERATING RESPONSE FOR CLIENT 5 ===
Continuing file streaming...
-----------------RESPONSE--------------
Continuing file streaming...
Reading from file stream...
Read 9000 bytes from file
Sent 9000 bytes to client
File streaming in progress - keeping connection alive
Waiting for events on port 8080...
=== GENERATING RESPONSE FOR CLIENT 5 ===
Continuing file streaming...
-----------------RESPONSE--------------
Continuing file streaming...
Reading from file stream...
Read 9000 bytes from file
Sent 9000 bytes to client
File streaming in progress - keeping connection alive
Waiting for events on port 8080...
=== GENERATING RESPONSE FOR CLIENT 5 ===
Continuing file streaming...
-----------------RESPONSE--------------
Continuing file streaming...
Reading from file stream...
Read 9000 bytes from file
Sent 9000 bytes to client
File streaming in progress - keeping connection alive
Waiting for events on port 8080...
=== GENERATING RESPONSE FOR CLIENT 5 ===
Continuing file streaming...
-----------------RESPONSE--------------
Continuing file streaming...
Reading from file stream...
Read 9000 bytes from file
Sent 9000 bytes to client
File streaming in progress - keeping connection alive
Waiting for events on port 8080...
=== GENERATING RESPONSE FOR CLIENT 5 ===
Continuing file streaming...
-----------------RESPONSE--------------
Continuing file streaming...
Reading from file stream...
Read 9000 bytes from file
Sent 9000 bytes to client
File streaming in progress - keeping connection alive
Waiting for events on port 8080...
=== GENERATING RESPONSE FOR CLIENT 5 ===
Continuing file streaming...
-----------------RESPONSE--------------
Continuing file streaming...
Reading from file stream...
Read 9000 bytes from file
Sent 9000 bytes to client
File streaming in progress - keeping connection alive
Waiting for events on port 8080...
=== GENERATING RESPONSE FOR CLIENT 5 ===
Continuing file streaming...
-----------------RESPONSE--------------
Continuing file streaming...
Reading from file stream...
Read 9000 bytes from file
Sent 9000 bytes to client
File streaming in progress - keeping connection alive
Waiting for events on port 8080...
=== GENERATING RESPONSE FOR CLIENT 5 ===
Continuing file streaming...
-----------------RESPONSE--------------
Continuing file streaming...
Reading from file stream...
Read 9000 bytes from file
Sent 9000 bytes to client
File streaming in progress - keeping connection alive
Waiting for events on port 8080...
=== GENERATING RESPONSE FOR CLIENT 5 ===
Continuing file streaming...
-----------------RESPONSE--------------
Continuing file streaming...
Reading from file stream...
Read 9000 bytes from file
Sent 9000 bytes to client
File streaming in progress - keeping connection alive
Waiting for events on port 8080...
=== GENERATING RESPONSE FOR CLIENT 5 ===
Continuing file streaming...
-----------------RESPONSE--------------
Continuing file streaming...
Reading from file stream...
Read 9000 bytes from file
Sent 9000 bytes to client
File streaming in progress - keeping connection alive
Waiting for events on port 8080...
=== GENERATING RESPONSE FOR CLIENT 5 ===
Continuing file streaming...
-----------------RESPONSE--------------
Continuing file streaming...
Reading from file stream...
Read 9000 bytes from file
Sent 9000 bytes to client
File streaming in progress - keeping connection alive
Waiting for events on port 8080...
=== GENERATING RESPONSE FOR CLIENT 5 ===
Continuing file streaming...
-----------------RESPONSE--------------
Continuing file streaming...
Reading from file stream...
Read 9000 bytes from file
Sent 9000 bytes to client
File streaming in progress - keeping connection alive
Waiting for events on port 8080...
=== GENERATING RESPONSE FOR CLIENT 5 ===
Continuing file streaming...
-----------------RESPONSE--------------
Continuing file streaming...
Reading from file stream...
Read 9000 bytes from file
Sent 9000 bytes to client
File streaming in progress - keeping connection alive
Waiting for events on port 8080...
=== GENERATING RESPONSE FOR CLIENT 5 ===
Continuing file streaming...
-----------------RESPONSE--------------
Continuing file streaming...
Reading from file stream...
Read 9000 bytes from file
Sent 9000 bytes to client
File streaming in progress - keeping connection alive
Waiting for events on port 8080...
=== GENERATING RESPONSE FOR CLIENT 5 ===
Continuing file streaming...
-----------------RESPONSE--------------
Continuing file streaming...
Reading from file stream...
Read 9000 bytes from file
Sent 9000 bytes to client
File streaming in progress - keeping connection alive
Waiting for events on port 8080...
=== GENERATING RESPONSE FOR CLIENT 5 ===
Continuing file streaming...
-----------------RESPONSE--------------
Continuing file streaming...
Reading from file stream...
Read 9000 bytes from file
Sent 9000 bytes to client
File streaming in progress - keeping connection alive
Waiting for events on port 8080...
=== GENERATING RESPONSE FOR CLIENT 5 ===
Continuing file streaming...
-----------------RESPONSE--------------
Continuing file streaming...
Reading from file stream...
Read 9000 bytes from file
Sent 9000 bytes to client
File streaming in progress - keeping connection alive
Waiting for events on port 8080...
=== GENERATING RESPONSE FOR CLIENT 5 ===
Continuing file streaming...
-----------------RESPONSE--------------
Continuing file streaming...
Reading from file stream...
Read 9000 bytes from file
Sent 9000 bytes to client
File streaming in progress - keeping connection alive
Waiting for events on port 8080...
=== GENERATING RESPONSE FOR CLIENT 5 ===
Continuing file streaming...
-----------------RESPONSE--------------
Continuing file streaming...
Reading from file stream...
Read 9000 bytes from file
Sent 9000 bytes to client
File streaming in progress - keeping connection alive
Waiting for events on port 8080...
=== GENERATING RESPONSE FOR CLIENT 5 ===
Continuing file streaming...
-----------------RESPONSE--------------
Continuing file streaming...
Reading from file stream...
Read 9000 bytes from file
Sent 9000 bytes to client
File streaming in progress - keeping connection alive
Waiting for events on port 8080...
=== GENERATING RESPONSE FOR CLIENT 5 ===
Continuing file streaming...
-----------------RESPONSE--------------
Continuing file streaming...
Reading from file stream...
Read 9000 bytes from file
Sent 9000 bytes to client
File streaming in progress - keeping connection alive
Waiting for events on port 8080...
=== GENERATING RESPONSE FOR CLIENT 5 ===
Continuing file streaming...
-----------------RESPONSE--------------
Continuing file streaming...
Reading from file stream...
Read 9000 bytes from file
Sent 9000 bytes to client
File streaming in progress - keeping connection alive
Waiting for events on port 8080...
=== GENERATING RESPONSE FOR CLIENT 5 ===
Continuing file streaming...
-----------------RESPONSE--------------
Continuing file streaming...
Reading from file stream...
Read 9000 bytes from file
Sent 9000 bytes to client
File streaming in progress - keeping connection alive
Waiting for events on port 8080...
=== GENERATING RESPONSE FOR CLIENT 5 ===
Continuing file streaming...
-----------------RESPONSE--------------
Continuing file streaming...
Reading from file stream...
Read 9000 bytes from file
Sent 9000 bytes to client
File streaming in progress - keeping connection alive
Waiting for events on port 8080...
=== GENERATING RESPONSE FOR CLIENT 5 ===
Continuing file streaming...
-----------------RESPONSE--------------
Continuing file streaming...
Reading from file stream...
Read 9000 bytes from file
Sent 9000 bytes to client
File streaming in progress - keeping connection alive
Waiting for events on port 8080...
=== GENERATING RESPONSE FOR CLIENT 5 ===
Continuing file streaming...
-----------------RESPONSE--------------
Continuing file streaming...
Reading from file stream...
Read 9000 bytes from file
Sent 9000 bytes to client
File streaming in progress - keeping connection alive
Waiting for events on port 8080...
=== GENERATING RESPONSE FOR CLIENT 5 ===
Continuing file streaming...
-----------------RESPONSE--------------
Continuing file streaming...
Reading from file stream...
Read 9000 bytes from file
Sent 9000 bytes to client
File streaming in progress - keeping connection alive
Waiting for events on port 8080...
=== GENERATING RESPONSE FOR CLIENT 5 ===
Continuing file streaming...
-----------------RESPONSE--------------
Continuing file streaming...
Reading from file stream...
Read 9000 bytes from file
Sent 9000 bytes to client
File streaming in progress - keeping connection alive
Waiting for events on port 8080...
=== GENERATING RESPONSE FOR CLIENT 5 ===
Continuing file streaming...
-----------------RESPONSE--------------
Continuing file streaming...
Reading from file stream...
Read 9000 bytes from file
Sent 9000 bytes to client
File streaming in progress - keeping connection alive
Waiting for events on port 8080...
=== GENERATING RESPONSE FOR CLIENT 5 ===
Continuing file streaming...
-----------------RESPONSE--------------
Continuing file streaming...
Reading from file stream...
Read 9000 bytes from file
Sent 9000 bytes to client
File streaming in progress - keeping connection alive
Waiting for events on port 8080...
=== GENERATING RESPONSE FOR CLIENT 5 ===
Continuing file streaming...
-----------------RESPONSE--------------
Continuing file streaming...
Reading from file stream...
Read 9000 bytes from file
Sent 9000 bytes to client
File streaming in progress - keeping connection alive
Waiting for events on port 8080...
=== GENERATING RESPONSE FOR CLIENT 5 ===
Continuing file streaming...
-----------------RESPONSE--------------
Continuing file streaming...
Reading from file stream...
Read 9000 bytes from file
Sent 9000 bytes to client
File streaming in progress - keeping connection alive
Waiting for events on port 8080...
=== GENERATING RESPONSE FOR CLIENT 5 ===
Continuing file streaming...
-----------------RESPONSE--------------
Continuing file streaming...
Reading from file stream...
Read 9000 bytes from file
Sent 9000 bytes to client
File streaming in progress - keeping connection alive
Waiting for events on port 8080...
=== GENERATING RESPONSE FOR CLIENT 5 ===
Continuing file streaming...
-----------------RESPONSE--------------
Continuing file streaming...
Reading from file stream...
Read 9000 bytes from file
Sent 9000 bytes to client
File streaming in progress - keeping connection alive
Waiting for events on port 8080...
=== GENERATING RESPONSE FOR CLIENT 5 ===
Continuing file streaming...
-----------------RESPONSE--------------
Continuing file streaming...
Reading from file stream...
Read 9000 bytes from file
Sent 9000 bytes to client
File streaming in progress - keeping connection alive
Waiting for events on port 8080...
=== GENERATING RESPONSE FOR CLIENT 5 ===
Continuing file streaming...
-----------------RESPONSE--------------
Continuing file streaming...
Reading from file stream...
Read 9000 bytes from file
Sent 9000 bytes to client
File streaming in progress - keeping connection alive
Waiting for events on port 8080...
=== GENERATING RESPONSE FOR CLIENT 5 ===
Continuing file streaming...
-----------------RESPONSE--------------
Continuing file streaming...
Reading from file stream...
Read 9000 bytes from file
Sent 9000 bytes to client
File streaming in progress - keeping connection alive
Waiting for events on port 8080...
=== GENERATING RESPONSE FOR CLIENT 5 ===
Continuing file streaming...
-----------------RESPONSE--------------
Continuing file streaming...
Reading from file stream...
Read 9000 bytes from file
Sent 9000 bytes to client
File streaming in progress - keeping connection alive
Waiting for events on port 8080...
=== GENERATING RESPONSE FOR CLIENT 5 ===
Continuing file streaming...
-----------------RESPONSE--------------
Continuing file streaming...
Reading from file stream...
Read 9000 bytes from file
Sent 9000 bytes to client
File streaming in progress - keeping connection alive
Waiting for events on port 8080...
=== GENERATING RESPONSE FOR CLIENT 5 ===
Continuing file streaming...
-----------------RESPONSE--------------
Continuing file streaming...
Reading from file stream...
Read 9000 bytes from file
Sent 9000 bytes to client
File streaming in progress - keeping connection alive
Waiting for events on port 8080...
=== GENERATING RESPONSE FOR CLIENT 5 ===
Continuing file streaming...
-----------------RESPONSE--------------
Continuing file streaming...
Reading from file stream...
Read 9000 bytes from file
Sent 9000 bytes to client
File streaming in progress - keeping connection alive
Waiting for events on port 8080...
=== GENERATING RESPONSE FOR CLIENT 5 ===
Continuing file streaming...
-----------------RESPONSE--------------
Continuing file streaming...
Reading from file stream...
Read 9000 bytes from file
Sent 9000 bytes to client
File streaming in progress - keeping connection alive
Waiting for events on port 8080...
=== GENERATING RESPONSE FOR CLIENT 5 ===
Continuing file streaming...
-----------------RESPONSE--------------
Continuing file streaming...
Reading from file stream...
Read 9000 bytes from file
Sent 9000 bytes to client
File streaming in progress - keeping connection alive
Waiting for events on port 8080...
=== GENERATING RESPONSE FOR CLIENT 5 ===
Continuing file streaming...
-----------------RESPONSE--------------
Continuing file streaming...
Reading from file stream...
Read 9000 bytes from file
Sent 9000 bytes to client
File streaming in progress - keeping connection alive
Waiting for events on port 8080...
=== GENERATING RESPONSE FOR CLIENT 5 ===
Continuing file streaming...
-----------------RESPONSE--------------
Continuing file streaming...
Reading from file stream...
Read 9000 bytes from file
Sent 9000 bytes to client
File streaming in progress - keeping connection alive
Waiting for events on port 8080...
=== GENERATING RESPONSE FOR CLIENT 5 ===
Continuing file streaming...
-----------------RESPONSE--------------
Continuing file streaming...
Reading from file stream...
Read 9000 bytes from file
Sent 9000 bytes to client
File streaming in progress - keeping connection alive
Waiting for events on port 8080...
=== GENERATING RESPONSE FOR CLIENT 5 ===
Continuing file streaming...
-----------------RESPONSE--------------
Continuing file streaming...
Reading from file stream...
Read 9000 bytes from file
Sent 9000 bytes to client
File streaming in progress - keeping connection alive
Waiting for events on port 8080...
=== GENERATING RESPONSE FOR CLIENT 5 ===
Continuing file streaming...
-----------------RESPONSE--------------
Continuing file streaming...
Reading from file stream...
Read 9000 bytes from file
Sent 9000 bytes to client
File streaming in progress - keeping connection alive
Waiting for events on port 8080...
=== GENERATING RESPONSE FOR CLIENT 5 ===
Continuing file streaming...
-----------------RESPONSE--------------
Continuing file streaming...
Reading from file stream...
Read 9000 bytes from file
Sent 9000 bytes to client
File streaming in progress - keeping connection alive
Waiting for events on port 8080...
=== GENERATING RESPONSE FOR CLIENT 5 ===
Continuing file streaming...
-----------------RESPONSE--------------
Continuing file streaming...
Reading from file stream...
Read 9000 bytes from file
Sent 9000 bytes to client
File streaming in progress - keeping connection alive
Waiting for events on port 8080...
=== GENERATING RESPONSE FOR CLIENT 5 ===
Continuing file streaming...
-----------------RESPONSE--------------
Continuing file streaming...
Reading from file stream...
Read 9000 bytes from file
Sent 9000 bytes to client
File streaming in progress - keeping connection alive
Waiting for events on port 8080...
=== GENERATING RESPONSE FOR CLIENT 5 ===
Continuing file streaming...
-----------------RESPONSE--------------
Continuing file streaming...
Reading from file stream...
Read 9000 bytes from file
Sent 9000 bytes to client
File streaming in progress - keeping connection alive
Waiting for events on port 8080...
=== GENERATING RESPONSE FOR CLIENT 5 ===
Continuing file streaming...
-----------------RESPONSE--------------
Continuing file streaming...
Reading from file stream...
Read 9000 bytes from file
Sent 9000 bytes to client
File streaming in progress - keeping connection alive
Waiting for events on port 8080...
=== GENERATING RESPONSE FOR CLIENT 5 ===
Continuing file streaming...
-----------------RESPONSE--------------
Continuing file streaming...
Reading from file stream...
Read 9000 bytes from file
Sent 9000 bytes to client
File streaming in progress - keeping connection alive
Waiting for events on port 8080...
=== GENERATING RESPONSE FOR CLIENT 5 ===
Continuing file streaming...
-----------------RESPONSE--------------
Continuing file streaming...
Reading from file stream...
Read 9000 bytes from file
Sent 9000 bytes to client
File streaming in progress - keeping connection alive
Waiting for events on port 8080...
=== GENERATING RESPONSE FOR CLIENT 5 ===
Continuing file streaming...
-----------------RESPONSE--------------
Continuing file streaming...
Reading from file stream...
Read 9000 bytes from file
Sent 9000 bytes to client
File streaming in progress - keeping connection alive
Waiting for events on port 8080...
=== GENERATING RESPONSE FOR CLIENT 5 ===
Continuing file streaming...
-----------------RESPONSE--------------
Continuing file streaming...
Reading from file stream...
Read 9000 bytes from file
Sent 9000 bytes to client
File streaming in progress - keeping connection alive
Waiting for events on port 8080...
=== GENERATING RESPONSE FOR CLIENT 5 ===
Continuing file streaming...
-----------------RESPONSE--------------
Continuing file streaming...
Reading from file stream...
Read 9000 bytes from file
Sent 9000 bytes to client
File streaming in progress - keeping connection alive
Waiting for events on port 8080...
=== GENERATING RESPONSE FOR CLIENT 5 ===
Continuing file streaming...
-----------------RESPONSE--------------
Continuing file streaming...
Reading from file stream...
Read 9000 bytes from file
Sent 9000 bytes to client
File streaming in progress - keeping connection alive
Waiting for events on port 8080...
=== GENERATING RESPONSE FOR CLIENT 5 ===
Continuing file streaming...
-----------------RESPONSE--------------
Continuing file streaming...
Reading from file stream...
Read 9000 bytes from file
Sent 9000 bytes to client
File streaming in progress - keeping connection alive
Waiting for events on port 8080...
=== GENERATING RESPONSE FOR CLIENT 5 ===
Continuing file streaming...
-----------------RESPONSE--------------
Continuing file streaming...
Reading from file stream...
Read 9000 bytes from file
Sent 9000 bytes to client
File streaming in progress - keeping connection alive
Waiting for events on port 8080...
=== GENERATING RESPONSE FOR CLIENT 5 ===
Continuing file streaming...
-----------------RESPONSE--------------
Continuing file streaming...
Reading from file stream...
Read 9000 bytes from file
Sent 9000 bytes to client
File streaming in progress - keeping connection alive
Waiting for events on port 8080...
=== GENERATING RESPONSE FOR CLIENT 5 ===
Continuing file streaming...
-----------------RESPONSE--------------
Continuing file streaming...
Reading from file stream...
Read 9000 bytes from file
Sent 9000 bytes to client
File streaming in progress - keeping connection alive
Waiting for events on port 8080...
=== GENERATING RESPONSE FOR CLIENT 5 ===
Continuing file streaming...
-----------------RESPONSE--------------
Continuing file streaming...
Reading from file stream...
Read 9000 bytes from file
Sent 9000 bytes to client
File streaming in progress - keeping connection alive
Waiting for events on port 8080...
=== GENERATING RESPONSE FOR CLIENT 5 ===
Continuing file streaming...
-----------------RESPONSE--------------
Continuing file streaming...
Reading from file stream...
Read 9000 bytes from file
Sent 9000 bytes to client
File streaming in progress - keeping connection alive
Waiting for events on port 8080...
=== GENERATING RESPONSE FOR CLIENT 5 ===
Continuing file streaming...
-----------------RESPONSE--------------
Continuing file streaming...
Reading from file stream...
Read 9000 bytes from file
Sent 9000 bytes to client
File streaming in progress - keeping connection alive
Waiting for events on port 8080...
=== GENERATING RESPONSE FOR CLIENT 5 ===
Continuing file streaming...
-----------------RESPONSE--------------
Continuing file streaming...
Reading from file stream...
Read 9000 bytes from file
Sent 9000 bytes to client
File streaming in progress - keeping connection alive
Waiting for events on port 8080...
=== GENERATING RESPONSE FOR CLIENT 5 ===
Continuing file streaming...
-----------------RESPONSE--------------
Continuing file streaming...
Reading from file stream...
Read 9000 bytes from file
Sent 9000 bytes to client
File streaming in progress - keeping connection alive
Waiting for events on port 8080...
=== GENERATING RESPONSE FOR CLIENT 5 ===
Continuing file streaming...
-----------------RESPONSE--------------
Continuing file streaming...
Reading from file stream...
Read 9000 bytes from file
Sent 9000 bytes to client
File streaming in progress - keeping connection alive
Waiting for events on port 8080...
=== GENERATING RESPONSE FOR CLIENT 5 ===
Continuing file streaming...
-----------------RESPONSE--------------
Continuing file streaming...
Reading from file stream...
Read 9000 bytes from file
Sent 9000 bytes to client
File streaming in progress - keeping connection alive
Waiting for events on port 8080...
=== GENERATING RESPONSE FOR CLIENT 5 ===
Continuing file streaming...
-----------------RESPONSE--------------
Continuing file streaming...
Reading from file stream...
Read 9000 bytes from file
Sent 9000 bytes to client
File streaming in progress - keeping connection alive
Waiting for events on port 8080...
=== GENERATING RESPONSE FOR CLIENT 5 ===
Continuing file streaming...
-----------------RESPONSE--------------
Continuing file streaming...
Reading from file stream...
Read 9000 bytes from file
Sent 9000 bytes to client
File streaming in progress - keeping connection alive
Waiting for events on port 8080...
=== GENERATING RESPONSE FOR CLIENT 5 ===
Continuing file streaming...
-----------------RESPONSE--------------
Continuing file streaming...
Reading from file stream...
Read 9000 bytes from file
Sent 9000 bytes to client
File streaming in progress - keeping connection alive
Waiting for events on port 8080...
=== GENERATING RESPONSE FOR CLIENT 5 ===
Continuing file streaming...
-----------------RESPONSE--------------
Continuing file streaming...
Reading from file stream...
Read 9000 bytes from file
Sent 9000 bytes to client
File streaming in progress - keeping connection alive
Waiting for events on port 8080...
=== GENERATING RESPONSE FOR CLIENT 5 ===
Continuing file streaming...
-----------------RESPONSE--------------
Continuing file streaming...
Reading from file stream...
Read 9000 bytes from file
Sent 9000 bytes to client
File streaming in progress - keeping connection alive
Waiting for events on port 8080...
=== GENERATING RESPONSE FOR CLIENT 5 ===
Continuing file streaming...
-----------------RESPONSE--------------
Continuing file streaming...
Reading from file stream...
Read 9000 bytes from file
Sent 9000 bytes to client
File streaming in progress - keeping connection alive
Waiting for events on port 8080...
=== GENERATING RESPONSE FOR CLIENT 5 ===
Continuing file streaming...
-----------------RESPONSE--------------
Continuing file streaming...
Reading from file stream...
Read 9000 bytes from file
Sent 9000 bytes to client
File streaming in progress - keeping connection alive
Waiting for events on port 8080...
=== GENERATING RESPONSE FOR CLIENT 5 ===
Continuing file streaming...
-----------------RESPONSE--------------
Continuing file streaming...
Reading from file stream...
Read 9000 bytes from file
Sent 9000 bytes to client
File streaming in progress - keeping connection alive
Waiting for events on port 8080...
=== GENERATING RESPONSE FOR CLIENT 5 ===
Continuing file streaming...
-----------------RESPONSE--------------
Continuing file streaming...
Reading from file stream...
Read 9000 bytes from file
Sent 9000 bytes to client
File streaming in progress - keeping connection alive
Waiting for events on port 8080...
=== GENERATING RESPONSE FOR CLIENT 5 ===
Continuing file streaming...
-----------------RESPONSE--------------
Continuing file streaming...
Reading from file stream...
Read 9000 bytes from file
Sent 9000 bytes to client
File streaming in progress - keeping connection alive
Waiting for events on port 8080...
=== GENERATING RESPONSE FOR CLIENT 5 ===
Continuing file streaming...
-----------------RESPONSE--------------
Continuing file streaming...
Reading from file stream...
Read 9000 bytes from file
Sent 9000 bytes to client
File streaming in progress - keeping connection alive
Waiting for events on port 8080...
=== GENERATING RESPONSE FOR CLIENT 5 ===
Continuing file streaming...
-----------------RESPONSE--------------
Continuing file streaming...
Reading from file stream...
Read 9000 bytes from file
Sent 9000 bytes to client
File streaming in progress - keeping connection alive
Waiting for events on port 8080...
=== GENERATING RESPONSE FOR CLIENT 5 ===
Continuing file streaming...
-----------------RESPONSE--------------
Continuing file streaming...
Reading from file stream...
Read 9000 bytes from file
Sent 9000 bytes to client
File streaming in progress - keeping connection alive
Waiting for events on port 8080...
=== GENERATING RESPONSE FOR CLIENT 5 ===
Continuing file streaming...
-----------------RESPONSE--------------
Continuing file streaming...
Reading from file stream...
Read 9000 bytes from file
Sent 9000 bytes to client
File streaming in progress - keeping connection alive
Waiting for events on port 8080...
=== GENERATING RESPONSE FOR CLIENT 5 ===
Continuing file streaming...
-----------------RESPONSE--------------
Continuing file streaming...
Reading from file stream...
Read 9000 bytes from file
Sent 9000 bytes to client
File streaming in progress - keeping connection alive
Waiting for events on port 8080...
=== GENERATING RESPONSE FOR CLIENT 5 ===
Continuing file streaming...
-----------------RESPONSE--------------
Continuing file streaming...
Reading from file stream...
Read 9000 bytes from file
Sent 9000 bytes to client
File streaming in progress - keeping connection alive
Waiting for events on port 8080...
=== GENERATING RESPONSE FOR CLIENT 5 ===
Continuing file streaming...
-----------------RESPONSE--------------
Continuing file streaming...
Reading from file stream...
Read 9000 bytes from file
Sent 9000 bytes to client
File streaming in progress - keeping connection alive
Waiting for events on port 8080...
=== GENERATING RESPONSE FOR CLIENT 5 ===
Continuing file streaming...
-----------------RESPONSE--------------
Continuing file streaming...
Reading from file stream...
Read 9000 bytes from file
Sent 9000 bytes to client
File streaming in progress - keeping connection alive
Waiting for events on port 8080...
=== GENERATING RESPONSE FOR CLIENT 5 ===
Continuing file streaming...
-----------------RESPONSE--------------
Continuing file streaming...
Reading from file stream...
Read 9000 bytes from file
Sent 9000 bytes to client
File streaming in progress - keeping connection alive
Waiting for events on port 8080...
=== GENERATING RESPONSE FOR CLIENT 5 ===
Continuing file streaming...
-----------------RESPONSE--------------
Continuing file streaming...
Reading from file stream...
Read 9000 bytes from file
Sent 9000 bytes to client
File streaming in progress - keeping connection alive
Waiting for events on port 8080...
=== GENERATING RESPONSE FOR CLIENT 5 ===
Continuing file streaming...
-----------------RESPONSE--------------
Continuing file streaming...
Reading from file stream...
Read 9000 bytes from file
Sent 9000 bytes to client
File streaming in progress - keeping connection alive
Waiting for events on port 8080...
=== GENERATING RESPONSE FOR CLIENT 5 ===
Continuing file streaming...
-----------------RESPONSE--------------
Continuing file streaming...
Reading from file stream...
Read 9000 bytes from file
Sent 9000 bytes to client
File streaming in progress - keeping connection alive
Waiting for events on port 8080...
=== GENERATING RESPONSE FOR CLIENT 5 ===
Continuing file streaming...
-----------------RESPONSE--------------
Continuing file streaming...
Reading from file stream...
Read 9000 bytes from file
Sent 9000 bytes to client
File streaming in progress - keeping connection alive
Waiting for events on port 8080...
=== GENERATING RESPONSE FOR CLIENT 5 ===
Continuing file streaming...
-----------------RESPONSE--------------
Continuing file streaming...
Reading from file stream...
Read 9000 bytes from file
Sent 9000 bytes to client
File streaming in progress - keeping connection alive
Waiting for events on port 8080...
=== GENERATING RESPONSE FOR CLIENT 5 ===
Continuing file streaming...
-----------------RESPONSE--------------
Continuing file streaming...
Reading from file stream...
Read 9000 bytes from file
Sent 9000 bytes to client
File streaming in progress - keeping connection alive
Waiting for events on port 8080...
=== GENERATING RESPONSE FOR CLIENT 5 ===
Continuing file streaming...
-----------------RESPONSE--------------
Continuing file streaming...
Reading from file stream...
Read 9000 bytes from file
Sent 9000 bytes to client
File streaming in progress - keeping connection alive
Waiting for events on port 8080...
=== GENERATING RESPONSE FOR CLIENT 5 ===
Continuing file streaming...
-----------------RESPONSE--------------
Continuing file streaming...
Reading from file stream...
Read 9000 bytes from file
Sent 9000 bytes to client
File streaming in progress - keeping connection alive
Waiting for events on port 8080...
=== GENERATING RESPONSE FOR CLIENT 5 ===
Continuing file streaming...
-----------------RESPONSE--------------
Continuing file streaming...
Reading from file stream...
Read 9000 bytes from file
Sent 9000 bytes to client
File streaming in progress - keeping connection alive
Waiting for events on port 8080...
=== GENERATING RESPONSE FOR CLIENT 5 ===
Continuing file streaming...
-----------------RESPONSE--------------
Continuing file streaming...
Reading from file stream...
Read 9000 bytes from file
Sent 9000 bytes to client
File streaming in progress - keeping connection alive
Waiting for events on port 8080...
=== GENERATING RESPONSE FOR CLIENT 5 ===
Continuing file streaming...
-----------------RESPONSE--------------
Continuing file streaming...
Reading from file stream...
Read 9000 bytes from file
Sent 9000 bytes to client
File streaming in progress - keeping connection alive
Waiting for events on port 8080...
=== GENERATING RESPONSE FOR CLIENT 5 ===
Continuing file streaming...
-----------------RESPONSE--------------
Continuing file streaming...
Reading from file stream...
Read 9000 bytes from file
Sent 9000 bytes to client
File streaming in progress - keeping connection alive
Waiting for events on port 8080...
=== GENERATING RESPONSE FOR CLIENT 5 ===
Continuing file streaming...
-----------------RESPONSE--------------
Continuing file streaming...
Reading from file stream...
Read 9000 bytes from file
Sent 9000 bytes to client
File streaming in progress - keeping connection alive
Waiting for events on port 8080...
=== GENERATING RESPONSE FOR CLIENT 5 ===
Continuing file streaming...
-----------------RESPONSE--------------
Continuing file streaming...
Reading from file stream...
Read 9000 bytes from file
Sent 9000 bytes to client
File streaming in progress - keeping connection alive
Waiting for events on port 8080...
=== GENERATING RESPONSE FOR CLIENT 5 ===
Continuing file streaming...
-----------------RESPONSE--------------
Continuing file streaming...
Reading from file stream...
Read 9000 bytes from file
Sent 9000 bytes to client
File streaming in progress - keeping connection alive
Waiting for events on port 8080...
=== GENERATING RESPONSE FOR CLIENT 5 ===
Continuing file streaming...
-----------------RESPONSE--------------
Continuing file streaming...
Reading from file stream...
Read 9000 bytes from file
Sent 9000 bytes to client
File streaming in progress - keeping connection alive
Waiting for events on port 8080...
=== GENERATING RESPONSE FOR CLIENT 5 ===
Continuing file streaming...
-----------------RESPONSE--------------
Continuing file streaming...
Reading from file stream...
Read 9000 bytes from file
Sent 9000 bytes to client
File streaming in progress - keeping connection alive
Waiting for events on port 8080...
=== GENERATING RESPONSE FOR CLIENT 5 ===
Continuing file streaming...
-----------------RESPONSE--------------
Continuing file streaming...
Reading from file stream...
Read 9000 bytes from file
Sent 9000 bytes to client
File streaming in progress - keeping connection alive
Waiting for events on port 8080...
=== GENERATING RESPONSE FOR CLIENT 5 ===
Continuing file streaming...
-----------------RESPONSE--------------
Continuing file streaming...
Reading from file stream...
Read 9000 bytes from file
Sent 9000 bytes to client
File streaming in progress - keeping connection alive
Waiting for events on port 8080...
=== GENERATING RESPONSE FOR CLIENT 5 ===
Continuing file streaming...
-----------------RESPONSE--------------
Continuing file streaming...
Reading from file stream...
Read 9000 bytes from file
Sent 9000 bytes to client
File streaming in progress - keeping connection alive
Waiting for events on port 8080...
=== GENERATING RESPONSE FOR CLIENT 5 ===
Continuing file streaming...
-----------------RESPONSE--------------
Continuing file streaming...
Reading from file stream...
Read 9000 bytes from file
Sent 9000 bytes to client
File streaming in progress - keeping connection alive
Waiting for events on port 8080...
=== GENERATING RESPONSE FOR CLIENT 5 ===
Continuing file streaming...
-----------------RESPONSE--------------
Continuing file streaming...
Reading from file stream...
Read 9000 bytes from file
Sent 9000 bytes to client
File streaming in progress - keeping connection alive
Waiting for events on port 8080...
=== GENERATING RESPONSE FOR CLIENT 5 ===
Continuing file streaming...
-----------------RESPONSE--------------
Continuing file streaming...
Reading from file stream...
Read 9000 bytes from file
Sent 9000 bytes to client
File streaming in progress - keeping connection alive
Waiting for events on port 8080...
=== GENERATING RESPONSE FOR CLIENT 5 ===
Continuing file streaming...
-----------------RESPONSE--------------
Continuing file streaming...
Reading from file stream...
Read 9000 bytes from file
Sent 9000 bytes to client
File streaming in progress - keeping connection alive
Waiting for events on port 8080...
=== GENERATING RESPONSE FOR CLIENT 5 ===
Continuing file streaming...
-----------------RESPONSE--------------
Continuing file streaming...
Reading from file stream...
Read 9000 bytes from file
Sent 9000 bytes to client
File streaming in progress - keeping connection alive
Waiting for events on port 8080...
=== GENERATING RESPONSE FOR CLIENT 5 ===
Continuing file streaming...
-----------------RESPONSE--------------
Continuing file streaming...
Reading from file stream...
Read 9000 bytes from file
Sent 9000 bytes to client
File streaming in progress - keeping connection alive
Waiting for events on port 8080...
=== GENERATING RESPONSE FOR CLIENT 5 ===
Continuing file streaming...
-----------------RESPONSE--------------
Continuing file streaming...
Reading from file stream...
Read 9000 bytes from file
Sent 9000 bytes to client
File streaming in progress - keeping connection alive
Waiting for events on port 8080...
=== GENERATING RESPONSE FOR CLIENT 5 ===
Continuing file streaming...
-----------------RESPONSE--------------
Continuing file streaming...
Reading from file stream...
Read 9000 bytes from file
Sent 9000 bytes to client
File streaming in progress - keeping connection alive
Waiting for events on port 8080...
=== GENERATING RESPONSE FOR CLIENT 5 ===
Continuing file streaming...
-----------------RESPONSE--------------
Continuing file streaming...
Reading from file stream...
Read 9000 bytes from file
Sent 9000 bytes to client
File streaming in progress - keeping connection alive
Waiting for events on port 8080...
=== GENERATING RESPONSE FOR CLIENT 5 ===
Continuing file streaming...
-----------------RESPONSE--------------
Continuing file streaming...
Reading from file stream...
Read 9000 bytes from file
Sent 9000 bytes to client
File streaming in progress - keeping connection alive
Waiting for events on port 8080...
=== GENERATING RESPONSE FOR CLIENT 5 ===
Continuing file streaming...
-----------------RESPONSE--------------
Continuing file streaming...
Reading from file stream...
Read 9000 bytes from file
Sent 9000 bytes to client
File streaming in progress - keeping connection alive
Waiting for events on port 8080...
=== GENERATING RESPONSE FOR CLIENT 5 ===
Continuing file streaming...
-----------------RESPONSE--------------
Continuing file streaming...
Reading from file stream...
Read 9000 bytes from file
Sent 9000 bytes to client
File streaming in progress - keeping connection alive
Waiting for events on port 8080...
=== GENERATING RESPONSE FOR CLIENT 5 ===
Continuing file streaming...
-----------------RESPONSE--------------
Continuing file streaming...
Reading from file stream...
Read 9000 bytes from file
Sent 9000 bytes to client
File streaming in progress - keeping connection alive
Waiting for events on port 8080...
=== GENERATING RESPONSE FOR CLIENT 5 ===
Continuing file streaming...
-----------------RESPONSE--------------
Continuing file streaming...
Reading from file stream...
Read 9000 bytes from file
Sent 9000 bytes to client
File streaming in progress - keeping connection alive
Waiting for events on port 8080...
=== GENERATING RESPONSE FOR CLIENT 5 ===
Continuing file streaming...
-----------------RESPONSE--------------
Continuing file streaming...
Reading from file stream...
Read 9000 bytes from file
Sent 9000 bytes to client
File streaming in progress - keeping connection alive
Waiting for events on port 8080...
=== GENERATING RESPONSE FOR CLIENT 5 ===
Continuing file streaming...
-----------------RESPONSE--------------
Continuing file streaming...
Reading from file stream...
Read 9000 bytes from file
Sent 9000 bytes to client
File streaming in progress - keeping connection alive
Waiting for events on port 8080...
=== GENERATING RESPONSE FOR CLIENT 5 ===
Continuing file streaming...
-----------------RESPONSE--------------
Continuing file streaming...
Reading from file stream...
Read 9000 bytes from file
Sent 9000 bytes to client
File streaming in progress - keeping connection alive
Waiting for events on port 8080...
=== GENERATING RESPONSE FOR CLIENT 5 ===
Continuing file streaming...
-----------------RESPONSE--------------
Continuing file streaming...
Reading from file stream...
Read 9000 bytes from file
Sent 9000 bytes to client
File streaming in progress - keeping connection alive
Waiting for events on port 8080...
=== GENERATING RESPONSE FOR CLIENT 5 ===
Continuing file streaming...
-----------------RESPONSE--------------
Continuing file streaming...
Reading from file stream...
Read 9000 bytes from file
Sent 9000 bytes to client
File streaming in progress - keeping connection alive
Waiting for events on port 8080...
=== GENERATING RESPONSE FOR CLIENT 5 ===
Continuing file streaming...
-----------------RESPONSE--------------
Continuing file streaming...
Reading from file stream...
Read 9000 bytes from file
Sent 9000 bytes to client
File streaming in progress - keeping connection alive
Waiting for events on port 8080...
=== GENERATING RESPONSE FOR CLIENT 5 ===
Continuing file streaming...
-----------------RESPONSE--------------
Continuing file streaming...
Reading from file stream...
Read 9000 bytes from file
Sent 9000 bytes to client
File streaming in progress - keeping connection alive
Waiting for events on port 8080...
=== GENERATING RESPONSE FOR CLIENT 5 ===
Continuing file streaming...
-----------------RESPONSE--------------
Continuing file streaming...
Reading from file stream...
Read 9000 bytes from file
Sent 9000 bytes to client
File streaming in progress - keeping connection alive
Waiting for events on port 8080...
=== GENERATING RESPONSE FOR CLIENT 5 ===
Continuing file streaming...
-----------------RESPONSE--------------
Continuing file streaming...
Reading from file stream...
Read 9000 bytes from file
Sent 9000 bytes to client
File streaming in progress - keeping connection alive
Waiting for events on port 8080...
=== GENERATING RESPONSE FOR CLIENT 5 ===
Continuing file streaming...
-----------------RESPONSE--------------
Continuing file streaming...
Reading from file stream...
Read 9000 bytes from file
Sent 9000 bytes to client
File streaming in progress - keeping connection alive
Waiting for events on port 8080...
=== GENERATING RESPONSE FOR CLIENT 5 ===
Continuing file streaming...
-----------------RESPONSE--------------
Continuing file streaming...
Reading from file stream...
Read 9000 bytes from file
Sent 9000 bytes to client
File streaming in progress - keeping connection alive
Waiting for events on port 8080...
=== GENERATING RESPONSE FOR CLIENT 5 ===
Continuing file streaming...
-----------------RESPONSE--------------
Continuing file streaming...
Reading from file stream...
Read 9000 bytes from file
Sent 9000 bytes to client
File streaming in progress - keeping connection alive
Waiting for events on port 8080...
=== GENERATING RESPONSE FOR CLIENT 5 ===
Continuing file streaming...
-----------------RESPONSE--------------
Continuing file streaming...
Reading from file stream...
Read 9000 bytes from file
Sent 9000 bytes to client
File streaming in progress - keeping connection alive
Waiting for events on port 8080...
=== GENERATING RESPONSE FOR CLIENT 5 ===
Continuing file streaming...
-----------------RESPONSE--------------
Continuing file streaming...
Reading from file stream...
Read 9000 bytes from file
Sent 9000 bytes to client
File streaming in progress - keeping connection alive
Waiting for events on port 8080...
=== GENERATING RESPONSE FOR CLIENT 5 ===
Continuing file streaming...
-----------------RESPONSE--------------
Continuing file streaming...
Reading from file stream...
Read 9000 bytes from file
Sent 9000 bytes to client
File streaming in progress - keeping connection alive
Waiting for events on port 8080...
=== GENERATING RESPONSE FOR CLIENT 5 ===
Continuing file streaming...
-----------------RESPONSE--------------
Continuing file streaming...
Reading from file stream...
Read 9000 bytes from file
Sent 9000 bytes to client
File streaming in progress - keeping connection alive
Waiting for events on port 8080...
=== GENERATING RESPONSE FOR CLIENT 5 ===
Continuing file streaming...
-----------------RESPONSE--------------
Continuing file streaming...
Reading from file stream...
Read 9000 bytes from file
Sent 9000 bytes to client
File streaming in progress - keeping connection alive
Waiting for events on port 8080...
=== GENERATING RESPONSE FOR CLIENT 5 ===
Continuing file streaming...
-----------------RESPONSE--------------
Continuing file streaming...
Reading from file stream...
Read 9000 bytes from file
Sent 9000 bytes to client
File streaming in progress - keeping connection alive
Waiting for events on port 8080...
=== GENERATING RESPONSE FOR CLIENT 5 ===
Continuing file streaming...
-----------------RESPONSE--------------
Continuing file streaming...
Reading from file stream...
Read 9000 bytes from file
Sent 9000 bytes to client
File streaming in progress - keeping connection alive
Waiting for events on port 8080...
=== GENERATING RESPONSE FOR CLIENT 5 ===
Continuing file streaming...
-----------------RESPONSE--------------
Continuing file streaming...
Reading from file stream...
Read 9000 bytes from file
Sent 9000 bytes to client
File streaming in progress - keeping connection alive
Waiting for events on port 8080...
=== GENERATING RESPONSE FOR CLIENT 5 ===
Continuing file streaming...
-----------------RESPONSE--------------
Continuing file streaming...
Reading from file stream...
Read 9000 bytes from file
Sent 9000 bytes to client
File streaming in progress - keeping connection alive
Waiting for events on port 8080...
=== GENERATING RESPONSE FOR CLIENT 5 ===
Continuing file streaming...
-----------------RESPONSE--------------
Continuing file streaming...
Reading from file stream...
Read 9000 bytes from file
Sent 9000 bytes to client
File streaming in progress - keeping connection alive
Waiting for events on port 8080...
=== GENERATING RESPONSE FOR CLIENT 5 ===
Continuing file streaming...
-----------------RESPONSE--------------
Continuing file streaming...
Reading from file stream...
Read 9000 bytes from file
Sent 9000 bytes to client
File streaming in progress - keeping connection alive
Waiting for events on port 8080...
=== GENERATING RESPONSE FOR CLIENT 5 ===
Continuing file streaming...
-----------------RESPONSE--------------
Continuing file streaming...
Reading from file stream...
Read 9000 bytes from file
Sent 9000 bytes to client
File streaming in progress - keeping connection alive
Waiting for events on port 8080...
=== GENERATING RESPONSE FOR CLIENT 5 ===
Continuing file streaming...
-----------------RESPONSE--------------
Continuing file streaming...
Reading from file stream...
Read 9000 bytes from file
Sent 9000 bytes to client
File streaming in progress - keeping connection alive
Waiting for events on port 8080...
=== GENERATING RESPONSE FOR CLIENT 5 ===
Continuing file streaming...
-----------------RESPONSE--------------
Continuing file streaming...
Reading from file stream...
Read 9000 bytes from file
Sent 9000 bytes to client
File streaming in progress - keeping connection alive
Waiting for events on port 8080...
=== GENERATING RESPONSE FOR CLIENT 5 ===
Continuing file streaming...
-----------------RESPONSE--------------
Continuing file streaming...
Reading from file stream...
Read 9000 bytes from file
Sent 9000 bytes to client
File streaming in progress - keeping connection alive
Waiting for events on port 8080...
=== GENERATING RESPONSE FOR CLIENT 5 ===
Continuing file streaming...
-----------------RESPONSE--------------
Continuing file streaming...
Reading from file stream...
Read 9000 bytes from file
Sent 9000 bytes to client
File streaming in progress - keeping connection alive
Waiting for events on port 8080...
=== GENERATING RESPONSE FOR CLIENT 5 ===
Continuing file streaming...
-----------------RESPONSE--------------
Continuing file streaming...
Reading from file stream...
Read 9000 bytes from file
Sent 9000 bytes to client
File streaming in progress - keeping connection alive
Waiting for events on port 8080...
=== GENERATING RESPONSE FOR CLIENT 5 ===
Continuing file streaming...
-----------------RESPONSE--------------
Continuing file streaming...
Reading from file stream...
Read 9000 bytes from file
Sent 9000 bytes to client
File streaming in progress - keeping connection alive
Waiting for events on port 8080...
=== GENERATING RESPONSE FOR CLIENT 5 ===
Continuing file streaming...
-----------------RESPONSE--------------
Continuing file streaming...
Reading from file stream...
Read 9000 bytes from file
Sent 9000 bytes to client
File streaming in progress - keeping connection alive
Waiting for events on port 8080...
=== GENERATING RESPONSE FOR CLIENT 5 ===
Continuing file streaming...
-----------------RESPONSE--------------
Continuing file streaming...
Reading from file stream...
Read 9000 bytes from file
Sent 9000 bytes to client
File streaming in progress - keeping connection alive
Waiting for events on port 8080...
=== GENERATING RESPONSE FOR CLIENT 5 ===
Continuing file streaming...
-----------------RESPONSE--------------
Continuing file streaming...
Reading from file stream...
Read 9000 bytes from file
Sent 9000 bytes to client
File streaming in progress - keeping connection alive
Waiting for events on port 8080...
=== GENERATING RESPONSE FOR CLIENT 5 ===
Continuing file streaming...
-----------------RESPONSE--------------
Continuing file streaming...
Reading from file stream...
Read 9000 bytes from file
Sent 9000 bytes to client
File streaming in progress - keeping connection alive
Waiting for events on port 8080...
=== GENERATING RESPONSE FOR CLIENT 5 ===
Continuing file streaming...
-----------------RESPONSE--------------
Continuing file streaming...
Reading from file stream...
Read 9000 bytes from file
Sent 9000 bytes to client
File streaming in progress - keeping connection alive
Waiting for events on port 8080...
=== GENERATING RESPONSE FOR CLIENT 5 ===
Continuing file streaming...
-----------------RESPONSE--------------
Continuing file streaming...
Reading from file stream...
Read 9000 bytes from file
Sent 9000 bytes to client
File streaming in progress - keeping connection alive
Waiting for events on port 8080...
=== GENERATING RESPONSE FOR CLIENT 5 ===
Continuing file streaming...
-----------------RESPONSE--------------
Continuing file streaming...
Reading from file stream...
Read 9000 bytes from file
Sent 9000 bytes to client
File streaming in progress - keeping connection alive
Waiting for events on port 8080...
=== GENERATING RESPONSE FOR CLIENT 5 ===
Continuing file streaming...
-----------------RESPONSE--------------
Continuing file streaming...
Reading from file stream...
Read 9000 bytes from file
Sent 9000 bytes to client
File streaming in progress - keeping connection alive
Waiting for events on port 8080...
=== GENERATING RESPONSE FOR CLIENT 5 ===
Continuing file streaming...
-----------------RESPONSE--------------
Continuing file streaming...
Reading from file stream...
Read 9000 bytes from file
Sent 9000 bytes to client
File streaming in progress - keeping connection alive
Waiting for events on port 8080...
=== GENERATING RESPONSE FOR CLIENT 5 ===
Continuing file streaming...
-----------------RESPONSE--------------
Continuing file streaming...
Reading from file stream...
Read 9000 bytes from file
Sent 9000 bytes to client
File streaming in progress - keeping connection alive
Waiting for events on port 8080...
=== GENERATING RESPONSE FOR CLIENT 5 ===
Continuing file streaming...
-----------------RESPONSE--------------
Continuing file streaming...
Reading from file stream...
Read 9000 bytes from file
Sent 9000 bytes to client
File streaming in progress - keeping connection alive
Waiting for events on port 8080...
=== GENERATING RESPONSE FOR CLIENT 5 ===
Continuing file streaming...
-----------------RESPONSE--------------
Continuing file streaming...
Reading from file stream...
Read 9000 bytes from file
Sent 9000 bytes to client
File streaming in progress - keeping connection alive
Waiting for events on port 8080...
=== GENERATING RESPONSE FOR CLIENT 5 ===
Continuing file streaming...
-----------------RESPONSE--------------
Continuing file streaming...
Reading from file stream...
Read 9000 bytes from file
Sent 9000 bytes to client
File streaming in progress - keeping connection alive
Waiting for events on port 8080...
=== GENERATING RESPONSE FOR CLIENT 5 ===
Continuing file streaming...
-----------------RESPONSE--------------
Continuing file streaming...
Reading from file stream...
Read 9000 bytes from file
Sent 9000 bytes to client
File streaming in progress - keeping connection alive
Waiting for events on port 8080...
=== GENERATING RESPONSE FOR CLIENT 5 ===
Continuing file streaming...
-----------------RESPONSE--------------
Continuing file streaming...
Reading from file stream...
Read 9000 bytes from file
Sent 9000 bytes to client
File streaming in progress - keeping connection alive
Waiting for events on port 8080...
=== GENERATING RESPONSE FOR CLIENT 5 ===
Continuing file streaming...
-----------------RESPONSE--------------
Continuing file streaming...
Reading from file stream...
Read 9000 bytes from file
Sent 9000 bytes to client
File streaming in progress - keeping connection alive
Waiting for events on port 8080...
=== GENERATING RESPONSE FOR CLIENT 5 ===
Continuing file streaming...
-----------------RESPONSE--------------
Continuing file streaming...
Reading from file stream...
Read 9000 bytes from file
Sent 9000 bytes to client
File streaming in progress - keeping connection alive
Waiting for events on port 8080...
=== GENERATING RESPONSE FOR CLIENT 5 ===
Continuing file streaming...
-----------------RESPONSE--------------
Continuing file streaming...
Reading from file stream...
Read 9000 bytes from file
Sent 9000 bytes to client
File streaming in progress - keeping connection alive
Waiting for events on port 8080...
=== GENERATING RESPONSE FOR CLIENT 5 ===
Continuing file streaming...
-----------------RESPONSE--------------
Continuing file streaming...
Reading from file stream...
Read 9000 bytes from file
Sent 9000 bytes to client
File streaming in progress - keeping connection alive
Waiting for events on port 8080...
=== GENERATING RESPONSE FOR CLIENT 5 ===
Continuing file streaming...
-----------------RESPONSE--------------
Continuing file streaming...
Reading from file stream...
Read 9000 bytes from file
Sent 9000 bytes to client
File streaming in progress - keeping connection alive
Waiting for events on port 8080...
=== GENERATING RESPONSE FOR CLIENT 5 ===
Continuing file streaming...
-----------------RESPONSE--------------
Continuing file streaming...
Reading from file stream...
Read 9000 bytes from file
Sent 9000 bytes to client
File streaming in progress - keeping connection alive
Waiting for events on port 8080...
=== GENERATING RESPONSE FOR CLIENT 5 ===
Continuing file streaming...
-----------------RESPONSE--------------
Continuing file streaming...
Reading from file stream...
Read 9000 bytes from file
Sent 9000 bytes to client
File streaming in progress - keeping connection alive
Waiting for events on port 8080...
=== GENERATING RESPONSE FOR CLIENT 5 ===
Continuing file streaming...
-----------------RESPONSE--------------
Continuing file streaming...
Reading from file stream...
Read 9000 bytes from file
Sent 9000 bytes to client
File streaming in progress - keeping connection alive
Waiting for events on port 8080...
=== GENERATING RESPONSE FOR CLIENT 5 ===
Continuing file streaming...
-----------------RESPONSE--------------
Continuing file streaming...
Reading from file stream...
Read 9000 bytes from file
Sent 9000 bytes to client
File streaming in progress - keeping connection alive
Waiting for events on port 8080...
=== GENERATING RESPONSE FOR CLIENT 5 ===
Continuing file streaming...
-----------------RESPONSE--------------
Continuing file streaming...
Reading from file stream...
Read 9000 bytes from file
Sent 9000 bytes to client
File streaming in progress - keeping connection alive
Waiting for events on port 8080...
=== GENERATING RESPONSE FOR CLIENT 5 ===
Continuing file streaming...
-----------------RESPONSE--------------
Continuing file streaming...
Reading from file stream...
Read 9000 bytes from file
Sent 9000 bytes to client
File streaming in progress - keeping connection alive
Waiting for events on port 8080...
=== GENERATING RESPONSE FOR CLIENT 5 ===
Continuing file streaming...
-----------------RESPONSE--------------
Continuing file streaming...
Reading from file stream...
Read 9000 bytes from file
Sent 9000 bytes to client
File streaming in progress - keeping connection alive
Waiting for events on port 8080...
=== GENERATING RESPONSE FOR CLIENT 5 ===
Continuing file streaming...
-----------------RESPONSE--------------
Continuing file streaming...
Reading from file stream...
Read 9000 bytes from file
Sent 9000 bytes to client
File streaming in progress - keeping connection alive
Waiting for events on port 8080...
=== GENERATING RESPONSE FOR CLIENT 5 ===
Continuing file streaming...
-----------------RESPONSE--------------
Continuing file streaming...
Reading from file stream...
Read 9000 bytes from file
Sent 9000 bytes to client
File streaming in progress - keeping connection alive
Waiting for events on port 8080...
=== GENERATING RESPONSE FOR CLIENT 5 ===
Continuing file streaming...
-----------------RESPONSE--------------
Continuing file streaming...
Reading from file stream...
Read 9000 bytes from file
Sent 9000 bytes to client
File streaming in progress - keeping connection alive
Waiting for events on port 8080...
=== GENERATING RESPONSE FOR CLIENT 5 ===
Continuing file streaming...
-----------------RESPONSE--------------
Continuing file streaming...
Reading from file stream...
Read 9000 bytes from file
Sent 9000 bytes to client
File streaming in progress - keeping connection alive
Waiting for events on port 8080...
=== GENERATING RESPONSE FOR CLIENT 5 ===
Continuing file streaming...
-----------------RESPONSE--------------
Continuing file streaming...
Reading from file stream...
Read 9000 bytes from file
Sent 9000 bytes to client
File streaming in progress - keeping connection alive
Waiting for events on port 8080...
=== GENERATING RESPONSE FOR CLIENT 5 ===
Continuing file streaming...
-----------------RESPONSE--------------
Continuing file streaming...
Reading from file stream...
Read 9000 bytes from file
Sent 9000 bytes to client
File streaming in progress - keeping connection alive
Waiting for events on port 8080...
=== GENERATING RESPONSE FOR CLIENT 5 ===
Continuing file streaming...
-----------------RESPONSE--------------
Continuing file streaming...
Reading from file stream...
Read 9000 bytes from file
Sent 9000 bytes to client
File streaming in progress - keeping connection alive
Waiting for events on port 8080...
=== GENERATING RESPONSE FOR CLIENT 5 ===
Continuing file streaming...
-----------------RESPONSE--------------
Continuing file streaming...
Reading from file stream...
Read 9000 bytes from file
Sent 9000 bytes to client
File streaming in progress - keeping connection alive
Waiting for events on port 8080...
=== GENERATING RESPONSE FOR CLIENT 5 ===
Continuing file streaming...
-----------------RESPONSE--------------
Continuing file streaming...
Reading from file stream...
Read 9000 bytes from file
Sent 9000 bytes to client
File streaming in progress - keeping connection alive
Waiting for events on port 8080...
=== GENERATING RESPONSE FOR CLIENT 5 ===
Continuing file streaming...
-----------------RESPONSE--------------
Continuing file streaming...
Reading from file stream...
Read 9000 bytes from file
Sent 9000 bytes to client
File streaming in progress - keeping connection alive
Waiting for events on port 8080...
=== GENERATING RESPONSE FOR CLIENT 5 ===
Continuing file streaming...
-----------------RESPONSE--------------
Continuing file streaming...
Reading from file stream...
Read 9000 bytes from file
Sent 9000 bytes to client
File streaming in progress - keeping connection alive
Waiting for events on port 8080...
=== GENERATING RESPONSE FOR CLIENT 5 ===
Continuing file streaming...
-----------------RESPONSE--------------
Continuing file streaming...
Reading from file stream...
Read 9000 bytes from file
Sent 9000 bytes to client
File streaming in progress - keeping connection alive
Waiting for events on port 8080...
=== GENERATING RESPONSE FOR CLIENT 5 ===
Continuing file streaming...
-----------------RESPONSE--------------
Continuing file streaming...
Reading from file stream...
Read 9000 bytes from file
Sent 9000 bytes to client
File streaming in progress - keeping connection alive
Waiting for events on port 8080...
=== GENERATING RESPONSE FOR CLIENT 5 ===
Continuing file streaming...
-----------------RESPONSE--------------
Continuing file streaming...
Reading from file stream...
Read 9000 bytes from file
Sent 9000 bytes to client
File streaming in progress - keeping connection alive
Waiting for events on port 8080...
=== GENERATING RESPONSE FOR CLIENT 5 ===
Continuing file streaming...
-----------------RESPONSE--------------
Continuing file streaming...
Reading from file stream...
Read 9000 bytes from file
Sent 9000 bytes to client
File streaming in progress - keeping connection alive
Waiting for events on port 8080...
=== GENERATING RESPONSE FOR CLIENT 5 ===
Continuing file streaming...
-----------------RESPONSE--------------
Continuing file streaming...
Reading from file stream...
Read 9000 bytes from file
Sent 9000 bytes to client
File streaming in progress - keeping connection alive
Waiting for events on port 8080...
=== GENERATING RESPONSE FOR CLIENT 5 ===
Continuing file streaming...
-----------------RESPONSE--------------
Continuing file streaming...
Reading from file stream...
Read 9000 bytes from file
Sent 9000 bytes to client
File streaming in progress - keeping connection alive
Waiting for events on port 8080...
=== GENERATING RESPONSE FOR CLIENT 5 ===
Continuing file streaming...
-----------------RESPONSE--------------
Continuing file streaming...
Reading from file stream...
Read 9000 bytes from file
Sent 9000 bytes to client
File streaming in progress - keeping connection alive
Waiting for events on port 8080...
=== GENERATING RESPONSE FOR CLIENT 5 ===
Continuing file streaming...
-----------------RESPONSE--------------
Continuing file streaming...
Reading from file stream...
Read 9000 bytes from file
Sent 9000 bytes to client
File streaming in progress - keeping connection alive
Waiting for events on port 8080...
=== GENERATING RESPONSE FOR CLIENT 5 ===
Continuing file streaming...
-----------------RESPONSE--------------
Continuing file streaming...
Reading from file stream...
Read 9000 bytes from file
Sent 9000 bytes to client
File streaming in progress - keeping connection alive
Waiting for events on port 8080...
=== GENERATING RESPONSE FOR CLIENT 5 ===
Continuing file streaming...
-----------------RESPONSE--------------
Continuing file streaming...
Reading from file stream...
Read 9000 bytes from file
Sent 9000 bytes to client
File streaming in progress - keeping connection alive
Waiting for events on port 8080...
=== GENERATING RESPONSE FOR CLIENT 5 ===
Continuing file streaming...
-----------------RESPONSE--------------
Continuing file streaming...
Reading from file stream...
Read 9000 bytes from file
Sent 9000 bytes to client
File streaming in progress - keeping connection alive
Waiting for events on port 8080...
=== GENERATING RESPONSE FOR CLIENT 5 ===
Continuing file streaming...
-----------------RESPONSE--------------
Continuing file streaming...
Reading from file stream...
Read 9000 bytes from file
Sent 9000 bytes to client
File streaming in progress - keeping connection alive
Waiting for events on port 8080...
=== GENERATING RESPONSE FOR CLIENT 5 ===
Continuing file streaming...
-----------------RESPONSE--------------
Continuing file streaming...
Reading from file stream...
Read 9000 bytes from file
Sent 9000 bytes to client
File streaming in progress - keeping connection alive
Waiting for events on port 8080...
=== GENERATING RESPONSE FOR CLIENT 5 ===
Continuing file streaming...
-----------------RESPONSE--------------
Continuing file streaming...
Reading from file stream...
Read 9000 bytes from file
Sent 9000 bytes to client
File streaming in progress - keeping connection alive
Waiting for events on port 8080...
=== GENERATING RESPONSE FOR CLIENT 5 ===
Continuing file streaming...
-----------------RESPONSE--------------
Continuing file streaming...
Reading from file stream...
Read 9000 bytes from file
Sent 9000 bytes to client
File streaming in progress - keeping connection alive
Waiting for events on port 8080...
=== GENERATING RESPONSE FOR CLIENT 5 ===
Continuing file streaming...
-----------------RESPONSE--------------
Continuing file streaming...
Reading from file stream...
Read 9000 bytes from file
Sent 9000 bytes to client
File streaming in progress - keeping connection alive
Waiting for events on port 8080...
=== GENERATING RESPONSE FOR CLIENT 5 ===
Continuing file streaming...
-----------------RESPONSE--------------
Continuing file streaming...
Reading from file stream...
Read 9000 bytes from file
Sent 9000 bytes to client
File streaming in progress - keeping connection alive
Waiting for events on port 8080...
=== GENERATING RESPONSE FOR CLIENT 5 ===
Continuing file streaming...
-----------------RESPONSE--------------
Continuing file streaming...
Reading from file stream...
Read 9000 bytes from file
Sent -1 bytes to client
Client disconnected during streaming - finishing
Response complete - cleaning up connection
=== CLEANING UP CLIENT 5 ===
✓ Client 5 was connected for 0 seconds
✓ Client 5 made 1 requests
✓ Client 5 removed from epoll
✓ Client 5 socket closed
Client destructor called
✓ Client 5 removed from active clients map
✓ Remaining active clients: 0
Waiting for events on port 8080...
Creating a new HTTP request parser with modular handlers
Client constructor called
✓ New client connected: 5
Creating a new HTTP request parser with modular handlers
Client constructor called
Client destructor called
Client destructor called
✓ Client 5 added to map
✓ Total active clients: 1
Client destructor called
Waiting for events on port 8080...
=== CLIENT 5: PROCESSING REQUEST ===
Message from client 5: GET /files/The.Bear.S04E03.EgyDead.CoM.mp4 HTTP/1.1
Host: 127.0.0.1:8080
Connection: keep-alive
sec-ch-ua-platform: "Linux"
Accept-Encoding: identity;q=1, *;q=0
User-Agent: Mozilla/5.0 (X11; Linux x86_64) AppleWebKit/537.36 (KHTML, like Gecko) Chrome/138.0.0.0 Safari/537.36
sec-ch-ua: "Not)A;Brand";v="8", "Chromium";v="138", "Google Chrome";v="138"
sec-ch-ua-mobile: ?0
Accept: */*
Sec-Fetch-Site: same-origin
Sec-Fetch-Mode: no-cors
Sec-Fetch-Dest: video
Referer: http://127.0.0.1:8080/files/The.Bear.S04E03.EgyDead.CoM.mp4
Accept-Language: en-US,en;q=0.9,ar;q=0.8
Range: bytes=0-


=== GOT 601 NEW BYTES FROM CLIENT ===
Total data we have now: 601 bytes
Found all headers! Now reading them...
Found header: Host = 127.0.0.1:8080
Found header: Connection = keep-alive
Found header: sec-ch-ua-platform = "Linux"
Found header: Accept-Encoding = identity;q=1, *;q=0
Found header: User-Agent = Mozilla/5.0 (X11; Linux x86_64) AppleWebKit/537.36 (KHTML, like Gecko) Chrome/138.0.0.0 Safari/537.36
Found header: sec-ch-ua = "Not)A;Brand";v="8", "Chromium";v="138", "Google Chrome";v="138"
Found header: sec-ch-ua-mobile = ?0
Found header: Accept = */*
Found header: Sec-Fetch-Site = same-origin
Found header: Sec-Fetch-Mode = no-cors
Found header: Sec-Fetch-Dest = video
Found header: Referer = http://127.0.0.1:8080/files/The.Bear.S04E03.EgyDead.CoM.mp4
Found header: Accept-Language = en-US,en;q=0.9,ar;q=0.8
Found header: Range = bytes=0-
Successfully read all headers!
HTTP Method: GET, Requested Path: /files/The.Bear.S04E03.EgyDead.CoM.mp4, Version: HTTP/1.1
Processing request data - checking handler...
=== GET HANDLER - COMPREHENSIVE VALIDATION ===
Requested path: '/files/The.Bear.S04E03.EgyDead.CoM.mp4'
Request fully processed and ready!
Final request - Method: GET Path: /files/The.Bear.S04E03.EgyDead.CoM.mp4
Waiting for events on port 8080...
=== GENERATING RESPONSE FOR CLIENT 5 ===
Creating normal response for path: /files/The.Bear.S04E03.EgyDead.CoM.mp4
=== ANALYZING REQUEST PATH: /files/The.Bear.S04E03.EgyDead.CoM.mp4 ===
Trying to serve file: www/files/The.Bear.S04E03.EgyDead.CoM.mp4
-----------------RESPONSE--------------
Starting file streaming for: www/files/The.Bear.S04E03.EgyDead.CoM.mp4
File size: 606047425 bytes
Sending headers: 90 bytes
File opened successfully for streaming. Stream good: 1
File streaming in progress - keeping connection alive
Waiting for events on port 8080...
=== GENERATING RESPONSE FOR CLIENT 5 ===
Continuing file streaming...
-----------------RESPONSE--------------
Continuing file streaming...
Reading from file stream...
Read 9000 bytes from file
Sent 9000 bytes to client
File streaming in progress - keeping connection alive
Waiting for events on port 8080...
=== GENERATING RESPONSE FOR CLIENT 5 ===
Continuing file streaming...
-----------------RESPONSE--------------
Continuing file streaming...
Reading from file stream...
Read 9000 bytes from file
Sent 9000 bytes to client
File streaming in progress - keeping connection alive
Waiting for events on port 8080...
=== GENERATING RESPONSE FOR CLIENT 5 ===
Continuing file streaming...
-----------------RESPONSE--------------
Continuing file streaming...
Reading from file stream...
Read 9000 bytes from file
Sent 9000 bytes to client
File streaming in progress - keeping connection alive
Waiting for events on port 8080...
=== GENERATING RESPONSE FOR CLIENT 5 ===
Continuing file streaming...
-----------------RESPONSE--------------
Continuing file streaming...
Reading from file stream...
Read 9000 bytes from file
Sent 9000 bytes to client
File streaming in progress - keeping connection alive
Waiting for events on port 8080...
=== GENERATING RESPONSE FOR CLIENT 5 ===
Continuing file streaming...
-----------------RESPONSE--------------
Continuing file streaming...
Reading from file stream...
Read 9000 bytes from file
Sent 9000 bytes to client
File streaming in progress - keeping connection alive
Waiting for events on port 8080...
=== GENERATING RESPONSE FOR CLIENT 5 ===
Continuing file streaming...
-----------------RESPONSE--------------
Continuing file streaming...
Reading from file stream...
Read 9000 bytes from file
Sent 9000 bytes to client
File streaming in progress - keeping connection alive
Waiting for events on port 8080...
=== GENERATING RESPONSE FOR CLIENT 5 ===
Continuing file streaming...
-----------------RESPONSE--------------
Continuing file streaming...
Reading from file stream...
Read 9000 bytes from file
Sent 9000 bytes to client
File streaming in progress - keeping connection alive
Waiting for events on port 8080...
=== GENERATING RESPONSE FOR CLIENT 5 ===
Continuing file streaming...
-----------------RESPONSE--------------
Continuing file streaming...
Reading from file stream...
Read 9000 bytes from file
Sent 9000 bytes to client
File streaming in progress - keeping connection alive
Waiting for events on port 8080...
=== GENERATING RESPONSE FOR CLIENT 5 ===
Continuing file streaming...
-----------------RESPONSE--------------
Continuing file streaming...
Reading from file stream...
Read 9000 bytes from file
Sent 9000 bytes to client
File streaming in progress - keeping connection alive
Waiting for events on port 8080...
=== GENERATING RESPONSE FOR CLIENT 5 ===
Continuing file streaming...
-----------------RESPONSE--------------
Continuing file streaming...
Reading from file stream...
Read 9000 bytes from file
Sent 9000 bytes to client
File streaming in progress - keeping connection alive
Waiting for events on port 8080...
=== GENERATING RESPONSE FOR CLIENT 5 ===
Continuing file streaming...
-----------------RESPONSE--------------
Continuing file streaming...
Reading from file stream...
Read 9000 bytes from file
Sent 9000 bytes to client
File streaming in progress - keeping connection alive
Waiting for events on port 8080...
=== GENERATING RESPONSE FOR CLIENT 5 ===
Continuing file streaming...
-----------------RESPONSE--------------
Continuing file streaming...
Reading from file stream...
Read 9000 bytes from file
Sent 9000 bytes to client
File streaming in progress - keeping connection alive
Waiting for events on port 8080...
=== GENERATING RESPONSE FOR CLIENT 5 ===
Continuing file streaming...
-----------------RESPONSE--------------
Continuing file streaming...
Reading from file stream...
Read 9000 bytes from file
Sent 9000 bytes to client
File streaming in progress - keeping connection alive
Waiting for events on port 8080...
=== GENERATING RESPONSE FOR CLIENT 5 ===
Continuing file streaming...
-----------------RESPONSE--------------
Continuing file streaming...
Reading from file stream...
Read 9000 bytes from file
Sent 9000 bytes to client
File streaming in progress - keeping connection alive
Waiting for events on port 8080...
=== GENERATING RESPONSE FOR CLIENT 5 ===
Continuing file streaming...
-----------------RESPONSE--------------
Continuing file streaming...
Reading from file stream...
Read 9000 bytes from file
Sent 9000 bytes to client
File streaming in progress - keeping connection alive
Waiting for events on port 8080...
=== GENERATING RESPONSE FOR CLIENT 5 ===
Continuing file streaming...
-----------------RESPONSE--------------
Continuing file streaming...
Reading from file stream...
Read 9000 bytes from file
Sent 9000 bytes to client
File streaming in progress - keeping connection alive
Waiting for events on port 8080...
=== GENERATING RESPONSE FOR CLIENT 5 ===
Continuing file streaming...
-----------------RESPONSE--------------
Continuing file streaming...
Reading from file stream...
Read 9000 bytes from file
Sent 9000 bytes to client
File streaming in progress - keeping connection alive
Waiting for events on port 8080...
=== GENERATING RESPONSE FOR CLIENT 5 ===
Continuing file streaming...
-----------------RESPONSE--------------
Continuing file streaming...
Reading from file stream...
Read 9000 bytes from file
Sent 9000 bytes to client
File streaming in progress - keeping connection alive
Waiting for events on port 8080...
=== GENERATING RESPONSE FOR CLIENT 5 ===
Continuing file streaming...
-----------------RESPONSE--------------
Continuing file streaming...
Reading from file stream...
Read 9000 bytes from file
Sent 9000 bytes to client
File streaming in progress - keeping connection alive
Waiting for events on port 8080...
=== GENERATING RESPONSE FOR CLIENT 5 ===
Continuing file streaming...
-----------------RESPONSE--------------
Continuing file streaming...
Reading from file stream...
Read 9000 bytes from file
Sent 9000 bytes to client
File streaming in progress - keeping connection alive
Waiting for events on port 8080...
=== GENERATING RESPONSE FOR CLIENT 5 ===
Continuing file streaming...
-----------------RESPONSE--------------
Continuing file streaming...
Reading from file stream...
Read 9000 bytes from file
Sent 9000 bytes to client
File streaming in progress - keeping connection alive
Waiting for events on port 8080...
=== GENERATING RESPONSE FOR CLIENT 5 ===
Continuing file streaming...
-----------------RESPONSE--------------
Continuing file streaming...
Reading from file stream...
Read 9000 bytes from file
Sent 9000 bytes to client
File streaming in progress - keeping connection alive
Waiting for events on port 8080...
=== GENERATING RESPONSE FOR CLIENT 5 ===
Continuing file streaming...
-----------------RESPONSE--------------
Continuing file streaming...
Reading from file stream...
Read 9000 bytes from file
Sent 9000 bytes to client
File streaming in progress - keeping connection alive
Waiting for events on port 8080...
=== GENERATING RESPONSE FOR CLIENT 5 ===
Continuing file streaming...
-----------------RESPONSE--------------
Continuing file streaming...
Reading from file stream...
Read 9000 bytes from file
Sent 9000 bytes to client
File streaming in progress - keeping connection alive
Waiting for events on port 8080...
=== GENERATING RESPONSE FOR CLIENT 5 ===
Continuing file streaming...
-----------------RESPONSE--------------
Continuing file streaming...
Reading from file stream...
Read 9000 bytes from file
Sent 9000 bytes to client
File streaming in progress - keeping connection alive
Waiting for events on port 8080...
=== GENERATING RESPONSE FOR CLIENT 5 ===
Continuing file streaming...
-----------------RESPONSE--------------
Continuing file streaming...
Reading from file stream...
Read 9000 bytes from file
Sent 9000 bytes to client
File streaming in progress - keeping connection alive
Waiting for events on port 8080...
=== GENERATING RESPONSE FOR CLIENT 5 ===
Continuing file streaming...
-----------------RESPONSE--------------
Continuing file streaming...
Reading from file stream...
Read 9000 bytes from file
Sent 9000 bytes to client
File streaming in progress - keeping connection alive
Waiting for events on port 8080...
=== GENERATING RESPONSE FOR CLIENT 5 ===
Continuing file streaming...
-----------------RESPONSE--------------
Continuing file streaming...
Reading from file stream...
Read 9000 bytes from file
Sent 9000 bytes to client
File streaming in progress - keeping connection alive
Waiting for events on port 8080...
=== GENERATING RESPONSE FOR CLIENT 5 ===
Continuing file streaming...
-----------------RESPONSE--------------
Continuing file streaming...
Reading from file stream...
Read 9000 bytes from file
Sent 9000 bytes to client
File streaming in progress - keeping connection alive
Waiting for events on port 8080...
=== GENERATING RESPONSE FOR CLIENT 5 ===
Continuing file streaming...
-----------------RESPONSE--------------
Continuing file streaming...
Reading from file stream...
Read 9000 bytes from file
Sent 9000 bytes to client
File streaming in progress - keeping connection alive
Waiting for events on port 8080...
=== GENERATING RESPONSE FOR CLIENT 5 ===
Continuing file streaming...
-----------------RESPONSE--------------
Continuing file streaming...
Reading from file stream...
Read 9000 bytes from file
Sent 9000 bytes to client
File streaming in progress - keeping connection alive
Waiting for events on port 8080...
=== GENERATING RESPONSE FOR CLIENT 5 ===
Continuing file streaming...
-----------------RESPONSE--------------
Continuing file streaming...
Reading from file stream...
Read 9000 bytes from file
Sent 9000 bytes to client
File streaming in progress - keeping connection alive
Waiting for events on port 8080...
=== GENERATING RESPONSE FOR CLIENT 5 ===
Continuing file streaming...
-----------------RESPONSE--------------
Continuing file streaming...
Reading from file stream...
Read 9000 bytes from file
Sent 9000 bytes to client
File streaming in progress - keeping connection alive
Waiting for events on port 8080...
=== GENERATING RESPONSE FOR CLIENT 5 ===
Continuing file streaming...
-----------------RESPONSE--------------
Continuing file streaming...
Reading from file stream...
Read 9000 bytes from file
Sent 9000 bytes to client
File streaming in progress - keeping connection alive
Waiting for events on port 8080...
=== GENERATING RESPONSE FOR CLIENT 5 ===
Continuing file streaming...
-----------------RESPONSE--------------
Continuing file streaming...
Reading from file stream...
Read 9000 bytes from file
Sent 9000 bytes to client
File streaming in progress - keeping connection alive
Waiting for events on port 8080...
=== GENERATING RESPONSE FOR CLIENT 5 ===
Continuing file streaming...
-----------------RESPONSE--------------
Continuing file streaming...
Reading from file stream...
Read 9000 bytes from file
Sent 9000 bytes to client
File streaming in progress - keeping connection alive
Waiting for events on port 8080...
=== GENERATING RESPONSE FOR CLIENT 5 ===
Continuing file streaming...
-----------------RESPONSE--------------
Continuing file streaming...
Reading from file stream...
Read 9000 bytes from file
Sent 9000 bytes to client
File streaming in progress - keeping connection alive
Waiting for events on port 8080...
=== GENERATING RESPONSE FOR CLIENT 5 ===
Continuing file streaming...
-----------------RESPONSE--------------
Continuing file streaming...
Reading from file stream...
Read 9000 bytes from file
Sent 9000 bytes to client
File streaming in progress - keeping connection alive
Waiting for events on port 8080...
=== GENERATING RESPONSE FOR CLIENT 5 ===
Continuing file streaming...
-----------------RESPONSE--------------
Continuing file streaming...
Reading from file stream...
Read 9000 bytes from file
Sent 9000 bytes to client
File streaming in progress - keeping connection alive
Waiting for events on port 8080...
=== GENERATING RESPONSE FOR CLIENT 5 ===
Continuing file streaming...
-----------------RESPONSE--------------
Continuing file streaming...
Reading from file stream...
Read 9000 bytes from file
Sent 9000 bytes to client
File streaming in progress - keeping connection alive
Waiting for events on port 8080...
=== GENERATING RESPONSE FOR CLIENT 5 ===
Continuing file streaming...
-----------------RESPONSE--------------
Continuing file streaming...
Reading from file stream...
Read 9000 bytes from file
Sent 9000 bytes to client
File streaming in progress - keeping connection alive
Waiting for events on port 8080...
=== GENERATING RESPONSE FOR CLIENT 5 ===
Continuing file streaming...
-----------------RESPONSE--------------
Continuing file streaming...
Reading from file stream...
Read 9000 bytes from file
Sent 9000 bytes to client
File streaming in progress - keeping connection alive
Waiting for events on port 8080...
=== GENERATING RESPONSE FOR CLIENT 5 ===
Continuing file streaming...
-----------------RESPONSE--------------
Continuing file streaming...
Reading from file stream...
Read 9000 bytes from file
Sent 9000 bytes to client
File streaming in progress - keeping connection alive
Waiting for events on port 8080...
=== GENERATING RESPONSE FOR CLIENT 5 ===
Continuing file streaming...
-----------------RESPONSE--------------
Continuing file streaming...
Reading from file stream...
Read 9000 bytes from file
Sent 9000 bytes to client
File streaming in progress - keeping connection alive
Waiting for events on port 8080...
=== GENERATING RESPONSE FOR CLIENT 5 ===
Continuing file streaming...
-----------------RESPONSE--------------
Continuing file streaming...
Reading from file stream...
Read 9000 bytes from file
Sent 9000 bytes to client
File streaming in progress - keeping connection alive
Waiting for events on port 8080...
=== GENERATING RESPONSE FOR CLIENT 5 ===
Continuing file streaming...
-----------------RESPONSE--------------
Continuing file streaming...
Reading from file stream...
Read 9000 bytes from file
Sent 9000 bytes to client
File streaming in progress - keeping connection alive
Waiting for events on port 8080...
=== GENERATING RESPONSE FOR CLIENT 5 ===
Continuing file streaming...
-----------------RESPONSE--------------
Continuing file streaming...
Reading from file stream...
Read 9000 bytes from file
Sent 9000 bytes to client
File streaming in progress - keeping connection alive
Waiting for events on port 8080...
=== GENERATING RESPONSE FOR CLIENT 5 ===
Continuing file streaming...
-----------------RESPONSE--------------
Continuing file streaming...
Reading from file stream...
Read 9000 bytes from file
Sent 9000 bytes to client
File streaming in progress - keeping connection alive
Waiting for events on port 8080...
=== GENERATING RESPONSE FOR CLIENT 5 ===
Continuing file streaming...
-----------------RESPONSE--------------
Continuing file streaming...
Reading from file stream...
Read 9000 bytes from file
Sent 9000 bytes to client
File streaming in progress - keeping connection alive
Waiting for events on port 8080...
=== GENERATING RESPONSE FOR CLIENT 5 ===
Continuing file streaming...
-----------------RESPONSE--------------
Continuing file streaming...
Reading from file stream...
Read 9000 bytes from file
Sent 9000 bytes to client
File streaming in progress - keeping connection alive
Waiting for events on port 8080...
=== GENERATING RESPONSE FOR CLIENT 5 ===
Continuing file streaming...
-----------------RESPONSE--------------
Continuing file streaming...
Reading from file stream...
Read 9000 bytes from file
Sent 9000 bytes to client
File streaming in progress - keeping connection alive
Waiting for events on port 8080...
=== GENERATING RESPONSE FOR CLIENT 5 ===
Continuing file streaming...
-----------------RESPONSE--------------
Continuing file streaming...
Reading from file stream...
Read 9000 bytes from file
Sent 9000 bytes to client
File streaming in progress - keeping connection alive
Waiting for events on port 8080...
=== GENERATING RESPONSE FOR CLIENT 5 ===
Continuing file streaming...
-----------------RESPONSE--------------
Continuing file streaming...
Reading from file stream...
Read 9000 bytes from file
Sent 9000 bytes to client
File streaming in progress - keeping connection alive
Waiting for events on port 8080...
=== GENERATING RESPONSE FOR CLIENT 5 ===
Continuing file streaming...
-----------------RESPONSE--------------
Continuing file streaming...
Reading from file stream...
Read 9000 bytes from file
Sent 9000 bytes to client
File streaming in progress - keeping connection alive
Waiting for events on port 8080...
=== GENERATING RESPONSE FOR CLIENT 5 ===
Continuing file streaming...
-----------------RESPONSE--------------
Continuing file streaming...
Reading from file stream...
Read 9000 bytes from file
Sent 9000 bytes to client
File streaming in progress - keeping connection alive
Waiting for events on port 8080...
=== GENERATING RESPONSE FOR CLIENT 5 ===
Continuing file streaming...
-----------------RESPONSE--------------
Continuing file streaming...
Reading from file stream...
Read 9000 bytes from file
Sent 9000 bytes to client
File streaming in progress - keeping connection alive
Waiting for events on port 8080...
=== GENERATING RESPONSE FOR CLIENT 5 ===
Continuing file streaming...
-----------------RESPONSE--------------
Continuing file streaming...
Reading from file stream...
Read 9000 bytes from file
Sent 9000 bytes to client
File streaming in progress - keeping connection alive
Waiting for events on port 8080...
=== GENERATING RESPONSE FOR CLIENT 5 ===
Continuing file streaming...
-----------------RESPONSE--------------
Continuing file streaming...
Reading from file stream...
Read 9000 bytes from file
Sent 9000 bytes to client
File streaming in progress - keeping connection alive
Waiting for events on port 8080...
=== GENERATING RESPONSE FOR CLIENT 5 ===
Continuing file streaming...
-----------------RESPONSE--------------
Continuing file streaming...
Reading from file stream...
Read 9000 bytes from file
Sent 9000 bytes to client
File streaming in progress - keeping connection alive
Waiting for events on port 8080...
=== GENERATING RESPONSE FOR CLIENT 5 ===
Continuing file streaming...
-----------------RESPONSE--------------
Continuing file streaming...
Reading from file stream...
Read 9000 bytes from file
Sent 9000 bytes to client
File streaming in progress - keeping connection alive
Waiting for events on port 8080...
=== GENERATING RESPONSE FOR CLIENT 5 ===
Continuing file streaming...
-----------------RESPONSE--------------
Continuing file streaming...
Reading from file stream...
Read 9000 bytes from file
Sent 9000 bytes to client
File streaming in progress - keeping connection alive
Waiting for events on port 8080...
=== GENERATING RESPONSE FOR CLIENT 5 ===
Continuing file streaming...
-----------------RESPONSE--------------
Continuing file streaming...
Reading from file stream...
Read 9000 bytes from file
Sent 9000 bytes to client
File streaming in progress - keeping connection alive
Waiting for events on port 8080...
=== GENERATING RESPONSE FOR CLIENT 5 ===
Continuing file streaming...
-----------------RESPONSE--------------
Continuing file streaming...
Reading from file stream...
Read 9000 bytes from file
Sent 9000 bytes to client
File streaming in progress - keeping connection alive
Waiting for events on port 8080...
=== GENERATING RESPONSE FOR CLIENT 5 ===
Continuing file streaming...
-----------------RESPONSE--------------
Continuing file streaming...
Reading from file stream...
Read 9000 bytes from file
Sent 9000 bytes to client
File streaming in progress - keeping connection alive
Waiting for events on port 8080...
=== GENERATING RESPONSE FOR CLIENT 5 ===
Continuing file streaming...
-----------------RESPONSE--------------
Continuing file streaming...
Reading from file stream...
Read 9000 bytes from file
Sent 9000 bytes to client
File streaming in progress - keeping connection alive
Waiting for events on port 8080...
=== GENERATING RESPONSE FOR CLIENT 5 ===
Continuing file streaming...
-----------------RESPONSE--------------
Continuing file streaming...
Reading from file stream...
Read 9000 bytes from file
Sent 9000 bytes to client
File streaming in progress - keeping connection alive
Waiting for events on port 8080...
=== GENERATING RESPONSE FOR CLIENT 5 ===
Continuing file streaming...
-----------------RESPONSE--------------
Continuing file streaming...
Reading from file stream...
Read 9000 bytes from file
Sent 9000 bytes to client
File streaming in progress - keeping connection alive
Waiting for events on port 8080...
=== GENERATING RESPONSE FOR CLIENT 5 ===
Continuing file streaming...
-----------------RESPONSE--------------
Continuing file streaming...
Reading from file stream...
Read 9000 bytes from file
Sent 9000 bytes to client
File streaming in progress - keeping connection alive
Waiting for events on port 8080...
=== GENERATING RESPONSE FOR CLIENT 5 ===
Continuing file streaming...
-----------------RESPONSE--------------
Continuing file streaming...
Reading from file stream...
Read 9000 bytes from file
Sent 9000 bytes to client
File streaming in progress - keeping connection alive
Waiting for events on port 8080...
=== GENERATING RESPONSE FOR CLIENT 5 ===
Continuing file streaming...
-----------------RESPONSE--------------
Continuing file streaming...
Reading from file stream...
Read 9000 bytes from file
Sent 9000 bytes to client
File streaming in progress - keeping connection alive
Waiting for events on port 8080...
=== GENERATING RESPONSE FOR CLIENT 5 ===
Continuing file streaming...
-----------------RESPONSE--------------
Continuing file streaming...
Reading from file stream...
Read 9000 bytes from file
Sent 9000 bytes to client
File streaming in progress - keeping connection alive
Waiting for events on port 8080...
=== GENERATING RESPONSE FOR CLIENT 5 ===
Continuing file streaming...
-----------------RESPONSE--------------
Continuing file streaming...
Reading from file stream...
Read 9000 bytes from file
Sent 9000 bytes to client
File streaming in progress - keeping connection alive
Waiting for events on port 8080...
=== GENERATING RESPONSE FOR CLIENT 5 ===
Continuing file streaming...
-----------------RESPONSE--------------
Continuing file streaming...
Reading from file stream...
Read 9000 bytes from file
Sent 9000 bytes to client
File streaming in progress - keeping connection alive
Waiting for events on port 8080...
=== GENERATING RESPONSE FOR CLIENT 5 ===
Continuing file streaming...
-----------------RESPONSE--------------
Continuing file streaming...
Reading from file stream...
Read 9000 bytes from file
Sent 9000 bytes to client
File streaming in progress - keeping connection alive
Waiting for events on port 8080...
=== GENERATING RESPONSE FOR CLIENT 5 ===
Continuing file streaming...
-----------------RESPONSE--------------
Continuing file streaming...
Reading from file stream...
Read 9000 bytes from file
Sent 9000 bytes to client
File streaming in progress - keeping connection alive
Waiting for events on port 8080...
=== GENERATING RESPONSE FOR CLIENT 5 ===
Continuing file streaming...
-----------------RESPONSE--------------
Continuing file streaming...
Reading from file stream...
Read 9000 bytes from file
Sent 9000 bytes to client
File streaming in progress - keeping connection alive
Waiting for events on port 8080...
=== GENERATING RESPONSE FOR CLIENT 5 ===
Continuing file streaming...
-----------------RESPONSE--------------
Continuing file streaming...
Reading from file stream...
Read 9000 bytes from file
Sent 9000 bytes to client
File streaming in progress - keeping connection alive
Waiting for events on port 8080...
=== GENERATING RESPONSE FOR CLIENT 5 ===
Continuing file streaming...
-----------------RESPONSE--------------
Continuing file streaming...
Reading from file stream...
Read 9000 bytes from file
Sent 9000 bytes to client
File streaming in progress - keeping connection alive
Waiting for events on port 8080...
=== GENERATING RESPONSE FOR CLIENT 5 ===
Continuing file streaming...
-----------------RESPONSE--------------
Continuing file streaming...
Reading from file stream...
Read 9000 bytes from file
Sent 9000 bytes to client
File streaming in progress - keeping connection alive
Waiting for events on port 8080...
=== GENERATING RESPONSE FOR CLIENT 5 ===
Continuing file streaming...
-----------------RESPONSE--------------
Continuing file streaming...
Reading from file stream...
Read 9000 bytes from file
Sent 9000 bytes to client
File streaming in progress - keeping connection alive
Waiting for events on port 8080...
=== GENERATING RESPONSE FOR CLIENT 5 ===
Continuing file streaming...
-----------------RESPONSE--------------
Continuing file streaming...
Reading from file stream...
Read 9000 bytes from file
Sent 9000 bytes to client
File streaming in progress - keeping connection alive
Waiting for events on port 8080...
=== GENERATING RESPONSE FOR CLIENT 5 ===
Continuing file streaming...
-----------------RESPONSE--------------
Continuing file streaming...
Reading from file stream...
Read 9000 bytes from file
Sent 9000 bytes to client
File streaming in progress - keeping connection alive
Waiting for events on port 8080...
=== GENERATING RESPONSE FOR CLIENT 5 ===
Continuing file streaming...
-----------------RESPONSE--------------
Continuing file streaming...
Reading from file stream...
Read 9000 bytes from file
Sent 9000 bytes to client
File streaming in progress - keeping connection alive
Waiting for events on port 8080...
=== GENERATING RESPONSE FOR CLIENT 5 ===
Continuing file streaming...
-----------------RESPONSE--------------
Continuing file streaming...
Reading from file stream...
Read 9000 bytes from file
Sent 9000 bytes to client
File streaming in progress - keeping connection alive
Waiting for events on port 8080...
=== GENERATING RESPONSE FOR CLIENT 5 ===
Continuing file streaming...
-----------------RESPONSE--------------
Continuing file streaming...
Reading from file stream...
Read 9000 bytes from file
Sent 9000 bytes to client
File streaming in progress - keeping connection alive
Waiting for events on port 8080...
=== GENERATING RESPONSE FOR CLIENT 5 ===
Continuing file streaming...
-----------------RESPONSE--------------
Continuing file streaming...
Reading from file stream...
Read 9000 bytes from file
Sent 9000 bytes to client
File streaming in progress - keeping connection alive
Waiting for events on port 8080...
=== GENERATING RESPONSE FOR CLIENT 5 ===
Continuing file streaming...
-----------------RESPONSE--------------
Continuing file streaming...
Reading from file stream...
Read 9000 bytes from file
Sent 9000 bytes to client
File streaming in progress - keeping connection alive
Waiting for events on port 8080...
=== GENERATING RESPONSE FOR CLIENT 5 ===
Continuing file streaming...
-----------------RESPONSE--------------
Continuing file streaming...
Reading from file stream...
Read 9000 bytes from file
Sent 9000 bytes to client
File streaming in progress - keeping connection alive
Waiting for events on port 8080...
=== GENERATING RESPONSE FOR CLIENT 5 ===
Continuing file streaming...
-----------------RESPONSE--------------
Continuing file streaming...
Reading from file stream...
Read 9000 bytes from file
Sent 9000 bytes to client
File streaming in progress - keeping connection alive
Waiting for events on port 8080...
=== GENERATING RESPONSE FOR CLIENT 5 ===
Continuing file streaming...
-----------------RESPONSE--------------
Continuing file streaming...
Reading from file stream...
Read 9000 bytes from file
Sent 9000 bytes to client
File streaming in progress - keeping connection alive
Waiting for events on port 8080...
=== GENERATING RESPONSE FOR CLIENT 5 ===
Continuing file streaming...
-----------------RESPONSE--------------
Continuing file streaming...
Reading from file stream...
Read 9000 bytes from file
Sent 9000 bytes to client
File streaming in progress - keeping connection alive
Waiting for events on port 8080...
=== GENERATING RESPONSE FOR CLIENT 5 ===
Continuing file streaming...
-----------------RESPONSE--------------
Continuing file streaming...
Reading from file stream...
Read 9000 bytes from file
Sent 9000 bytes to client
File streaming in progress - keeping connection alive
Waiting for events on port 8080...
=== GENERATING RESPONSE FOR CLIENT 5 ===
Continuing file streaming...
-----------------RESPONSE--------------
Continuing file streaming...
Reading from file stream...
Read 9000 bytes from file
Sent 9000 bytes to client
File streaming in progress - keeping connection alive
Waiting for events on port 8080...
=== GENERATING RESPONSE FOR CLIENT 5 ===
Continuing file streaming...
-----------------RESPONSE--------------
Continuing file streaming...
Reading from file stream...
Read 9000 bytes from file
Sent 9000 bytes to client
File streaming in progress - keeping connection alive
Waiting for events on port 8080...
=== GENERATING RESPONSE FOR CLIENT 5 ===
Continuing file streaming...
-----------------RESPONSE--------------
Continuing file streaming...
Reading from file stream...
Read 9000 bytes from file
Sent 9000 bytes to client
File streaming in progress - keeping connection alive
Waiting for events on port 8080...
=== GENERATING RESPONSE FOR CLIENT 5 ===
Continuing file streaming...
-----------------RESPONSE--------------
Continuing file streaming...
Reading from file stream...
Read 9000 bytes from file
Sent 9000 bytes to client
File streaming in progress - keeping connection alive
Waiting for events on port 8080...
=== GENERATING RESPONSE FOR CLIENT 5 ===
Continuing file streaming...
-----------------RESPONSE--------------
Continuing file streaming...
Reading from file stream...
Read 9000 bytes from file
Sent 9000 bytes to client
File streaming in progress - keeping connection alive
Waiting for events on port 8080...
=== GENERATING RESPONSE FOR CLIENT 5 ===
Continuing file streaming...
-----------------RESPONSE--------------
Continuing file streaming...
Reading from file stream...
Read 9000 bytes from file
Sent 9000 bytes to client
File streaming in progress - keeping connection alive
Waiting for events on port 8080...
=== GENERATING RESPONSE FOR CLIENT 5 ===
Continuing file streaming...
-----------------RESPONSE--------------
Continuing file streaming...
Reading from file stream...
Read 9000 bytes from file
Sent 9000 bytes to client
File streaming in progress - keeping connection alive
Waiting for events on port 8080...
=== GENERATING RESPONSE FOR CLIENT 5 ===
Continuing file streaming...
-----------------RESPONSE--------------
Continuing file streaming...
Reading from file stream...
Read 9000 bytes from file
Sent 9000 bytes to client
File streaming in progress - keeping connection alive
Waiting for events on port 8080...
=== GENERATING RESPONSE FOR CLIENT 5 ===
Continuing file streaming...
-----------------RESPONSE--------------
Continuing file streaming...
Reading from file stream...
Read 9000 bytes from file
Sent 9000 bytes to client
File streaming in progress - keeping connection alive
Waiting for events on port 8080...
=== GENERATING RESPONSE FOR CLIENT 5 ===
Continuing file streaming...
-----------------RESPONSE--------------
Continuing file streaming...
Reading from file stream...
Read 9000 bytes from file
Sent 9000 bytes to client
File streaming in progress - keeping connection alive
Waiting for events on port 8080...
=== GENERATING RESPONSE FOR CLIENT 5 ===
Continuing file streaming...
-----------------RESPONSE--------------
Continuing file streaming...
Reading from file stream...
Read 9000 bytes from file
Sent 9000 bytes to client
File streaming in progress - keeping connection alive
Waiting for events on port 8080...
=== GENERATING RESPONSE FOR CLIENT 5 ===
Continuing file streaming...
-----------------RESPONSE--------------
Continuing file streaming...
Reading from file stream...
Read 9000 bytes from file
Sent 9000 bytes to client
File streaming in progress - keeping connection alive
Waiting for events on port 8080...
=== GENERATING RESPONSE FOR CLIENT 5 ===
Continuing file streaming...
-----------------RESPONSE--------------
Continuing file streaming...
Reading from file stream...
Read 9000 bytes from file
Sent 9000 bytes to client
File streaming in progress - keeping connection alive
Waiting for events on port 8080...
=== GENERATING RESPONSE FOR CLIENT 5 ===
Continuing file streaming...
-----------------RESPONSE--------------
Continuing file streaming...
Reading from file stream...
Read 9000 bytes from file
Sent 9000 bytes to client
File streaming in progress - keeping connection alive
Waiting for events on port 8080...
=== GENERATING RESPONSE FOR CLIENT 5 ===
Continuing file streaming...
-----------------RESPONSE--------------
Continuing file streaming...
Reading from file stream...
Read 9000 bytes from file
Sent 9000 bytes to client
File streaming in progress - keeping connection alive
Waiting for events on port 8080...
=== GENERATING RESPONSE FOR CLIENT 5 ===
Continuing file streaming...
-----------------RESPONSE--------------
Continuing file streaming...
Reading from file stream...
Read 9000 bytes from file
Sent 9000 bytes to client
File streaming in progress - keeping connection alive
Waiting for events on port 8080...
=== GENERATING RESPONSE FOR CLIENT 5 ===
Continuing file streaming...
-----------------RESPONSE--------------
Continuing file streaming...
Reading from file stream...
Read 9000 bytes from file
Sent 9000 bytes to client
File streaming in progress - keeping connection alive
Waiting for events on port 8080...
=== GENERATING RESPONSE FOR CLIENT 5 ===
Continuing file streaming...
-----------------RESPONSE--------------
Continuing file streaming...
Reading from file stream...
Read 9000 bytes from file
Sent 9000 bytes to client
File streaming in progress - keeping connection alive
Waiting for events on port 8080...
=== GENERATING RESPONSE FOR CLIENT 5 ===
Continuing file streaming...
-----------------RESPONSE--------------
Continuing file streaming...
Reading from file stream...
Read 9000 bytes from file
Sent 9000 bytes to client
File streaming in progress - keeping connection alive
Waiting for events on port 8080...
=== GENERATING RESPONSE FOR CLIENT 5 ===
Continuing file streaming...
-----------------RESPONSE--------------
Continuing file streaming...
Reading from file stream...
Read 9000 bytes from file
Sent 9000 bytes to client
File streaming in progress - keeping connection alive
Waiting for events on port 8080...
=== GENERATING RESPONSE FOR CLIENT 5 ===
Continuing file streaming...
-----------------RESPONSE--------------
Continuing file streaming...
Reading from file stream...
Read 9000 bytes from file
Sent 9000 bytes to client
File streaming in progress - keeping connection alive
Waiting for events on port 8080...
=== GENERATING RESPONSE FOR CLIENT 5 ===
Continuing file streaming...
-----------------RESPONSE--------------
Continuing file streaming...
Reading from file stream...
Read 9000 bytes from file
Sent 9000 bytes to client
File streaming in progress - keeping connection alive
Waiting for events on port 8080...
=== GENERATING RESPONSE FOR CLIENT 5 ===
Continuing file streaming...
-----------------RESPONSE--------------
Continuing file streaming...
Reading from file stream...
Read 9000 bytes from file
Sent 9000 bytes to client
File streaming in progress - keeping connection alive
Waiting for events on port 8080...
=== GENERATING RESPONSE FOR CLIENT 5 ===
Continuing file streaming...
-----------------RESPONSE--------------
Continuing file streaming...
Reading from file stream...
Read 9000 bytes from file
Sent 9000 bytes to client
File streaming in progress - keeping connection alive
Waiting for events on port 8080...
=== GENERATING RESPONSE FOR CLIENT 5 ===
Continuing file streaming...
-----------------RESPONSE--------------
Continuing file streaming...
Reading from file stream...
Read 9000 bytes from file
Sent 9000 bytes to client
File streaming in progress - keeping connection alive
Waiting for events on port 8080...
=== GENERATING RESPONSE FOR CLIENT 5 ===
Continuing file streaming...
-----------------RESPONSE--------------
Continuing file streaming...
Reading from file stream...
Read 9000 bytes from file
Sent 9000 bytes to client
File streaming in progress - keeping connection alive
Waiting for events on port 8080...
=== GENERATING RESPONSE FOR CLIENT 5 ===
Continuing file streaming...
-----------------RESPONSE--------------
Continuing file streaming...
Reading from file stream...
Read 9000 bytes from file
Sent 9000 bytes to client
File streaming in progress - keeping connection alive
Waiting for events on port 8080...
=== GENERATING RESPONSE FOR CLIENT 5 ===
Continuing file streaming...
-----------------RESPONSE--------------
Continuing file streaming...
Reading from file stream...
Read 9000 bytes from file
Sent 9000 bytes to client
File streaming in progress - keeping connection alive
Waiting for events on port 8080...
=== GENERATING RESPONSE FOR CLIENT 5 ===
Continuing file streaming...
-----------------RESPONSE--------------
Continuing file streaming...
Reading from file stream...
Read 9000 bytes from file
Sent 9000 bytes to client
File streaming in progress - keeping connection alive
Waiting for events on port 8080...
=== GENERATING RESPONSE FOR CLIENT 5 ===
Continuing file streaming...
-----------------RESPONSE--------------
Continuing file streaming...
Reading from file stream...
Read 9000 bytes from file
Sent 9000 bytes to client
File streaming in progress - keeping connection alive
Waiting for events on port 8080...
=== GENERATING RESPONSE FOR CLIENT 5 ===
Continuing file streaming...
-----------------RESPONSE--------------
Continuing file streaming...
Reading from file stream...
Read 9000 bytes from file
Sent 9000 bytes to client
File streaming in progress - keeping connection alive
Waiting for events on port 8080...
=== GENERATING RESPONSE FOR CLIENT 5 ===
Continuing file streaming...
-----------------RESPONSE--------------
Continuing file streaming...
Reading from file stream...
Read 9000 bytes from file
Sent 9000 bytes to client
File streaming in progress - keeping connection alive
Waiting for events on port 8080...
=== GENERATING RESPONSE FOR CLIENT 5 ===
Continuing file streaming...
-----------------RESPONSE--------------
Continuing file streaming...
Reading from file stream...
Read 9000 bytes from file
Sent 9000 bytes to client
File streaming in progress - keeping connection alive
Waiting for events on port 8080...
=== GENERATING RESPONSE FOR CLIENT 5 ===
Continuing file streaming...
-----------------RESPONSE--------------
Continuing file streaming...
Reading from file stream...
Read 9000 bytes from file
Sent 9000 bytes to client
File streaming in progress - keeping connection alive
Waiting for events on port 8080...
=== GENERATING RESPONSE FOR CLIENT 5 ===
Continuing file streaming...
-----------------RESPONSE--------------
Continuing file streaming...
Reading from file stream...
Read 9000 bytes from file
Sent 9000 bytes to client
File streaming in progress - keeping connection alive
Waiting for events on port 8080...
=== GENERATING RESPONSE FOR CLIENT 5 ===
Continuing file streaming...
-----------------RESPONSE--------------
Continuing file streaming...
Reading from file stream...
Read 9000 bytes from file
Sent 9000 bytes to client
File streaming in progress - keeping connection alive
Waiting for events on port 8080...
=== GENERATING RESPONSE FOR CLIENT 5 ===
Continuing file streaming...
-----------------RESPONSE--------------
Continuing file streaming...
Reading from file stream...
Read 9000 bytes from file
Sent 9000 bytes to client
File streaming in progress - keeping connection alive
Waiting for events on port 8080...
=== GENERATING RESPONSE FOR CLIENT 5 ===
Continuing file streaming...
-----------------RESPONSE--------------
Continuing file streaming...
Reading from file stream...
Read 9000 bytes from file
Sent 9000 bytes to client
File streaming in progress - keeping connection alive
Waiting for events on port 8080...
=== GENERATING RESPONSE FOR CLIENT 5 ===
Continuing file streaming...
-----------------RESPONSE--------------
Continuing file streaming...
Reading from file stream...
Read 9000 bytes from file
Sent 9000 bytes to client
File streaming in progress - keeping connection alive
Waiting for events on port 8080...
=== GENERATING RESPONSE FOR CLIENT 5 ===
Continuing file streaming...
-----------------RESPONSE--------------
Continuing file streaming...
Reading from file stream...
Read 9000 bytes from file
Sent 9000 bytes to client
File streaming in progress - keeping connection alive
Waiting for events on port 8080...
=== GENERATING RESPONSE FOR CLIENT 5 ===
Continuing file streaming...
-----------------RESPONSE--------------
Continuing file streaming...
Reading from file stream...
Read 9000 bytes from file
Sent 9000 bytes to client
File streaming in progress - keeping connection alive
Waiting for events on port 8080...
=== GENERATING RESPONSE FOR CLIENT 5 ===
Continuing file streaming...
-----------------RESPONSE--------------
Continuing file streaming...
Reading from file stream...
Read 9000 bytes from file
Sent 9000 bytes to client
File streaming in progress - keeping connection alive
Waiting for events on port 8080...
=== GENERATING RESPONSE FOR CLIENT 5 ===
Continuing file streaming...
-----------------RESPONSE--------------
Continuing file streaming...
Reading from file stream...
Read 9000 bytes from file
Sent 9000 bytes to client
File streaming in progress - keeping connection alive
Waiting for events on port 8080...
=== GENERATING RESPONSE FOR CLIENT 5 ===
Continuing file streaming...
-----------------RESPONSE--------------
Continuing file streaming...
Reading from file stream...
Read 9000 bytes from file
Sent 9000 bytes to client
File streaming in progress - keeping connection alive
Waiting for events on port 8080...
=== GENERATING RESPONSE FOR CLIENT 5 ===
Continuing file streaming...
-----------------RESPONSE--------------
Continuing file streaming...
Reading from file stream...
Read 9000 bytes from file
Sent 9000 bytes to client
File streaming in progress - keeping connection alive
Waiting for events on port 8080...
=== GENERATING RESPONSE FOR CLIENT 5 ===
Continuing file streaming...
-----------------RESPONSE--------------
Continuing file streaming...
Reading from file stream...
Read 9000 bytes from file
Sent 9000 bytes to client
File streaming in progress - keeping connection alive
Waiting for events on port 8080...
=== GENERATING RESPONSE FOR CLIENT 5 ===
Continuing file streaming...
-----------------RESPONSE--------------
Continuing file streaming...
Reading from file stream...
Read 9000 bytes from file
Sent 9000 bytes to client
File streaming in progress - keeping connection alive
Waiting for events on port 8080...
=== GENERATING RESPONSE FOR CLIENT 5 ===
Continuing file streaming...
-----------------RESPONSE--------------
Continuing file streaming...
Reading from file stream...
Read 9000 bytes from file
Sent 9000 bytes to client
File streaming in progress - keeping connection alive
Waiting for events on port 8080...
=== GENERATING RESPONSE FOR CLIENT 5 ===
Continuing file streaming...
-----------------RESPONSE--------------
Continuing file streaming...
Reading from file stream...
Read 9000 bytes from file
Sent 9000 bytes to client
File streaming in progress - keeping connection alive
Waiting for events on port 8080...
=== GENERATING RESPONSE FOR CLIENT 5 ===
Continuing file streaming...
-----------------RESPONSE--------------
Continuing file streaming...
Reading from file stream...
Read 9000 bytes from file
Sent 9000 bytes to client
File streaming in progress - keeping connection alive
Waiting for events on port 8080...
=== GENERATING RESPONSE FOR CLIENT 5 ===
Continuing file streaming...
-----------------RESPONSE--------------
Continuing file streaming...
Reading from file stream...
Read 9000 bytes from file
Sent 9000 bytes to client
File streaming in progress - keeping connection alive
Waiting for events on port 8080...
=== GENERATING RESPONSE FOR CLIENT 5 ===
Continuing file streaming...
-----------------RESPONSE--------------
Continuing file streaming...
Reading from file stream...
Read 9000 bytes from file
Sent 9000 bytes to client
File streaming in progress - keeping connection alive
Waiting for events on port 8080...
=== GENERATING RESPONSE FOR CLIENT 5 ===
Continuing file streaming...
-----------------RESPONSE--------------
Continuing file streaming...
Reading from file stream...
Read 9000 bytes from file
Sent 9000 bytes to client
File streaming in progress - keeping connection alive
Waiting for events on port 8080...
=== GENERATING RESPONSE FOR CLIENT 5 ===
Continuing file streaming...
-----------------RESPONSE--------------
Continuing file streaming...
Reading from file stream...
Read 9000 bytes from file
Sent 9000 bytes to client
File streaming in progress - keeping connection alive
Waiting for events on port 8080...
=== GENERATING RESPONSE FOR CLIENT 5 ===
Continuing file streaming...
-----------------RESPONSE--------------
Continuing file streaming...
Reading from file stream...
Read 9000 bytes from file
Sent 9000 bytes to client
File streaming in progress - keeping connection alive
Waiting for events on port 8080...
=== GENERATING RESPONSE FOR CLIENT 5 ===
Continuing file streaming...
-----------------RESPONSE--------------
Continuing file streaming...
Reading from file stream...
Read 9000 bytes from file
Sent 9000 bytes to client
File streaming in progress - keeping connection alive
Waiting for events on port 8080...
=== GENERATING RESPONSE FOR CLIENT 5 ===
Continuing file streaming...
-----------------RESPONSE--------------
Continuing file streaming...
Reading from file stream...
Read 9000 bytes from file
Sent 9000 bytes to client
File streaming in progress - keeping connection alive
Waiting for events on port 8080...
=== GENERATING RESPONSE FOR CLIENT 5 ===
Continuing file streaming...
-----------------RESPONSE--------------
Continuing file streaming...
Reading from file stream...
Read 9000 bytes from file
Sent 9000 bytes to client
File streaming in progress - keeping connection alive
Waiting for events on port 8080...
=== GENERATING RESPONSE FOR CLIENT 5 ===
Continuing file streaming...
-----------------RESPONSE--------------
Continuing file streaming...
Reading from file stream...
Read 9000 bytes from file
Sent 9000 bytes to client
File streaming in progress - keeping connection alive
Waiting for events on port 8080...
=== GENERATING RESPONSE FOR CLIENT 5 ===
Continuing file streaming...
-----------------RESPONSE--------------
Continuing file streaming...
Reading from file stream...
Read 9000 bytes from file
Sent 9000 bytes to client
File streaming in progress - keeping connection alive
Waiting for events on port 8080...
=== GENERATING RESPONSE FOR CLIENT 5 ===
Continuing file streaming...
-----------------RESPONSE--------------
Continuing file streaming...
Reading from file stream...
Read 9000 bytes from file
Sent 9000 bytes to client
File streaming in progress - keeping connection alive
Waiting for events on port 8080...
=== GENERATING RESPONSE FOR CLIENT 5 ===
Continuing file streaming...
-----------------RESPONSE--------------
Continuing file streaming...
Reading from file stream...
Read 9000 bytes from file
Sent 9000 bytes to client
File streaming in progress - keeping connection alive
Waiting for events on port 8080...
=== GENERATING RESPONSE FOR CLIENT 5 ===
Continuing file streaming...
-----------------RESPONSE--------------
Continuing file streaming...
Reading from file stream...
Read 9000 bytes from file
Sent 9000 bytes to client
File streaming in progress - keeping connection alive
Waiting for events on port 8080...
=== GENERATING RESPONSE FOR CLIENT 5 ===
Continuing file streaming...
-----------------RESPONSE--------------
Continuing file streaming...
Reading from file stream...
Read 9000 bytes from file
Sent 9000 bytes to client
File streaming in progress - keeping connection alive
Waiting for events on port 8080...
=== GENERATING RESPONSE FOR CLIENT 5 ===
Continuing file streaming...
-----------------RESPONSE--------------
Continuing file streaming...
Reading from file stream...
Read 9000 bytes from file
Sent 9000 bytes to client
File streaming in progress - keeping connection alive
Waiting for events on port 8080...
=== GENERATING RESPONSE FOR CLIENT 5 ===
Continuing file streaming...
-----------------RESPONSE--------------
Continuing file streaming...
Reading from file stream...
Read 9000 bytes from file
Sent 9000 bytes to client
File streaming in progress - keeping connection alive
Waiting for events on port 8080...
=== GENERATING RESPONSE FOR CLIENT 5 ===
Continuing file streaming...
-----------------RESPONSE--------------
Continuing file streaming...
Reading from file stream...
Read 9000 bytes from file
Sent 9000 bytes to client
File streaming in progress - keeping connection alive
Waiting for events on port 8080...
=== GENERATING RESPONSE FOR CLIENT 5 ===
Continuing file streaming...
-----------------RESPONSE--------------
Continuing file streaming...
Reading from file stream...
Read 9000 bytes from file
Sent 9000 bytes to client
File streaming in progress - keeping connection alive
Waiting for events on port 8080...
=== GENERATING RESPONSE FOR CLIENT 5 ===
Continuing file streaming...
-----------------RESPONSE--------------
Continuing file streaming...
Reading from file stream...
Read 9000 bytes from file
Sent 9000 bytes to client
File streaming in progress - keeping connection alive
Waiting for events on port 8080...
=== GENERATING RESPONSE FOR CLIENT 5 ===
Continuing file streaming...
-----------------RESPONSE--------------
Continuing file streaming...
Reading from file stream...
Read 9000 bytes from file
Sent 9000 bytes to client
File streaming in progress - keeping connection alive
Waiting for events on port 8080...
=== GENERATING RESPONSE FOR CLIENT 5 ===
Continuing file streaming...
-----------------RESPONSE--------------
Continuing file streaming...
Reading from file stream...
Read 9000 bytes from file
Sent 9000 bytes to client
File streaming in progress - keeping connection alive
Waiting for events on port 8080...
=== GENERATING RESPONSE FOR CLIENT 5 ===
Continuing file streaming...
-----------------RESPONSE--------------
Continuing file streaming...
Reading from file stream...
Read 9000 bytes from file
Sent 9000 bytes to client
File streaming in progress - keeping connection alive
Waiting for events on port 8080...
=== GENERATING RESPONSE FOR CLIENT 5 ===
Continuing file streaming...
-----------------RESPONSE--------------
Continuing file streaming...
Reading from file stream...
Read 9000 bytes from file
Sent 9000 bytes to client
File streaming in progress - keeping connection alive
Waiting for events on port 8080...
=== GENERATING RESPONSE FOR CLIENT 5 ===
Continuing file streaming...
-----------------RESPONSE--------------
Continuing file streaming...
Reading from file stream...
Read 9000 bytes from file
Sent 9000 bytes to client
File streaming in progress - keeping connection alive
Waiting for events on port 8080...
=== GENERATING RESPONSE FOR CLIENT 5 ===
Continuing file streaming...
-----------------RESPONSE--------------
Continuing file streaming...
Reading from file stream...
Read 9000 bytes from file
Sent 9000 bytes to client
File streaming in progress - keeping connection alive
Waiting for events on port 8080...
=== GENERATING RESPONSE FOR CLIENT 5 ===
Continuing file streaming...
-----------------RESPONSE--------------
Continuing file streaming...
Reading from file stream...
Read 9000 bytes from file
Sent 9000 bytes to client
File streaming in progress - keeping connection alive
Waiting for events on port 8080...
=== GENERATING RESPONSE FOR CLIENT 5 ===
Continuing file streaming...
-----------------RESPONSE--------------
Continuing file streaming...
Reading from file stream...
Read 9000 bytes from file
Sent 9000 bytes to client
File streaming in progress - keeping connection alive
Waiting for events on port 8080...
=== GENERATING RESPONSE FOR CLIENT 5 ===
Continuing file streaming...
-----------------RESPONSE--------------
Continuing file streaming...
Reading from file stream...
Read 9000 bytes from file
Sent 9000 bytes to client
File streaming in progress - keeping connection alive
Waiting for events on port 8080...
=== GENERATING RESPONSE FOR CLIENT 5 ===
Continuing file streaming...
-----------------RESPONSE--------------
Continuing file streaming...
Reading from file stream...
Read 9000 bytes from file
Sent 9000 bytes to client
File streaming in progress - keeping connection alive
Waiting for events on port 8080...
=== GENERATING RESPONSE FOR CLIENT 5 ===
Continuing file streaming...
-----------------RESPONSE--------------
Continuing file streaming...
Reading from file stream...
Read 9000 bytes from file
Sent 9000 bytes to client
File streaming in progress - keeping connection alive
Waiting for events on port 8080...
=== GENERATING RESPONSE FOR CLIENT 5 ===
Continuing file streaming...
-----------------RESPONSE--------------
Continuing file streaming...
Reading from file stream...
Read 9000 bytes from file
Sent 9000 bytes to client
File streaming in progress - keeping connection alive
Waiting for events on port 8080...
=== GENERATING RESPONSE FOR CLIENT 5 ===
Continuing file streaming...
-----------------RESPONSE--------------
Continuing file streaming...
Reading from file stream...
Read 9000 bytes from file
Sent 9000 bytes to client
File streaming in progress - keeping connection alive
Waiting for events on port 8080...
=== GENERATING RESPONSE FOR CLIENT 5 ===
Continuing file streaming...
-----------------RESPONSE--------------
Continuing file streaming...
Reading from file stream...
Read 9000 bytes from file
Sent 9000 bytes to client
File streaming in progress - keeping connection alive
Waiting for events on port 8080...
=== GENERATING RESPONSE FOR CLIENT 5 ===
Continuing file streaming...
-----------------RESPONSE--------------
Continuing file streaming...
Reading from file stream...
Read 9000 bytes from file
Sent 9000 bytes to client
File streaming in progress - keeping connection alive
Waiting for events on port 8080...
=== GENERATING RESPONSE FOR CLIENT 5 ===
Continuing file streaming...
-----------------RESPONSE--------------
Continuing file streaming...
Reading from file stream...
Read 9000 bytes from file
Sent 9000 bytes to client
File streaming in progress - keeping connection alive
Waiting for events on port 8080...
=== GENERATING RESPONSE FOR CLIENT 5 ===
Continuing file streaming...
-----------------RESPONSE--------------
Continuing file streaming...
Reading from file stream...
Read 9000 bytes from file
Sent 9000 bytes to client
File streaming in progress - keeping connection alive
Waiting for events on port 8080...
=== GENERATING RESPONSE FOR CLIENT 5 ===
Continuing file streaming...
-----------------RESPONSE--------------
Continuing file streaming...
Reading from file stream...
Read 9000 bytes from file
Sent 9000 bytes to client
File streaming in progress - keeping connection alive
Waiting for events on port 8080...
=== GENERATING RESPONSE FOR CLIENT 5 ===
Continuing file streaming...
-----------------RESPONSE--------------
Continuing file streaming...
Reading from file stream...
Read 9000 bytes from file
Sent 9000 bytes to client
File streaming in progress - keeping connection alive
Waiting for events on port 8080...
=== GENERATING RESPONSE FOR CLIENT 5 ===
Continuing file streaming...
-----------------RESPONSE--------------
Continuing file streaming...
Reading from file stream...
Read 9000 bytes from file
Sent 9000 bytes to client
File streaming in progress - keeping connection alive
Waiting for events on port 8080...
=== GENERATING RESPONSE FOR CLIENT 5 ===
Continuing file streaming...
-----------------RESPONSE--------------
Continuing file streaming...
Reading from file stream...
Read 9000 bytes from file
Sent 9000 bytes to client
File streaming in progress - keeping connection alive
Waiting for events on port 8080...
=== GENERATING RESPONSE FOR CLIENT 5 ===
Continuing file streaming...
-----------------RESPONSE--------------
Continuing file streaming...
Reading from file stream...
Read 9000 bytes from file
Sent 9000 bytes to client
File streaming in progress - keeping connection alive
Waiting for events on port 8080...
=== GENERATING RESPONSE FOR CLIENT 5 ===
Continuing file streaming...
-----------------RESPONSE--------------
Continuing file streaming...
Reading from file stream...
Read 9000 bytes from file
Sent 9000 bytes to client
File streaming in progress - keeping connection alive
Waiting for events on port 8080...
=== GENERATING RESPONSE FOR CLIENT 5 ===
Continuing file streaming...
-----------------RESPONSE--------------
Continuing file streaming...
Reading from file stream...
Read 9000 bytes from file
Sent 9000 bytes to client
File streaming in progress - keeping connection alive
Waiting for events on port 8080...
=== GENERATING RESPONSE FOR CLIENT 5 ===
Continuing file streaming...
-----------------RESPONSE--------------
Continuing file streaming...
Reading from file stream...
Read 9000 bytes from file
Sent 9000 bytes to client
File streaming in progress - keeping connection alive
Waiting for events on port 8080...
=== GENERATING RESPONSE FOR CLIENT 5 ===
Continuing file streaming...
-----------------RESPONSE--------------
Continuing file streaming...
Reading from file stream...
Read 9000 bytes from file
Sent 9000 bytes to client
File streaming in progress - keeping connection alive
Waiting for events on port 8080...
=== GENERATING RESPONSE FOR CLIENT 5 ===
Continuing file streaming...
-----------------RESPONSE--------------
Continuing file streaming...
Reading from file stream...
Read 9000 bytes from file
Sent 9000 bytes to client
File streaming in progress - keeping connection alive
Waiting for events on port 8080...
=== GENERATING RESPONSE FOR CLIENT 5 ===
Continuing file streaming...
-----------------RESPONSE--------------
Continuing file streaming...
Reading from file stream...
Read 9000 bytes from file
Sent 9000 bytes to client
File streaming in progress - keeping connection alive
Waiting for events on port 8080...
=== GENERATING RESPONSE FOR CLIENT 5 ===
Continuing file streaming...
-----------------RESPONSE--------------
Continuing file streaming...
Reading from file stream...
Read 9000 bytes from file
Sent 9000 bytes to client
File streaming in progress - keeping connection alive
Waiting for events on port 8080...
=== GENERATING RESPONSE FOR CLIENT 5 ===
Continuing file streaming...
-----------------RESPONSE--------------
Continuing file streaming...
Reading from file stream...
Read 9000 bytes from file
Sent 9000 bytes to client
File streaming in progress - keeping connection alive
Waiting for events on port 8080...
=== GENERATING RESPONSE FOR CLIENT 5 ===
Continuing file streaming...
-----------------RESPONSE--------------
Continuing file streaming...
Reading from file stream...
Read 9000 bytes from file
Sent 9000 bytes to client
File streaming in progress - keeping connection alive
Waiting for events on port 8080...
=== GENERATING RESPONSE FOR CLIENT 5 ===
Continuing file streaming...
-----------------RESPONSE--------------
Continuing file streaming...
Reading from file stream...
Read 9000 bytes from file
Sent 9000 bytes to client
File streaming in progress - keeping connection alive
Waiting for events on port 8080...
=== GENERATING RESPONSE FOR CLIENT 5 ===
Continuing file streaming...
-----------------RESPONSE--------------
Continuing file streaming...
Reading from file stream...
Read 9000 bytes from file
Sent 9000 bytes to client
File streaming in progress - keeping connection alive
Waiting for events on port 8080...
=== GENERATING RESPONSE FOR CLIENT 5 ===
Continuing file streaming...
-----------------RESPONSE--------------
Continuing file streaming...
Reading from file stream...
Read 9000 bytes from file
Sent 9000 bytes to client
File streaming in progress - keeping connection alive
Waiting for events on port 8080...
=== GENERATING RESPONSE FOR CLIENT 5 ===
Continuing file streaming...
-----------------RESPONSE--------------
Continuing file streaming...
Reading from file stream...
Read 9000 bytes from file
Sent 9000 bytes to client
File streaming in progress - keeping connection alive
Waiting for events on port 8080...
=== GENERATING RESPONSE FOR CLIENT 5 ===
Continuing file streaming...
-----------------RESPONSE--------------
Continuing file streaming...
Reading from file stream...
Read 9000 bytes from file
Sent 9000 bytes to client
File streaming in progress - keeping connection alive
Waiting for events on port 8080...
=== GENERATING RESPONSE FOR CLIENT 5 ===
Continuing file streaming...
-----------------RESPONSE--------------
Continuing file streaming...
Reading from file stream...
Read 9000 bytes from file
Sent 9000 bytes to client
File streaming in progress - keeping connection alive
Waiting for events on port 8080...
=== GENERATING RESPONSE FOR CLIENT 5 ===
Continuing file streaming...
-----------------RESPONSE--------------
Continuing file streaming...
Reading from file stream...
Read 9000 bytes from file
Sent 9000 bytes to client
File streaming in progress - keeping connection alive
Waiting for events on port 8080...
=== GENERATING RESPONSE FOR CLIENT 5 ===
Continuing file streaming...
-----------------RESPONSE--------------
Continuing file streaming...
Reading from file stream...
Read 9000 bytes from file
Sent 9000 bytes to client
File streaming in progress - keeping connection alive
Waiting for events on port 8080...
=== GENERATING RESPONSE FOR CLIENT 5 ===
Continuing file streaming...
-----------------RESPONSE--------------
Continuing file streaming...
Reading from file stream...
Read 9000 bytes from file
Sent 9000 bytes to client
File streaming in progress - keeping connection alive
Waiting for events on port 8080...
=== GENERATING RESPONSE FOR CLIENT 5 ===
Continuing file streaming...
-----------------RESPONSE--------------
Continuing file streaming...
Reading from file stream...
Read 9000 bytes from file
Sent 9000 bytes to client
File streaming in progress - keeping connection alive
Waiting for events on port 8080...
=== GENERATING RESPONSE FOR CLIENT 5 ===
Continuing file streaming...
-----------------RESPONSE--------------
Continuing file streaming...
Reading from file stream...
Read 9000 bytes from file
Sent 9000 bytes to client
File streaming in progress - keeping connection alive
Waiting for events on port 8080...
=== GENERATING RESPONSE FOR CLIENT 5 ===
Continuing file streaming...
-----------------RESPONSE--------------
Continuing file streaming...
Reading from file stream...
Read 9000 bytes from file
Sent 9000 bytes to client
File streaming in progress - keeping connection alive
Waiting for events on port 8080...
=== GENERATING RESPONSE FOR CLIENT 5 ===
Continuing file streaming...
-----------------RESPONSE--------------
Continuing file streaming...
Reading from file stream...
Read 9000 bytes from file
Sent 9000 bytes to client
File streaming in progress - keeping connection alive
Waiting for events on port 8080...
=== GENERATING RESPONSE FOR CLIENT 5 ===
Continuing file streaming...
-----------------RESPONSE--------------
Continuing file streaming...
Reading from file stream...
Read 9000 bytes from file
Sent 9000 bytes to client
File streaming in progress - keeping connection alive
Waiting for events on port 8080...
=== GENERATING RESPONSE FOR CLIENT 5 ===
Continuing file streaming...
-----------------RESPONSE--------------
Continuing file streaming...
Reading from file stream...
Read 9000 bytes from file
Sent 9000 bytes to client
File streaming in progress - keeping connection alive
Waiting for events on port 8080...
=== GENERATING RESPONSE FOR CLIENT 5 ===
Continuing file streaming...
-----------------RESPONSE--------------
Continuing file streaming...
Reading from file stream...
Read 9000 bytes from file
Sent 9000 bytes to client
File streaming in progress - keeping connection alive
Waiting for events on port 8080...
=== GENERATING RESPONSE FOR CLIENT 5 ===
Continuing file streaming...
-----------------RESPONSE--------------
Continuing file streaming...
Reading from file stream...
Read 9000 bytes from file
Sent 9000 bytes to client
File streaming in progress - keeping connection alive
Waiting for events on port 8080...
=== GENERATING RESPONSE FOR CLIENT 5 ===
Continuing file streaming...
-----------------RESPONSE--------------
Continuing file streaming...
Reading from file stream...
Read 9000 bytes from file
Sent 9000 bytes to client
File streaming in progress - keeping connection alive
Waiting for events on port 8080...
=== GENERATING RESPONSE FOR CLIENT 5 ===
Continuing file streaming...
-----------------RESPONSE--------------
Continuing file streaming...
Reading from file stream...
Read 9000 bytes from file
Sent 9000 bytes to client
File streaming in progress - keeping connection alive
Waiting for events on port 8080...
=== GENERATING RESPONSE FOR CLIENT 5 ===
Continuing file streaming...
-----------------RESPONSE--------------
Continuing file streaming...
Reading from file stream...
Read 9000 bytes from file
Sent 9000 bytes to client
File streaming in progress - keeping connection alive
Waiting for events on port 8080...
=== GENERATING RESPONSE FOR CLIENT 5 ===
Continuing file streaming...
-----------------RESPONSE--------------
Continuing file streaming...
Reading from file stream...
Read 9000 bytes from file
Sent 9000 bytes to client
File streaming in progress - keeping connection alive
Waiting for events on port 8080...
=== GENERATING RESPONSE FOR CLIENT 5 ===
Continuing file streaming...
-----------------RESPONSE--------------
Continuing file streaming...
Reading from file stream...
Read 9000 bytes from file
Sent 9000 bytes to client
File streaming in progress - keeping connection alive
Waiting for events on port 8080...
=== GENERATING RESPONSE FOR CLIENT 5 ===
Continuing file streaming...
-----------------RESPONSE--------------
Continuing file streaming...
Reading from file stream...
Read 9000 bytes from file
Sent 9000 bytes to client
File streaming in progress - keeping connection alive
Waiting for events on port 8080...
=== GENERATING RESPONSE FOR CLIENT 5 ===
Continuing file streaming...
-----------------RESPONSE--------------
Continuing file streaming...
Reading from file stream...
Read 9000 bytes from file
Sent 9000 bytes to client
File streaming in progress - keeping connection alive
Waiting for events on port 8080...
=== GENERATING RESPONSE FOR CLIENT 5 ===
Continuing file streaming...
-----------------RESPONSE--------------
Continuing file streaming...
Reading from file stream...
Read 9000 bytes from file
Sent 9000 bytes to client
File streaming in progress - keeping connection alive
Waiting for events on port 8080...
=== GENERATING RESPONSE FOR CLIENT 5 ===
Continuing file streaming...
-----------------RESPONSE--------------
Continuing file streaming...
Reading from file stream...
Read 9000 bytes from file
Sent 9000 bytes to client
File streaming in progress - keeping connection alive
Waiting for events on port 8080...
=== GENERATING RESPONSE FOR CLIENT 5 ===
Continuing file streaming...
-----------------RESPONSE--------------
Continuing file streaming...
Reading from file stream...
Read 9000 bytes from file
Sent 9000 bytes to client
File streaming in progress - keeping connection alive
Waiting for events on port 8080...
=== GENERATING RESPONSE FOR CLIENT 5 ===
Continuing file streaming...
-----------------RESPONSE--------------
Continuing file streaming...
Reading from file stream...
Read 9000 bytes from file
Sent 9000 bytes to client
File streaming in progress - keeping connection alive
Waiting for events on port 8080...
=== GENERATING RESPONSE FOR CLIENT 5 ===
Continuing file streaming...
-----------------RESPONSE--------------
Continuing file streaming...
Reading from file stream...
Read 9000 bytes from file
Sent 9000 bytes to client
File streaming in progress - keeping connection alive
Waiting for events on port 8080...
=== GENERATING RESPONSE FOR CLIENT 5 ===
Continuing file streaming...
-----------------RESPONSE--------------
Continuing file streaming...
Reading from file stream...
Read 9000 bytes from file
Sent 9000 bytes to client
File streaming in progress - keeping connection alive
Waiting for events on port 8080...
=== GENERATING RESPONSE FOR CLIENT 5 ===
Continuing file streaming...
-----------------RESPONSE--------------
Continuing file streaming...
Reading from file stream...
Read 9000 bytes from file
Sent 9000 bytes to client
File streaming in progress - keeping connection alive
Waiting for events on port 8080...
=== GENERATING RESPONSE FOR CLIENT 5 ===
Continuing file streaming...
-----------------RESPONSE--------------
Continuing file streaming...
Reading from file stream...
Read 9000 bytes from file
Sent 9000 bytes to client
File streaming in progress - keeping connection alive
Waiting for events on port 8080...
=== GENERATING RESPONSE FOR CLIENT 5 ===
Continuing file streaming...
-----------------RESPONSE--------------
Continuing file streaming...
Reading from file stream...
Read 9000 bytes from file
Sent 9000 bytes to client
File streaming in progress - keeping connection alive
Waiting for events on port 8080...
=== GENERATING RESPONSE FOR CLIENT 5 ===
Continuing file streaming...
-----------------RESPONSE--------------
Continuing file streaming...
Reading from file stream...
Read 9000 bytes from file
Sent 9000 bytes to client
File streaming in progress - keeping connection alive
Waiting for events on port 8080...
=== GENERATING RESPONSE FOR CLIENT 5 ===
Continuing file streaming...
-----------------RESPONSE--------------
Continuing file streaming...
Reading from file stream...
Read 9000 bytes from file
Sent 9000 bytes to client
File streaming in progress - keeping connection alive
Waiting for events on port 8080...
=== GENERATING RESPONSE FOR CLIENT 5 ===
Continuing file streaming...
-----------------RESPONSE--------------
Continuing file streaming...
Reading from file stream...
Read 9000 bytes from file
Sent 9000 bytes to client
File streaming in progress - keeping connection alive
Waiting for events on port 8080...
=== GENERATING RESPONSE FOR CLIENT 5 ===
Continuing file streaming...
-----------------RESPONSE--------------
Continuing file streaming...
Reading from file stream...
Read 9000 bytes from file
Sent 9000 bytes to client
File streaming in progress - keeping connection alive
Waiting for events on port 8080...
=== GENERATING RESPONSE FOR CLIENT 5 ===
Continuing file streaming...
-----------------RESPONSE--------------
Continuing file streaming...
Reading from file stream...
Read 9000 bytes from file
Sent 9000 bytes to client
File streaming in progress - keeping connection alive
Waiting for events on port 8080...
=== GENERATING RESPONSE FOR CLIENT 5 ===
Continuing file streaming...
-----------------RESPONSE--------------
Continuing file streaming...
Reading from file stream...
Read 9000 bytes from file
Sent 9000 bytes to client
File streaming in progress - keeping connection alive
Waiting for events on port 8080...
=== GENERATING RESPONSE FOR CLIENT 5 ===
Continuing file streaming...
-----------------RESPONSE--------------
Continuing file streaming...
Reading from file stream...
Read 9000 bytes from file
Sent 9000 bytes to client
File streaming in progress - keeping connection alive
Waiting for events on port 8080...
=== GENERATING RESPONSE FOR CLIENT 5 ===
Continuing file streaming...
-----------------RESPONSE--------------
Continuing file streaming...
Reading from file stream...
Read 9000 bytes from file
Sent 9000 bytes to client
File streaming in progress - keeping connection alive
Waiting for events on port 8080...
=== GENERATING RESPONSE FOR CLIENT 5 ===
Continuing file streaming...
-----------------RESPONSE--------------
Continuing file streaming...
Reading from file stream...
Read 9000 bytes from file
Sent 9000 bytes to client
File streaming in progress - keeping connection alive
Waiting for events on port 8080...
=== GENERATING RESPONSE FOR CLIENT 5 ===
Continuing file streaming...
-----------------RESPONSE--------------
Continuing file streaming...
Reading from file stream...
Read 9000 bytes from file
Sent 9000 bytes to client
File streaming in progress - keeping connection alive
Waiting for events on port 8080...
=== GENERATING RESPONSE FOR CLIENT 5 ===
Continuing file streaming...
-----------------RESPONSE--------------
Continuing file streaming...
Reading from file stream...
Read 9000 bytes from file
Sent 9000 bytes to client
File streaming in progress - keeping connection alive
Waiting for events on port 8080...
=== GENERATING RESPONSE FOR CLIENT 5 ===
Continuing file streaming...
-----------------RESPONSE--------------
Continuing file streaming...
Reading from file stream...
Read 9000 bytes from file
Sent 9000 bytes to client
File streaming in progress - keeping connection alive
Waiting for events on port 8080...
=== GENERATING RESPONSE FOR CLIENT 5 ===
Continuing file streaming...
-----------------RESPONSE--------------
Continuing file streaming...
Reading from file stream...
Read 9000 bytes from file
Sent 9000 bytes to client
File streaming in progress - keeping connection alive
Waiting for events on port 8080...
=== GENERATING RESPONSE FOR CLIENT 5 ===
Continuing file streaming...
-----------------RESPONSE--------------
Continuing file streaming...
Reading from file stream...
Read 9000 bytes from file
Sent 9000 bytes to client
File streaming in progress - keeping connection alive
Waiting for events on port 8080...
=== GENERATING RESPONSE FOR CLIENT 5 ===
Continuing file streaming...
-----------------RESPONSE--------------
Continuing file streaming...
Reading from file stream...
Read 9000 bytes from file
Sent 9000 bytes to client
File streaming in progress - keeping connection alive
Waiting for events on port 8080...
=== GENERATING RESPONSE FOR CLIENT 5 ===
Continuing file streaming...
-----------------RESPONSE--------------
Continuing file streaming...
Reading from file stream...
Read 9000 bytes from file
Sent 9000 bytes to client
File streaming in progress - keeping connection alive
Waiting for events on port 8080...
=== GENERATING RESPONSE FOR CLIENT 5 ===
Continuing file streaming...
-----------------RESPONSE--------------
Continuing file streaming...
Reading from file stream...
Read 9000 bytes from file
Sent 9000 bytes to client
File streaming in progress - keeping connection alive
Waiting for events on port 8080...
=== GENERATING RESPONSE FOR CLIENT 5 ===
Continuing file streaming...
-----------------RESPONSE--------------
Continuing file streaming...
Reading from file stream...
Read 9000 bytes from file
Sent 9000 bytes to client
File streaming in progress - keeping connection alive
Waiting for events on port 8080...
=== GENERATING RESPONSE FOR CLIENT 5 ===
Continuing file streaming...
-----------------RESPONSE--------------
Continuing file streaming...
Reading from file stream...
Read 9000 bytes from file
Sent 9000 bytes to client
File streaming in progress - keeping connection alive
Waiting for events on port 8080...
=== GENERATING RESPONSE FOR CLIENT 5 ===
Continuing file streaming...
-----------------RESPONSE--------------
Continuing file streaming...
Reading from file stream...
Read 9000 bytes from file
Sent 9000 bytes to client
File streaming in progress - keeping connection alive
Waiting for events on port 8080...
=== GENERATING RESPONSE FOR CLIENT 5 ===
Continuing file streaming...
-----------------RESPONSE--------------
Continuing file streaming...
Reading from file stream...
Read 9000 bytes from file
Sent 9000 bytes to client
File streaming in progress - keeping connection alive
Waiting for events on port 8080...
=== GENERATING RESPONSE FOR CLIENT 5 ===
Continuing file streaming...
-----------------RESPONSE--------------
Continuing file streaming...
Reading from file stream...
Read 9000 bytes from file
Sent 9000 bytes to client
File streaming in progress - keeping connection alive
Waiting for events on port 8080...
=== GENERATING RESPONSE FOR CLIENT 5 ===
Continuing file streaming...
-----------------RESPONSE--------------
Continuing file streaming...
Reading from file stream...
Read 9000 bytes from file
Sent 9000 bytes to client
File streaming in progress - keeping connection alive
Waiting for events on port 8080...
=== GENERATING RESPONSE FOR CLIENT 5 ===
Continuing file streaming...
-----------------RESPONSE--------------
Continuing file streaming...
Reading from file stream...
Read 9000 bytes from file
Sent 9000 bytes to client
File streaming in progress - keeping connection alive
Waiting for events on port 8080...
=== GENERATING RESPONSE FOR CLIENT 5 ===
Continuing file streaming...
-----------------RESPONSE--------------
Continuing file streaming...
Reading from file stream...
Read 9000 bytes from file
Sent 9000 bytes to client
File streaming in progress - keeping connection alive
Waiting for events on port 8080...
=== GENERATING RESPONSE FOR CLIENT 5 ===
Continuing file streaming...
-----------------RESPONSE--------------
Continuing file streaming...
Reading from file stream...
Read 9000 bytes from file
Sent 9000 bytes to client
File streaming in progress - keeping connection alive
Waiting for events on port 8080...
=== GENERATING RESPONSE FOR CLIENT 5 ===
Continuing file streaming...
-----------------RESPONSE--------------
Continuing file streaming...
Reading from file stream...
Read 9000 bytes from file
Sent 9000 bytes to client
File streaming in progress - keeping connection alive
Waiting for events on port 8080...
=== GENERATING RESPONSE FOR CLIENT 5 ===
Continuing file streaming...
-----------------RESPONSE--------------
Continuing file streaming...
Reading from file stream...
Read 9000 bytes from file
Sent 9000 bytes to client
File streaming in progress - keeping connection alive
Waiting for events on port 8080...
=== GENERATING RESPONSE FOR CLIENT 5 ===
Continuing file streaming...
-----------------RESPONSE--------------
Continuing file streaming...
Reading from file stream...
Read 9000 bytes from file
Sent 9000 bytes to client
File streaming in progress - keeping connection alive
Waiting for events on port 8080...
=== GENERATING RESPONSE FOR CLIENT 5 ===
Continuing file streaming...
-----------------RESPONSE--------------
Continuing file streaming...
Reading from file stream...
Read 9000 bytes from file
Sent 9000 bytes to client
File streaming in progress - keeping connection alive
Waiting for events on port 8080...
=== GENERATING RESPONSE FOR CLIENT 5 ===
Continuing file streaming...
-----------------RESPONSE--------------
Continuing file streaming...
Reading from file stream...
Read 9000 bytes from file
Sent 9000 bytes to client
File streaming in progress - keeping connection alive
Waiting for events on port 8080...
=== GENERATING RESPONSE FOR CLIENT 5 ===
Continuing file streaming...
-----------------RESPONSE--------------
Continuing file streaming...
Reading from file stream...
Read 9000 bytes from file
Sent 9000 bytes to client
File streaming in progress - keeping connection alive
Waiting for events on port 8080...
=== GENERATING RESPONSE FOR CLIENT 5 ===
Continuing file streaming...
-----------------RESPONSE--------------
Continuing file streaming...
Reading from file stream...
Read 9000 bytes from file
Sent 9000 bytes to client
File streaming in progress - keeping connection alive
Waiting for events on port 8080...
=== GENERATING RESPONSE FOR CLIENT 5 ===
Continuing file streaming...
-----------------RESPONSE--------------
Continuing file streaming...
Reading from file stream...
Read 9000 bytes from file
Sent 9000 bytes to client
File streaming in progress - keeping connection alive
Waiting for events on port 8080...
=== GENERATING RESPONSE FOR CLIENT 5 ===
Continuing file streaming...
-----------------RESPONSE--------------
Continuing file streaming...
Reading from file stream...
Read 9000 bytes from file
Sent 9000 bytes to client
File streaming in progress - keeping connection alive
Waiting for events on port 8080...
=== GENERATING RESPONSE FOR CLIENT 5 ===
Continuing file streaming...
-----------------RESPONSE--------------
Continuing file streaming...
Reading from file stream...
Read 9000 bytes from file
Sent 9000 bytes to client
File streaming in progress - keeping connection alive
Waiting for events on port 8080...
=== GENERATING RESPONSE FOR CLIENT 5 ===
Continuing file streaming...
-----------------RESPONSE--------------
Continuing file streaming...
Reading from file stream...
Read 9000 bytes from file
Sent 9000 bytes to client
File streaming in progress - keeping connection alive
Waiting for events on port 8080...
=== GENERATING RESPONSE FOR CLIENT 5 ===
Continuing file streaming...
-----------------RESPONSE--------------
Continuing file streaming...
Reading from file stream...
Read 9000 bytes from file
Sent 9000 bytes to client
File streaming in progress - keeping connection alive
Waiting for events on port 8080...
=== GENERATING RESPONSE FOR CLIENT 5 ===
Continuing file streaming...
-----------------RESPONSE--------------
Continuing file streaming...
Reading from file stream...
Read 9000 bytes from file
Sent 9000 bytes to client
File streaming in progress - keeping connection alive
Waiting for events on port 8080...
=== GENERATING RESPONSE FOR CLIENT 5 ===
Continuing file streaming...
-----------------RESPONSE--------------
Continuing file streaming...
Reading from file stream...
Read 9000 bytes from file
Sent 9000 bytes to client
File streaming in progress - keeping connection alive
Waiting for events on port 8080...
=== GENERATING RESPONSE FOR CLIENT 5 ===
Continuing file streaming...
-----------------RESPONSE--------------
Continuing file streaming...
Reading from file stream...
Read 9000 bytes from file
Sent 9000 bytes to client
File streaming in progress - keeping connection alive
Waiting for events on port 8080...
=== GENERATING RESPONSE FOR CLIENT 5 ===
Continuing file streaming...
-----------------RESPONSE--------------
Continuing file streaming...
Reading from file stream...
Read 9000 bytes from file
Sent 9000 bytes to client
File streaming in progress - keeping connection alive
Waiting for events on port 8080...
=== GENERATING RESPONSE FOR CLIENT 5 ===
Continuing file streaming...
-----------------RESPONSE--------------
Continuing file streaming...
Reading from file stream...
Read 9000 bytes from file
Sent 9000 bytes to client
File streaming in progress - keeping connection alive
Waiting for events on port 8080...
=== GENERATING RESPONSE FOR CLIENT 5 ===
Continuing file streaming...
-----------------RESPONSE--------------
Continuing file streaming...
Reading from file stream...
Read 9000 bytes from file
Sent 9000 bytes to client
File streaming in progress - keeping connection alive
Waiting for events on port 8080...
=== GENERATING RESPONSE FOR CLIENT 5 ===
Continuing file streaming...
-----------------RESPONSE--------------
Continuing file streaming...
Reading from file stream...
Read 9000 bytes from file
Sent 9000 bytes to client
File streaming in progress - keeping connection alive
Waiting for events on port 8080...
=== GENERATING RESPONSE FOR CLIENT 5 ===
Continuing file streaming...
-----------------RESPONSE--------------
Continuing file streaming...
Reading from file stream...
Read 9000 bytes from file
Sent 9000 bytes to client
File streaming in progress - keeping connection alive
Waiting for events on port 8080...
=== GENERATING RESPONSE FOR CLIENT 5 ===
Continuing file streaming...
-----------------RESPONSE--------------
Continuing file streaming...
Reading from file stream...
Read 9000 bytes from file
Sent 9000 bytes to client
File streaming in progress - keeping connection alive
Waiting for events on port 8080...
=== GENERATING RESPONSE FOR CLIENT 5 ===
Continuing file streaming...
-----------------RESPONSE--------------
Continuing file streaming...
Reading from file stream...
Read 9000 bytes from file
Sent 9000 bytes to client
File streaming in progress - keeping connection alive
Waiting for events on port 8080...
=== GENERATING RESPONSE FOR CLIENT 5 ===
Continuing file streaming...
-----------------RESPONSE--------------
Continuing file streaming...
Reading from file stream...
Read 9000 bytes from file
Sent 9000 bytes to client
File streaming in progress - keeping connection alive
Waiting for events on port 8080...
=== GENERATING RESPONSE FOR CLIENT 5 ===
Continuing file streaming...
-----------------RESPONSE--------------
Continuing file streaming...
Reading from file stream...
Read 9000 bytes from file
Sent 9000 bytes to client
File streaming in progress - keeping connection alive
Waiting for events on port 8080...
=== GENERATING RESPONSE FOR CLIENT 5 ===
Continuing file streaming...
-----------------RESPONSE--------------
Continuing file streaming...
Reading from file stream...
Read 9000 bytes from file
Sent 9000 bytes to client
File streaming in progress - keeping connection alive
Waiting for events on port 8080...
=== GENERATING RESPONSE FOR CLIENT 5 ===
Continuing file streaming...
-----------------RESPONSE--------------
Continuing file streaming...
Reading from file stream...
Read 9000 bytes from file
Sent 9000 bytes to client
File streaming in progress - keeping connection alive
Waiting for events on port 8080...
=== GENERATING RESPONSE FOR CLIENT 5 ===
Continuing file streaming...
-----------------RESPONSE--------------
Continuing file streaming...
Reading from file stream...
Read 9000 bytes from file
Sent 9000 bytes to client
File streaming in progress - keeping connection alive
Waiting for events on port 8080...
=== GENERATING RESPONSE FOR CLIENT 5 ===
Continuing file streaming...
-----------------RESPONSE--------------
Continuing file streaming...
Reading from file stream...
Read 9000 bytes from file
Sent 9000 bytes to client
File streaming in progress - keeping connection alive
Waiting for events on port 8080...
=== GENERATING RESPONSE FOR CLIENT 5 ===
Continuing file streaming...
-----------------RESPONSE--------------
Continuing file streaming...
Reading from file stream...
Read 9000 bytes from file
Sent 9000 bytes to client
File streaming in progress - keeping connection alive
Waiting for events on port 8080...
=== GENERATING RESPONSE FOR CLIENT 5 ===
Continuing file streaming...
-----------------RESPONSE--------------
Continuing file streaming...
Reading from file stream...
Read 9000 bytes from file
Sent 9000 bytes to client
File streaming in progress - keeping connection alive
Waiting for events on port 8080...
=== GENERATING RESPONSE FOR CLIENT 5 ===
Continuing file streaming...
-----------------RESPONSE--------------
Continuing file streaming...
Reading from file stream...
Read 9000 bytes from file
Sent 9000 bytes to client
File streaming in progress - keeping connection alive
Waiting for events on port 8080...
=== GENERATING RESPONSE FOR CLIENT 5 ===
Continuing file streaming...
-----------------RESPONSE--------------
Continuing file streaming...
Reading from file stream...
Read 9000 bytes from file
Sent 9000 bytes to client
File streaming in progress - keeping connection alive
Waiting for events on port 8080...
=== GENERATING RESPONSE FOR CLIENT 5 ===
Continuing file streaming...
-----------------RESPONSE--------------
Continuing file streaming...
Reading from file stream...
Read 9000 bytes from file
Sent 9000 bytes to client
File streaming in progress - keeping connection alive
Waiting for events on port 8080...
=== GENERATING RESPONSE FOR CLIENT 5 ===
Continuing file streaming...
-----------------RESPONSE--------------
Continuing file streaming...
Reading from file stream...
Read 9000 bytes from file
Sent 9000 bytes to client
File streaming in progress - keeping connection alive
Waiting for events on port 8080...
=== GENERATING RESPONSE FOR CLIENT 5 ===
Continuing file streaming...
-----------------RESPONSE--------------
Continuing file streaming...
Reading from file stream...
Read 9000 bytes from file
Sent 9000 bytes to client
File streaming in progress - keeping connection alive
Waiting for events on port 8080...
=== GENERATING RESPONSE FOR CLIENT 5 ===
Continuing file streaming...
-----------------RESPONSE--------------
Continuing file streaming...
Reading from file stream...
Read 9000 bytes from file
Sent 9000 bytes to client
File streaming in progress - keeping connection alive
Waiting for events on port 8080...
=== GENERATING RESPONSE FOR CLIENT 5 ===
Continuing file streaming...
-----------------RESPONSE--------------
Continuing file streaming...
Reading from file stream...
Read 9000 bytes from file
Sent 9000 bytes to client
File streaming in progress - keeping connection alive
Waiting for events on port 8080...
=== GENERATING RESPONSE FOR CLIENT 5 ===
Continuing file streaming...
-----------------RESPONSE--------------
Continuing file streaming...
Reading from file stream...
Read 9000 bytes from file
Sent 9000 bytes to client
File streaming in progress - keeping connection alive
Waiting for events on port 8080...
=== GENERATING RESPONSE FOR CLIENT 5 ===
Continuing file streaming...
-----------------RESPONSE--------------
Continuing file streaming...
Reading from file stream...
Read 9000 bytes from file
Sent 9000 bytes to client
File streaming in progress - keeping connection alive
Waiting for events on port 8080...
=== GENERATING RESPONSE FOR CLIENT 5 ===
Continuing file streaming...
-----------------RESPONSE--------------
Continuing file streaming...
Reading from file stream...
Read 9000 bytes from file
Sent 9000 bytes to client
File streaming in progress - keeping connection alive
Waiting for events on port 8080...
=== GENERATING RESPONSE FOR CLIENT 5 ===
Continuing file streaming...
-----------------RESPONSE--------------
Continuing file streaming...
Reading from file stream...
Read 9000 bytes from file
Sent 9000 bytes to client
File streaming in progress - keeping connection alive
Waiting for events on port 8080...
=== GENERATING RESPONSE FOR CLIENT 5 ===
Continuing file streaming...
-----------------RESPONSE--------------
Continuing file streaming...
Reading from file stream...
Read 9000 bytes from file
Sent 9000 bytes to client
File streaming in progress - keeping connection alive
Waiting for events on port 8080...
=== GENERATING RESPONSE FOR CLIENT 5 ===
Continuing file streaming...
-----------------RESPONSE--------------
Continuing file streaming...
Reading from file stream...
Read 9000 bytes from file
Sent 9000 bytes to client
File streaming in progress - keeping connection alive
Waiting for events on port 8080...
=== GENERATING RESPONSE FOR CLIENT 5 ===
Continuing file streaming...
-----------------RESPONSE--------------
Continuing file streaming...
Reading from file stream...
Read 9000 bytes from file
Sent 9000 bytes to client
File streaming in progress - keeping connection alive
Waiting for events on port 8080...
=== GENERATING RESPONSE FOR CLIENT 5 ===
Continuing file streaming...
-----------------RESPONSE--------------
Continuing file streaming...
Reading from file stream...
Read 9000 bytes from file
Sent 9000 bytes to client
File streaming in progress - keeping connection alive
Waiting for events on port 8080...
=== GENERATING RESPONSE FOR CLIENT 5 ===
Continuing file streaming...
-----------------RESPONSE--------------
Continuing file streaming...
Reading from file stream...
Read 9000 bytes from file
Sent 9000 bytes to client
File streaming in progress - keeping connection alive
Waiting for events on port 8080...
=== GENERATING RESPONSE FOR CLIENT 5 ===
Continuing file streaming...
-----------------RESPONSE--------------
Continuing file streaming...
Reading from file stream...
Read 9000 bytes from file
Sent 9000 bytes to client
File streaming in progress - keeping connection alive
Waiting for events on port 8080...
=== GENERATING RESPONSE FOR CLIENT 5 ===
Continuing file streaming...
-----------------RESPONSE--------------
Continuing file streaming...
Reading from file stream...
Read 9000 bytes from file
Sent 9000 bytes to client
File streaming in progress - keeping connection alive
Waiting for events on port 8080...
=== GENERATING RESPONSE FOR CLIENT 5 ===
Continuing file streaming...
-----------------RESPONSE--------------
Continuing file streaming...
Reading from file stream...
Read 9000 bytes from file
Sent 9000 bytes to client
File streaming in progress - keeping connection alive
Waiting for events on port 8080...
=== GENERATING RESPONSE FOR CLIENT 5 ===
Continuing file streaming...
-----------------RESPONSE--------------
Continuing file streaming...
Reading from file stream...
Read 9000 bytes from file
Sent 9000 bytes to client
File streaming in progress - keeping connection alive
Waiting for events on port 8080...
=== GENERATING RESPONSE FOR CLIENT 5 ===
Continuing file streaming...
-----------------RESPONSE--------------
Continuing file streaming...
Reading from file stream...
Read 9000 bytes from file
Sent 9000 bytes to client
File streaming in progress - keeping connection alive
Waiting for events on port 8080...
=== GENERATING RESPONSE FOR CLIENT 5 ===
Continuing file streaming...
-----------------RESPONSE--------------
Continuing file streaming...
Reading from file stream...
Read 9000 bytes from file
Sent 9000 bytes to client
File streaming in progress - keeping connection alive
Waiting for events on port 8080...
=== GENERATING RESPONSE FOR CLIENT 5 ===
Continuing file streaming...
-----------------RESPONSE--------------
Continuing file streaming...
Reading from file stream...
Read 9000 bytes from file
Sent 9000 bytes to client
File streaming in progress - keeping connection alive
Waiting for events on port 8080...
=== GENERATING RESPONSE FOR CLIENT 5 ===
Continuing file streaming...
-----------------RESPONSE--------------
Continuing file streaming...
Reading from file stream...
Read 9000 bytes from file
Sent 9000 bytes to client
File streaming in progress - keeping connection alive
Waiting for events on port 8080...
=== GENERATING RESPONSE FOR CLIENT 5 ===
Continuing file streaming...
-----------------RESPONSE--------------
Continuing file streaming...
Reading from file stream...
Read 9000 bytes from file
Sent 9000 bytes to client
File streaming in progress - keeping connection alive
Waiting for events on port 8080...
=== GENERATING RESPONSE FOR CLIENT 5 ===
Continuing file streaming...
-----------------RESPONSE--------------
Continuing file streaming...
Reading from file stream...
Read 9000 bytes from file
Sent 9000 bytes to client
File streaming in progress - keeping connection alive
Waiting for events on port 8080...
=== GENERATING RESPONSE FOR CLIENT 5 ===
Continuing file streaming...
-----------------RESPONSE--------------
Continuing file streaming...
Reading from file stream...
Read 9000 bytes from file
Sent 9000 bytes to client
File streaming in progress - keeping connection alive
Waiting for events on port 8080...
=== GENERATING RESPONSE FOR CLIENT 5 ===
Continuing file streaming...
-----------------RESPONSE--------------
Continuing file streaming...
Reading from file stream...
Read 9000 bytes from file
Sent 9000 bytes to client
File streaming in progress - keeping connection alive
Waiting for events on port 8080...
=== GENERATING RESPONSE FOR CLIENT 5 ===
Continuing file streaming...
-----------------RESPONSE--------------
Continuing file streaming...
Reading from file stream...
Read 9000 bytes from file
Sent 9000 bytes to client
File streaming in progress - keeping connection alive
Waiting for events on port 8080...
=== GENERATING RESPONSE FOR CLIENT 5 ===
Continuing file streaming...
-----------------RESPONSE--------------
Continuing file streaming...
Reading from file stream...
Read 9000 bytes from file
Sent 9000 bytes to client
File streaming in progress - keeping connection alive
Waiting for events on port 8080...
=== GENERATING RESPONSE FOR CLIENT 5 ===
Continuing file streaming...
-----------------RESPONSE--------------
Continuing file streaming...
Reading from file stream...
Read 9000 bytes from file
Sent 9000 bytes to client
File streaming in progress - keeping connection alive
Waiting for events on port 8080...
=== GENERATING RESPONSE FOR CLIENT 5 ===
Continuing file streaming...
-----------------RESPONSE--------------
Continuing file streaming...
Reading from file stream...
Read 9000 bytes from file
Sent 9000 bytes to client
File streaming in progress - keeping connection alive
Waiting for events on port 8080...
=== GENERATING RESPONSE FOR CLIENT 5 ===
Continuing file streaming...
-----------------RESPONSE--------------
Continuing file streaming...
Reading from file stream...
Read 9000 bytes from file
Sent 9000 bytes to client
File streaming in progress - keeping connection alive
Waiting for events on port 8080...
=== GENERATING RESPONSE FOR CLIENT 5 ===
Continuing file streaming...
-----------------RESPONSE--------------
Continuing file streaming...
Reading from file stream...
Read 9000 bytes from file
Sent 9000 bytes to client
File streaming in progress - keeping connection alive
Waiting for events on port 8080...
=== GENERATING RESPONSE FOR CLIENT 5 ===
Continuing file streaming...
-----------------RESPONSE--------------
Continuing file streaming...
Reading from file stream...
Read 9000 bytes from file
Sent 9000 bytes to client
File streaming in progress - keeping connection alive
Waiting for events on port 8080...
=== GENERATING RESPONSE FOR CLIENT 5 ===
Continuing file streaming...
-----------------RESPONSE--------------
Continuing file streaming...
Reading from file stream...
Read 9000 bytes from file
Sent 9000 bytes to client
File streaming in progress - keeping connection alive
Waiting for events on port 8080...
=== GENERATING RESPONSE FOR CLIENT 5 ===
Continuing file streaming...
-----------------RESPONSE--------------
Continuing file streaming...
Reading from file stream...
Read 9000 bytes from file
Sent 9000 bytes to client
File streaming in progress - keeping connection alive
Waiting for events on port 8080...
=== GENERATING RESPONSE FOR CLIENT 5 ===
Continuing file streaming...
-----------------RESPONSE--------------
Continuing file streaming...
Reading from file stream...
Read 9000 bytes from file
Sent 9000 bytes to client
File streaming in progress - keeping connection alive
Waiting for events on port 8080...
=== GENERATING RESPONSE FOR CLIENT 5 ===
Continuing file streaming...
-----------------RESPONSE--------------
Continuing file streaming...
Reading from file stream...
Read 9000 bytes from file
Sent 9000 bytes to client
File streaming in progress - keeping connection alive
Waiting for events on port 8080...
=== GENERATING RESPONSE FOR CLIENT 5 ===
Continuing file streaming...
-----------------RESPONSE--------------
Continuing file streaming...
Reading from file stream...
Read 9000 bytes from file
Sent 9000 bytes to client
File streaming in progress - keeping connection alive
Waiting for events on port 8080...
=== GENERATING RESPONSE FOR CLIENT 5 ===
Continuing file streaming...
-----------------RESPONSE--------------
Continuing file streaming...
Reading from file stream...
Read 9000 bytes from file
Sent 9000 bytes to client
File streaming in progress - keeping connection alive
Waiting for events on port 8080...
=== GENERATING RESPONSE FOR CLIENT 5 ===
Continuing file streaming...
-----------------RESPONSE--------------
Continuing file streaming...
Reading from file stream...
Read 9000 bytes from file
Sent 9000 bytes to client
File streaming in progress - keeping connection alive
Waiting for events on port 8080...
=== GENERATING RESPONSE FOR CLIENT 5 ===
Continuing file streaming...
-----------------RESPONSE--------------
Continuing file streaming...
Reading from file stream...
Read 9000 bytes from file
Sent 9000 bytes to client
File streaming in progress - keeping connection alive
Waiting for events on port 8080...
=== GENERATING RESPONSE FOR CLIENT 5 ===
Continuing file streaming...
-----------------RESPONSE--------------
Continuing file streaming...
Reading from file stream...
Read 9000 bytes from file
Sent 9000 bytes to client
File streaming in progress - keeping connection alive
Waiting for events on port 8080...
=== GENERATING RESPONSE FOR CLIENT 5 ===
Continuing file streaming...
-----------------RESPONSE--------------
Continuing file streaming...
Reading from file stream...
Read 9000 bytes from file
Sent 9000 bytes to client
File streaming in progress - keeping connection alive
Waiting for events on port 8080...
=== GENERATING RESPONSE FOR CLIENT 5 ===
Continuing file streaming...
-----------------RESPONSE--------------
Continuing file streaming...
Reading from file stream...
Read 9000 bytes from file
Sent 9000 bytes to client
File streaming in progress - keeping connection alive
Waiting for events on port 8080...
=== GENERATING RESPONSE FOR CLIENT 5 ===
Continuing file streaming...
-----------------RESPONSE--------------
Continuing file streaming...
Reading from file stream...
Read 9000 bytes from file
Sent 9000 bytes to client
File streaming in progress - keeping connection alive
Waiting for events on port 8080...
=== GENERATING RESPONSE FOR CLIENT 5 ===
Continuing file streaming...
-----------------RESPONSE--------------
Continuing file streaming...
Reading from file stream...
Read 9000 bytes from file
Sent 9000 bytes to client
File streaming in progress - keeping connection alive
Waiting for events on port 8080...
=== GENERATING RESPONSE FOR CLIENT 5 ===
Continuing file streaming...
-----------------RESPONSE--------------
Continuing file streaming...
Reading from file stream...
Read 9000 bytes from file
Sent 9000 bytes to client
File streaming in progress - keeping connection alive
Waiting for events on port 8080...
=== GENERATING RESPONSE FOR CLIENT 5 ===
Continuing file streaming...
-----------------RESPONSE--------------
Continuing file streaming...
Reading from file stream...
Read 9000 bytes from file
Sent 9000 bytes to client
File streaming in progress - keeping connection alive
Waiting for events on port 8080...
=== GENERATING RESPONSE FOR CLIENT 5 ===
Continuing file streaming...
-----------------RESPONSE--------------
Continuing file streaming...
Reading from file stream...
Read 9000 bytes from file
Sent 9000 bytes to client
File streaming in progress - keeping connection alive
Waiting for events on port 8080...
=== GENERATING RESPONSE FOR CLIENT 5 ===
Continuing file streaming...
-----------------RESPONSE--------------
Continuing file streaming...
Reading from file stream...
Read 9000 bytes from file
Sent 9000 bytes to client
File streaming in progress - keeping connection alive
Waiting for events on port 8080...
=== GENERATING RESPONSE FOR CLIENT 5 ===
Continuing file streaming...
-----------------RESPONSE--------------
Continuing file streaming...
Reading from file stream...
Read 9000 bytes from file
Sent 9000 bytes to client
File streaming in progress - keeping connection alive
Waiting for events on port 8080...
=== GENERATING RESPONSE FOR CLIENT 5 ===
Continuing file streaming...
-----------------RESPONSE--------------
Continuing file streaming...
Reading from file stream...
Read 9000 bytes from file
Sent 9000 bytes to client
File streaming in progress - keeping connection alive
Waiting for events on port 8080...
=== GENERATING RESPONSE FOR CLIENT 5 ===
Continuing file streaming...
-----------------RESPONSE--------------
Continuing file streaming...
Reading from file stream...
Read 9000 bytes from file
Sent 9000 bytes to client
File streaming in progress - keeping connection alive
Waiting for events on port 8080...
=== GENERATING RESPONSE FOR CLIENT 5 ===
Continuing file streaming...
-----------------RESPONSE--------------
Continuing file streaming...
Reading from file stream...
Read 9000 bytes from file
Sent 9000 bytes to client
File streaming in progress - keeping connection alive
Waiting for events on port 8080...
=== GENERATING RESPONSE FOR CLIENT 5 ===
Continuing file streaming...
-----------------RESPONSE--------------
Continuing file streaming...
Reading from file stream...
Read 9000 bytes from file
Sent 9000 bytes to client
File streaming in progress - keeping connection alive
Waiting for events on port 8080...
=== GENERATING RESPONSE FOR CLIENT 5 ===
Continuing file streaming...
-----------------RESPONSE--------------
Continuing file streaming...
Reading from file stream...
Read 9000 bytes from file
Sent 9000 bytes to client
File streaming in progress - keeping connection alive
Waiting for events on port 8080...
=== GENERATING RESPONSE FOR CLIENT 5 ===
Continuing file streaming...
-----------------RESPONSE--------------
Continuing file streaming...
Reading from file stream...
Read 9000 bytes from file
Sent 9000 bytes to client
File streaming in progress - keeping connection alive
Waiting for events on port 8080...
=== GENERATING RESPONSE FOR CLIENT 5 ===
Continuing file streaming...
-----------------RESPONSE--------------
Continuing file streaming...
Reading from file stream...
Read 9000 bytes from file
Sent 9000 bytes to client
File streaming in progress - keeping connection alive
Waiting for events on port 8080...
=== GENERATING RESPONSE FOR CLIENT 5 ===
Continuing file streaming...
-----------------RESPONSE--------------
Continuing file streaming...
Reading from file stream...
Read 9000 bytes from file
Sent 9000 bytes to client
File streaming in progress - keeping connection alive
Waiting for events on port 8080...
=== GENERATING RESPONSE FOR CLIENT 5 ===
Continuing file streaming...
-----------------RESPONSE--------------
Continuing file streaming...
Reading from file stream...
Read 9000 bytes from file
Sent 9000 bytes to client
File streaming in progress - keeping connection alive
Waiting for events on port 8080...
=== GENERATING RESPONSE FOR CLIENT 5 ===
Continuing file streaming...
-----------------RESPONSE--------------
Continuing file streaming...
Reading from file stream...
Read 9000 bytes from file
Sent 9000 bytes to client
File streaming in progress - keeping connection alive
Waiting for events on port 8080...
=== GENERATING RESPONSE FOR CLIENT 5 ===
Continuing file streaming...
-----------------RESPONSE--------------
Continuing file streaming...
Reading from file stream...
Read 9000 bytes from file
Sent 9000 bytes to client
File streaming in progress - keeping connection alive
Waiting for events on port 8080...
=== GENERATING RESPONSE FOR CLIENT 5 ===
Continuing file streaming...
-----------------RESPONSE--------------
Continuing file streaming...
Reading from file stream...
Read 9000 bytes from file
Sent 9000 bytes to client
File streaming in progress - keeping connection alive
Waiting for events on port 8080...
=== GENERATING RESPONSE FOR CLIENT 5 ===
Continuing file streaming...
-----------------RESPONSE--------------
Continuing file streaming...
Reading from file stream...
Read 9000 bytes from file
Sent 9000 bytes to client
File streaming in progress - keeping connection alive
Waiting for events on port 8080...
=== GENERATING RESPONSE FOR CLIENT 5 ===
Continuing file streaming...
-----------------RESPONSE--------------
Continuing file streaming...
Reading from file stream...
Read 9000 bytes from file
Sent 9000 bytes to client
File streaming in progress - keeping connection alive
Waiting for events on port 8080...
=== GENERATING RESPONSE FOR CLIENT 5 ===
Continuing file streaming...
-----------------RESPONSE--------------
Continuing file streaming...
Reading from file stream...
Read 9000 bytes from file
Sent 9000 bytes to client
File streaming in progress - keeping connection alive
Waiting for events on port 8080...
=== GENERATING RESPONSE FOR CLIENT 5 ===
Continuing file streaming...
-----------------RESPONSE--------------
Continuing file streaming...
Reading from file stream...
Read 9000 bytes from file
Sent 9000 bytes to client
File streaming in progress - keeping connection alive
Waiting for events on port 8080...
=== GENERATING RESPONSE FOR CLIENT 5 ===
Continuing file streaming...
-----------------RESPONSE--------------
Continuing file streaming...
Reading from file stream...
Read 9000 bytes from file
Sent 9000 bytes to client
File streaming in progress - keeping connection alive
Waiting for events on port 8080...
=== GENERATING RESPONSE FOR CLIENT 5 ===
Continuing file streaming...
-----------------RESPONSE--------------
Continuing file streaming...
Reading from file stream...
Read 9000 bytes from file
Sent 9000 bytes to client
File streaming in progress - keeping connection alive
Waiting for events on port 8080...
=== GENERATING RESPONSE FOR CLIENT 5 ===
Continuing file streaming...
-----------------RESPONSE--------------
Continuing file streaming...
Reading from file stream...
Read 9000 bytes from file
Sent 9000 bytes to client
File streaming in progress - keeping connection alive
Waiting for events on port 8080...
=== GENERATING RESPONSE FOR CLIENT 5 ===
Continuing file streaming...
-----------------RESPONSE--------------
Continuing file streaming...
Reading from file stream...
Read 9000 bytes from file
Sent 9000 bytes to client
File streaming in progress - keeping connection alive
Waiting for events on port 8080...
=== GENERATING RESPONSE FOR CLIENT 5 ===
Continuing file streaming...
-----------------RESPONSE--------------
Continuing file streaming...
Reading from file stream...
Read 9000 bytes from file
Sent 9000 bytes to client
File streaming in progress - keeping connection alive
Waiting for events on port 8080...
=== GENERATING RESPONSE FOR CLIENT 5 ===
Continuing file streaming...
-----------------RESPONSE--------------
Continuing file streaming...
Reading from file stream...
Read 9000 bytes from file
Sent 9000 bytes to client
File streaming in progress - keeping connection alive
Waiting for events on port 8080...
=== GENERATING RESPONSE FOR CLIENT 5 ===
Continuing file streaming...
-----------------RESPONSE--------------
Continuing file streaming...
Reading from file stream...
Read 9000 bytes from file
Sent 9000 bytes to client
File streaming in progress - keeping connection alive
Waiting for events on port 8080...
=== GENERATING RESPONSE FOR CLIENT 5 ===
Continuing file streaming...
-----------------RESPONSE--------------
Continuing file streaming...
Reading from file stream...
Read 9000 bytes from file
Sent 9000 bytes to client
File streaming in progress - keeping connection alive
Waiting for events on port 8080...
=== GENERATING RESPONSE FOR CLIENT 5 ===
Continuing file streaming...
-----------------RESPONSE--------------
Continuing file streaming...
Reading from file stream...
Read 9000 bytes from file
Sent 9000 bytes to client
File streaming in progress - keeping connection alive
Waiting for events on port 8080...
=== GENERATING RESPONSE FOR CLIENT 5 ===
Continuing file streaming...
-----------------RESPONSE--------------
Continuing file streaming...
Reading from file stream...
Read 9000 bytes from file
Sent 9000 bytes to client
File streaming in progress - keeping connection alive
Waiting for events on port 8080...
=== GENERATING RESPONSE FOR CLIENT 5 ===
Continuing file streaming...
-----------------RESPONSE--------------
Continuing file streaming...
Reading from file stream...
Read 9000 bytes from file
Sent 9000 bytes to client
File streaming in progress - keeping connection alive
Waiting for events on port 8080...
=== GENERATING RESPONSE FOR CLIENT 5 ===
Continuing file streaming...
-----------------RESPONSE--------------
Continuing file streaming...
Reading from file stream...
Read 9000 bytes from file
Sent 9000 bytes to client
File streaming in progress - keeping connection alive
Waiting for events on port 8080...
=== GENERATING RESPONSE FOR CLIENT 5 ===
Continuing file streaming...
-----------------RESPONSE--------------
Continuing file streaming...
Reading from file stream...
Read 9000 bytes from file
Sent 9000 bytes to client
File streaming in progress - keeping connection alive
Waiting for events on port 8080...
=== GENERATING RESPONSE FOR CLIENT 5 ===
Continuing file streaming...
-----------------RESPONSE--------------
Continuing file streaming...
Reading from file stream...
Read 9000 bytes from file
Sent 9000 bytes to client
File streaming in progress - keeping connection alive
Waiting for events on port 8080...
=== GENERATING RESPONSE FOR CLIENT 5 ===
Continuing file streaming...
-----------------RESPONSE--------------
Continuing file streaming...
Reading from file stream...
Read 9000 bytes from file
Sent 9000 bytes to client
File streaming in progress - keeping connection alive
Waiting for events on port 8080...
=== GENERATING RESPONSE FOR CLIENT 5 ===
Continuing file streaming...
-----------------RESPONSE--------------
Continuing file streaming...
Reading from file stream...
Read 9000 bytes from file
Sent 9000 bytes to client
File streaming in progress - keeping connection alive
Waiting for events on port 8080...
=== GENERATING RESPONSE FOR CLIENT 5 ===
Continuing file streaming...
-----------------RESPONSE--------------
Continuing file streaming...
Reading from file stream...
Read 9000 bytes from file
Sent 9000 bytes to client
File streaming in progress - keeping connection alive
Waiting for events on port 8080...
=== GENERATING RESPONSE FOR CLIENT 5 ===
Continuing file streaming...
-----------------RESPONSE--------------
Continuing file streaming...
Reading from file stream...
Read 9000 bytes from file
Sent 9000 bytes to client
File streaming in progress - keeping connection alive
Waiting for events on port 8080...
=== GENERATING RESPONSE FOR CLIENT 5 ===
Continuing file streaming...
-----------------RESPONSE--------------
Continuing file streaming...
Reading from file stream...
Read 9000 bytes from file
Sent 9000 bytes to client
File streaming in progress - keeping connection alive
Waiting for events on port 8080...
=== GENERATING RESPONSE FOR CLIENT 5 ===
Continuing file streaming...
-----------------RESPONSE--------------
Continuing file streaming...
Reading from file stream...
Read 9000 bytes from file
Sent 9000 bytes to client
File streaming in progress - keeping connection alive
Waiting for events on port 8080...
=== GENERATING RESPONSE FOR CLIENT 5 ===
Continuing file streaming...
-----------------RESPONSE--------------
Continuing file streaming...
Reading from file stream...
Read 9000 bytes from file
Sent 9000 bytes to client
File streaming in progress - keeping connection alive
Waiting for events on port 8080...
=== GENERATING RESPONSE FOR CLIENT 5 ===
Continuing file streaming...
-----------------RESPONSE--------------
Continuing file streaming...
Reading from file stream...
Read 9000 bytes from file
Sent 9000 bytes to client
File streaming in progress - keeping connection alive
Waiting for events on port 8080...
=== GENERATING RESPONSE FOR CLIENT 5 ===
Continuing file streaming...
-----------------RESPONSE--------------
Continuing file streaming...
Reading from file stream...
Read 9000 bytes from file
Sent 9000 bytes to client
File streaming in progress - keeping connection alive
Waiting for events on port 8080...
=== GENERATING RESPONSE FOR CLIENT 5 ===
Continuing file streaming...
-----------------RESPONSE--------------
Continuing file streaming...
Reading from file stream...
Read 9000 bytes from file
Sent 9000 bytes to client
File streaming in progress - keeping connection alive
Waiting for events on port 8080...
=== GENERATING RESPONSE FOR CLIENT 5 ===
Continuing file streaming...
-----------------RESPONSE--------------
Continuing file streaming...
Reading from file stream...
Read 9000 bytes from file
Sent 9000 bytes to client
File streaming in progress - keeping connection alive
Waiting for events on port 8080...
=== GENERATING RESPONSE FOR CLIENT 5 ===
Continuing file streaming...
-----------------RESPONSE--------------
Continuing file streaming...
Reading from file stream...
Read 9000 bytes from file
Sent 9000 bytes to client
File streaming in progress - keeping connection alive
Waiting for events on port 8080...
=== GENERATING RESPONSE FOR CLIENT 5 ===
Continuing file streaming...
-----------------RESPONSE--------------
Continuing file streaming...
Reading from file stream...
Read 9000 bytes from file
Sent 9000 bytes to client
File streaming in progress - keeping connection alive
Waiting for events on port 8080...
=== GENERATING RESPONSE FOR CLIENT 5 ===
Continuing file streaming...
-----------------RESPONSE--------------
Continuing file streaming...
Reading from file stream...
Read 9000 bytes from file
Sent 9000 bytes to client
File streaming in progress - keeping connection alive
Waiting for events on port 8080...
=== GENERATING RESPONSE FOR CLIENT 5 ===
Continuing file streaming...
-----------------RESPONSE--------------
Continuing file streaming...
Reading from file stream...
Read 9000 bytes from file
Sent 9000 bytes to client
File streaming in progress - keeping connection alive
Waiting for events on port 8080...
=== GENERATING RESPONSE FOR CLIENT 5 ===
Continuing file streaming...
-----------------RESPONSE--------------
Continuing file streaming...
Reading from file stream...
Read 9000 bytes from file
Sent 9000 bytes to client
File streaming in progress - keeping connection alive
Waiting for events on port 8080...
=== GENERATING RESPONSE FOR CLIENT 5 ===
Continuing file streaming...
-----------------RESPONSE--------------
Continuing file streaming...
Reading from file stream...
Read 9000 bytes from file
Sent 9000 bytes to client
File streaming in progress - keeping connection alive
Waiting for events on port 8080...
=== GENERATING RESPONSE FOR CLIENT 5 ===
Continuing file streaming...
-----------------RESPONSE--------------
Continuing file streaming...
Reading from file stream...
Read 9000 bytes from file
Sent 9000 bytes to client
File streaming in progress - keeping connection alive
Waiting for events on port 8080...
=== GENERATING RESPONSE FOR CLIENT 5 ===
Continuing file streaming...
-----------------RESPONSE--------------
Continuing file streaming...
Reading from file stream...
Read 9000 bytes from file
Sent 9000 bytes to client
File streaming in progress - keeping connection alive
Waiting for events on port 8080...
=== GENERATING RESPONSE FOR CLIENT 5 ===
Continuing file streaming...
-----------------RESPONSE--------------
Continuing file streaming...
Reading from file stream...
Read 9000 bytes from file
Sent 9000 bytes to client
File streaming in progress - keeping connection alive
Waiting for events on port 8080...
=== GENERATING RESPONSE FOR CLIENT 5 ===
Continuing file streaming...
-----------------RESPONSE--------------
Continuing file streaming...
Reading from file stream...
Read 9000 bytes from file
Sent 9000 bytes to client
File streaming in progress - keeping connection alive
Waiting for events on port 8080...
=== GENERATING RESPONSE FOR CLIENT 5 ===
Continuing file streaming...
-----------------RESPONSE--------------
Continuing file streaming...
Reading from file stream...
Read 9000 bytes from file
Sent 9000 bytes to client
File streaming in progress - keeping connection alive
Waiting for events on port 8080...
=== GENERATING RESPONSE FOR CLIENT 5 ===
Continuing file streaming...
-----------------RESPONSE--------------
Continuing file streaming...
Reading from file stream...
Read 9000 bytes from file
Sent 9000 bytes to client
File streaming in progress - keeping connection alive
Waiting for events on port 8080...
=== GENERATING RESPONSE FOR CLIENT 5 ===
Continuing file streaming...
-----------------RESPONSE--------------
Continuing file streaming...
Reading from file stream...
Read 9000 bytes from file
Sent 9000 bytes to client
File streaming in progress - keeping connection alive
Waiting for events on port 8080...
=== GENERATING RESPONSE FOR CLIENT 5 ===
Continuing file streaming...
-----------------RESPONSE--------------
Continuing file streaming...
Reading from file stream...
Read 9000 bytes from file
Sent 9000 bytes to client
File streaming in progress - keeping connection alive
Waiting for events on port 8080...
=== GENERATING RESPONSE FOR CLIENT 5 ===
Continuing file streaming...
-----------------RESPONSE--------------
Continuing file streaming...
Reading from file stream...
Read 9000 bytes from file
Sent 9000 bytes to client
File streaming in progress - keeping connection alive
Waiting for events on port 8080...
=== GENERATING RESPONSE FOR CLIENT 5 ===
Continuing file streaming...
-----------------RESPONSE--------------
Continuing file streaming...
Reading from file stream...
Read 9000 bytes from file
Sent 9000 bytes to client
File streaming in progress - keeping connection alive
Waiting for events on port 8080...
=== GENERATING RESPONSE FOR CLIENT 5 ===
Continuing file streaming...
-----------------RESPONSE--------------
Continuing file streaming...
Reading from file stream...
Read 9000 bytes from file
Sent 9000 bytes to client
File streaming in progress - keeping connection alive
Waiting for events on port 8080...
=== GENERATING RESPONSE FOR CLIENT 5 ===
Continuing file streaming...
-----------------RESPONSE--------------
Continuing file streaming...
Reading from file stream...
Read 9000 bytes from file
Sent 9000 bytes to client
File streaming in progress - keeping connection alive
Waiting for events on port 8080...
=== GENERATING RESPONSE FOR CLIENT 5 ===
Continuing file streaming...
-----------------RESPONSE--------------
Continuing file streaming...
Reading from file stream...
Read 9000 bytes from file
Sent 9000 bytes to client
File streaming in progress - keeping connection alive
Waiting for events on port 8080...
=== GENERATING RESPONSE FOR CLIENT 5 ===
Continuing file streaming...
-----------------RESPONSE--------------
Continuing file streaming...
Reading from file stream...
Read 9000 bytes from file
Sent 9000 bytes to client
File streaming in progress - keeping connection alive
Waiting for events on port 8080...
=== GENERATING RESPONSE FOR CLIENT 5 ===
Continuing file streaming...
-----------------RESPONSE--------------
Continuing file streaming...
Reading from file stream...
Read 9000 bytes from file
Sent 9000 bytes to client
File streaming in progress - keeping connection alive
Waiting for events on port 8080...
=== GENERATING RESPONSE FOR CLIENT 5 ===
Continuing file streaming...
-----------------RESPONSE--------------
Continuing file streaming...
Reading from file stream...
Read 9000 bytes from file
Sent 9000 bytes to client
File streaming in progress - keeping connection alive
Waiting for events on port 8080...
=== GENERATING RESPONSE FOR CLIENT 5 ===
Continuing file streaming...
-----------------RESPONSE--------------
Continuing file streaming...
Reading from file stream...
Read 9000 bytes from file
Sent 9000 bytes to client
File streaming in progress - keeping connection alive
Waiting for events on port 8080...
=== GENERATING RESPONSE FOR CLIENT 5 ===
Continuing file streaming...
-----------------RESPONSE--------------
Continuing file streaming...
Reading from file stream...
Read 9000 bytes from file
Sent 9000 bytes to client
File streaming in progress - keeping connection alive
Waiting for events on port 8080...
=== GENERATING RESPONSE FOR CLIENT 5 ===
Continuing file streaming...
-----------------RESPONSE--------------
Continuing file streaming...
Reading from file stream...
Read 9000 bytes from file
Sent 9000 bytes to client
File streaming in progress - keeping connection alive
Waiting for events on port 8080...
=== GENERATING RESPONSE FOR CLIENT 5 ===
Continuing file streaming...
-----------------RESPONSE--------------
Continuing file streaming...
Reading from file stream...
Read 9000 bytes from file
Sent 9000 bytes to client
File streaming in progress - keeping connection alive
Waiting for events on port 8080...
=== GENERATING RESPONSE FOR CLIENT 5 ===
Continuing file streaming...
-----------------RESPONSE--------------
Continuing file streaming...
Reading from file stream...
Read 9000 bytes from file
Sent 9000 bytes to client
File streaming in progress - keeping connection alive
Waiting for events on port 8080...
=== GENERATING RESPONSE FOR CLIENT 5 ===
Continuing file streaming...
-----------------RESPONSE--------------
Continuing file streaming...
Reading from file stream...
Read 9000 bytes from file
Sent 9000 bytes to client
File streaming in progress - keeping connection alive
Waiting for events on port 8080...
=== GENERATING RESPONSE FOR CLIENT 5 ===
Continuing file streaming...
-----------------RESPONSE--------------
Continuing file streaming...
Reading from file stream...
Read 9000 bytes from file
Sent 9000 bytes to client
File streaming in progress - keeping connection alive
Waiting for events on port 8080...
=== GENERATING RESPONSE FOR CLIENT 5 ===
Continuing file streaming...
-----------------RESPONSE--------------
Continuing file streaming...
Reading from file stream...
Read 9000 bytes from file
Sent 9000 bytes to client
File streaming in progress - keeping connection alive
Waiting for events on port 8080...
=== GENERATING RESPONSE FOR CLIENT 5 ===
Continuing file streaming...
-----------------RESPONSE--------------
Continuing file streaming...
Reading from file stream...
Read 9000 bytes from file
Sent 9000 bytes to client
File streaming in progress - keeping connection alive
Waiting for events on port 8080...
=== GENERATING RESPONSE FOR CLIENT 5 ===
Continuing file streaming...
-----------------RESPONSE--------------
Continuing file streaming...
Reading from file stream...
Read 9000 bytes from file
Sent 9000 bytes to client
File streaming in progress - keeping connection alive
Waiting for events on port 8080...
=== GENERATING RESPONSE FOR CLIENT 5 ===
Continuing file streaming...
-----------------RESPONSE--------------
Continuing file streaming...
Reading from file stream...
Read 9000 bytes from file
Sent 9000 bytes to client
File streaming in progress - keeping connection alive
Waiting for events on port 8080...
=== GENERATING RESPONSE FOR CLIENT 5 ===
Continuing file streaming...
-----------------RESPONSE--------------
Continuing file streaming...
Reading from file stream...
Read 9000 bytes from file
Sent 9000 bytes to client
File streaming in progress - keeping connection alive
Waiting for events on port 8080...
=== GENERATING RESPONSE FOR CLIENT 5 ===
Continuing file streaming...
-----------------RESPONSE--------------
Continuing file streaming...
Reading from file stream...
Read 9000 bytes from file
Sent 9000 bytes to client
File streaming in progress - keeping connection alive
Waiting for events on port 8080...
=== GENERATING RESPONSE FOR CLIENT 5 ===
Continuing file streaming...
-----------------RESPONSE--------------
Continuing file streaming...
Reading from file stream...
Read 9000 bytes from file
Sent 9000 bytes to client
File streaming in progress - keeping connection alive
Waiting for events on port 8080...
=== GENERATING RESPONSE FOR CLIENT 5 ===
Continuing file streaming...
-----------------RESPONSE--------------
Continuing file streaming...
Reading from file stream...
Read 9000 bytes from file
Sent 9000 bytes to client
File streaming in progress - keeping connection alive
Waiting for events on port 8080...
=== GENERATING RESPONSE FOR CLIENT 5 ===
Continuing file streaming...
-----------------RESPONSE--------------
Continuing file streaming...
Reading from file stream...
Read 9000 bytes from file
Sent 9000 bytes to client
File streaming in progress - keeping connection alive
Waiting for events on port 8080...
=== GENERATING RESPONSE FOR CLIENT 5 ===
Continuing file streaming...
-----------------RESPONSE--------------
Continuing file streaming...
Reading from file stream...
Read 9000 bytes from file
Sent 9000 bytes to client
File streaming in progress - keeping connection alive
Waiting for events on port 8080...
=== GENERATING RESPONSE FOR CLIENT 5 ===
Continuing file streaming...
-----------------RESPONSE--------------
Continuing file streaming...
Reading from file stream...
Read 9000 bytes from file
Sent 9000 bytes to client
File streaming in progress - keeping connection alive
Waiting for events on port 8080...
=== GENERATING RESPONSE FOR CLIENT 5 ===
Continuing file streaming...
-----------------RESPONSE--------------
Continuing file streaming...
Reading from file stream...
Read 9000 bytes from file
Sent 9000 bytes to client
File streaming in progress - keeping connection alive
Waiting for events on port 8080...
=== GENERATING RESPONSE FOR CLIENT 5 ===
Continuing file streaming...
-----------------RESPONSE--------------
Continuing file streaming...
Reading from file stream...
Read 9000 bytes from file
Sent 9000 bytes to client
File streaming in progress - keeping connection alive
Waiting for events on port 8080...
=== GENERATING RESPONSE FOR CLIENT 5 ===
Continuing file streaming...
-----------------RESPONSE--------------
Continuing file streaming...
Reading from file stream...
Read 9000 bytes from file
Sent 9000 bytes to client
File streaming in progress - keeping connection alive
Waiting for events on port 8080...
=== GENERATING RESPONSE FOR CLIENT 5 ===
Continuing file streaming...
-----------------RESPONSE--------------
Continuing file streaming...
Reading from file stream...
Read 9000 bytes from file
Sent 9000 bytes to client
File streaming in progress - keeping connection alive
Waiting for events on port 8080...
=== GENERATING RESPONSE FOR CLIENT 5 ===
Continuing file streaming...
-----------------RESPONSE--------------
Continuing file streaming...
Reading from file stream...
Read 9000 bytes from file
Sent 9000 bytes to client
File streaming in progress - keeping connection alive
Waiting for events on port 8080...
=== GENERATING RESPONSE FOR CLIENT 5 ===
Continuing file streaming...
-----------------RESPONSE--------------
Continuing file streaming...
Reading from file stream...
Read 9000 bytes from file
Sent 9000 bytes to client
File streaming in progress - keeping connection alive
Waiting for events on port 8080...
=== GENERATING RESPONSE FOR CLIENT 5 ===
Continuing file streaming...
-----------------RESPONSE--------------
Continuing file streaming...
Reading from file stream...
Read 9000 bytes from file
Sent 9000 bytes to client
File streaming in progress - keeping connection alive
Waiting for events on port 8080...
=== GENERATING RESPONSE FOR CLIENT 5 ===
Continuing file streaming...
-----------------RESPONSE--------------
Continuing file streaming...
Reading from file stream...
Read 9000 bytes from file
Sent 9000 bytes to client
File streaming in progress - keeping connection alive
Waiting for events on port 8080...
=== GENERATING RESPONSE FOR CLIENT 5 ===
Continuing file streaming...
-----------------RESPONSE--------------
Continuing file streaming...
Reading from file stream...
Read 9000 bytes from file
Sent 9000 bytes to client
File streaming in progress - keeping connection alive
Waiting for events on port 8080...
=== GENERATING RESPONSE FOR CLIENT 5 ===
Continuing file streaming...
-----------------RESPONSE--------------
Continuing file streaming...
Reading from file stream...
Read 9000 bytes from file
Sent 9000 bytes to client
File streaming in progress - keeping connection alive
Waiting for events on port 8080...
=== GENERATING RESPONSE FOR CLIENT 5 ===
Continuing file streaming...
-----------------RESPONSE--------------
Continuing file streaming...
Reading from file stream...
Read 9000 bytes from file
Sent 9000 bytes to client
File streaming in progress - keeping connection alive
Waiting for events on port 8080...
=== GENERATING RESPONSE FOR CLIENT 5 ===
Continuing file streaming...
-----------------RESPONSE--------------
Continuing file streaming...
Reading from file stream...
Read 9000 bytes from file
Sent 9000 bytes to client
File streaming in progress - keeping connection alive
Waiting for events on port 8080...
=== GENERATING RESPONSE FOR CLIENT 5 ===
Continuing file streaming...
-----------------RESPONSE--------------
Continuing file streaming...
Reading from file stream...
Read 9000 bytes from file
Sent 9000 bytes to client
File streaming in progress - keeping connection alive
Waiting for events on port 8080...
=== GENERATING RESPONSE FOR CLIENT 5 ===
Continuing file streaming...
-----------------RESPONSE--------------
Continuing file streaming...
Reading from file stream...
Read 9000 bytes from file
Sent 9000 bytes to client
File streaming in progress - keeping connection alive
Waiting for events on port 8080...
=== GENERATING RESPONSE FOR CLIENT 5 ===
Continuing file streaming...
-----------------RESPONSE--------------
Continuing file streaming...
Reading from file stream...
Read 9000 bytes from file
Sent 9000 bytes to client
File streaming in progress - keeping connection alive
Waiting for events on port 8080...
=== GENERATING RESPONSE FOR CLIENT 5 ===
Continuing file streaming...
-----------------RESPONSE--------------
Continuing file streaming...
Reading from file stream...
Read 9000 bytes from file
Sent 9000 bytes to client
File streaming in progress - keeping connection alive
Waiting for events on port 8080...
=== GENERATING RESPONSE FOR CLIENT 5 ===
Continuing file streaming...
-----------------RESPONSE--------------
Continuing file streaming...
Reading from file stream...
Read 9000 bytes from file
Sent 9000 bytes to client
File streaming in progress - keeping connection alive
Waiting for events on port 8080...
=== GENERATING RESPONSE FOR CLIENT 5 ===
Continuing file streaming...
-----------------RESPONSE--------------
Continuing file streaming...
Reading from file stream...
Read 9000 bytes from file
Sent 9000 bytes to client
File streaming in progress - keeping connection alive
Waiting for events on port 8080...
=== GENERATING RESPONSE FOR CLIENT 5 ===
Continuing file streaming...
-----------------RESPONSE--------------
Continuing file streaming...
Reading from file stream...
Read 9000 bytes from file
Sent 9000 bytes to client
File streaming in progress - keeping connection alive
Waiting for events on port 8080...
=== GENERATING RESPONSE FOR CLIENT 5 ===
Continuing file streaming...
-----------------RESPONSE--------------
Continuing file streaming...
Reading from file stream...
Read 9000 bytes from file
Sent 9000 bytes to client
File streaming in progress - keeping connection alive
Waiting for events on port 8080...
=== GENERATING RESPONSE FOR CLIENT 5 ===
Continuing file streaming...
-----------------RESPONSE--------------
Continuing file streaming...
Reading from file stream...
Read 9000 bytes from file
Sent 9000 bytes to client
File streaming in progress - keeping connection alive
Waiting for events on port 8080...
=== GENERATING RESPONSE FOR CLIENT 5 ===
Continuing file streaming...
-----------------RESPONSE--------------
Continuing file streaming...
Reading from file stream...
Read 9000 bytes from file
Sent 9000 bytes to client
File streaming in progress - keeping connection alive
Waiting for events on port 8080...
=== GENERATING RESPONSE FOR CLIENT 5 ===
Continuing file streaming...
-----------------RESPONSE--------------
Continuing file streaming...
Reading from file stream...
Read 9000 bytes from file
Sent 9000 bytes to client
File streaming in progress - keeping connection alive
Waiting for events on port 8080...
=== GENERATING RESPONSE FOR CLIENT 5 ===
Continuing file streaming...
-----------------RESPONSE--------------
Continuing file streaming...
Reading from file stream...
Read 9000 bytes from file
Sent 9000 bytes to client
File streaming in progress - keeping connection alive
Waiting for events on port 8080...
=== GENERATING RESPONSE FOR CLIENT 5 ===
Continuing file streaming...
-----------------RESPONSE--------------
Continuing file streaming...
Reading from file stream...
Read 9000 bytes from file
Sent 9000 bytes to client
File streaming in progress - keeping connection alive
Waiting for events on port 8080...
=== GENERATING RESPONSE FOR CLIENT 5 ===
Continuing file streaming...
-----------------RESPONSE--------------
Continuing file streaming...
Reading from file stream...
Read 9000 bytes from file
Sent 9000 bytes to client
File streaming in progress - keeping connection alive
Waiting for events on port 8080...
=== GENERATING RESPONSE FOR CLIENT 5 ===
Continuing file streaming...
-----------------RESPONSE--------------
Continuing file streaming...
Reading from file stream...
Read 9000 bytes from file
Sent 9000 bytes to client
File streaming in progress - keeping connection alive
Waiting for events on port 8080...
=== GENERATING RESPONSE FOR CLIENT 5 ===
Continuing file streaming...
-----------------RESPONSE--------------
Continuing file streaming...
Reading from file stream...
Read 9000 bytes from file
Sent 9000 bytes to client
File streaming in progress - keeping connection alive
Waiting for events on port 8080...
=== GENERATING RESPONSE FOR CLIENT 5 ===
Continuing file streaming...
-----------------RESPONSE--------------
Continuing file streaming...
Reading from file stream...
Read 9000 bytes from file
Sent 9000 bytes to client
File streaming in progress - keeping connection alive
Waiting for events on port 8080...
=== GENERATING RESPONSE FOR CLIENT 5 ===
Continuing file streaming...
-----------------RESPONSE--------------
Continuing file streaming...
Reading from file stream...
Read 9000 bytes from file
Sent 9000 bytes to client
File streaming in progress - keeping connection alive
Waiting for events on port 8080...
=== GENERATING RESPONSE FOR CLIENT 5 ===
Continuing file streaming...
-----------------RESPONSE--------------
Continuing file streaming...
Reading from file stream...
Read 9000 bytes from file
Sent 9000 bytes to client
File streaming in progress - keeping connection alive
Waiting for events on port 8080...
=== GENERATING RESPONSE FOR CLIENT 5 ===
Continuing file streaming...
-----------------RESPONSE--------------
Continuing file streaming...
Reading from file stream...
Read 9000 bytes from file
Sent 9000 bytes to client
File streaming in progress - keeping connection alive
Waiting for events on port 8080...
=== GENERATING RESPONSE FOR CLIENT 5 ===
Continuing file streaming...
-----------------RESPONSE--------------
Continuing file streaming...
Reading from file stream...
Read 9000 bytes from file
Sent 9000 bytes to client
File streaming in progress - keeping connection alive
Waiting for events on port 8080...
=== GENERATING RESPONSE FOR CLIENT 5 ===
Continuing file streaming...
-----------------RESPONSE--------------
Continuing file streaming...
Reading from file stream...
Read 9000 bytes from file
Sent 9000 bytes to client
File streaming in progress - keeping connection alive
Waiting for events on port 8080...
=== GENERATING RESPONSE FOR CLIENT 5 ===
Continuing file streaming...
-----------------RESPONSE--------------
Continuing file streaming...
Reading from file stream...
Read 9000 bytes from file
Sent 9000 bytes to client
File streaming in progress - keeping connection alive
Waiting for events on port 8080...
=== GENERATING RESPONSE FOR CLIENT 5 ===
Continuing file streaming...
-----------------RESPONSE--------------
Continuing file streaming...
Reading from file stream...
Read 9000 bytes from file
Sent 9000 bytes to client
File streaming in progress - keeping connection alive
Waiting for events on port 8080...
=== GENERATING RESPONSE FOR CLIENT 5 ===
Continuing file streaming...
-----------------RESPONSE--------------
Continuing file streaming...
Reading from file stream...
Read 9000 bytes from file
Sent 9000 bytes to client
File streaming in progress - keeping connection alive
Waiting for events on port 8080...
=== GENERATING RESPONSE FOR CLIENT 5 ===
Continuing file streaming...
-----------------RESPONSE--------------
Continuing file streaming...
Reading from file stream...
Read 9000 bytes from file
Sent 9000 bytes to client
File streaming in progress - keeping connection alive
Waiting for events on port 8080...
=== GENERATING RESPONSE FOR CLIENT 5 ===
Continuing file streaming...
-----------------RESPONSE--------------
Continuing file streaming...
Reading from file stream...
Read 9000 bytes from file
Sent 9000 bytes to client
File streaming in progress - keeping connection alive
Waiting for events on port 8080...
=== GENERATING RESPONSE FOR CLIENT 5 ===
Continuing file streaming...
-----------------RESPONSE--------------
Continuing file streaming...
Reading from file stream...
Read 9000 bytes from file
Sent 9000 bytes to client
File streaming in progress - keeping connection alive
Waiting for events on port 8080...
=== GENERATING RESPONSE FOR CLIENT 5 ===
Continuing file streaming...
-----------------RESPONSE--------------
Continuing file streaming...
Reading from file stream...
Read 9000 bytes from file
Sent 9000 bytes to client
File streaming in progress - keeping connection alive
Waiting for events on port 8080...
=== GENERATING RESPONSE FOR CLIENT 5 ===
Continuing file streaming...
-----------------RESPONSE--------------
Continuing file streaming...
Reading from file stream...
Read 9000 bytes from file
Sent 9000 bytes to client
File streaming in progress - keeping connection alive
Waiting for events on port 8080...
=== GENERATING RESPONSE FOR CLIENT 5 ===
Continuing file streaming...
-----------------RESPONSE--------------
Continuing file streaming...
Reading from file stream...
Read 9000 bytes from file
Sent 9000 bytes to client
File streaming in progress - keeping connection alive
Waiting for events on port 8080...
=== GENERATING RESPONSE FOR CLIENT 5 ===
Continuing file streaming...
-----------------RESPONSE--------------
Continuing file streaming...
Reading from file stream...
Read 9000 bytes from file
Sent 9000 bytes to client
File streaming in progress - keeping connection alive
Waiting for events on port 8080...
=== GENERATING RESPONSE FOR CLIENT 5 ===
Continuing file streaming...
-----------------RESPONSE--------------
Continuing file streaming...
Reading from file stream...
Read 9000 bytes from file
Sent 9000 bytes to client
File streaming in progress - keeping connection alive
Waiting for events on port 8080...
=== GENERATING RESPONSE FOR CLIENT 5 ===
Continuing file streaming...
-----------------RESPONSE--------------
Continuing file streaming...
Reading from file stream...
Read 9000 bytes from file
Sent 9000 bytes to client
File streaming in progress - keeping connection alive
Waiting for events on port 8080...
=== GENERATING RESPONSE FOR CLIENT 5 ===
Continuing file streaming...
-----------------RESPONSE--------------
Continuing file streaming...
Reading from file stream...
Read 9000 bytes from file
Sent 9000 bytes to client
File streaming in progress - keeping connection alive
Waiting for events on port 8080...
=== GENERATING RESPONSE FOR CLIENT 5 ===
Continuing file streaming...
-----------------RESPONSE--------------
Continuing file streaming...
Reading from file stream...
Read 9000 bytes from file
Sent 9000 bytes to client
File streaming in progress - keeping connection alive
Waiting for events on port 8080...
=== GENERATING RESPONSE FOR CLIENT 5 ===
Continuing file streaming...
-----------------RESPONSE--------------
Continuing file streaming...
Reading from file stream...
Read 9000 bytes from file
Sent 9000 bytes to client
File streaming in progress - keeping connection alive
Waiting for events on port 8080...
=== GENERATING RESPONSE FOR CLIENT 5 ===
Continuing file streaming...
-----------------RESPONSE--------------
Continuing file streaming...
Reading from file stream...
Read 9000 bytes from file
Sent 9000 bytes to client
File streaming in progress - keeping connection alive
Waiting for events on port 8080...
=== GENERATING RESPONSE FOR CLIENT 5 ===
Continuing file streaming...
-----------------RESPONSE--------------
Continuing file streaming...
Reading from file stream...
Read 9000 bytes from file
Sent 9000 bytes to client
File streaming in progress - keeping connection alive
Waiting for events on port 8080...
=== GENERATING RESPONSE FOR CLIENT 5 ===
Continuing file streaming...
-----------------RESPONSE--------------
Continuing file streaming...
Reading from file stream...
Read 9000 bytes from file
Sent 9000 bytes to client
File streaming in progress - keeping connection alive
Waiting for events on port 8080...
=== GENERATING RESPONSE FOR CLIENT 5 ===
Continuing file streaming...
-----------------RESPONSE--------------
Continuing file streaming...
Reading from file stream...
Read 9000 bytes from file
Sent 9000 bytes to client
File streaming in progress - keeping connection alive
Waiting for events on port 8080...
=== GENERATING RESPONSE FOR CLIENT 5 ===
Continuing file streaming...
-----------------RESPONSE--------------
Continuing file streaming...
Reading from file stream...
Read 9000 bytes from file
Sent 9000 bytes to client
File streaming in progress - keeping connection alive
Waiting for events on port 8080...
=== GENERATING RESPONSE FOR CLIENT 5 ===
Continuing file streaming...
-----------------RESPONSE--------------
Continuing file streaming...
Reading from file stream...
Read 9000 bytes from file
Sent 9000 bytes to client
File streaming in progress - keeping connection alive
Waiting for events on port 8080...
=== GENERATING RESPONSE FOR CLIENT 5 ===
Continuing file streaming...
-----------------RESPONSE--------------
Continuing file streaming...
Reading from file stream...
Read 9000 bytes from file
Sent 9000 bytes to client
File streaming in progress - keeping connection alive
Waiting for events on port 8080...
=== GENERATING RESPONSE FOR CLIENT 5 ===
Continuing file streaming...
-----------------RESPONSE--------------
Continuing file streaming...
Reading from file stream...
Read 9000 bytes from file
Sent 9000 bytes to client
File streaming in progress - keeping connection alive
Waiting for events on port 8080...
=== GENERATING RESPONSE FOR CLIENT 5 ===
Continuing file streaming...
-----------------RESPONSE--------------
Continuing file streaming...
Reading from file stream...
Read 9000 bytes from file
Sent 9000 bytes to client
File streaming in progress - keeping connection alive
Waiting for events on port 8080...
=== GENERATING RESPONSE FOR CLIENT 5 ===
Continuing file streaming...
-----------------RESPONSE--------------
Continuing file streaming...
Reading from file stream...
Read 9000 bytes from file
Sent 9000 bytes to client
File streaming in progress - keeping connection alive
Waiting for events on port 8080...
=== GENERATING RESPONSE FOR CLIENT 5 ===
Continuing file streaming...
-----------------RESPONSE--------------
Continuing file streaming...
Reading from file stream...
Read 9000 bytes from file
Sent 9000 bytes to client
File streaming in progress - keeping connection alive
Waiting for events on port 8080...
=== GENERATING RESPONSE FOR CLIENT 5 ===
Continuing file streaming...
-----------------RESPONSE--------------
Continuing file streaming...
Reading from file stream...
Read 9000 bytes from file
Sent 9000 bytes to client
File streaming in progress - keeping connection alive
Waiting for events on port 8080...
=== GENERATING RESPONSE FOR CLIENT 5 ===
Continuing file streaming...
-----------------RESPONSE--------------
Continuing file streaming...
Reading from file stream...
Read 9000 bytes from file
Sent 9000 bytes to client
File streaming in progress - keeping connection alive
Waiting for events on port 8080...
=== GENERATING RESPONSE FOR CLIENT 5 ===
Continuing file streaming...
-----------------RESPONSE--------------
Continuing file streaming...
Reading from file stream...
Read 9000 bytes from file
Sent 9000 bytes to client
File streaming in progress - keeping connection alive
Waiting for events on port 8080...
=== GENERATING RESPONSE FOR CLIENT 5 ===
Continuing file streaming...
-----------------RESPONSE--------------
Continuing file streaming...
Reading from file stream...
Read 9000 bytes from file
Sent 9000 bytes to client
File streaming in progress - keeping connection alive
Waiting for events on port 8080...
=== GENERATING RESPONSE FOR CLIENT 5 ===
Continuing file streaming...
-----------------RESPONSE--------------
Continuing file streaming...
Reading from file stream...
Read 9000 bytes from file
Sent 9000 bytes to client
File streaming in progress - keeping connection alive
Waiting for events on port 8080...
=== GENERATING RESPONSE FOR CLIENT 5 ===
Continuing file streaming...
-----------------RESPONSE--------------
Continuing file streaming...
Reading from file stream...
Read 9000 bytes from file
Sent 9000 bytes to client
File streaming in progress - keeping connection alive
Waiting for events on port 8080...
=== GENERATING RESPONSE FOR CLIENT 5 ===
Continuing file streaming...
-----------------RESPONSE--------------
Continuing file streaming...
Reading from file stream...
Read 9000 bytes from file
Sent 9000 bytes to client
File streaming in progress - keeping connection alive
Waiting for events on port 8080...
=== GENERATING RESPONSE FOR CLIENT 5 ===
Continuing file streaming...
-----------------RESPONSE--------------
Continuing file streaming...
Reading from file stream...
Read 9000 bytes from file
Sent 9000 bytes to client
File streaming in progress - keeping connection alive
Waiting for events on port 8080...
=== GENERATING RESPONSE FOR CLIENT 5 ===
Continuing file streaming...
-----------------RESPONSE--------------
Continuing file streaming...
Reading from file stream...
Read 9000 bytes from file
Sent 9000 bytes to client
File streaming in progress - keeping connection alive
Waiting for events on port 8080...
=== GENERATING RESPONSE FOR CLIENT 5 ===
Continuing file streaming...
-----------------RESPONSE--------------
Continuing file streaming...
Reading from file stream...
Read 9000 bytes from file
Sent 9000 bytes to client
File streaming in progress - keeping connection alive
Waiting for events on port 8080...
=== GENERATING RESPONSE FOR CLIENT 5 ===
Continuing file streaming...
-----------------RESPONSE--------------
Continuing file streaming...
Reading from file stream...
Read 9000 bytes from file
Sent 9000 bytes to client
File streaming in progress - keeping connection alive
Waiting for events on port 8080...
=== GENERATING RESPONSE FOR CLIENT 5 ===
Continuing file streaming...
-----------------RESPONSE--------------
Continuing file streaming...
Reading from file stream...
Read 9000 bytes from file
Sent 9000 bytes to client
File streaming in progress - keeping connection alive
Waiting for events on port 8080...
=== GENERATING RESPONSE FOR CLIENT 5 ===
Continuing file streaming...
-----------------RESPONSE--------------
Continuing file streaming...
Reading from file stream...
Read 9000 bytes from file
Sent 9000 bytes to client
File streaming in progress - keeping connection alive
Waiting for events on port 8080...
=== GENERATING RESPONSE FOR CLIENT 5 ===
Continuing file streaming...
-----------------RESPONSE--------------
Continuing file streaming...
Reading from file stream...
Read 9000 bytes from file
Sent 9000 bytes to client
File streaming in progress - keeping connection alive
Waiting for events on port 8080...
=== GENERATING RESPONSE FOR CLIENT 5 ===
Continuing file streaming...
-----------------RESPONSE--------------
Continuing file streaming...
Reading from file stream...
Read 9000 bytes from file
Sent 9000 bytes to client
File streaming in progress - keeping connection alive
Waiting for events on port 8080...
=== GENERATING RESPONSE FOR CLIENT 5 ===
Continuing file streaming...
-----------------RESPONSE--------------
Continuing file streaming...
Reading from file stream...
Read 9000 bytes from file
Sent 9000 bytes to client
File streaming in progress - keeping connection alive
Waiting for events on port 8080...
=== GENERATING RESPONSE FOR CLIENT 5 ===
Continuing file streaming...
-----------------RESPONSE--------------
Continuing file streaming...
Reading from file stream...
Read 9000 bytes from file
Sent 9000 bytes to client
File streaming in progress - keeping connection alive
Waiting for events on port 8080...
=== GENERATING RESPONSE FOR CLIENT 5 ===
Continuing file streaming...
-----------------RESPONSE--------------
Continuing file streaming...
Reading from file stream...
Read 9000 bytes from file
Sent 9000 bytes to client
File streaming in progress - keeping connection alive
Waiting for events on port 8080...
=== GENERATING RESPONSE FOR CLIENT 5 ===
Continuing file streaming...
-----------------RESPONSE--------------
Continuing file streaming...
Reading from file stream...
Read 9000 bytes from file
Sent 9000 bytes to client
File streaming in progress - keeping connection alive
Waiting for events on port 8080...
=== GENERATING RESPONSE FOR CLIENT 5 ===
Continuing file streaming...
-----------------RESPONSE--------------
Continuing file streaming...
Reading from file stream...
Read 9000 bytes from file
Sent 9000 bytes to client
File streaming in progress - keeping connection alive
Waiting for events on port 8080...
=== GENERATING RESPONSE FOR CLIENT 5 ===
Continuing file streaming...
-----------------RESPONSE--------------
Continuing file streaming...
Reading from file stream...
Read 9000 bytes from file
Sent 9000 bytes to client
File streaming in progress - keeping connection alive
Waiting for events on port 8080...
=== GENERATING RESPONSE FOR CLIENT 5 ===
Continuing file streaming...
-----------------RESPONSE--------------
Continuing file streaming...
Reading from file stream...
Read 9000 bytes from file
Sent 9000 bytes to client
File streaming in progress - keeping connection alive
Waiting for events on port 8080...
=== GENERATING RESPONSE FOR CLIENT 5 ===
Continuing file streaming...
-----------------RESPONSE--------------
Continuing file streaming...
Reading from file stream...
Read 9000 bytes from file
Sent 9000 bytes to client
File streaming in progress - keeping connection alive
Waiting for events on port 8080...
=== GENERATING RESPONSE FOR CLIENT 5 ===
Continuing file streaming...
-----------------RESPONSE--------------
Continuing file streaming...
Reading from file stream...
Read 9000 bytes from file
Sent 9000 bytes to client
File streaming in progress - keeping connection alive
Waiting for events on port 8080...
=== GENERATING RESPONSE FOR CLIENT 5 ===
Continuing file streaming...
-----------------RESPONSE--------------
Continuing file streaming...
Reading from file stream...
Read 9000 bytes from file
Sent 9000 bytes to client
File streaming in progress - keeping connection alive
Waiting for events on port 8080...
=== GENERATING RESPONSE FOR CLIENT 5 ===
Continuing file streaming...
-----------------RESPONSE--------------
Continuing file streaming...
Reading from file stream...
Read 9000 bytes from file
Sent 9000 bytes to client
File streaming in progress - keeping connection alive
Waiting for events on port 8080...
=== GENERATING RESPONSE FOR CLIENT 5 ===
Continuing file streaming...
-----------------RESPONSE--------------
Continuing file streaming...
Reading from file stream...
Read 9000 bytes from file
Sent 9000 bytes to client
File streaming in progress - keeping connection alive
Waiting for events on port 8080...
=== GENERATING RESPONSE FOR CLIENT 5 ===
Continuing file streaming...
-----------------RESPONSE--------------
Continuing file streaming...
Reading from file stream...
Read 9000 bytes from file
Sent 9000 bytes to client
File streaming in progress - keeping connection alive
Waiting for events on port 8080...
=== GENERATING RESPONSE FOR CLIENT 5 ===
Continuing file streaming...
-----------------RESPONSE--------------
Continuing file streaming...
Reading from file stream...
Read 9000 bytes from file
Sent 9000 bytes to client
File streaming in progress - keeping connection alive
Waiting for events on port 8080...
=== GENERATING RESPONSE FOR CLIENT 5 ===
Continuing file streaming...
-----------------RESPONSE--------------
Continuing file streaming...
Reading from file stream...
Read 9000 bytes from file
Sent 9000 bytes to client
File streaming in progress - keeping connection alive
Waiting for events on port 8080...
=== GENERATING RESPONSE FOR CLIENT 5 ===
Continuing file streaming...
-----------------RESPONSE--------------
Continuing file streaming...
Reading from file stream...
Read 9000 bytes from file
Sent 9000 bytes to client
File streaming in progress - keeping connection alive
Waiting for events on port 8080...
=== GENERATING RESPONSE FOR CLIENT 5 ===
Continuing file streaming...
-----------------RESPONSE--------------
Continuing file streaming...
Reading from file stream...
Read 9000 bytes from file
Sent 9000 bytes to client
File streaming in progress - keeping connection alive
Waiting for events on port 8080...
=== GENERATING RESPONSE FOR CLIENT 5 ===
Continuing file streaming...
-----------------RESPONSE--------------
Continuing file streaming...
Reading from file stream...
Read 9000 bytes from file
Sent 9000 bytes to client
File streaming in progress - keeping connection alive
Waiting for events on port 8080...
=== GENERATING RESPONSE FOR CLIENT 5 ===
Continuing file streaming...
-----------------RESPONSE--------------
Continuing file streaming...
Reading from file stream...
Read 9000 bytes from file
Sent 9000 bytes to client
File streaming in progress - keeping connection alive
Waiting for events on port 8080...
=== GENERATING RESPONSE FOR CLIENT 5 ===
Continuing file streaming...
-----------------RESPONSE--------------
Continuing file streaming...
Reading from file stream...
Read 9000 bytes from file
Sent 9000 bytes to client
File streaming in progress - keeping connection alive
Waiting for events on port 8080...
=== GENERATING RESPONSE FOR CLIENT 5 ===
Continuing file streaming...
-----------------RESPONSE--------------
Continuing file streaming...
Reading from file stream...
Read 9000 bytes from file
Sent 9000 bytes to client
File streaming in progress - keeping connection alive
Waiting for events on port 8080...
=== GENERATING RESPONSE FOR CLIENT 5 ===
Continuing file streaming...
-----------------RESPONSE--------------
Continuing file streaming...
Reading from file stream...
Read 9000 bytes from file
Sent 9000 bytes to client
File streaming in progress - keeping connection alive
Waiting for events on port 8080...
=== GENERATING RESPONSE FOR CLIENT 5 ===
Continuing file streaming...
-----------------RESPONSE--------------
Continuing file streaming...
Reading from file stream...
Read 9000 bytes from file
Sent 9000 bytes to client
File streaming in progress - keeping connection alive
Waiting for events on port 8080...
=== GENERATING RESPONSE FOR CLIENT 5 ===
Continuing file streaming...
-----------------RESPONSE--------------
Continuing file streaming...
Reading from file stream...
Read 9000 bytes from file
Sent 9000 bytes to client
File streaming in progress - keeping connection alive
Waiting for events on port 8080...
=== GENERATING RESPONSE FOR CLIENT 5 ===
Continuing file streaming...
-----------------RESPONSE--------------
Continuing file streaming...
Reading from file stream...
Read 9000 bytes from file
Sent 9000 bytes to client
File streaming in progress - keeping connection alive
Waiting for events on port 8080...
=== GENERATING RESPONSE FOR CLIENT 5 ===
Continuing file streaming...
-----------------RESPONSE--------------
Continuing file streaming...
Reading from file stream...
Read 9000 bytes from file
Sent 9000 bytes to client
File streaming in progress - keeping connection alive
Waiting for events on port 8080...
=== GENERATING RESPONSE FOR CLIENT 5 ===
Continuing file streaming...
-----------------RESPONSE--------------
Continuing file streaming...
Reading from file stream...
Read 9000 bytes from file
Sent 9000 bytes to client
File streaming in progress - keeping connection alive
Waiting for events on port 8080...
=== GENERATING RESPONSE FOR CLIENT 5 ===
Continuing file streaming...
-----------------RESPONSE--------------
Continuing file streaming...
Reading from file stream...
Read 9000 bytes from file
Sent 9000 bytes to client
File streaming in progress - keeping connection alive
Waiting for events on port 8080...
=== GENERATING RESPONSE FOR CLIENT 5 ===
Continuing file streaming...
-----------------RESPONSE--------------
Continuing file streaming...
Reading from file stream...
Read 9000 bytes from file
Sent 9000 bytes to client
File streaming in progress - keeping connection alive
Waiting for events on port 8080...
=== GENERATING RESPONSE FOR CLIENT 5 ===
Continuing file streaming...
-----------------RESPONSE--------------
Continuing file streaming...
Reading from file stream...
Read 9000 bytes from file
Sent 9000 bytes to client
File streaming in progress - keeping connection alive
Waiting for events on port 8080...
=== GENERATING RESPONSE FOR CLIENT 5 ===
Continuing file streaming...
-----------------RESPONSE--------------
Continuing file streaming...
Reading from file stream...
Read 9000 bytes from file
Sent 9000 bytes to client
File streaming in progress - keeping connection alive
Waiting for events on port 8080...
=== GENERATING RESPONSE FOR CLIENT 5 ===
Continuing file streaming...
-----------------RESPONSE--------------
Continuing file streaming...
Reading from file stream...
Read 9000 bytes from file
Sent 9000 bytes to client
File streaming in progress - keeping connection alive
Waiting for events on port 8080...
=== GENERATING RESPONSE FOR CLIENT 5 ===
Continuing file streaming...
-----------------RESPONSE--------------
Continuing file streaming...
Reading from file stream...
Read 9000 bytes from file
Sent 9000 bytes to client
File streaming in progress - keeping connection alive
Waiting for events on port 8080...
=== GENERATING RESPONSE FOR CLIENT 5 ===
Continuing file streaming...
-----------------RESPONSE--------------
Continuing file streaming...
Reading from file stream...
Read 9000 bytes from file
Sent 9000 bytes to client
File streaming in progress - keeping connection alive
Waiting for events on port 8080...
=== GENERATING RESPONSE FOR CLIENT 5 ===
Continuing file streaming...
-----------------RESPONSE--------------
Continuing file streaming...
Reading from file stream...
Read 9000 bytes from file
Sent 9000 bytes to client
File streaming in progress - keeping connection alive
Waiting for events on port 8080...
=== GENERATING RESPONSE FOR CLIENT 5 ===
Continuing file streaming...
-----------------RESPONSE--------------
Continuing file streaming...
Reading from file stream...
Read 9000 bytes from file
Sent 9000 bytes to client
File streaming in progress - keeping connection alive
Waiting for events on port 8080...
=== GENERATING RESPONSE FOR CLIENT 5 ===
Continuing file streaming...
-----------------RESPONSE--------------
Continuing file streaming...
Reading from file stream...
Read 9000 bytes from file
Sent 9000 bytes to client
File streaming in progress - keeping connection alive
Waiting for events on port 8080...
=== GENERATING RESPONSE FOR CLIENT 5 ===
Continuing file streaming...
-----------------RESPONSE--------------
Continuing file streaming...
Reading from file stream...
Read 9000 bytes from file
Sent 9000 bytes to client
File streaming in progress - keeping connection alive
Waiting for events on port 8080...
=== GENERATING RESPONSE FOR CLIENT 5 ===
Continuing file streaming...
-----------------RESPONSE--------------
Continuing file streaming...
Reading from file stream...
Read 9000 bytes from file
Sent 9000 bytes to client
File streaming in progress - keeping connection alive
Waiting for events on port 8080...
=== GENERATING RESPONSE FOR CLIENT 5 ===
Continuing file streaming...
-----------------RESPONSE--------------
Continuing file streaming...
Reading from file stream...
Read 9000 bytes from file
Sent 9000 bytes to client
File streaming in progress - keeping connection alive
Waiting for events on port 8080...
=== GENERATING RESPONSE FOR CLIENT 5 ===
Continuing file streaming...
-----------------RESPONSE--------------
Continuing file streaming...
Reading from file stream...
Read 9000 bytes from file
Sent 9000 bytes to client
File streaming in progress - keeping connection alive
Waiting for events on port 8080...
=== GENERATING RESPONSE FOR CLIENT 5 ===
Continuing file streaming...
-----------------RESPONSE--------------
Continuing file streaming...
Reading from file stream...
Read 9000 bytes from file
Sent 9000 bytes to client
File streaming in progress - keeping connection alive
Waiting for events on port 8080...
=== GENERATING RESPONSE FOR CLIENT 5 ===
Continuing file streaming...
-----------------RESPONSE--------------
Continuing file streaming...
Reading from file stream...
Read 9000 bytes from file
Sent 9000 bytes to client
File streaming in progress - keeping connection alive
Waiting for events on port 8080...
=== GENERATING RESPONSE FOR CLIENT 5 ===
Continuing file streaming...
-----------------RESPONSE--------------
Continuing file streaming...
Reading from file stream...
Read 9000 bytes from file
Sent 9000 bytes to client
File streaming in progress - keeping connection alive
Waiting for events on port 8080...
=== GENERATING RESPONSE FOR CLIENT 5 ===
Continuing file streaming...
-----------------RESPONSE--------------
Continuing file streaming...
Reading from file stream...
Read 9000 bytes from file
Sent 9000 bytes to client
File streaming in progress - keeping connection alive
Waiting for events on port 8080...
=== GENERATING RESPONSE FOR CLIENT 5 ===
Continuing file streaming...
-----------------RESPONSE--------------
Continuing file streaming...
Reading from file stream...
Read 9000 bytes from file
Sent 9000 bytes to client
File streaming in progress - keeping connection alive
Waiting for events on port 8080...
=== GENERATING RESPONSE FOR CLIENT 5 ===
Continuing file streaming...
-----------------RESPONSE--------------
Continuing file streaming...
Reading from file stream...
Read 9000 bytes from file
Sent 9000 bytes to client
File streaming in progress - keeping connection alive
Waiting for events on port 8080...
=== GENERATING RESPONSE FOR CLIENT 5 ===
Continuing file streaming...
-----------------RESPONSE--------------
Continuing file streaming...
Reading from file stream...
Read 9000 bytes from file
Sent 9000 bytes to client
File streaming in progress - keeping connection alive
Waiting for events on port 8080...
=== GENERATING RESPONSE FOR CLIENT 5 ===
Continuing file streaming...
-----------------RESPONSE--------------
Continuing file streaming...
Reading from file stream...
Read 9000 bytes from file
Sent 9000 bytes to client
File streaming in progress - keeping connection alive
Waiting for events on port 8080...
=== GENERATING RESPONSE FOR CLIENT 5 ===
Continuing file streaming...
-----------------RESPONSE--------------
Continuing file streaming...
Reading from file stream...
Read 9000 bytes from file
Sent 9000 bytes to client
File streaming in progress - keeping connection alive
Waiting for events on port 8080...
=== GENERATING RESPONSE FOR CLIENT 5 ===
Continuing file streaming...
-----------------RESPONSE--------------
Continuing file streaming...
Reading from file stream...
Read 9000 bytes from file
Sent 9000 bytes to client
File streaming in progress - keeping connection alive
Waiting for events on port 8080...
=== GENERATING RESPONSE FOR CLIENT 5 ===
Continuing file streaming...
-----------------RESPONSE--------------
Continuing file streaming...
Reading from file stream...
Read 9000 bytes from file
Sent 9000 bytes to client
File streaming in progress - keeping connection alive
Waiting for events on port 8080...
=== GENERATING RESPONSE FOR CLIENT 5 ===
Continuing file streaming...
-----------------RESPONSE--------------
Continuing file streaming...
Reading from file stream...
Read 9000 bytes from file
Sent 9000 bytes to client
File streaming in progress - keeping connection alive
Waiting for events on port 8080...
=== GENERATING RESPONSE FOR CLIENT 5 ===
Continuing file streaming...
-----------------RESPONSE--------------
Continuing file streaming...
Reading from file stream...
Read 9000 bytes from file
Sent 9000 bytes to client
File streaming in progress - keeping connection alive
Waiting for events on port 8080...
=== GENERATING RESPONSE FOR CLIENT 5 ===
Continuing file streaming...
-----------------RESPONSE--------------
Continuing file streaming...
Reading from file stream...
Read 9000 bytes from file
Sent 9000 bytes to client
File streaming in progress - keeping connection alive
Waiting for events on port 8080...
=== GENERATING RESPONSE FOR CLIENT 5 ===
Continuing file streaming...
-----------------RESPONSE--------------
Continuing file streaming...
Reading from file stream...
Read 9000 bytes from file
Sent 9000 bytes to client
File streaming in progress - keeping connection alive
Waiting for events on port 8080...
=== GENERATING RESPONSE FOR CLIENT 5 ===
Continuing file streaming...
-----------------RESPONSE--------------
Continuing file streaming...
Reading from file stream...
Read 9000 bytes from file
Sent 9000 bytes to client
File streaming in progress - keeping connection alive
Waiting for events on port 8080...
=== GENERATING RESPONSE FOR CLIENT 5 ===
Continuing file streaming...
-----------------RESPONSE--------------
Continuing file streaming...
Reading from file stream...
Read 9000 bytes from file
Sent 9000 bytes to client
File streaming in progress - keeping connection alive
Waiting for events on port 8080...
=== GENERATING RESPONSE FOR CLIENT 5 ===
Continuing file streaming...
-----------------RESPONSE--------------
Continuing file streaming...
Reading from file stream...
Read 9000 bytes from file
Sent 9000 bytes to client
File streaming in progress - keeping connection alive
Waiting for events on port 8080...
=== GENERATING RESPONSE FOR CLIENT 5 ===
Continuing file streaming...
-----------------RESPONSE--------------
Continuing file streaming...
Reading from file stream...
Read 9000 bytes from file
Sent 9000 bytes to client
File streaming in progress - keeping connection alive
Waiting for events on port 8080...
=== GENERATING RESPONSE FOR CLIENT 5 ===
Continuing file streaming...
-----------------RESPONSE--------------
Continuing file streaming...
Reading from file stream...
Read 9000 bytes from file
Sent 9000 bytes to client
File streaming in progress - keeping connection alive
Waiting for events on port 8080...
=== GENERATING RESPONSE FOR CLIENT 5 ===
Continuing file streaming...
-----------------RESPONSE--------------
Continuing file streaming...
Reading from file stream...
Read 9000 bytes from file
Sent 9000 bytes to client
File streaming in progress - keeping connection alive
Waiting for events on port 8080...
=== GENERATING RESPONSE FOR CLIENT 5 ===
Continuing file streaming...
-----------------RESPONSE--------------
Continuing file streaming...
Reading from file stream...
Read 9000 bytes from file
Sent 9000 bytes to client
File streaming in progress - keeping connection alive
Waiting for events on port 8080...
=== GENERATING RESPONSE FOR CLIENT 5 ===
Continuing file streaming...
-----------------RESPONSE--------------
Continuing file streaming...
Reading from file stream...
Read 9000 bytes from file
Sent 9000 bytes to client
File streaming in progress - keeping connection alive
Waiting for events on port 8080...
=== GENERATING RESPONSE FOR CLIENT 5 ===
Continuing file streaming...
-----------------RESPONSE--------------
Continuing file streaming...
Reading from file stream...
Read 9000 bytes from file
Sent 9000 bytes to client
File streaming in progress - keeping connection alive
Waiting for events on port 8080...
=== GENERATING RESPONSE FOR CLIENT 5 ===
Continuing file streaming...
-----------------RESPONSE--------------
Continuing file streaming...
Reading from file stream...
Read 9000 bytes from file
Sent 9000 bytes to client
File streaming in progress - keeping connection alive
Waiting for events on port 8080...
=== GENERATING RESPONSE FOR CLIENT 5 ===
Continuing file streaming...
-----------------RESPONSE--------------
Continuing file streaming...
Reading from file stream...
Read 9000 bytes from file
Sent 9000 bytes to client
File streaming in progress - keeping connection alive
Waiting for events on port 8080...
=== GENERATING RESPONSE FOR CLIENT 5 ===
Continuing file streaming...
-----------------RESPONSE--------------
Continuing file streaming...
Reading from file stream...
Read 9000 bytes from file
Sent 9000 bytes to client
File streaming in progress - keeping connection alive
Waiting for events on port 8080...
=== GENERATING RESPONSE FOR CLIENT 5 ===
Continuing file streaming...
-----------------RESPONSE--------------
Continuing file streaming...
Reading from file stream...
Read 9000 bytes from file
Sent 9000 bytes to client
File streaming in progress - keeping connection alive
Waiting for events on port 8080...
=== GENERATING RESPONSE FOR CLIENT 5 ===
Continuing file streaming...
-----------------RESPONSE--------------
Continuing file streaming...
Reading from file stream...
Read 9000 bytes from file
Sent 9000 bytes to client
File streaming in progress - keeping connection alive
Waiting for events on port 8080...
=== GENERATING RESPONSE FOR CLIENT 5 ===
Continuing file streaming...
-----------------RESPONSE--------------
Continuing file streaming...
Reading from file stream...
Read 9000 bytes from file
Sent 9000 bytes to client
File streaming in progress - keeping connection alive
Waiting for events on port 8080...
=== GENERATING RESPONSE FOR CLIENT 5 ===
Continuing file streaming...
-----------------RESPONSE--------------
Continuing file streaming...
Reading from file stream...
Read 9000 bytes from file
Sent 9000 bytes to client
File streaming in progress - keeping connection alive
Waiting for events on port 8080...
=== GENERATING RESPONSE FOR CLIENT 5 ===
Continuing file streaming...
-----------------RESPONSE--------------
Continuing file streaming...
Reading from file stream...
Read 9000 bytes from file
Sent 9000 bytes to client
File streaming in progress - keeping connection alive
Waiting for events on port 8080...
=== GENERATING RESPONSE FOR CLIENT 5 ===
Continuing file streaming...
-----------------RESPONSE--------------
Continuing file streaming...
Reading from file stream...
Read 9000 bytes from file
Sent 9000 bytes to client
File streaming in progress - keeping connection alive
Waiting for events on port 8080...
=== GENERATING RESPONSE FOR CLIENT 5 ===
Continuing file streaming...
-----------------RESPONSE--------------
Continuing file streaming...
Reading from file stream...
Read 9000 bytes from file
Sent 9000 bytes to client
File streaming in progress - keeping connection alive
Waiting for events on port 8080...
=== GENERATING RESPONSE FOR CLIENT 5 ===
Continuing file streaming...
-----------------RESPONSE--------------
Continuing file streaming...
Reading from file stream...
Read 9000 bytes from file
Sent 9000 bytes to client
File streaming in progress - keeping connection alive
Waiting for events on port 8080...
=== GENERATING RESPONSE FOR CLIENT 5 ===
Continuing file streaming...
-----------------RESPONSE--------------
Continuing file streaming...
Reading from file stream...
Read 9000 bytes from file
Sent 9000 bytes to client
File streaming in progress - keeping connection alive
Waiting for events on port 8080...
=== GENERATING RESPONSE FOR CLIENT 5 ===
Continuing file streaming...
-----------------RESPONSE--------------
Continuing file streaming...
Reading from file stream...
Read 9000 bytes from file
Sent 9000 bytes to client
File streaming in progress - keeping connection alive
Waiting for events on port 8080...
=== GENERATING RESPONSE FOR CLIENT 5 ===
Continuing file streaming...
-----------------RESPONSE--------------
Continuing file streaming...
Reading from file stream...
Read 9000 bytes from file
Sent 9000 bytes to client
File streaming in progress - keeping connection alive
Waiting for events on port 8080...
=== GENERATING RESPONSE FOR CLIENT 5 ===
Continuing file streaming...
-----------------RESPONSE--------------
Continuing file streaming...
Reading from file stream...
Read 9000 bytes from file
Sent 9000 bytes to client
File streaming in progress - keeping connection alive
Waiting for events on port 8080...
=== GENERATING RESPONSE FOR CLIENT 5 ===
Continuing file streaming...
-----------------RESPONSE--------------
Continuing file streaming...
Reading from file stream...
Read 9000 bytes from file
Sent 9000 bytes to client
File streaming in progress - keeping connection alive
Waiting for events on port 8080...
=== GENERATING RESPONSE FOR CLIENT 5 ===
Continuing file streaming...
-----------------RESPONSE--------------
Continuing file streaming...
Reading from file stream...
Read 9000 bytes from file
Sent 9000 bytes to client
File streaming in progress - keeping connection alive
Waiting for events on port 8080...
=== GENERATING RESPONSE FOR CLIENT 5 ===
Continuing file streaming...
-----------------RESPONSE--------------
Continuing file streaming...
Reading from file stream...
Read 9000 bytes from file
Sent 9000 bytes to client
File streaming in progress - keeping connection alive
Waiting for events on port 8080...
=== GENERATING RESPONSE FOR CLIENT 5 ===
Continuing file streaming...
-----------------RESPONSE--------------
Continuing file streaming...
Reading from file stream...
Read 9000 bytes from file
Sent 9000 bytes to client
File streaming in progress - keeping connection alive
Waiting for events on port 8080...
=== GENERATING RESPONSE FOR CLIENT 5 ===
Continuing file streaming...
-----------------RESPONSE--------------
Continuing file streaming...
Reading from file stream...
Read 9000 bytes from file
Sent 9000 bytes to client
File streaming in progress - keeping connection alive
Waiting for events on port 8080...
=== GENERATING RESPONSE FOR CLIENT 5 ===
Continuing file streaming...
-----------------RESPONSE--------------
Continuing file streaming...
Reading from file stream...
Read 9000 bytes from file
Sent 9000 bytes to client
File streaming in progress - keeping connection alive
Waiting for events on port 8080...
=== GENERATING RESPONSE FOR CLIENT 5 ===
Continuing file streaming...
-----------------RESPONSE--------------
Continuing file streaming...
Reading from file stream...
Read 9000 bytes from file
Sent 9000 bytes to client
File streaming in progress - keeping connection alive
Waiting for events on port 8080...
=== GENERATING RESPONSE FOR CLIENT 5 ===
Continuing file streaming...
-----------------RESPONSE--------------
Continuing file streaming...
Reading from file stream...
Read 9000 bytes from file
Sent 9000 bytes to client
File streaming in progress - keeping connection alive
Waiting for events on port 8080...
=== GENERATING RESPONSE FOR CLIENT 5 ===
Continuing file streaming...
-----------------RESPONSE--------------
Continuing file streaming...
Reading from file stream...
Read 9000 bytes from file
Sent 9000 bytes to client
File streaming in progress - keeping connection alive
Waiting for events on port 8080...
=== GENERATING RESPONSE FOR CLIENT 5 ===
Continuing file streaming...
-----------------RESPONSE--------------
Continuing file streaming...
Reading from file stream...
Read 9000 bytes from file
Sent 9000 bytes to client
File streaming in progress - keeping connection alive
Waiting for events on port 8080...
=== GENERATING RESPONSE FOR CLIENT 5 ===
Continuing file streaming...
-----------------RESPONSE--------------
Continuing file streaming...
Reading from file stream...
Read 9000 bytes from file
Sent 9000 bytes to client
File streaming in progress - keeping connection alive
Waiting for events on port 8080...
=== GENERATING RESPONSE FOR CLIENT 5 ===
Continuing file streaming...
-----------------RESPONSE--------------
Continuing file streaming...
Reading from file stream...
Read 9000 bytes from file
Sent 9000 bytes to client
File streaming in progress - keeping connection alive
Waiting for events on port 8080...
=== GENERATING RESPONSE FOR CLIENT 5 ===
Continuing file streaming...
-----------------RESPONSE--------------
Continuing file streaming...
Reading from file stream...
Read 9000 bytes from file
Sent 9000 bytes to client
File streaming in progress - keeping connection alive
Waiting for events on port 8080...
=== GENERATING RESPONSE FOR CLIENT 5 ===
Continuing file streaming...
-----------------RESPONSE--------------
Continuing file streaming...
Reading from file stream...
Read 9000 bytes from file
Sent 9000 bytes to client
File streaming in progress - keeping connection alive
Waiting for events on port 8080...
=== GENERATING RESPONSE FOR CLIENT 5 ===
Continuing file streaming...
-----------------RESPONSE--------------
Continuing file streaming...
Reading from file stream...
Read 9000 bytes from file
Sent 9000 bytes to client
File streaming in progress - keeping connection alive
Waiting for events on port 8080...
=== GENERATING RESPONSE FOR CLIENT 5 ===
Continuing file streaming...
-----------------RESPONSE--------------
Continuing file streaming...
Reading from file stream...
Read 9000 bytes from file
Sent 9000 bytes to client
File streaming in progress - keeping connection alive
Waiting for events on port 8080...
=== GENERATING RESPONSE FOR CLIENT 5 ===
Continuing file streaming...
-----------------RESPONSE--------------
Continuing file streaming...
Reading from file stream...
Read 9000 bytes from file
Sent 9000 bytes to client
File streaming in progress - keeping connection alive
Waiting for events on port 8080...
=== GENERATING RESPONSE FOR CLIENT 5 ===
Continuing file streaming...
-----------------RESPONSE--------------
Continuing file streaming...
Reading from file stream...
Read 9000 bytes from file
Sent 9000 bytes to client
File streaming in progress - keeping connection alive
Waiting for events on port 8080...
=== GENERATING RESPONSE FOR CLIENT 5 ===
Continuing file streaming...
-----------------RESPONSE--------------
Continuing file streaming...
Reading from file stream...
Read 9000 bytes from file
Sent 9000 bytes to client
File streaming in progress - keeping connection alive
Waiting for events on port 8080...
=== GENERATING RESPONSE FOR CLIENT 5 ===
Continuing file streaming...
-----------------RESPONSE--------------
Continuing file streaming...
Reading from file stream...
Read 9000 bytes from file
Sent 9000 bytes to client
File streaming in progress - keeping connection alive
Waiting for events on port 8080...
=== GENERATING RESPONSE FOR CLIENT 5 ===
Continuing file streaming...
-----------------RESPONSE--------------
Continuing file streaming...
Reading from file stream...
Read 9000 bytes from file
Sent 9000 bytes to client
File streaming in progress - keeping connection alive
Waiting for events on port 8080...
=== GENERATING RESPONSE FOR CLIENT 5 ===
Continuing file streaming...
-----------------RESPONSE--------------
Continuing file streaming...
Reading from file stream...
Read 9000 bytes from file
Sent 9000 bytes to client
File streaming in progress - keeping connection alive
Waiting for events on port 8080...
=== GENERATING RESPONSE FOR CLIENT 5 ===
Continuing file streaming...
-----------------RESPONSE--------------
Continuing file streaming...
Reading from file stream...
Read 9000 bytes from file
Sent 9000 bytes to client
File streaming in progress - keeping connection alive
Waiting for events on port 8080...
=== GENERATING RESPONSE FOR CLIENT 5 ===
Continuing file streaming...
-----------------RESPONSE--------------
Continuing file streaming...
Reading from file stream...
Read 9000 bytes from file
Sent 9000 bytes to client
File streaming in progress - keeping connection alive
Waiting for events on port 8080...
=== GENERATING RESPONSE FOR CLIENT 5 ===
Continuing file streaming...
-----------------RESPONSE--------------
Continuing file streaming...
Reading from file stream...
Read 9000 bytes from file
Sent 9000 bytes to client
File streaming in progress - keeping connection alive
Waiting for events on port 8080...
=== GENERATING RESPONSE FOR CLIENT 5 ===
Continuing file streaming...
-----------------RESPONSE--------------
Continuing file streaming...
Reading from file stream...
Read 9000 bytes from file
Sent 9000 bytes to client
File streaming in progress - keeping connection alive
Waiting for events on port 8080...
=== GENERATING RESPONSE FOR CLIENT 5 ===
Continuing file streaming...
-----------------RESPONSE--------------
Continuing file streaming...
Reading from file stream...
Read 9000 bytes from file
Sent 9000 bytes to client
File streaming in progress - keeping connection alive
Waiting for events on port 8080...
=== GENERATING RESPONSE FOR CLIENT 5 ===
Continuing file streaming...
-----------------RESPONSE--------------
Continuing file streaming...
Reading from file stream...
Read 9000 bytes from file
Sent 9000 bytes to client
File streaming in progress - keeping connection alive
Waiting for events on port 8080...
=== GENERATING RESPONSE FOR CLIENT 5 ===
Continuing file streaming...
-----------------RESPONSE--------------
Continuing file streaming...
Reading from file stream...
Read 9000 bytes from file
Sent 9000 bytes to client
File streaming in progress - keeping connection alive
Waiting for events on port 8080...
=== GENERATING RESPONSE FOR CLIENT 5 ===
Continuing file streaming...
-----------------RESPONSE--------------
Continuing file streaming...
Reading from file stream...
Read 9000 bytes from file
Sent 9000 bytes to client
File streaming in progress - keeping connection alive
Waiting for events on port 8080...
=== GENERATING RESPONSE FOR CLIENT 5 ===
Continuing file streaming...
-----------------RESPONSE--------------
Continuing file streaming...
Reading from file stream...
Read 9000 bytes from file
Sent 9000 bytes to client
File streaming in progress - keeping connection alive
Waiting for events on port 8080...
=== GENERATING RESPONSE FOR CLIENT 5 ===
Continuing file streaming...
-----------------RESPONSE--------------
Continuing file streaming...
Reading from file stream...
Read 9000 bytes from file
Sent 9000 bytes to client
File streaming in progress - keeping connection alive
Waiting for events on port 8080...
=== GENERATING RESPONSE FOR CLIENT 5 ===
Continuing file streaming...
-----------------RESPONSE--------------
Continuing file streaming...
Reading from file stream...
Read 9000 bytes from file
Sent 9000 bytes to client
File streaming in progress - keeping connection alive
Waiting for events on port 8080...
=== GENERATING RESPONSE FOR CLIENT 5 ===
Continuing file streaming...
-----------------RESPONSE--------------
Continuing file streaming...
Reading from file stream...
Read 9000 bytes from file
Sent 9000 bytes to client
File streaming in progress - keeping connection alive
Waiting for events on port 8080...
=== GENERATING RESPONSE FOR CLIENT 5 ===
Continuing file streaming...
-----------------RESPONSE--------------
Continuing file streaming...
Reading from file stream...
Read 9000 bytes from file
Sent 9000 bytes to client
File streaming in progress - keeping connection alive
Waiting for events on port 8080...
=== GENERATING RESPONSE FOR CLIENT 5 ===
Continuing file streaming...
-----------------RESPONSE--------------
Continuing file streaming...
Reading from file stream...
Read 9000 bytes from file
Sent 9000 bytes to client
File streaming in progress - keeping connection alive
Waiting for events on port 8080...
=== GENERATING RESPONSE FOR CLIENT 5 ===
Continuing file streaming...
-----------------RESPONSE--------------
Continuing file streaming...
Reading from file stream...
Read 9000 bytes from file
Sent 9000 bytes to client
File streaming in progress - keeping connection alive
Waiting for events on port 8080...
=== GENERATING RESPONSE FOR CLIENT 5 ===
Continuing file streaming...
-----------------RESPONSE--------------
Continuing file streaming...
Reading from file stream...
Read 9000 bytes from file
Sent 9000 bytes to client
File streaming in progress - keeping connection alive
Waiting for events on port 8080...
=== GENERATING RESPONSE FOR CLIENT 5 ===
Continuing file streaming...
-----------------RESPONSE--------------
Continuing file streaming...
Reading from file stream...
Read 9000 bytes from file
Sent 9000 bytes to client
File streaming in progress - keeping connection alive
Waiting for events on port 8080...
=== GENERATING RESPONSE FOR CLIENT 5 ===
Continuing file streaming...
-----------------RESPONSE--------------
Continuing file streaming...
Reading from file stream...
Read 9000 bytes from file
Sent 9000 bytes to client
File streaming in progress - keeping connection alive
Waiting for events on port 8080...
=== GENERATING RESPONSE FOR CLIENT 5 ===
Continuing file streaming...
-----------------RESPONSE--------------
Continuing file streaming...
Reading from file stream...
Read 9000 bytes from file
Sent 9000 bytes to client
File streaming in progress - keeping connection alive
Waiting for events on port 8080...
=== GENERATING RESPONSE FOR CLIENT 5 ===
Continuing file streaming...
-----------------RESPONSE--------------
Continuing file streaming...
Reading from file stream...
Read 9000 bytes from file
Sent 9000 bytes to client
File streaming in progress - keeping connection alive
Waiting for events on port 8080...
=== GENERATING RESPONSE FOR CLIENT 5 ===
Continuing file streaming...
-----------------RESPONSE--------------
Continuing file streaming...
Reading from file stream...
Read 9000 bytes from file
Sent 9000 bytes to client
File streaming in progress - keeping connection alive
Waiting for events on port 8080...
=== GENERATING RESPONSE FOR CLIENT 5 ===
Continuing file streaming...
-----------------RESPONSE--------------
Continuing file streaming...
Reading from file stream...
Read 9000 bytes from file
Sent 9000 bytes to client
File streaming in progress - keeping connection alive
Waiting for events on port 8080...
=== GENERATING RESPONSE FOR CLIENT 5 ===
Continuing file streaming...
-----------------RESPONSE--------------
Continuing file streaming...
Reading from file stream...
Read 9000 bytes from file
Sent 9000 bytes to client
File streaming in progress - keeping connection alive
Waiting for events on port 8080...
=== GENERATING RESPONSE FOR CLIENT 5 ===
Continuing file streaming...
-----------------RESPONSE--------------
Continuing file streaming...
Reading from file stream...
Read 9000 bytes from file
Sent 9000 bytes to client
File streaming in progress - keeping connection alive
Waiting for events on port 8080...
=== GENERATING RESPONSE FOR CLIENT 5 ===
Continuing file streaming...
-----------------RESPONSE--------------
Continuing file streaming...
Reading from file stream...
Read 9000 bytes from file
Sent 9000 bytes to client
File streaming in progress - keeping connection alive
Waiting for events on port 8080...
=== GENERATING RESPONSE FOR CLIENT 5 ===
Continuing file streaming...
-----------------RESPONSE--------------
Continuing file streaming...
Reading from file stream...
Read 9000 bytes from file
Sent 9000 bytes to client
File streaming in progress - keeping connection alive
Waiting for events on port 8080...
=== GENERATING RESPONSE FOR CLIENT 5 ===
Continuing file streaming...
-----------------RESPONSE--------------
Continuing file streaming...
Reading from file stream...
Read 9000 bytes from file
Sent 9000 bytes to client
File streaming in progress - keeping connection alive
Waiting for events on port 8080...
=== GENERATING RESPONSE FOR CLIENT 5 ===
Continuing file streaming...
-----------------RESPONSE--------------
Continuing file streaming...
Reading from file stream...
Read 9000 bytes from file
Sent 9000 bytes to client
File streaming in progress - keeping connection alive
Waiting for events on port 8080...
=== GENERATING RESPONSE FOR CLIENT 5 ===
Continuing file streaming...
-----------------RESPONSE--------------
Continuing file streaming...
Reading from file stream...
Read 9000 bytes from file
Sent 9000 bytes to client
File streaming in progress - keeping connection alive
Waiting for events on port 8080...
=== GENERATING RESPONSE FOR CLIENT 5 ===
Continuing file streaming...
-----------------RESPONSE--------------
Continuing file streaming...
Reading from file stream...
Read 9000 bytes from file
Sent 9000 bytes to client
File streaming in progress - keeping connection alive
Waiting for events on port 8080...
=== GENERATING RESPONSE FOR CLIENT 5 ===
Continuing file streaming...
-----------------RESPONSE--------------
Continuing file streaming...
Reading from file stream...
Read 9000 bytes from file
Sent 9000 bytes to client
File streaming in progress - keeping connection alive
Waiting for events on port 8080...
=== GENERATING RESPONSE FOR CLIENT 5 ===
Continuing file streaming...
-----------------RESPONSE--------------
Continuing file streaming...
Reading from file stream...
Read 9000 bytes from file
Sent 9000 bytes to client
File streaming in progress - keeping connection alive
Waiting for events on port 8080...
=== GENERATING RESPONSE FOR CLIENT 5 ===
Continuing file streaming...
-----------------RESPONSE--------------
Continuing file streaming...
Reading from file stream...
Read 9000 bytes from file
Sent 9000 bytes to client
File streaming in progress - keeping connection alive
Waiting for events on port 8080...
=== GENERATING RESPONSE FOR CLIENT 5 ===
Continuing file streaming...
-----------------RESPONSE--------------
Continuing file streaming...
Reading from file stream...
Read 9000 bytes from file
Sent 9000 bytes to client
File streaming in progress - keeping connection alive
Waiting for events on port 8080...
=== GENERATING RESPONSE FOR CLIENT 5 ===
Continuing file streaming...
-----------------RESPONSE--------------
Continuing file streaming...
Reading from file stream...
Read 9000 bytes from file
Sent 9000 bytes to client
File streaming in progress - keeping connection alive
Waiting for events on port 8080...
=== GENERATING RESPONSE FOR CLIENT 5 ===
Continuing file streaming...
-----------------RESPONSE--------------
Continuing file streaming...
Reading from file stream...
Read 9000 bytes from file
Sent 9000 bytes to client
File streaming in progress - keeping connection alive
Waiting for events on port 8080...
=== GENERATING RESPONSE FOR CLIENT 5 ===
Continuing file streaming...
-----------------RESPONSE--------------
Continuing file streaming...
Reading from file stream...
Read 9000 bytes from file
Sent 9000 bytes to client
File streaming in progress - keeping connection alive
Waiting for events on port 8080...
=== GENERATING RESPONSE FOR CLIENT 5 ===
Continuing file streaming...
-----------------RESPONSE--------------
Continuing file streaming...
Reading from file stream...
Read 9000 bytes from file
Sent 9000 bytes to client
File streaming in progress - keeping connection alive
Waiting for events on port 8080...
=== GENERATING RESPONSE FOR CLIENT 5 ===
Continuing file streaming...
-----------------RESPONSE--------------
Continuing file streaming...
Reading from file stream...
Read 9000 bytes from file
Sent 9000 bytes to client
File streaming in progress - keeping connection alive
Waiting for events on port 8080...
=== GENERATING RESPONSE FOR CLIENT 5 ===
Continuing file streaming...
-----------------RESPONSE--------------
Continuing file streaming...
Reading from file stream...
Read 9000 bytes from file
Sent 9000 bytes to client
File streaming in progress - keeping connection alive
Waiting for events on port 8080...
=== GENERATING RESPONSE FOR CLIENT 5 ===
Continuing file streaming...
-----------------RESPONSE--------------
Continuing file streaming...
Reading from file stream...
Read 9000 bytes from file
Sent 9000 bytes to client
File streaming in progress - keeping connection alive
Waiting for events on port 8080...
=== GENERATING RESPONSE FOR CLIENT 5 ===
Continuing file streaming...
-----------------RESPONSE--------------
Continuing file streaming...
Reading from file stream...
Read 9000 bytes from file
Sent 9000 bytes to client
File streaming in progress - keeping connection alive
Waiting for events on port 8080...
=== GENERATING RESPONSE FOR CLIENT 5 ===
Continuing file streaming...
-----------------RESPONSE--------------
Continuing file streaming...
Reading from file stream...
Read 9000 bytes from file
Sent 9000 bytes to client
File streaming in progress - keeping connection alive
Waiting for events on port 8080...
=== GENERATING RESPONSE FOR CLIENT 5 ===
Continuing file streaming...
-----------------RESPONSE--------------
Continuing file streaming...
Reading from file stream...
Read 9000 bytes from file
Sent 9000 bytes to client
File streaming in progress - keeping connection alive
Waiting for events on port 8080...
=== GENERATING RESPONSE FOR CLIENT 5 ===
Continuing file streaming...
-----------------RESPONSE--------------
Continuing file streaming...
Reading from file stream...
Read 9000 bytes from file
Sent 9000 bytes to client
File streaming in progress - keeping connection alive
Waiting for events on port 8080...
=== GENERATING RESPONSE FOR CLIENT 5 ===
Continuing file streaming...
-----------------RESPONSE--------------
Continuing file streaming...
Reading from file stream...
Read 9000 bytes from file
Sent 9000 bytes to client
File streaming in progress - keeping connection alive
Waiting for events on port 8080...
=== GENERATING RESPONSE FOR CLIENT 5 ===
Continuing file streaming...
-----------------RESPONSE--------------
Continuing file streaming...
Reading from file stream...
Read 9000 bytes from file
Sent 9000 bytes to client
File streaming in progress - keeping connection alive
Waiting for events on port 8080...
=== GENERATING RESPONSE FOR CLIENT 5 ===
Continuing file streaming...
-----------------RESPONSE--------------
Continuing file streaming...
Reading from file stream...
Read 9000 bytes from file
Sent 9000 bytes to client
File streaming in progress - keeping connection alive
Waiting for events on port 8080...
=== GENERATING RESPONSE FOR CLIENT 5 ===
Continuing file streaming...
-----------------RESPONSE--------------
Continuing file streaming...
Reading from file stream...
Read 9000 bytes from file
Sent 9000 bytes to client
File streaming in progress - keeping connection alive
Waiting for events on port 8080...
=== GENERATING RESPONSE FOR CLIENT 5 ===
Continuing file streaming...
-----------------RESPONSE--------------
Continuing file streaming...
Reading from file stream...
Read 9000 bytes from file
Sent 9000 bytes to client
File streaming in progress - keeping connection alive
Waiting for events on port 8080...
=== GENERATING RESPONSE FOR CLIENT 5 ===
Continuing file streaming...
-----------------RESPONSE--------------
Continuing file streaming...
Reading from file stream...
Read 9000 bytes from file
Sent 9000 bytes to client
File streaming in progress - keeping connection alive
Waiting for events on port 8080...
=== GENERATING RESPONSE FOR CLIENT 5 ===
Continuing file streaming...
-----------------RESPONSE--------------
Continuing file streaming...
Reading from file stream...
Read 9000 bytes from file
Sent 9000 bytes to client
File streaming in progress - keeping connection alive
Waiting for events on port 8080...
=== GENERATING RESPONSE FOR CLIENT 5 ===
Continuing file streaming...
-----------------RESPONSE--------------
Continuing file streaming...
Reading from file stream...
Read 9000 bytes from file
Sent 9000 bytes to client
File streaming in progress - keeping connection alive
Waiting for events on port 8080...
=== GENERATING RESPONSE FOR CLIENT 5 ===
Continuing file streaming...
-----------------RESPONSE--------------
Continuing file streaming...
Reading from file stream...
Read 9000 bytes from file
Sent 9000 bytes to client
File streaming in progress - keeping connection alive
Waiting for events on port 8080...
=== GENERATING RESPONSE FOR CLIENT 5 ===
Continuing file streaming...
-----------------RESPONSE--------------
Continuing file streaming...
Reading from file stream...
Read 9000 bytes from file
Sent 9000 bytes to client
File streaming in progress - keeping connection alive
Waiting for events on port 8080...
=== GENERATING RESPONSE FOR CLIENT 5 ===
Continuing file streaming...
-----------------RESPONSE--------------
Continuing file streaming...
Reading from file stream...
Read 9000 bytes from file
Sent 9000 bytes to client
File streaming in progress - keeping connection alive
Waiting for events on port 8080...
=== GENERATING RESPONSE FOR CLIENT 5 ===
Continuing file streaming...
-----------------RESPONSE--------------
Continuing file streaming...
Reading from file stream...
Read 9000 bytes from file
Sent 9000 bytes to client
File streaming in progress - keeping connection alive
Waiting for events on port 8080...
=== GENERATING RESPONSE FOR CLIENT 5 ===
Continuing file streaming...
-----------------RESPONSE--------------
Continuing file streaming...
Reading from file stream...
Read 9000 bytes from file
Sent 9000 bytes to client
File streaming in progress - keeping connection alive
Waiting for events on port 8080...
=== GENERATING RESPONSE FOR CLIENT 5 ===
Continuing file streaming...
-----------------RESPONSE--------------
Continuing file streaming...
Reading from file stream...
Read 9000 bytes from file
Sent 9000 bytes to client
File streaming in progress - keeping connection alive
Waiting for events on port 8080...
=== GENERATING RESPONSE FOR CLIENT 5 ===
Continuing file streaming...
-----------------RESPONSE--------------
Continuing file streaming...
Reading from file stream...
Read 9000 bytes from file
Sent 9000 bytes to client
File streaming in progress - keeping connection alive
Waiting for events on port 8080...
=== GENERATING RESPONSE FOR CLIENT 5 ===
Continuing file streaming...
-----------------RESPONSE--------------
Continuing file streaming...
Reading from file stream...
Read 9000 bytes from file
Sent 9000 bytes to client
File streaming in progress - keeping connection alive
Waiting for events on port 8080...
=== GENERATING RESPONSE FOR CLIENT 5 ===
Continuing file streaming...
-----------------RESPONSE--------------
Continuing file streaming...
Reading from file stream...
Read 9000 bytes from file
Sent 9000 bytes to client
File streaming in progress - keeping connection alive
Waiting for events on port 8080...
=== GENERATING RESPONSE FOR CLIENT 5 ===
Continuing file streaming...
-----------------RESPONSE--------------
Continuing file streaming...
Reading from file stream...
Read 9000 bytes from file
Sent 9000 bytes to client
File streaming in progress - keeping connection alive
Waiting for events on port 8080...
=== GENERATING RESPONSE FOR CLIENT 5 ===
Continuing file streaming...
-----------------RESPONSE--------------
Continuing file streaming...
Reading from file stream...
Read 9000 bytes from file
Sent 9000 bytes to client
File streaming in progress - keeping connection alive
Waiting for events on port 8080...
=== GENERATING RESPONSE FOR CLIENT 5 ===
Continuing file streaming...
-----------------RESPONSE--------------
Continuing file streaming...
Reading from file stream...
Read 9000 bytes from file
Sent 9000 bytes to client
File streaming in progress - keeping connection alive
Waiting for events on port 8080...
=== GENERATING RESPONSE FOR CLIENT 5 ===
Continuing file streaming...
-----------------RESPONSE--------------
Continuing file streaming...
Reading from file stream...
Read 9000 bytes from file
Sent 9000 bytes to client
File streaming in progress - keeping connection alive
Waiting for events on port 8080...
=== GENERATING RESPONSE FOR CLIENT 5 ===
Continuing file streaming...
-----------------RESPONSE--------------
Continuing file streaming...
Reading from file stream...
Read 9000 bytes from file
Sent 9000 bytes to client
File streaming in progress - keeping connection alive
Waiting for events on port 8080...
=== GENERATING RESPONSE FOR CLIENT 5 ===
Continuing file streaming...
-----------------RESPONSE--------------
Continuing file streaming...
Reading from file stream...
Read 9000 bytes from file
Sent 9000 bytes to client
File streaming in progress - keeping connection alive
Waiting for events on port 8080...
=== GENERATING RESPONSE FOR CLIENT 5 ===
Continuing file streaming...
-----------------RESPONSE--------------
Continuing file streaming...
Reading from file stream...
Read 9000 bytes from file
Sent 9000 bytes to client
File streaming in progress - keeping connection alive
Waiting for events on port 8080...
=== GENERATING RESPONSE FOR CLIENT 5 ===
Continuing file streaming...
-----------------RESPONSE--------------
Continuing file streaming...
Reading from file stream...
Read 9000 bytes from file
Sent 9000 bytes to client
File streaming in progress - keeping connection alive
Waiting for events on port 8080...
=== GENERATING RESPONSE FOR CLIENT 5 ===
Continuing file streaming...
-----------------RESPONSE--------------
Continuing file streaming...
Reading from file stream...
Read 9000 bytes from file
Sent 9000 bytes to client
File streaming in progress - keeping connection alive
Waiting for events on port 8080...
=== GENERATING RESPONSE FOR CLIENT 5 ===
Continuing file streaming...
-----------------RESPONSE--------------
Continuing file streaming...
Reading from file stream...
Read 9000 bytes from file
Sent 9000 bytes to client
File streaming in progress - keeping connection alive
Waiting for events on port 8080...
=== GENERATING RESPONSE FOR CLIENT 5 ===
Continuing file streaming...
-----------------RESPONSE--------------
Continuing file streaming...
Reading from file stream...
Read 9000 bytes from file
Sent 9000 bytes to client
File streaming in progress - keeping connection alive
Waiting for events on port 8080...
=== GENERATING RESPONSE FOR CLIENT 5 ===
Continuing file streaming...
-----------------RESPONSE--------------
Continuing file streaming...
Reading from file stream...
Read 9000 bytes from file
Sent 9000 bytes to client
File streaming in progress - keeping connection alive
Waiting for events on port 8080...
=== GENERATING RESPONSE FOR CLIENT 5 ===
Continuing file streaming...
-----------------RESPONSE--------------
Continuing file streaming...
Reading from file stream...
Read 9000 bytes from file
Sent 9000 bytes to client
File streaming in progress - keeping connection alive
Waiting for events on port 8080...
=== GENERATING RESPONSE FOR CLIENT 5 ===
Continuing file streaming...
-----------------RESPONSE--------------
Continuing file streaming...
Reading from file stream...
Read 9000 bytes from file
Sent 9000 bytes to client
File streaming in progress - keeping connection alive
Waiting for events on port 8080...
=== GENERATING RESPONSE FOR CLIENT 5 ===
Continuing file streaming...
-----------------RESPONSE--------------
Continuing file streaming...
Reading from file stream...
Read 9000 bytes from file
Sent 9000 bytes to client
File streaming in progress - keeping connection alive
Waiting for events on port 8080...
=== GENERATING RESPONSE FOR CLIENT 5 ===
Continuing file streaming...
-----------------RESPONSE--------------
Continuing file streaming...
Reading from file stream...
Read 9000 bytes from file
Sent 9000 bytes to client
File streaming in progress - keeping connection alive
Waiting for events on port 8080...
=== GENERATING RESPONSE FOR CLIENT 5 ===
Continuing file streaming...
-----------------RESPONSE--------------
Continuing file streaming...
Reading from file stream...
Read 9000 bytes from file
Sent 9000 bytes to client
File streaming in progress - keeping connection alive
Waiting for events on port 8080...
=== GENERATING RESPONSE FOR CLIENT 5 ===
Continuing file streaming...
-----------------RESPONSE--------------
Continuing file streaming...
Reading from file stream...
Read 9000 bytes from file
Sent 9000 bytes to client
File streaming in progress - keeping connection alive
Waiting for events on port 8080...
=== GENERATING RESPONSE FOR CLIENT 5 ===
Continuing file streaming...
-----------------RESPONSE--------------
Continuing file streaming...
Reading from file stream...
Read 9000 bytes from file
Sent 9000 bytes to client
File streaming in progress - keeping connection alive
Waiting for events on port 8080...
=== GENERATING RESPONSE FOR CLIENT 5 ===
Continuing file streaming...
-----------------RESPONSE--------------
Continuing file streaming...
Reading from file stream...
Read 9000 bytes from file
Sent 9000 bytes to client
File streaming in progress - keeping connection alive
Waiting for events on port 8080...
=== GENERATING RESPONSE FOR CLIENT 5 ===
Continuing file streaming...
-----------------RESPONSE--------------
Continuing file streaming...
Reading from file stream...
Read 9000 bytes from file
Sent 9000 bytes to client
File streaming in progress - keeping connection alive
Waiting for events on port 8080...
=== GENERATING RESPONSE FOR CLIENT 5 ===
Continuing file streaming...
-----------------RESPONSE--------------
Continuing file streaming...
Reading from file stream...
Read 9000 bytes from file
Sent 9000 bytes to client
File streaming in progress - keeping connection alive
Waiting for events on port 8080...
=== GENERATING RESPONSE FOR CLIENT 5 ===
Continuing file streaming...
-----------------RESPONSE--------------
Continuing file streaming...
Reading from file stream...
Read 9000 bytes from file
Sent 9000 bytes to client
File streaming in progress - keeping connection alive
Waiting for events on port 8080...
=== GENERATING RESPONSE FOR CLIENT 5 ===
Continuing file streaming...
-----------------RESPONSE--------------
Continuing file streaming...
Reading from file stream...
Read 9000 bytes from file
Sent 9000 bytes to client
File streaming in progress - keeping connection alive
Waiting for events on port 8080...
=== GENERATING RESPONSE FOR CLIENT 5 ===
Continuing file streaming...
-----------------RESPONSE--------------
Continuing file streaming...
Reading from file stream...
Read 9000 bytes from file
Sent 9000 bytes to client
File streaming in progress - keeping connection alive
Waiting for events on port 8080...
=== GENERATING RESPONSE FOR CLIENT 5 ===
Continuing file streaming...
-----------------RESPONSE--------------
Continuing file streaming...
Reading from file stream...
Read 9000 bytes from file
Sent 9000 bytes to client
File streaming in progress - keeping connection alive
Waiting for events on port 8080...
=== GENERATING RESPONSE FOR CLIENT 5 ===
Continuing file streaming...
-----------------RESPONSE--------------
Continuing file streaming...
Reading from file stream...
Read 9000 bytes from file
Sent 9000 bytes to client
File streaming in progress - keeping connection alive
Waiting for events on port 8080...
=== GENERATING RESPONSE FOR CLIENT 5 ===
Continuing file streaming...
-----------------RESPONSE--------------
Continuing file streaming...
Reading from file stream...
Read 9000 bytes from file
Sent 9000 bytes to client
File streaming in progress - keeping connection alive
Waiting for events on port 8080...
=== GENERATING RESPONSE FOR CLIENT 5 ===
Continuing file streaming...
-----------------RESPONSE--------------
Continuing file streaming...
Reading from file stream...
Read 9000 bytes from file
Sent 9000 bytes to client
File streaming in progress - keeping connection alive
Waiting for events on port 8080...
=== GENERATING RESPONSE FOR CLIENT 5 ===
Continuing file streaming...
-----------------RESPONSE--------------
Continuing file streaming...
Reading from file stream...
Read 9000 bytes from file
Sent 9000 bytes to client
File streaming in progress - keeping connection alive
Waiting for events on port 8080...
=== GENERATING RESPONSE FOR CLIENT 5 ===
Continuing file streaming...
-----------------RESPONSE--------------
Continuing file streaming...
Reading from file stream...
Read 9000 bytes from file
Sent 9000 bytes to client
File streaming in progress - keeping connection alive
Waiting for events on port 8080...
=== GENERATING RESPONSE FOR CLIENT 5 ===
Continuing file streaming...
-----------------RESPONSE--------------
Continuing file streaming...
Reading from file stream...
Read 9000 bytes from file
Sent 9000 bytes to client
File streaming in progress - keeping connection alive
Waiting for events on port 8080...
=== GENERATING RESPONSE FOR CLIENT 5 ===
Continuing file streaming...
-----------------RESPONSE--------------
Continuing file streaming...
Reading from file stream...
Read 9000 bytes from file
Sent 9000 bytes to client
File streaming in progress - keeping connection alive
Waiting for events on port 8080...
=== GENERATING RESPONSE FOR CLIENT 5 ===
Continuing file streaming...
-----------------RESPONSE--------------
Continuing file streaming...
Reading from file stream...
Read 9000 bytes from file
Sent 9000 bytes to client
File streaming in progress - keeping connection alive
Waiting for events on port 8080...
=== GENERATING RESPONSE FOR CLIENT 5 ===
Continuing file streaming...
-----------------RESPONSE--------------
Continuing file streaming...
Reading from file stream...
Read 9000 bytes from file
Sent 9000 bytes to client
File streaming in progress - keeping connection alive
Waiting for events on port 8080...
=== GENERATING RESPONSE FOR CLIENT 5 ===
Continuing file streaming...
-----------------RESPONSE--------------
Continuing file streaming...
Reading from file stream...
Read 9000 bytes from file
Sent 9000 bytes to client
File streaming in progress - keeping connection alive
Waiting for events on port 8080...
=== GENERATING RESPONSE FOR CLIENT 5 ===
Continuing file streaming...
-----------------RESPONSE--------------
Continuing file streaming...
Reading from file stream...
Read 9000 bytes from file
Sent 9000 bytes to client
File streaming in progress - keeping connection alive
Waiting for events on port 8080...
=== GENERATING RESPONSE FOR CLIENT 5 ===
Continuing file streaming...
-----------------RESPONSE--------------
Continuing file streaming...
Reading from file stream...
Read 9000 bytes from file
Sent 9000 bytes to client
File streaming in progress - keeping connection alive
Waiting for events on port 8080...
=== GENERATING RESPONSE FOR CLIENT 5 ===
Continuing file streaming...
-----------------RESPONSE--------------
Continuing file streaming...
Reading from file stream...
Read 9000 bytes from file
Sent 9000 bytes to client
File streaming in progress - keeping connection alive
Waiting for events on port 8080...
=== GENERATING RESPONSE FOR CLIENT 5 ===
Continuing file streaming...
-----------------RESPONSE--------------
Continuing file streaming...
Reading from file stream...
Read 9000 bytes from file
Sent 9000 bytes to client
File streaming in progress - keeping connection alive
Waiting for events on port 8080...
=== GENERATING RESPONSE FOR CLIENT 5 ===
Continuing file streaming...
-----------------RESPONSE--------------
Continuing file streaming...
Reading from file stream...
Read 9000 bytes from file
Sent 9000 bytes to client
File streaming in progress - keeping connection alive
Waiting for events on port 8080...
=== GENERATING RESPONSE FOR CLIENT 5 ===
Continuing file streaming...
-----------------RESPONSE--------------
Continuing file streaming...
Reading from file stream...
Read 9000 bytes from file
Sent 9000 bytes to client
File streaming in progress - keeping connection alive
Waiting for events on port 8080...
=== GENERATING RESPONSE FOR CLIENT 5 ===
Continuing file streaming...
-----------------RESPONSE--------------
Continuing file streaming...
Reading from file stream...
Read 9000 bytes from file
Sent 9000 bytes to client
File streaming in progress - keeping connection alive
Waiting for events on port 8080...
=== GENERATING RESPONSE FOR CLIENT 5 ===
Continuing file streaming...
-----------------RESPONSE--------------
Continuing file streaming...
Reading from file stream...
Read 9000 bytes from file
Sent 9000 bytes to client
File streaming in progress - keeping connection alive
Waiting for events on port 8080...
=== GENERATING RESPONSE FOR CLIENT 5 ===
Continuing file streaming...
-----------------RESPONSE--------------
Continuing file streaming...
Reading from file stream...
Read 9000 bytes from file
Sent 9000 bytes to client
File streaming in progress - keeping connection alive
Waiting for events on port 8080...
=== GENERATING RESPONSE FOR CLIENT 5 ===
Continuing file streaming...
-----------------RESPONSE--------------
Continuing file streaming...
Reading from file stream...
Read 9000 bytes from file
Sent 9000 bytes to client
File streaming in progress - keeping connection alive
Waiting for events on port 8080...
=== GENERATING RESPONSE FOR CLIENT 5 ===
Continuing file streaming...
-----------------RESPONSE--------------
Continuing file streaming...
Reading from file stream...
Read 9000 bytes from file
Sent 9000 bytes to client
File streaming in progress - keeping connection alive
Waiting for events on port 8080...
=== GENERATING RESPONSE FOR CLIENT 5 ===
Continuing file streaming...
-----------------RESPONSE--------------
Continuing file streaming...
Reading from file stream...
Read 9000 bytes from file
Sent 9000 bytes to client
File streaming in progress - keeping connection alive
Waiting for events on port 8080...
=== GENERATING RESPONSE FOR CLIENT 5 ===
Continuing file streaming...
-----------------RESPONSE--------------
Continuing file streaming...
Reading from file stream...
Read 9000 bytes from file
Sent 9000 bytes to client
File streaming in progress - keeping connection alive
Waiting for events on port 8080...
=== GENERATING RESPONSE FOR CLIENT 5 ===
Continuing file streaming...
-----------------RESPONSE--------------
Continuing file streaming...
Reading from file stream...
Read 9000 bytes from file
Sent 9000 bytes to client
File streaming in progress - keeping connection alive
Waiting for events on port 8080...
=== GENERATING RESPONSE FOR CLIENT 5 ===
Continuing file streaming...
-----------------RESPONSE--------------
Continuing file streaming...
Reading from file stream...
Read 9000 bytes from file
Sent 9000 bytes to client
File streaming in progress - keeping connection alive
Waiting for events on port 8080...
=== GENERATING RESPONSE FOR CLIENT 5 ===
Continuing file streaming...
-----------------RESPONSE--------------
Continuing file streaming...
Reading from file stream...
Read 9000 bytes from file
Sent 9000 bytes to client
File streaming in progress - keeping connection alive
Waiting for events on port 8080...
=== GENERATING RESPONSE FOR CLIENT 5 ===
Continuing file streaming...
-----------------RESPONSE--------------
Continuing file streaming...
Reading from file stream...
Read 9000 bytes from file
Sent 9000 bytes to client
File streaming in progress - keeping connection alive
Waiting for events on port 8080...
=== GENERATING RESPONSE FOR CLIENT 5 ===
Continuing file streaming...
-----------------RESPONSE--------------
Continuing file streaming...
Reading from file stream...
Read 9000 bytes from file
Sent 9000 bytes to client
File streaming in progress - keeping connection alive
Waiting for events on port 8080...
=== GENERATING RESPONSE FOR CLIENT 5 ===
Continuing file streaming...
-----------------RESPONSE--------------
Continuing file streaming...
Reading from file stream...
Read 9000 bytes from file
Sent 9000 bytes to client
File streaming in progress - keeping connection alive
Waiting for events on port 8080...
=== GENERATING RESPONSE FOR CLIENT 5 ===
Continuing file streaming...
-----------------RESPONSE--------------
Continuing file streaming...
Reading from file stream...
Read 9000 bytes from file
Sent 9000 bytes to client
File streaming in progress - keeping connection alive
Waiting for events on port 8080...
=== GENERATING RESPONSE FOR CLIENT 5 ===
Continuing file streaming...
-----------------RESPONSE--------------
Continuing file streaming...
Reading from file stream...
Read 9000 bytes from file
Sent 9000 bytes to client
File streaming in progress - keeping connection alive
Waiting for events on port 8080...
=== GENERATING RESPONSE FOR CLIENT 5 ===
Continuing file streaming...
-----------------RESPONSE--------------
Continuing file streaming...
Reading from file stream...
Read 9000 bytes from file
Sent 9000 bytes to client
File streaming in progress - keeping connection alive
Waiting for events on port 8080...
=== GENERATING RESPONSE FOR CLIENT 5 ===
Continuing file streaming...
-----------------RESPONSE--------------
Continuing file streaming...
Reading from file stream...
Read 9000 bytes from file
Sent 9000 bytes to client
File streaming in progress - keeping connection alive
Waiting for events on port 8080...
=== GENERATING RESPONSE FOR CLIENT 5 ===
Continuing file streaming...
-----------------RESPONSE--------------
Continuing file streaming...
Reading from file stream...
Read 9000 bytes from file
Sent 9000 bytes to client
File streaming in progress - keeping connection alive
Waiting for events on port 8080...
=== GENERATING RESPONSE FOR CLIENT 5 ===
Continuing file streaming...
-----------------RESPONSE--------------
Continuing file streaming...
Reading from file stream...
Read 9000 bytes from file
Sent 9000 bytes to client
File streaming in progress - keeping connection alive
Waiting for events on port 8080...
=== GENERATING RESPONSE FOR CLIENT 5 ===
Continuing file streaming...
-----------------RESPONSE--------------
Continuing file streaming...
Reading from file stream...
Read 9000 bytes from file
Sent 9000 bytes to client
File streaming in progress - keeping connection alive
Waiting for events on port 8080...
=== GENERATING RESPONSE FOR CLIENT 5 ===
Continuing file streaming...
-----------------RESPONSE--------------
Continuing file streaming...
Reading from file stream...
Read 9000 bytes from file
Sent 9000 bytes to client
File streaming in progress - keeping connection alive
Waiting for events on port 8080...
=== GENERATING RESPONSE FOR CLIENT 5 ===
Continuing file streaming...
-----------------RESPONSE--------------
Continuing file streaming...
Reading from file stream...
Read 9000 bytes from file
Sent 9000 bytes to client
File streaming in progress - keeping connection alive
Waiting for events on port 8080...
=== GENERATING RESPONSE FOR CLIENT 5 ===
Continuing file streaming...
-----------------RESPONSE--------------
Continuing file streaming...
Reading from file stream...
Read 9000 bytes from file
Sent 9000 bytes to client
File streaming in progress - keeping connection alive
Waiting for events on port 8080...
=== GENERATING RESPONSE FOR CLIENT 5 ===
Continuing file streaming...
-----------------RESPONSE--------------
Continuing file streaming...
Reading from file stream...
Read 9000 bytes from file
Sent 9000 bytes to client
File streaming in progress - keeping connection alive
Waiting for events on port 8080...
=== GENERATING RESPONSE FOR CLIENT 5 ===
Continuing file streaming...
-----------------RESPONSE--------------
Continuing file streaming...
Reading from file stream...
Read 9000 bytes from file
Sent 9000 bytes to client
File streaming in progress - keeping connection alive
Waiting for events on port 8080...
=== GENERATING RESPONSE FOR CLIENT 5 ===
Continuing file streaming...
-----------------RESPONSE--------------
Continuing file streaming...
Reading from file stream...
Read 9000 bytes from file
Sent 9000 bytes to client
File streaming in progress - keeping connection alive
Waiting for events on port 8080...
=== GENERATING RESPONSE FOR CLIENT 5 ===
Continuing file streaming...
-----------------RESPONSE--------------
Continuing file streaming...
Reading from file stream...
Read 9000 bytes from file
Sent 9000 bytes to client
File streaming in progress - keeping connection alive
Waiting for events on port 8080...
=== GENERATING RESPONSE FOR CLIENT 5 ===
Continuing file streaming...
-----------------RESPONSE--------------
Continuing file streaming...
Reading from file stream...
Read 9000 bytes from file
Sent 9000 bytes to client
File streaming in progress - keeping connection alive
Waiting for events on port 8080...
=== GENERATING RESPONSE FOR CLIENT 5 ===
Continuing file streaming...
-----------------RESPONSE--------------
Continuing file streaming...
Reading from file stream...
Read 9000 bytes from file
Sent 9000 bytes to client
File streaming in progress - keeping connection alive
Waiting for events on port 8080...
=== GENERATING RESPONSE FOR CLIENT 5 ===
Continuing file streaming...
-----------------RESPONSE--------------
Continuing file streaming...
Reading from file stream...
Read 9000 bytes from file
Sent 9000 bytes to client
File streaming in progress - keeping connection alive
Waiting for events on port 8080...
=== GENERATING RESPONSE FOR CLIENT 5 ===
Continuing file streaming...
-----------------RESPONSE--------------
Continuing file streaming...
Reading from file stream...
Read 9000 bytes from file
Sent 9000 bytes to client
File streaming in progress - keeping connection alive
Waiting for events on port 8080...
=== GENERATING RESPONSE FOR CLIENT 5 ===
Continuing file streaming...
-----------------RESPONSE--------------
Continuing file streaming...
Reading from file stream...
Read 9000 bytes from file
Sent 9000 bytes to client
File streaming in progress - keeping connection alive
Waiting for events on port 8080...
=== GENERATING RESPONSE FOR CLIENT 5 ===
Continuing file streaming...
-----------------RESPONSE--------------
Continuing file streaming...
Reading from file stream...
Read 9000 bytes from file
Sent 9000 bytes to client
File streaming in progress - keeping connection alive
Waiting for events on port 8080...
=== GENERATING RESPONSE FOR CLIENT 5 ===
Continuing file streaming...
-----------------RESPONSE--------------
Continuing file streaming...
Reading from file stream...
Read 9000 bytes from file
Sent 9000 bytes to client
File streaming in progress - keeping connection alive
Waiting for events on port 8080...
=== GENERATING RESPONSE FOR CLIENT 5 ===
Continuing file streaming...
-----------------RESPONSE--------------
Continuing file streaming...
Reading from file stream...
Read 9000 bytes from file
Sent 9000 bytes to client
File streaming in progress - keeping connection alive
Waiting for events on port 8080...
=== GENERATING RESPONSE FOR CLIENT 5 ===
Continuing file streaming...
-----------------RESPONSE--------------
Continuing file streaming...
Reading from file stream...
Read 9000 bytes from file
Sent 9000 bytes to client
File streaming in progress - keeping connection alive
Waiting for events on port 8080...
=== GENERATING RESPONSE FOR CLIENT 5 ===
Continuing file streaming...
-----------------RESPONSE--------------
Continuing file streaming...
Reading from file stream...
Read 9000 bytes from file
Sent 9000 bytes to client
File streaming in progress - keeping connection alive
Waiting for events on port 8080...
=== GENERATING RESPONSE FOR CLIENT 5 ===
Continuing file streaming...
-----------------RESPONSE--------------
Continuing file streaming...
Reading from file stream...
Read 9000 bytes from file
Sent 9000 bytes to client
File streaming in progress - keeping connection alive
Waiting for events on port 8080...
=== GENERATING RESPONSE FOR CLIENT 5 ===
Continuing file streaming...
-----------------RESPONSE--------------
Continuing file streaming...
Reading from file stream...
Read 9000 bytes from file
Sent 9000 bytes to client
File streaming in progress - keeping connection alive
Waiting for events on port 8080...
=== GENERATING RESPONSE FOR CLIENT 5 ===
Continuing file streaming...
-----------------RESPONSE--------------
Continuing file streaming...
Reading from file stream...
Read 9000 bytes from file
Sent 9000 bytes to client
File streaming in progress - keeping connection alive
Waiting for events on port 8080...
=== GENERATING RESPONSE FOR CLIENT 5 ===
Continuing file streaming...
-----------------RESPONSE--------------
Continuing file streaming...
Reading from file stream...
Read 9000 bytes from file
Sent 9000 bytes to client
File streaming in progress - keeping connection alive
Waiting for events on port 8080...
=== GENERATING RESPONSE FOR CLIENT 5 ===
Continuing file streaming...
-----------------RESPONSE--------------
Continuing file streaming...
Reading from file stream...
Read 9000 bytes from file
Sent 9000 bytes to client
File streaming in progress - keeping connection alive
Waiting for events on port 8080...
=== GENERATING RESPONSE FOR CLIENT 5 ===
Continuing file streaming...
-----------------RESPONSE--------------
Continuing file streaming...
Reading from file stream...
Read 9000 bytes from file
Sent 9000 bytes to client
File streaming in progress - keeping connection alive
Waiting for events on port 8080...
=== GENERATING RESPONSE FOR CLIENT 5 ===
Continuing file streaming...
-----------------RESPONSE--------------
Continuing file streaming...
Reading from file stream...
Read 9000 bytes from file
Sent 9000 bytes to client
File streaming in progress - keeping connection alive
Waiting for events on port 8080...
=== GENERATING RESPONSE FOR CLIENT 5 ===
Continuing file streaming...
-----------------RESPONSE--------------
Continuing file streaming...
Reading from file stream...
Read 9000 bytes from file
Sent 9000 bytes to client
File streaming in progress - keeping connection alive
Waiting for events on port 8080...
=== GENERATING RESPONSE FOR CLIENT 5 ===
Continuing file streaming...
-----------------RESPONSE--------------
Continuing file streaming...
Reading from file stream...
Read 9000 bytes from file
Sent 9000 bytes to client
File streaming in progress - keeping connection alive
Waiting for events on port 8080...
=== GENERATING RESPONSE FOR CLIENT 5 ===
Continuing file streaming...
-----------------RESPONSE--------------
Continuing file streaming...
Reading from file stream...
Read 9000 bytes from file
Sent 9000 bytes to client
File streaming in progress - keeping connection alive
Waiting for events on port 8080...
=== GENERATING RESPONSE FOR CLIENT 5 ===
Continuing file streaming...
-----------------RESPONSE--------------
Continuing file streaming...
Reading from file stream...
Read 9000 bytes from file
Sent 9000 bytes to client
File streaming in progress - keeping connection alive
Waiting for events on port 8080...
=== GENERATING RESPONSE FOR CLIENT 5 ===
Continuing file streaming...
-----------------RESPONSE--------------
Continuing file streaming...
Reading from file stream...
Read 9000 bytes from file
Sent 9000 bytes to client
File streaming in progress - keeping connection alive
Waiting for events on port 8080...
=== GENERATING RESPONSE FOR CLIENT 5 ===
Continuing file streaming...
-----------------RESPONSE--------------
Continuing file streaming...
Reading from file stream...
Read 9000 bytes from file
Sent 9000 bytes to client
File streaming in progress - keeping connection alive
Waiting for events on port 8080...
=== GENERATING RESPONSE FOR CLIENT 5 ===
Continuing file streaming...
-----------------RESPONSE--------------
Continuing file streaming...
Reading from file stream...
Read 9000 bytes from file
Sent 9000 bytes to client
File streaming in progress - keeping connection alive
Waiting for events on port 8080...
=== GENERATING RESPONSE FOR CLIENT 5 ===
Continuing file streaming...
-----------------RESPONSE--------------
Continuing file streaming...
Reading from file stream...
Read 9000 bytes from file
Sent 9000 bytes to client
File streaming in progress - keeping connection alive
Waiting for events on port 8080...
=== GENERATING RESPONSE FOR CLIENT 5 ===
Continuing file streaming...
-----------------RESPONSE--------------
Continuing file streaming...
Reading from file stream...
Read 9000 bytes from file
Sent 9000 bytes to client
File streaming in progress - keeping connection alive
Waiting for events on port 8080...
=== GENERATING RESPONSE FOR CLIENT 5 ===
Continuing file streaming...
-----------------RESPONSE--------------
Continuing file streaming...
Reading from file stream...
Read 9000 bytes from file
Sent 9000 bytes to client
File streaming in progress - keeping connection alive
Waiting for events on port 8080...
=== GENERATING RESPONSE FOR CLIENT 5 ===
Continuing file streaming...
-----------------RESPONSE--------------
Continuing file streaming...
Reading from file stream...
Read 9000 bytes from file
Sent 9000 bytes to client
File streaming in progress - keeping connection alive
Waiting for events on port 8080...
=== GENERATING RESPONSE FOR CLIENT 5 ===
Continuing file streaming...
-----------------RESPONSE--------------
Continuing file streaming...
Reading from file stream...
Read 9000 bytes from file
Sent 9000 bytes to client
File streaming in progress - keeping connection alive
Waiting for events on port 8080...
=== GENERATING RESPONSE FOR CLIENT 5 ===
Continuing file streaming...
-----------------RESPONSE--------------
Continuing file streaming...
Reading from file stream...
Read 9000 bytes from file
Sent 9000 bytes to client
File streaming in progress - keeping connection alive
Waiting for events on port 8080...
=== GENERATING RESPONSE FOR CLIENT 5 ===
Continuing file streaming...
-----------------RESPONSE--------------
Continuing file streaming...
Reading from file stream...
Read 9000 bytes from file
Sent 9000 bytes to client
File streaming in progress - keeping connection alive
Waiting for events on port 8080...
=== GENERATING RESPONSE FOR CLIENT 5 ===
Continuing file streaming...
-----------------RESPONSE--------------
Continuing file streaming...
Reading from file stream...
Read 9000 bytes from file
Sent 9000 bytes to client
File streaming in progress - keeping connection alive
Waiting for events on port 8080...
=== GENERATING RESPONSE FOR CLIENT 5 ===
Continuing file streaming...
-----------------RESPONSE--------------
Continuing file streaming...
Reading from file stream...
Read 9000 bytes from file
Sent 9000 bytes to client
File streaming in progress - keeping connection alive
Waiting for events on port 8080...
=== GENERATING RESPONSE FOR CLIENT 5 ===
Continuing file streaming...
-----------------RESPONSE--------------
Continuing file streaming...
Reading from file stream...
Read 9000 bytes from file
Sent 9000 bytes to client
File streaming in progress - keeping connection alive
Waiting for events on port 8080...
=== GENERATING RESPONSE FOR CLIENT 5 ===
Continuing file streaming...
-----------------RESPONSE--------------
Continuing file streaming...
Reading from file stream...
Read 9000 bytes from file
Sent 9000 bytes to client
File streaming in progress - keeping connection alive
Waiting for events on port 8080...
=== GENERATING RESPONSE FOR CLIENT 5 ===
Continuing file streaming...
-----------------RESPONSE--------------
Continuing file streaming...
Reading from file stream...
Read 9000 bytes from file
Sent 9000 bytes to client
File streaming in progress - keeping connection alive
Waiting for events on port 8080...
=== GENERATING RESPONSE FOR CLIENT 5 ===
Continuing file streaming...
-----------------RESPONSE--------------
Continuing file streaming...
Reading from file stream...
Read 9000 bytes from file
Sent 9000 bytes to client
File streaming in progress - keeping connection alive
Waiting for events on port 8080...
=== GENERATING RESPONSE FOR CLIENT 5 ===
Continuing file streaming...
-----------------RESPONSE--------------
Continuing file streaming...
Reading from file stream...
Read 9000 bytes from file
Sent 9000 bytes to client
File streaming in progress - keeping connection alive
Waiting for events on port 8080...
=== GENERATING RESPONSE FOR CLIENT 5 ===
Continuing file streaming...
-----------------RESPONSE--------------
Continuing file streaming...
Reading from file stream...
Read 9000 bytes from file
Sent 9000 bytes to client
File streaming in progress - keeping connection alive
Waiting for events on port 8080...
=== GENERATING RESPONSE FOR CLIENT 5 ===
Continuing file streaming...
-----------------RESPONSE--------------
Continuing file streaming...
Reading from file stream...
Read 9000 bytes from file
Sent 9000 bytes to client
File streaming in progress - keeping connection alive
Waiting for events on port 8080...
=== GENERATING RESPONSE FOR CLIENT 5 ===
Continuing file streaming...
-----------------RESPONSE--------------
Continuing file streaming...
Reading from file stream...
Read 9000 bytes from file
Sent 9000 bytes to client
File streaming in progress - keeping connection alive
Waiting for events on port 8080...
=== GENERATING RESPONSE FOR CLIENT 5 ===
Continuing file streaming...
-----------------RESPONSE--------------
Continuing file streaming...
Reading from file stream...
Read 9000 bytes from file
Sent 9000 bytes to client
File streaming in progress - keeping connection alive
Waiting for events on port 8080...
=== GENERATING RESPONSE FOR CLIENT 5 ===
Continuing file streaming...
-----------------RESPONSE--------------
Continuing file streaming...
Reading from file stream...
Read 9000 bytes from file
Sent 9000 bytes to client
File streaming in progress - keeping connection alive
Waiting for events on port 8080...
=== GENERATING RESPONSE FOR CLIENT 5 ===
Continuing file streaming...
-----------------RESPONSE--------------
Continuing file streaming...
Reading from file stream...
Read 9000 bytes from file
Sent 9000 bytes to client
File streaming in progress - keeping connection alive
Waiting for events on port 8080...
=== GENERATING RESPONSE FOR CLIENT 5 ===
Continuing file streaming...
-----------------RESPONSE--------------
Continuing file streaming...
Reading from file stream...
Read 9000 bytes from file
Sent 9000 bytes to client
File streaming in progress - keeping connection alive
Waiting for events on port 8080...
=== GENERATING RESPONSE FOR CLIENT 5 ===
Continuing file streaming...
-----------------RESPONSE--------------
Continuing file streaming...
Reading from file stream...
Read 9000 bytes from file
Sent 9000 bytes to client
File streaming in progress - keeping connection alive
Waiting for events on port 8080...
=== GENERATING RESPONSE FOR CLIENT 5 ===
Continuing file streaming...
-----------------RESPONSE--------------
Continuing file streaming...
Reading from file stream...
Read 9000 bytes from file
Sent 9000 bytes to client
File streaming in progress - keeping connection alive
Waiting for events on port 8080...
=== GENERATING RESPONSE FOR CLIENT 5 ===
Continuing file streaming...
-----------------RESPONSE--------------
Continuing file streaming...
Reading from file stream...
Read 9000 bytes from file
Sent 9000 bytes to client
File streaming in progress - keeping connection alive
Waiting for events on port 8080...
=== GENERATING RESPONSE FOR CLIENT 5 ===
Continuing file streaming...
-----------------RESPONSE--------------
Continuing file streaming...
Reading from file stream...
Read 9000 bytes from file
Sent 9000 bytes to client
File streaming in progress - keeping connection alive
Waiting for events on port 8080...
=== GENERATING RESPONSE FOR CLIENT 5 ===
Continuing file streaming...
-----------------RESPONSE--------------
Continuing file streaming...
Reading from file stream...
Read 9000 bytes from file
Sent 9000 bytes to client
File streaming in progress - keeping connection alive
Waiting for events on port 8080...
=== GENERATING RESPONSE FOR CLIENT 5 ===
Continuing file streaming...
-----------------RESPONSE--------------
Continuing file streaming...
Reading from file stream...
Read 9000 bytes from file
Sent 9000 bytes to client
File streaming in progress - keeping connection alive
Waiting for events on port 8080...
=== GENERATING RESPONSE FOR CLIENT 5 ===
Continuing file streaming...
-----------------RESPONSE--------------
Continuing file streaming...
Reading from file stream...
Read 9000 bytes from file
Sent 9000 bytes to client
File streaming in progress - keeping connection alive
Waiting for events on port 8080...
=== GENERATING RESPONSE FOR CLIENT 5 ===
Continuing file streaming...
-----------------RESPONSE--------------
Continuing file streaming...
Reading from file stream...
Read 9000 bytes from file
Sent 9000 bytes to client
File streaming in progress - keeping connection alive
Waiting for events on port 8080...
=== GENERATING RESPONSE FOR CLIENT 5 ===
Continuing file streaming...
-----------------RESPONSE--------------
Continuing file streaming...
Reading from file stream...
Read 9000 bytes from file
Sent 9000 bytes to client
File streaming in progress - keeping connection alive
Waiting for events on port 8080...
=== GENERATING RESPONSE FOR CLIENT 5 ===
Continuing file streaming...
-----------------RESPONSE--------------
Continuing file streaming...
Reading from file stream...
Read 9000 bytes from file
Sent 9000 bytes to client
File streaming in progress - keeping connection alive
Waiting for events on port 8080...
=== GENERATING RESPONSE FOR CLIENT 5 ===
Continuing file streaming...
-----------------RESPONSE--------------
Continuing file streaming...
Reading from file stream...
Read 9000 bytes from file
Sent 9000 bytes to client
File streaming in progress - keeping connection alive
Waiting for events on port 8080...
=== GENERATING RESPONSE FOR CLIENT 5 ===
Continuing file streaming...
-----------------RESPONSE--------------
Continuing file streaming...
Reading from file stream...
Read 9000 bytes from file
Sent 9000 bytes to client
File streaming in progress - keeping connection alive
Waiting for events on port 8080...
=== GENERATING RESPONSE FOR CLIENT 5 ===
Continuing file streaming...
-----------------RESPONSE--------------
Continuing file streaming...
Reading from file stream...
Read 9000 bytes from file
Sent 9000 bytes to client
File streaming in progress - keeping connection alive
Waiting for events on port 8080...
=== GENERATING RESPONSE FOR CLIENT 5 ===
Continuing file streaming...
-----------------RESPONSE--------------
Continuing file streaming...
Reading from file stream...
Read 9000 bytes from file
Sent 9000 bytes to client
File streaming in progress - keeping connection alive
Waiting for events on port 8080...
=== GENERATING RESPONSE FOR CLIENT 5 ===
Continuing file streaming...
-----------------RESPONSE--------------
Continuing file streaming...
Reading from file stream...
Read 9000 bytes from file
Sent 9000 bytes to client
File streaming in progress - keeping connection alive
Waiting for events on port 8080...
=== GENERATING RESPONSE FOR CLIENT 5 ===
Continuing file streaming...
-----------------RESPONSE--------------
Continuing file streaming...
Reading from file stream...
Read 9000 bytes from file
Sent 9000 bytes to client
File streaming in progress - keeping connection alive
Waiting for events on port 8080...
=== GENERATING RESPONSE FOR CLIENT 5 ===
Continuing file streaming...
-----------------RESPONSE--------------
Continuing file streaming...
Reading from file stream...
Read 9000 bytes from file
Sent 9000 bytes to client
File streaming in progress - keeping connection alive
Waiting for events on port 8080...
=== GENERATING RESPONSE FOR CLIENT 5 ===
Continuing file streaming...
-----------------RESPONSE--------------
Continuing file streaming...
Reading from file stream...
Read 9000 bytes from file
Sent 9000 bytes to client
File streaming in progress - keeping connection alive
Waiting for events on port 8080...
=== GENERATING RESPONSE FOR CLIENT 5 ===
Continuing file streaming...
-----------------RESPONSE--------------
Continuing file streaming...
Reading from file stream...
Read 9000 bytes from file
Sent 9000 bytes to client
File streaming in progress - keeping connection alive
Waiting for events on port 8080...
=== GENERATING RESPONSE FOR CLIENT 5 ===
Continuing file streaming...
-----------------RESPONSE--------------
Continuing file streaming...
Reading from file stream...
Read 9000 bytes from file
Sent 9000 bytes to client
File streaming in progress - keeping connection alive
Waiting for events on port 8080...
=== GENERATING RESPONSE FOR CLIENT 5 ===
Continuing file streaming...
-----------------RESPONSE--------------
Continuing file streaming...
Reading from file stream...
Read 9000 bytes from file
Sent 9000 bytes to client
File streaming in progress - keeping connection alive
Waiting for events on port 8080...
=== GENERATING RESPONSE FOR CLIENT 5 ===
Continuing file streaming...
-----------------RESPONSE--------------
Continuing file streaming...
Reading from file stream...
Read 9000 bytes from file
Sent 9000 bytes to client
File streaming in progress - keeping connection alive
Waiting for events on port 8080...
=== GENERATING RESPONSE FOR CLIENT 5 ===
Continuing file streaming...
-----------------RESPONSE--------------
Continuing file streaming...
Reading from file stream...
Read 9000 bytes from file
Sent 9000 bytes to client
File streaming in progress - keeping connection alive
Waiting for events on port 8080...
=== GENERATING RESPONSE FOR CLIENT 5 ===
Continuing file streaming...
-----------------RESPONSE--------------
Continuing file streaming...
Reading from file stream...
Read 9000 bytes from file
Sent 9000 bytes to client
File streaming in progress - keeping connection alive
Waiting for events on port 8080...
=== GENERATING RESPONSE FOR CLIENT 5 ===
Continuing file streaming...
-----------------RESPONSE--------------
Continuing file streaming...
Reading from file stream...
Read 9000 bytes from file
Sent 9000 bytes to client
File streaming in progress - keeping connection alive
Waiting for events on port 8080...
=== GENERATING RESPONSE FOR CLIENT 5 ===
Continuing file streaming...
-----------------RESPONSE--------------
Continuing file streaming...
Reading from file stream...
Read 9000 bytes from file
Sent 9000 bytes to client
File streaming in progress - keeping connection alive
Waiting for events on port 8080...
=== GENERATING RESPONSE FOR CLIENT 5 ===
Continuing file streaming...
-----------------RESPONSE--------------
Continuing file streaming...
Reading from file stream...
Read 9000 bytes from file
Sent 9000 bytes to client
File streaming in progress - keeping connection alive
Waiting for events on port 8080...
=== GENERATING RESPONSE FOR CLIENT 5 ===
Continuing file streaming...
-----------------RESPONSE--------------
Continuing file streaming...
Reading from file stream...
Read 9000 bytes from file
Sent 9000 bytes to client
File streaming in progress - keeping connection alive
Waiting for events on port 8080...
=== GENERATING RESPONSE FOR CLIENT 5 ===
Continuing file streaming...
-----------------RESPONSE--------------
Continuing file streaming...
Reading from file stream...
Read 9000 bytes from file
Sent 9000 bytes to client
File streaming in progress - keeping connection alive
Waiting for events on port 8080...
=== GENERATING RESPONSE FOR CLIENT 5 ===
Continuing file streaming...
-----------------RESPONSE--------------
Continuing file streaming...
Reading from file stream...
Read 9000 bytes from file
Sent 9000 bytes to client
File streaming in progress - keeping connection alive
Waiting for events on port 8080...
=== GENERATING RESPONSE FOR CLIENT 5 ===
Continuing file streaming...
-----------------RESPONSE--------------
Continuing file streaming...
Reading from file stream...
Read 9000 bytes from file
Sent 9000 bytes to client
File streaming in progress - keeping connection alive
Waiting for events on port 8080...
=== GENERATING RESPONSE FOR CLIENT 5 ===
Continuing file streaming...
-----------------RESPONSE--------------
Continuing file streaming...
Reading from file stream...
Read 9000 bytes from file
Sent 9000 bytes to client
File streaming in progress - keeping connection alive
Waiting for events on port 8080...
=== GENERATING RESPONSE FOR CLIENT 5 ===
Continuing file streaming...
-----------------RESPONSE--------------
Continuing file streaming...
Reading from file stream...
Read 9000 bytes from file
Sent 9000 bytes to client
File streaming in progress - keeping connection alive
Waiting for events on port 8080...
=== GENERATING RESPONSE FOR CLIENT 5 ===
Continuing file streaming...
-----------------RESPONSE--------------
Continuing file streaming...
Reading from file stream...
Read 9000 bytes from file
Sent 9000 bytes to client
File streaming in progress - keeping connection alive
Waiting for events on port 8080...
=== GENERATING RESPONSE FOR CLIENT 5 ===
Continuing file streaming...
-----------------RESPONSE--------------
Continuing file streaming...
Reading from file stream...
Read 9000 bytes from file
Sent 9000 bytes to client
File streaming in progress - keeping connection alive
Waiting for events on port 8080...
=== GENERATING RESPONSE FOR CLIENT 5 ===
Continuing file streaming...
-----------------RESPONSE--------------
Continuing file streaming...
Reading from file stream...
Read 9000 bytes from file
Sent 9000 bytes to client
File streaming in progress - keeping connection alive
Waiting for events on port 8080...
=== GENERATING RESPONSE FOR CLIENT 5 ===
Continuing file streaming...
-----------------RESPONSE--------------
Continuing file streaming...
Reading from file stream...
Read 9000 bytes from file
Sent 9000 bytes to client
File streaming in progress - keeping connection alive
Waiting for events on port 8080...
=== GENERATING RESPONSE FOR CLIENT 5 ===
Continuing file streaming...
-----------------RESPONSE--------------
Continuing file streaming...
Reading from file stream...
Read 9000 bytes from file
Sent 9000 bytes to client
File streaming in progress - keeping connection alive
Waiting for events on port 8080...
=== GENERATING RESPONSE FOR CLIENT 5 ===
Continuing file streaming...
-----------------RESPONSE--------------
Continuing file streaming...
Reading from file stream...
Read 9000 bytes from file
Sent 9000 bytes to client
File streaming in progress - keeping connection alive
Waiting for events on port 8080...
=== GENERATING RESPONSE FOR CLIENT 5 ===
Continuing file streaming...
-----------------RESPONSE--------------
Continuing file streaming...
Reading from file stream...
Read 9000 bytes from file
Sent 9000 bytes to client
File streaming in progress - keeping connection alive
Waiting for events on port 8080...
=== GENERATING RESPONSE FOR CLIENT 5 ===
Continuing file streaming...
-----------------RESPONSE--------------
Continuing file streaming...
Reading from file stream...
Read 9000 bytes from file
Sent 9000 bytes to client
File streaming in progress - keeping connection alive
Waiting for events on port 8080...
=== GENERATING RESPONSE FOR CLIENT 5 ===
Continuing file streaming...
-----------------RESPONSE--------------
Continuing file streaming...
Reading from file stream...
Read 9000 bytes from file
Sent 9000 bytes to client
File streaming in progress - keeping connection alive
Waiting for events on port 8080...
=== GENERATING RESPONSE FOR CLIENT 5 ===
Continuing file streaming...
-----------------RESPONSE--------------
Continuing file streaming...
Reading from file stream...
Read 9000 bytes from file
Sent 9000 bytes to client
File streaming in progress - keeping connection alive
Waiting for events on port 8080...
=== GENERATING RESPONSE FOR CLIENT 5 ===
Continuing file streaming...
-----------------RESPONSE--------------
Continuing file streaming...
Reading from file stream...
Read 9000 bytes from file
Sent 9000 bytes to client
File streaming in progress - keeping connection alive
Waiting for events on port 8080...
=== GENERATING RESPONSE FOR CLIENT 5 ===
Continuing file streaming...
-----------------RESPONSE--------------
Continuing file streaming...
Reading from file stream...
Read 9000 bytes from file
Sent 9000 bytes to client
File streaming in progress - keeping connection alive
Waiting for events on port 8080...
=== GENERATING RESPONSE FOR CLIENT 5 ===
Continuing file streaming...
-----------------RESPONSE--------------
Continuing file streaming...
Reading from file stream...
Read 9000 bytes from file
Sent 9000 bytes to client
File streaming in progress - keeping connection alive
Waiting for events on port 8080...
=== GENERATING RESPONSE FOR CLIENT 5 ===
Continuing file streaming...
-----------------RESPONSE--------------
Continuing file streaming...
Reading from file stream...
Read 9000 bytes from file
Sent 9000 bytes to client
File streaming in progress - keeping connection alive
Waiting for events on port 8080...
=== GENERATING RESPONSE FOR CLIENT 5 ===
Continuing file streaming...
-----------------RESPONSE--------------
Continuing file streaming...
Reading from file stream...
Read 9000 bytes from file
Sent 9000 bytes to client
File streaming in progress - keeping connection alive
Waiting for events on port 8080...
=== GENERATING RESPONSE FOR CLIENT 5 ===
Continuing file streaming...
-----------------RESPONSE--------------
Continuing file streaming...
Reading from file stream...
Read 9000 bytes from file
Sent 9000 bytes to client
File streaming in progress - keeping connection alive
Waiting for events on port 8080...
=== GENERATING RESPONSE FOR CLIENT 5 ===
Continuing file streaming...
-----------------RESPONSE--------------
Continuing file streaming...
Reading from file stream...
Read 9000 bytes from file
Sent 9000 bytes to client
File streaming in progress - keeping connection alive
Waiting for events on port 8080...
=== GENERATING RESPONSE FOR CLIENT 5 ===
Continuing file streaming...
-----------------RESPONSE--------------
Continuing file streaming...
Reading from file stream...
Read 9000 bytes from file
Sent 9000 bytes to client
File streaming in progress - keeping connection alive
Waiting for events on port 8080...
=== GENERATING RESPONSE FOR CLIENT 5 ===
Continuing file streaming...
-----------------RESPONSE--------------
Continuing file streaming...
Reading from file stream...
Read 9000 bytes from file
Sent 9000 bytes to client
File streaming in progress - keeping connection alive
Waiting for events on port 8080...
=== GENERATING RESPONSE FOR CLIENT 5 ===
Continuing file streaming...
-----------------RESPONSE--------------
Continuing file streaming...
Reading from file stream...
Read 9000 bytes from file
Sent 9000 bytes to client
File streaming in progress - keeping connection alive
Waiting for events on port 8080...
=== GENERATING RESPONSE FOR CLIENT 5 ===
Continuing file streaming...
-----------------RESPONSE--------------
Continuing file streaming...
Reading from file stream...
Read 9000 bytes from file
Sent 9000 bytes to client
File streaming in progress - keeping connection alive
Waiting for events on port 8080...
=== GENERATING RESPONSE FOR CLIENT 5 ===
Continuing file streaming...
-----------------RESPONSE--------------
Continuing file streaming...
Reading from file stream...
Read 9000 bytes from file
Sent 9000 bytes to client
File streaming in progress - keeping connection alive
Waiting for events on port 8080...
=== GENERATING RESPONSE FOR CLIENT 5 ===
Continuing file streaming...
-----------------RESPONSE--------------
Continuing file streaming...
Reading from file stream...
Read 9000 bytes from file
Sent 9000 bytes to client
File streaming in progress - keeping connection alive
Waiting for events on port 8080...
=== GENERATING RESPONSE FOR CLIENT 5 ===
Continuing file streaming...
-----------------RESPONSE--------------
Continuing file streaming...
Reading from file stream...
Read 9000 bytes from file
Sent 9000 bytes to client
File streaming in progress - keeping connection alive
Waiting for events on port 8080...
=== GENERATING RESPONSE FOR CLIENT 5 ===
Continuing file streaming...
-----------------RESPONSE--------------
Continuing file streaming...
Reading from file stream...
Read 9000 bytes from file
Sent 9000 bytes to client
File streaming in progress - keeping connection alive
Waiting for events on port 8080...
=== GENERATING RESPONSE FOR CLIENT 5 ===
Continuing file streaming...
-----------------RESPONSE--------------
Continuing file streaming...
Reading from file stream...
Read 9000 bytes from file
Sent 9000 bytes to client
File streaming in progress - keeping connection alive
Waiting for events on port 8080...
=== GENERATING RESPONSE FOR CLIENT 5 ===
Continuing file streaming...
-----------------RESPONSE--------------
Continuing file streaming...
Reading from file stream...
Read 9000 bytes from file
Sent 9000 bytes to client
File streaming in progress - keeping connection alive
Waiting for events on port 8080...
=== GENERATING RESPONSE FOR CLIENT 5 ===
Continuing file streaming...
-----------------RESPONSE--------------
Continuing file streaming...
Reading from file stream...
Read 9000 bytes from file
Sent 9000 bytes to client
File streaming in progress - keeping connection alive
Waiting for events on port 8080...
=== GENERATING RESPONSE FOR CLIENT 5 ===
Continuing file streaming...
-----------------RESPONSE--------------
Continuing file streaming...
Reading from file stream...
Read 9000 bytes from file
Sent 9000 bytes to client
File streaming in progress - keeping connection alive
Waiting for events on port 8080...
=== GENERATING RESPONSE FOR CLIENT 5 ===
Continuing file streaming...
-----------------RESPONSE--------------
Continuing file streaming...
Reading from file stream...
Read 9000 bytes from file
Sent 9000 bytes to client
File streaming in progress - keeping connection alive
Waiting for events on port 8080...
=== GENERATING RESPONSE FOR CLIENT 5 ===
Continuing file streaming...
-----------------RESPONSE--------------
Continuing file streaming...
Reading from file stream...
Read 9000 bytes from file
Sent 9000 bytes to client
File streaming in progress - keeping connection alive
Waiting for events on port 8080...
=== GENERATING RESPONSE FOR CLIENT 5 ===
Continuing file streaming...
-----------------RESPONSE--------------
Continuing file streaming...
Reading from file stream...
Read 9000 bytes from file
Sent 9000 bytes to client
File streaming in progress - keeping connection alive
Waiting for events on port 8080...
=== GENERATING RESPONSE FOR CLIENT 5 ===
Continuing file streaming...
-----------------RESPONSE--------------
Continuing file streaming...
Reading from file stream...
Read 9000 bytes from file
Sent 9000 bytes to client
File streaming in progress - keeping connection alive
Waiting for events on port 8080...
=== GENERATING RESPONSE FOR CLIENT 5 ===
Continuing file streaming...
-----------------RESPONSE--------------
Continuing file streaming...
Reading from file stream...
Read 9000 bytes from file
Sent 9000 bytes to client
File streaming in progress - keeping connection alive
Waiting for events on port 8080...
=== GENERATING RESPONSE FOR CLIENT 5 ===
Continuing file streaming...
-----------------RESPONSE--------------
Continuing file streaming...
Reading from file stream...
Read 9000 bytes from file
Sent 9000 bytes to client
File streaming in progress - keeping connection alive
Waiting for events on port 8080...
=== GENERATING RESPONSE FOR CLIENT 5 ===
Continuing file streaming...
-----------------RESPONSE--------------
Continuing file streaming...
Reading from file stream...
Read 9000 bytes from file
Sent 9000 bytes to client
File streaming in progress - keeping connection alive
Waiting for events on port 8080...
=== GENERATING RESPONSE FOR CLIENT 5 ===
Continuing file streaming...
-----------------RESPONSE--------------
Continuing file streaming...
Reading from file stream...
Read 9000 bytes from file
Sent 9000 bytes to client
File streaming in progress - keeping connection alive
Waiting for events on port 8080...
=== GENERATING RESPONSE FOR CLIENT 5 ===
Continuing file streaming...
-----------------RESPONSE--------------
Continuing file streaming...
Reading from file stream...
Read 9000 bytes from file
Sent 9000 bytes to client
File streaming in progress - keeping connection alive
Waiting for events on port 8080...
=== GENERATING RESPONSE FOR CLIENT 5 ===
Continuing file streaming...
-----------------RESPONSE--------------
Continuing file streaming...
Reading from file stream...
Read 9000 bytes from file
Sent 9000 bytes to client
File streaming in progress - keeping connection alive
Waiting for events on port 8080...
=== GENERATING RESPONSE FOR CLIENT 5 ===
Continuing file streaming...
-----------------RESPONSE--------------
Continuing file streaming...
Reading from file stream...
Read 9000 bytes from file
Sent 9000 bytes to client
File streaming in progress - keeping connection alive
Waiting for events on port 8080...
=== GENERATING RESPONSE FOR CLIENT 5 ===
Continuing file streaming...
-----------------RESPONSE--------------
Continuing file streaming...
Reading from file stream...
Read 9000 bytes from file
Sent 9000 bytes to client
File streaming in progress - keeping connection alive
Waiting for events on port 8080...
=== GENERATING RESPONSE FOR CLIENT 5 ===
Continuing file streaming...
-----------------RESPONSE--------------
Continuing file streaming...
Reading from file stream...
Read 9000 bytes from file
Sent 9000 bytes to client
File streaming in progress - keeping connection alive
Waiting for events on port 8080...
=== GENERATING RESPONSE FOR CLIENT 5 ===
Continuing file streaming...
-----------------RESPONSE--------------
Continuing file streaming...
Reading from file stream...
Read 9000 bytes from file
Sent 9000 bytes to client
File streaming in progress - keeping connection alive
Waiting for events on port 8080...
=== GENERATING RESPONSE FOR CLIENT 5 ===
Continuing file streaming...
-----------------RESPONSE--------------
Continuing file streaming...
Reading from file stream...
Read 9000 bytes from file
Sent 9000 bytes to client
File streaming in progress - keeping connection alive
Waiting for events on port 8080...
=== GENERATING RESPONSE FOR CLIENT 5 ===
Continuing file streaming...
-----------------RESPONSE--------------
Continuing file streaming...
Reading from file stream...
Read 9000 bytes from file
Sent 9000 bytes to client
File streaming in progress - keeping connection alive
Waiting for events on port 8080...
=== GENERATING RESPONSE FOR CLIENT 5 ===
Continuing file streaming...
-----------------RESPONSE--------------
Continuing file streaming...
Reading from file stream...
Read 9000 bytes from file
Sent 9000 bytes to client
File streaming in progress - keeping connection alive
Waiting for events on port 8080...
=== GENERATING RESPONSE FOR CLIENT 5 ===
Continuing file streaming...
-----------------RESPONSE--------------
Continuing file streaming...
Reading from file stream...
Read 9000 bytes from file
Sent 9000 bytes to client
File streaming in progress - keeping connection alive
Waiting for events on port 8080...
=== GENERATING RESPONSE FOR CLIENT 5 ===
Continuing file streaming...
-----------------RESPONSE--------------
Continuing file streaming...
Reading from file stream...
Read 9000 bytes from file
Sent 9000 bytes to client
File streaming in progress - keeping connection alive
Waiting for events on port 8080...
=== GENERATING RESPONSE FOR CLIENT 5 ===
Continuing file streaming...
-----------------RESPONSE--------------
Continuing file streaming...
Reading from file stream...
Read 9000 bytes from file
Sent 9000 bytes to client
File streaming in progress - keeping connection alive
Waiting for events on port 8080...
=== GENERATING RESPONSE FOR CLIENT 5 ===
Continuing file streaming...
-----------------RESPONSE--------------
Continuing file streaming...
Reading from file stream...
Read 9000 bytes from file
Sent 9000 bytes to client
File streaming in progress - keeping connection alive
Waiting for events on port 8080...
=== GENERATING RESPONSE FOR CLIENT 5 ===
Continuing file streaming...
-----------------RESPONSE--------------
Continuing file streaming...
Reading from file stream...
Read 9000 bytes from file
Sent 9000 bytes to client
File streaming in progress - keeping connection alive
Waiting for events on port 8080...
=== GENERATING RESPONSE FOR CLIENT 5 ===
Continuing file streaming...
-----------------RESPONSE--------------
Continuing file streaming...
Reading from file stream...
Read 9000 bytes from file
Sent 9000 bytes to client
File streaming in progress - keeping connection alive
Waiting for events on port 8080...
=== GENERATING RESPONSE FOR CLIENT 5 ===
Continuing file streaming...
-----------------RESPONSE--------------
Continuing file streaming...
Reading from file stream...
Read 9000 bytes from file
Sent 9000 bytes to client
File streaming in progress - keeping connection alive
Waiting for events on port 8080...
=== GENERATING RESPONSE FOR CLIENT 5 ===
Continuing file streaming...
-----------------RESPONSE--------------
Continuing file streaming...
Reading from file stream...
Read 9000 bytes from file
Sent 9000 bytes to client
File streaming in progress - keeping connection alive
Waiting for events on port 8080...
=== GENERATING RESPONSE FOR CLIENT 5 ===
Continuing file streaming...
-----------------RESPONSE--------------
Continuing file streaming...
Reading from file stream...
Read 9000 bytes from file
Sent 9000 bytes to client
File streaming in progress - keeping connection alive
Waiting for events on port 8080...
=== GENERATING RESPONSE FOR CLIENT 5 ===
Continuing file streaming...
-----------------RESPONSE--------------
Continuing file streaming...
Reading from file stream...
Read 9000 bytes from file
Sent 9000 bytes to client
File streaming in progress - keeping connection alive
Waiting for events on port 8080...
=== GENERATING RESPONSE FOR CLIENT 5 ===
Continuing file streaming...
-----------------RESPONSE--------------
Continuing file streaming...
Reading from file stream...
Read 9000 bytes from file
Sent 9000 bytes to client
File streaming in progress - keeping connection alive
Waiting for events on port 8080...
=== GENERATING RESPONSE FOR CLIENT 5 ===
Continuing file streaming...
-----------------RESPONSE--------------
Continuing file streaming...
Reading from file stream...
Read 9000 bytes from file
Sent 9000 bytes to client
File streaming in progress - keeping connection alive
Waiting for events on port 8080...
=== GENERATING RESPONSE FOR CLIENT 5 ===
Continuing file streaming...
-----------------RESPONSE--------------
Continuing file streaming...
Reading from file stream...
Read 9000 bytes from file
Sent 9000 bytes to client
File streaming in progress - keeping connection alive
Waiting for events on port 8080...
=== GENERATING RESPONSE FOR CLIENT 5 ===
Continuing file streaming...
-----------------RESPONSE--------------
Continuing file streaming...
Reading from file stream...
Read 9000 bytes from file
Sent 9000 bytes to client
File streaming in progress - keeping connection alive
Waiting for events on port 8080...
=== GENERATING RESPONSE FOR CLIENT 5 ===
Continuing file streaming...
-----------------RESPONSE--------------
Continuing file streaming...
Reading from file stream...
Read 9000 bytes from file
Sent 9000 bytes to client
File streaming in progress - keeping connection alive
Waiting for events on port 8080...
=== GENERATING RESPONSE FOR CLIENT 5 ===
Continuing file streaming...
-----------------RESPONSE--------------
Continuing file streaming...
Reading from file stream...
Read 9000 bytes from file
Sent 9000 bytes to client
File streaming in progress - keeping connection alive
Waiting for events on port 8080...
=== GENERATING RESPONSE FOR CLIENT 5 ===
Continuing file streaming...
-----------------RESPONSE--------------
Continuing file streaming...
Reading from file stream...
Read 9000 bytes from file
Sent 9000 bytes to client
File streaming in progress - keeping connection alive
Waiting for events on port 8080...
=== GENERATING RESPONSE FOR CLIENT 5 ===
Continuing file streaming...
-----------------RESPONSE--------------
Continuing file streaming...
Reading from file stream...
Read 9000 bytes from file
Sent 9000 bytes to client
File streaming in progress - keeping connection alive
Waiting for events on port 8080...
=== GENERATING RESPONSE FOR CLIENT 5 ===
Continuing file streaming...
-----------------RESPONSE--------------
Continuing file streaming...
Reading from file stream...
Read 9000 bytes from file
Sent 9000 bytes to client
File streaming in progress - keeping connection alive
Waiting for events on port 8080...
=== GENERATING RESPONSE FOR CLIENT 5 ===
Continuing file streaming...
-----------------RESPONSE--------------
Continuing file streaming...
Reading from file stream...
Read 9000 bytes from file
Sent 9000 bytes to client
File streaming in progress - keeping connection alive
Waiting for events on port 8080...
=== GENERATING RESPONSE FOR CLIENT 5 ===
Continuing file streaming...
-----------------RESPONSE--------------
Continuing file streaming...
Reading from file stream...
Read 9000 bytes from file
Sent 9000 bytes to client
File streaming in progress - keeping connection alive
Waiting for events on port 8080...
=== GENERATING RESPONSE FOR CLIENT 5 ===
Continuing file streaming...
-----------------RESPONSE--------------
Continuing file streaming...
Reading from file stream...
Read 9000 bytes from file
Sent 9000 bytes to client
File streaming in progress - keeping connection alive
Waiting for events on port 8080...
=== GENERATING RESPONSE FOR CLIENT 5 ===
Continuing file streaming...
-----------------RESPONSE--------------
Continuing file streaming...
Reading from file stream...
Read 9000 bytes from file
Sent 9000 bytes to client
File streaming in progress - keeping connection alive
Waiting for events on port 8080...
=== GENERATING RESPONSE FOR CLIENT 5 ===
Continuing file streaming...
-----------------RESPONSE--------------
Continuing file streaming...
Reading from file stream...
Read 9000 bytes from file
Sent 9000 bytes to client
File streaming in progress - keeping connection alive
Waiting for events on port 8080...
=== GENERATING RESPONSE FOR CLIENT 5 ===
Continuing file streaming...
-----------------RESPONSE--------------
Continuing file streaming...
Reading from file stream...
Read 9000 bytes from file
Sent 9000 bytes to client
File streaming in progress - keeping connection alive
Waiting for events on port 8080...
=== GENERATING RESPONSE FOR CLIENT 5 ===
Continuing file streaming...
-----------------RESPONSE--------------
Continuing file streaming...
Reading from file stream...
Read 9000 bytes from file
Sent 9000 bytes to client
File streaming in progress - keeping connection alive
Waiting for events on port 8080...
=== GENERATING RESPONSE FOR CLIENT 5 ===
Continuing file streaming...
-----------------RESPONSE--------------
Continuing file streaming...
Reading from file stream...
Read 9000 bytes from file
Sent 9000 bytes to client
File streaming in progress - keeping connection alive
Waiting for events on port 8080...
=== GENERATING RESPONSE FOR CLIENT 5 ===
Continuing file streaming...
-----------------RESPONSE--------------
Continuing file streaming...
Reading from file stream...
Read 9000 bytes from file
Sent 9000 bytes to client
File streaming in progress - keeping connection alive
Waiting for events on port 8080...
=== GENERATING RESPONSE FOR CLIENT 5 ===
Continuing file streaming...
-----------------RESPONSE--------------
Continuing file streaming...
Reading from file stream...
Read 9000 bytes from file
Sent 9000 bytes to client
File streaming in progress - keeping connection alive
Waiting for events on port 8080...
=== GENERATING RESPONSE FOR CLIENT 5 ===
Continuing file streaming...
-----------------RESPONSE--------------
Continuing file streaming...
Reading from file stream...
Read 9000 bytes from file
Sent 9000 bytes to client
File streaming in progress - keeping connection alive
Waiting for events on port 8080...
=== GENERATING RESPONSE FOR CLIENT 5 ===
Continuing file streaming...
-----------------RESPONSE--------------
Continuing file streaming...
Reading from file stream...
Read 9000 bytes from file
Sent 9000 bytes to client
File streaming in progress - keeping connection alive
Waiting for events on port 8080...
=== GENERATING RESPONSE FOR CLIENT 5 ===
Continuing file streaming...
-----------------RESPONSE--------------
Continuing file streaming...
Reading from file stream...
Read 9000 bytes from file
Sent 9000 bytes to client
File streaming in progress - keeping connection alive
Waiting for events on port 8080...
=== GENERATING RESPONSE FOR CLIENT 5 ===
Continuing file streaming...
-----------------RESPONSE--------------
Continuing file streaming...
Reading from file stream...
Read 9000 bytes from file
Sent 9000 bytes to client
File streaming in progress - keeping connection alive
Waiting for events on port 8080...
=== GENERATING RESPONSE FOR CLIENT 5 ===
Continuing file streaming...
-----------------RESPONSE--------------
Continuing file streaming...
Reading from file stream...
Read 9000 bytes from file
Sent 9000 bytes to client
File streaming in progress - keeping connection alive
Waiting for events on port 8080...
=== GENERATING RESPONSE FOR CLIENT 5 ===
Continuing file streaming...
-----------------RESPONSE--------------
Continuing file streaming...
Reading from file stream...
Read 9000 bytes from file
Sent 9000 bytes to client
File streaming in progress - keeping connection alive
Waiting for events on port 8080...
=== GENERATING RESPONSE FOR CLIENT 5 ===
Continuing file streaming...
-----------------RESPONSE--------------
Continuing file streaming...
Reading from file stream...
Read 9000 bytes from file
Sent 9000 bytes to client
File streaming in progress - keeping connection alive
Waiting for events on port 8080...
=== GENERATING RESPONSE FOR CLIENT 5 ===
Continuing file streaming...
-----------------RESPONSE--------------
Continuing file streaming...
Reading from file stream...
Read 9000 bytes from file
Sent 9000 bytes to client
File streaming in progress - keeping connection alive
Waiting for events on port 8080...
=== GENERATING RESPONSE FOR CLIENT 5 ===
Continuing file streaming...
-----------------RESPONSE--------------
Continuing file streaming...
Reading from file stream...
Read 9000 bytes from file
Sent 9000 bytes to client
File streaming in progress - keeping connection alive
Waiting for events on port 8080...
=== GENERATING RESPONSE FOR CLIENT 5 ===
Continuing file streaming...
-----------------RESPONSE--------------
Continuing file streaming...
Reading from file stream...
Read 9000 bytes from file
Sent 9000 bytes to client
File streaming in progress - keeping connection alive
Waiting for events on port 8080...
=== GENERATING RESPONSE FOR CLIENT 5 ===
Continuing file streaming...
-----------------RESPONSE--------------
Continuing file streaming...
Reading from file stream...
Read 9000 bytes from file
Sent 9000 bytes to client
File streaming in progress - keeping connection alive
Waiting for events on port 8080...
=== GENERATING RESPONSE FOR CLIENT 5 ===
Continuing file streaming...
-----------------RESPONSE--------------
Continuing file streaming...
Reading from file stream...
Read 9000 bytes from file
Sent 9000 bytes to client
File streaming in progress - keeping connection alive
Waiting for events on port 8080...
=== GENERATING RESPONSE FOR CLIENT 5 ===
Continuing file streaming...
-----------------RESPONSE--------------
Continuing file streaming...
Reading from file stream...
Read 9000 bytes from file
Sent 9000 bytes to client
File streaming in progress - keeping connection alive
Waiting for events on port 8080...
=== GENERATING RESPONSE FOR CLIENT 5 ===
Continuing file streaming...
-----------------RESPONSE--------------
Continuing file streaming...
Reading from file stream...
Read 9000 bytes from file
Sent 9000 bytes to client
File streaming in progress - keeping connection alive
Waiting for events on port 8080...
=== GENERATING RESPONSE FOR CLIENT 5 ===
Continuing file streaming...
-----------------RESPONSE--------------
Continuing file streaming...
Reading from file stream...
Read 9000 bytes from file
Sent 9000 bytes to client
File streaming in progress - keeping connection alive
Waiting for events on port 8080...
=== GENERATING RESPONSE FOR CLIENT 5 ===
Continuing file streaming...
-----------------RESPONSE--------------
Continuing file streaming...
Reading from file stream...
Read 9000 bytes from file
Sent 9000 bytes to client
File streaming in progress - keeping connection alive
Waiting for events on port 8080...
=== GENERATING RESPONSE FOR CLIENT 5 ===
Continuing file streaming...
-----------------RESPONSE--------------
Continuing file streaming...
Reading from file stream...
Read 9000 bytes from file
Sent 9000 bytes to client
File streaming in progress - keeping connection alive
Waiting for events on port 8080...
=== GENERATING RESPONSE FOR CLIENT 5 ===
Continuing file streaming...
-----------------RESPONSE--------------
Continuing file streaming...
Reading from file stream...
Read 9000 bytes from file
Sent 9000 bytes to client
File streaming in progress - keeping connection alive
Waiting for events on port 8080...
=== GENERATING RESPONSE FOR CLIENT 5 ===
Continuing file streaming...
-----------------RESPONSE--------------
Continuing file streaming...
Reading from file stream...
Read 9000 bytes from file
Sent 9000 bytes to client
File streaming in progress - keeping connection alive
Waiting for events on port 8080...
=== GENERATING RESPONSE FOR CLIENT 5 ===
Continuing file streaming...
-----------------RESPONSE--------------
Continuing file streaming...
Reading from file stream...
Read 9000 bytes from file
Sent 9000 bytes to client
File streaming in progress - keeping connection alive
Waiting for events on port 8080...
=== GENERATING RESPONSE FOR CLIENT 5 ===
Continuing file streaming...
-----------------RESPONSE--------------
Continuing file streaming...
Reading from file stream...
Read 9000 bytes from file
Sent 9000 bytes to client
File streaming in progress - keeping connection alive
Waiting for events on port 8080...
=== GENERATING RESPONSE FOR CLIENT 5 ===
Continuing file streaming...
-----------------RESPONSE--------------
Continuing file streaming...
Reading from file stream...
Read 9000 bytes from file
Sent 9000 bytes to client
File streaming in progress - keeping connection alive
Waiting for events on port 8080...
=== GENERATING RESPONSE FOR CLIENT 5 ===
Continuing file streaming...
-----------------RESPONSE--------------
Continuing file streaming...
Reading from file stream...
Read 9000 bytes from file
Sent 9000 bytes to client
File streaming in progress - keeping connection alive
Waiting for events on port 8080...
=== GENERATING RESPONSE FOR CLIENT 5 ===
Continuing file streaming...
-----------------RESPONSE--------------
Continuing file streaming...
Reading from file stream...
Read 9000 bytes from file
Sent 9000 bytes to client
File streaming in progress - keeping connection alive
Waiting for events on port 8080...
=== GENERATING RESPONSE FOR CLIENT 5 ===
Continuing file streaming...
-----------------RESPONSE--------------
Continuing file streaming...
Reading from file stream...
Read 9000 bytes from file
Sent 9000 bytes to client
File streaming in progress - keeping connection alive
Waiting for events on port 8080...
=== GENERATING RESPONSE FOR CLIENT 5 ===
Continuing file streaming...
-----------------RESPONSE--------------
Continuing file streaming...
Reading from file stream...
Read 9000 bytes from file
Sent 9000 bytes to client
File streaming in progress - keeping connection alive
Waiting for events on port 8080...
=== GENERATING RESPONSE FOR CLIENT 5 ===
Continuing file streaming...
-----------------RESPONSE--------------
Continuing file streaming...
Reading from file stream...
Read 9000 bytes from file
Sent 9000 bytes to client
File streaming in progress - keeping connection alive
Waiting for events on port 8080...
=== GENERATING RESPONSE FOR CLIENT 5 ===
Continuing file streaming...
-----------------RESPONSE--------------
Continuing file streaming...
Reading from file stream...
Read 9000 bytes from file
Sent 9000 bytes to client
File streaming in progress - keeping connection alive
Waiting for events on port 8080...
=== GENERATING RESPONSE FOR CLIENT 5 ===
Continuing file streaming...
-----------------RESPONSE--------------
Continuing file streaming...
Reading from file stream...
Read 9000 bytes from file
Sent 9000 bytes to client
File streaming in progress - keeping connection alive
Waiting for events on port 8080...
=== GENERATING RESPONSE FOR CLIENT 5 ===
Continuing file streaming...
-----------------RESPONSE--------------
Continuing file streaming...
Reading from file stream...
Read 9000 bytes from file
Sent 9000 bytes to client
File streaming in progress - keeping connection alive
Waiting for events on port 8080...
=== GENERATING RESPONSE FOR CLIENT 5 ===
Continuing file streaming...
-----------------RESPONSE--------------
Continuing file streaming...
Reading from file stream...
Read 9000 bytes from file
Sent 9000 bytes to client
File streaming in progress - keeping connection alive
Waiting for events on port 8080...
=== GENERATING RESPONSE FOR CLIENT 5 ===
Continuing file streaming...
-----------------RESPONSE--------------
Continuing file streaming...
Reading from file stream...
Read 9000 bytes from file
Sent 9000 bytes to client
File streaming in progress - keeping connection alive
Waiting for events on port 8080...
=== GENERATING RESPONSE FOR CLIENT 5 ===
Continuing file streaming...
-----------------RESPONSE--------------
Continuing file streaming...
Reading from file stream...
Read 9000 bytes from file
Sent 9000 bytes to client
File streaming in progress - keeping connection alive
Waiting for events on port 8080...
=== GENERATING RESPONSE FOR CLIENT 5 ===
Continuing file streaming...
-----------------RESPONSE--------------
Continuing file streaming...
Reading from file stream...
Read 9000 bytes from file
Sent 9000 bytes to client
File streaming in progress - keeping connection alive
Waiting for events on port 8080...
=== GENERATING RESPONSE FOR CLIENT 5 ===
Continuing file streaming...
-----------------RESPONSE--------------
Continuing file streaming...
Reading from file stream...
Read 9000 bytes from file
Sent 9000 bytes to client
File streaming in progress - keeping connection alive
Waiting for events on port 8080...
=== GENERATING RESPONSE FOR CLIENT 5 ===
Continuing file streaming...
-----------------RESPONSE--------------
Continuing file streaming...
Reading from file stream...
Read 9000 bytes from file
Sent 9000 bytes to client
File streaming in progress - keeping connection alive
Waiting for events on port 8080...
=== GENERATING RESPONSE FOR CLIENT 5 ===
Continuing file streaming...
-----------------RESPONSE--------------
Continuing file streaming...
Reading from file stream...
Read 9000 bytes from file
Sent 9000 bytes to client
File streaming in progress - keeping connection alive
Waiting for events on port 8080...
=== GENERATING RESPONSE FOR CLIENT 5 ===
Continuing file streaming...
-----------------RESPONSE--------------
Continuing file streaming...
Reading from file stream...
Read 9000 bytes from file
Sent 9000 bytes to client
File streaming in progress - keeping connection alive
Waiting for events on port 8080...
=== GENERATING RESPONSE FOR CLIENT 5 ===
Continuing file streaming...
-----------------RESPONSE--------------
Continuing file streaming...
Reading from file stream...
Read 9000 bytes from file
Sent 9000 bytes to client
File streaming in progress - keeping connection alive
Waiting for events on port 8080...
=== GENERATING RESPONSE FOR CLIENT 5 ===
Continuing file streaming...
-----------------RESPONSE--------------
Continuing file streaming...
Reading from file stream...
Read 9000 bytes from file
Sent 9000 bytes to client
File streaming in progress - keeping connection alive
Waiting for events on port 8080...
=== GENERATING RESPONSE FOR CLIENT 5 ===
Continuing file streaming...
-----------------RESPONSE--------------
Continuing file streaming...
Reading from file stream...
Read 9000 bytes from file
Sent 9000 bytes to client
File streaming in progress - keeping connection alive
Waiting for events on port 8080...
=== GENERATING RESPONSE FOR CLIENT 5 ===
Continuing file streaming...
-----------------RESPONSE--------------
Continuing file streaming...
Reading from file stream...
Read 9000 bytes from file
Sent 9000 bytes to client
File streaming in progress - keeping connection alive
Waiting for events on port 8080...
=== GENERATING RESPONSE FOR CLIENT 5 ===
Continuing file streaming...
-----------------RESPONSE--------------
Continuing file streaming...
Reading from file stream...
Read 9000 bytes from file
Sent 9000 bytes to client
File streaming in progress - keeping connection alive
Waiting for events on port 8080...
=== GENERATING RESPONSE FOR CLIENT 5 ===
Continuing file streaming...
-----------------RESPONSE--------------
Continuing file streaming...
Reading from file stream...
Read 9000 bytes from file
Sent 9000 bytes to client
File streaming in progress - keeping connection alive
Waiting for events on port 8080...
=== GENERATING RESPONSE FOR CLIENT 5 ===
Continuing file streaming...
-----------------RESPONSE--------------
Continuing file streaming...
Reading from file stream...
Read 9000 bytes from file
Sent 9000 bytes to client
File streaming in progress - keeping connection alive
Waiting for events on port 8080...
=== GENERATING RESPONSE FOR CLIENT 5 ===
Continuing file streaming...
-----------------RESPONSE--------------
Continuing file streaming...
Reading from file stream...
Read 9000 bytes from file
Sent 9000 bytes to client
File streaming in progress - keeping connection alive
Waiting for events on port 8080...
=== GENERATING RESPONSE FOR CLIENT 5 ===
Continuing file streaming...
-----------------RESPONSE--------------
Continuing file streaming...
Reading from file stream...
Read 9000 bytes from file
Sent 9000 bytes to client
File streaming in progress - keeping connection alive
Waiting for events on port 8080...
=== GENERATING RESPONSE FOR CLIENT 5 ===
Continuing file streaming...
-----------------RESPONSE--------------
Continuing file streaming...
Reading from file stream...
Read 9000 bytes from file
Sent 9000 bytes to client
File streaming in progress - keeping connection alive
Waiting for events on port 8080...
=== GENERATING RESPONSE FOR CLIENT 5 ===
Continuing file streaming...
-----------------RESPONSE--------------
Continuing file streaming...
Reading from file stream...
Read 9000 bytes from file
Sent 9000 bytes to client
File streaming in progress - keeping connection alive
Waiting for events on port 8080...
=== GENERATING RESPONSE FOR CLIENT 5 ===
Continuing file streaming...
-----------------RESPONSE--------------
Continuing file streaming...
Reading from file stream...
Read 9000 bytes from file
Sent 9000 bytes to client
File streaming in progress - keeping connection alive
Waiting for events on port 8080...
=== GENERATING RESPONSE FOR CLIENT 5 ===
Continuing file streaming...
-----------------RESPONSE--------------
Continuing file streaming...
Reading from file stream...
Read 9000 bytes from file
Sent 9000 bytes to client
File streaming in progress - keeping connection alive
Waiting for events on port 8080...
=== GENERATING RESPONSE FOR CLIENT 5 ===
Continuing file streaming...
-----------------RESPONSE--------------
Continuing file streaming...
Reading from file stream...
Read 9000 bytes from file
Sent 9000 bytes to client
File streaming in progress - keeping connection alive
Waiting for events on port 8080...
=== GENERATING RESPONSE FOR CLIENT 5 ===
Continuing file streaming...
-----------------RESPONSE--------------
Continuing file streaming...
Reading from file stream...
Read 9000 bytes from file
Sent 9000 bytes to client
File streaming in progress - keeping connection alive
Waiting for events on port 8080...
=== GENERATING RESPONSE FOR CLIENT 5 ===
Continuing file streaming...
-----------------RESPONSE--------------
Continuing file streaming...
Reading from file stream...
Read 9000 bytes from file
Sent 9000 bytes to client
File streaming in progress - keeping connection alive
Waiting for events on port 8080...
=== GENERATING RESPONSE FOR CLIENT 5 ===
Continuing file streaming...
-----------------RESPONSE--------------
Continuing file streaming...
Reading from file stream...
Read 9000 bytes from file
Sent 9000 bytes to client
File streaming in progress - keeping connection alive
Waiting for events on port 8080...
=== GENERATING RESPONSE FOR CLIENT 5 ===
Continuing file streaming...
-----------------RESPONSE--------------
Continuing file streaming...
Reading from file stream...
Read 9000 bytes from file
Sent 9000 bytes to client
File streaming in progress - keeping connection alive
Waiting for events on port 8080...
=== GENERATING RESPONSE FOR CLIENT 5 ===
Continuing file streaming...
-----------------RESPONSE--------------
Continuing file streaming...
Reading from file stream...
Read 9000 bytes from file
Sent 9000 bytes to client
File streaming in progress - keeping connection alive
Waiting for events on port 8080...
=== GENERATING RESPONSE FOR CLIENT 5 ===
Continuing file streaming...
-----------------RESPONSE--------------
Continuing file streaming...
Reading from file stream...
Read 9000 bytes from file
Sent 9000 bytes to client
File streaming in progress - keeping connection alive
Waiting for events on port 8080...
=== GENERATING RESPONSE FOR CLIENT 5 ===
Continuing file streaming...
-----------------RESPONSE--------------
Continuing file streaming...
Reading from file stream...
Read 9000 bytes from file
Sent 9000 bytes to client
File streaming in progress - keeping connection alive
Waiting for events on port 8080...
=== GENERATING RESPONSE FOR CLIENT 5 ===
Continuing file streaming...
-----------------RESPONSE--------------
Continuing file streaming...
Reading from file stream...
Read 9000 bytes from file
Sent 9000 bytes to client
File streaming in progress - keeping connection alive
Waiting for events on port 8080...
=== GENERATING RESPONSE FOR CLIENT 5 ===
Continuing file streaming...
-----------------RESPONSE--------------
Continuing file streaming...
Reading from file stream...
Read 9000 bytes from file
Sent 9000 bytes to client
File streaming in progress - keeping connection alive
Waiting for events on port 8080...
=== GENERATING RESPONSE FOR CLIENT 5 ===
Continuing file streaming...
-----------------RESPONSE--------------
Continuing file streaming...
Reading from file stream...
Read 9000 bytes from file
Sent 9000 bytes to client
File streaming in progress - keeping connection alive
Waiting for events on port 8080...
=== GENERATING RESPONSE FOR CLIENT 5 ===
Continuing file streaming...
-----------------RESPONSE--------------
Continuing file streaming...
Reading from file stream...
Read 9000 bytes from file
Sent 9000 bytes to client
File streaming in progress - keeping connection alive
Waiting for events on port 8080...
=== GENERATING RESPONSE FOR CLIENT 5 ===
Continuing file streaming...
-----------------RESPONSE--------------
Continuing file streaming...
Reading from file stream...
Read 9000 bytes from file
Sent 9000 bytes to client
File streaming in progress - keeping connection alive
Waiting for events on port 8080...
=== GENERATING RESPONSE FOR CLIENT 5 ===
Continuing file streaming...
-----------------RESPONSE--------------
Continuing file streaming...
Reading from file stream...
Read 9000 bytes from file
Sent 9000 bytes to client
File streaming in progress - keeping connection alive
Waiting for events on port 8080...
=== GENERATING RESPONSE FOR CLIENT 5 ===
Continuing file streaming...
-----------------RESPONSE--------------
Continuing file streaming...
Reading from file stream...
Read 9000 bytes from file
Sent 9000 bytes to client
File streaming in progress - keeping connection alive
Waiting for events on port 8080...
=== GENERATING RESPONSE FOR CLIENT 5 ===
Continuing file streaming...
-----------------RESPONSE--------------
Continuing file streaming...
Reading from file stream...
Read 9000 bytes from file
Sent 9000 bytes to client
File streaming in progress - keeping connection alive
Waiting for events on port 8080...
=== GENERATING RESPONSE FOR CLIENT 5 ===
Continuing file streaming...
-----------------RESPONSE--------------
Continuing file streaming...
Reading from file stream...
Read 9000 bytes from file
Sent 9000 bytes to client
File streaming in progress - keeping connection alive
Waiting for events on port 8080...
=== GENERATING RESPONSE FOR CLIENT 5 ===
Continuing file streaming...
-----------------RESPONSE--------------
Continuing file streaming...
Reading from file stream...
Read 9000 bytes from file
Sent 9000 bytes to client
File streaming in progress - keeping connection alive
Waiting for events on port 8080...
=== GENERATING RESPONSE FOR CLIENT 5 ===
Continuing file streaming...
-----------------RESPONSE--------------
Continuing file streaming...
Reading from file stream...
Read 9000 bytes from file
Sent 9000 bytes to client
File streaming in progress - keeping connection alive
Waiting for events on port 8080...
=== GENERATING RESPONSE FOR CLIENT 5 ===
Continuing file streaming...
-----------------RESPONSE--------------
Continuing file streaming...
Reading from file stream...
Read 9000 bytes from file
Sent 9000 bytes to client
File streaming in progress - keeping connection alive
Waiting for events on port 8080...
=== GENERATING RESPONSE FOR CLIENT 5 ===
Continuing file streaming...
-----------------RESPONSE--------------
Continuing file streaming...
Reading from file stream...
Read 9000 bytes from file
Sent 9000 bytes to client
File streaming in progress - keeping connection alive
Waiting for events on port 8080...
=== GENERATING RESPONSE FOR CLIENT 5 ===
Continuing file streaming...
-----------------RESPONSE--------------
Continuing file streaming...
Reading from file stream...
Read 9000 bytes from file
Sent 9000 bytes to client
File streaming in progress - keeping connection alive
Waiting for events on port 8080...
=== GENERATING RESPONSE FOR CLIENT 5 ===
Continuing file streaming...
-----------------RESPONSE--------------
Continuing file streaming...
Reading from file stream...
Read 9000 bytes from file
Sent 9000 bytes to client
File streaming in progress - keeping connection alive
Waiting for events on port 8080...
=== GENERATING RESPONSE FOR CLIENT 5 ===
Continuing file streaming...
-----------------RESPONSE--------------
Continuing file streaming...
Reading from file stream...
Read 9000 bytes from file
Sent 9000 bytes to client
File streaming in progress - keeping connection alive
Waiting for events on port 8080...
=== GENERATING RESPONSE FOR CLIENT 5 ===
Continuing file streaming...
-----------------RESPONSE--------------
Continuing file streaming...
Reading from file stream...
Read 9000 bytes from file
Sent 9000 bytes to client
File streaming in progress - keeping connection alive
Waiting for events on port 8080...
=== GENERATING RESPONSE FOR CLIENT 5 ===
Continuing file streaming...
-----------------RESPONSE--------------
Continuing file streaming...
Reading from file stream...
Read 9000 bytes from file
Sent 9000 bytes to client
File streaming in progress - keeping connection alive
Waiting for events on port 8080...
=== GENERATING RESPONSE FOR CLIENT 5 ===
Continuing file streaming...
-----------------RESPONSE--------------
Continuing file streaming...
Reading from file stream...
Read 9000 bytes from file
Sent 9000 bytes to client
File streaming in progress - keeping connection alive
Waiting for events on port 8080...
=== GENERATING RESPONSE FOR CLIENT 5 ===
Continuing file streaming...
-----------------RESPONSE--------------
Continuing file streaming...
Reading from file stream...
Read 9000 bytes from file
Sent 9000 bytes to client
File streaming in progress - keeping connection alive
Waiting for events on port 8080...
=== GENERATING RESPONSE FOR CLIENT 5 ===
Continuing file streaming...
-----------------RESPONSE--------------
Continuing file streaming...
Reading from file stream...
Read 9000 bytes from file
Sent 9000 bytes to client
File streaming in progress - keeping connection alive
Waiting for events on port 8080...
=== GENERATING RESPONSE FOR CLIENT 5 ===
Continuing file streaming...
-----------------RESPONSE--------------
Continuing file streaming...
Reading from file stream...
Read 9000 bytes from file
Sent 9000 bytes to client
File streaming in progress - keeping connection alive
Waiting for events on port 8080...
=== GENERATING RESPONSE FOR CLIENT 5 ===
Continuing file streaming...
-----------------RESPONSE--------------
Continuing file streaming...
Reading from file stream...
Read 9000 bytes from file
Sent 9000 bytes to client
File streaming in progress - keeping connection alive
Waiting for events on port 8080...
=== GENERATING RESPONSE FOR CLIENT 5 ===
Continuing file streaming...
-----------------RESPONSE--------------
Continuing file streaming...
Reading from file stream...
Read 9000 bytes from file
Sent 9000 bytes to client
File streaming in progress - keeping connection alive
Waiting for events on port 8080...
=== GENERATING RESPONSE FOR CLIENT 5 ===
Continuing file streaming...
-----------------RESPONSE--------------
Continuing file streaming...
Reading from file stream...
Read 9000 bytes from file
Sent 9000 bytes to client
File streaming in progress - keeping connection alive
Waiting for events on port 8080...
=== GENERATING RESPONSE FOR CLIENT 5 ===
Continuing file streaming...
-----------------RESPONSE--------------
Continuing file streaming...
Reading from file stream...
Read 9000 bytes from file
Sent 9000 bytes to client
File streaming in progress - keeping connection alive
Waiting for events on port 8080...
=== GENERATING RESPONSE FOR CLIENT 5 ===
Continuing file streaming...
-----------------RESPONSE--------------
Continuing file streaming...
Reading from file stream...
Read 9000 bytes from file
Sent 9000 bytes to client
File streaming in progress - keeping connection alive
Waiting for events on port 8080...
=== GENERATING RESPONSE FOR CLIENT 5 ===
Continuing file streaming...
-----------------RESPONSE--------------
Continuing file streaming...
Reading from file stream...
Read 9000 bytes from file
Sent 9000 bytes to client
File streaming in progress - keeping connection alive
Waiting for events on port 8080...
=== GENERATING RESPONSE FOR CLIENT 5 ===
Continuing file streaming...
-----------------RESPONSE--------------
Continuing file streaming...
Reading from file stream...
Read 9000 bytes from file
Sent 9000 bytes to client
File streaming in progress - keeping connection alive
Waiting for events on port 8080...
=== GENERATING RESPONSE FOR CLIENT 5 ===
Continuing file streaming...
-----------------RESPONSE--------------
Continuing file streaming...
Reading from file stream...
Read 9000 bytes from file
Sent 9000 bytes to client
File streaming in progress - keeping connection alive
Waiting for events on port 8080...
=== GENERATING RESPONSE FOR CLIENT 5 ===
Continuing file streaming...
-----------------RESPONSE--------------
Continuing file streaming...
Reading from file stream...
Read 9000 bytes from file
Sent 9000 bytes to client
File streaming in progress - keeping connection alive
Waiting for events on port 8080...
=== GENERATING RESPONSE FOR CLIENT 5 ===
Continuing file streaming...
-----------------RESPONSE--------------
Continuing file streaming...
Reading from file stream...
Read 9000 bytes from file
Sent 9000 bytes to client
File streaming in progress - keeping connection alive
Waiting for events on port 8080...
=== GENERATING RESPONSE FOR CLIENT 5 ===
Continuing file streaming...
-----------------RESPONSE--------------
Continuing file streaming...
Reading from file stream...
Read 9000 bytes from file
Sent 9000 bytes to client
File streaming in progress - keeping connection alive
Waiting for events on port 8080...
=== GENERATING RESPONSE FOR CLIENT 5 ===
Continuing file streaming...
-----------------RESPONSE--------------
Continuing file streaming...
Reading from file stream...
Read 9000 bytes from file
Sent 9000 bytes to client
File streaming in progress - keeping connection alive
Waiting for events on port 8080...
=== GENERATING RESPONSE FOR CLIENT 5 ===
Continuing file streaming...
-----------------RESPONSE--------------
Continuing file streaming...
Reading from file stream...
Read 9000 bytes from file
Sent 9000 bytes to client
File streaming in progress - keeping connection alive
Waiting for events on port 8080...
=== GENERATING RESPONSE FOR CLIENT 5 ===
Continuing file streaming...
-----------------RESPONSE--------------
Continuing file streaming...
Reading from file stream...
Read 9000 bytes from file
Sent 9000 bytes to client
File streaming in progress - keeping connection alive
Waiting for events on port 8080...
=== GENERATING RESPONSE FOR CLIENT 5 ===
Continuing file streaming...
-----------------RESPONSE--------------
Continuing file streaming...
Reading from file stream...
Read 9000 bytes from file
Sent 9000 bytes to client
File streaming in progress - keeping connection alive
Waiting for events on port 8080...
=== GENERATING RESPONSE FOR CLIENT 5 ===
Continuing file streaming...
-----------------RESPONSE--------------
Continuing file streaming...
Reading from file stream...
Read 9000 bytes from file
Sent 9000 bytes to client
File streaming in progress - keeping connection alive
Waiting for events on port 8080...
=== GENERATING RESPONSE FOR CLIENT 5 ===
Continuing file streaming...
-----------------RESPONSE--------------
Continuing file streaming...
Reading from file stream...
Read 9000 bytes from file
Sent 9000 bytes to client
File streaming in progress - keeping connection alive
Waiting for events on port 8080...
=== GENERATING RESPONSE FOR CLIENT 5 ===
Continuing file streaming...
-----------------RESPONSE--------------
Continuing file streaming...
Reading from file stream...
Read 9000 bytes from file
Sent 9000 bytes to client
File streaming in progress - keeping connection alive
Waiting for events on port 8080...
=== GENERATING RESPONSE FOR CLIENT 5 ===
Continuing file streaming...
-----------------RESPONSE--------------
Continuing file streaming...
Reading from file stream...
Read 9000 bytes from file
Sent 9000 bytes to client
File streaming in progress - keeping connection alive
Waiting for events on port 8080...
=== GENERATING RESPONSE FOR CLIENT 5 ===
Continuing file streaming...
-----------------RESPONSE--------------
Continuing file streaming...
Reading from file stream...
Read 9000 bytes from file
Sent 9000 bytes to client
File streaming in progress - keeping connection alive
Waiting for events on port 8080...
=== GENERATING RESPONSE FOR CLIENT 5 ===
Continuing file streaming...
-----------------RESPONSE--------------
Continuing file streaming...
Reading from file stream...
Read 9000 bytes from file
Sent 9000 bytes to client
File streaming in progress - keeping connection alive
Waiting for events on port 8080...
=== GENERATING RESPONSE FOR CLIENT 5 ===
Continuing file streaming...
-----------------RESPONSE--------------
Continuing file streaming...
Reading from file stream...
Read 9000 bytes from file
Sent 9000 bytes to client
File streaming in progress - keeping connection alive
Waiting for events on port 8080...
=== GENERATING RESPONSE FOR CLIENT 5 ===
Continuing file streaming...
-----------------RESPONSE--------------
Continuing file streaming...
Reading from file stream...
Read 9000 bytes from file
Sent 9000 bytes to client
File streaming in progress - keeping connection alive
Waiting for events on port 8080...
=== GENERATING RESPONSE FOR CLIENT 5 ===
Continuing file streaming...
-----------------RESPONSE--------------
Continuing file streaming...
Reading from file stream...
Read 9000 bytes from file
Sent 9000 bytes to client
File streaming in progress - keeping connection alive
Waiting for events on port 8080...
=== GENERATING RESPONSE FOR CLIENT 5 ===
Continuing file streaming...
-----------------RESPONSE--------------
Continuing file streaming...
Reading from file stream...
Read 9000 bytes from file
Sent 9000 bytes to client
File streaming in progress - keeping connection alive
Waiting for events on port 8080...
=== GENERATING RESPONSE FOR CLIENT 5 ===
Continuing file streaming...
-----------------RESPONSE--------------
Continuing file streaming...
Reading from file stream...
Read 9000 bytes from file
Sent 9000 bytes to client
File streaming in progress - keeping connection alive
Waiting for events on port 8080...
=== GENERATING RESPONSE FOR CLIENT 5 ===
Continuing file streaming...
-----------------RESPONSE--------------
Continuing file streaming...
Reading from file stream...
Read 9000 bytes from file
Sent 9000 bytes to client
File streaming in progress - keeping connection alive
Waiting for events on port 8080...
=== GENERATING RESPONSE FOR CLIENT 5 ===
Continuing file streaming...
-----------------RESPONSE--------------
Continuing file streaming...
Reading from file stream...
Read 9000 bytes from file
Sent 9000 bytes to client
File streaming in progress - keeping connection alive
Waiting for events on port 8080...
=== GENERATING RESPONSE FOR CLIENT 5 ===
Continuing file streaming...
-----------------RESPONSE--------------
Continuing file streaming...
Reading from file stream...
Read 9000 bytes from file
Sent 9000 bytes to client
File streaming in progress - keeping connection alive
Waiting for events on port 8080...
=== GENERATING RESPONSE FOR CLIENT 5 ===
Continuing file streaming...
-----------------RESPONSE--------------
Continuing file streaming...
Reading from file stream...
Read 9000 bytes from file
Sent 9000 bytes to client
File streaming in progress - keeping connection alive
Waiting for events on port 8080...
=== GENERATING RESPONSE FOR CLIENT 5 ===
Continuing file streaming...
-----------------RESPONSE--------------
Continuing file streaming...
Reading from file stream...
Read 9000 bytes from file
Sent 9000 bytes to client
File streaming in progress - keeping connection alive
Waiting for events on port 8080...
=== GENERATING RESPONSE FOR CLIENT 5 ===
Continuing file streaming...
-----------------RESPONSE--------------
Continuing file streaming...
Reading from file stream...
Read 9000 bytes from file
Sent 9000 bytes to client
File streaming in progress - keeping connection alive
Waiting for events on port 8080...
=== GENERATING RESPONSE FOR CLIENT 5 ===
Continuing file streaming...
-----------------RESPONSE--------------
Continuing file streaming...
Reading from file stream...
Read 9000 bytes from file
Sent 9000 bytes to client
File streaming in progress - keeping connection alive
Waiting for events on port 8080...
=== GENERATING RESPONSE FOR CLIENT 5 ===
Continuing file streaming...
-----------------RESPONSE--------------
Continuing file streaming...
Reading from file stream...
Read 9000 bytes from file
Sent 9000 bytes to client
File streaming in progress - keeping connection alive
Waiting for events on port 8080...
=== GENERATING RESPONSE FOR CLIENT 5 ===
Continuing file streaming...
-----------------RESPONSE--------------
Continuing file streaming...
Reading from file stream...
Read 9000 bytes from file
Sent 9000 bytes to client
File streaming in progress - keeping connection alive
Waiting for events on port 8080...
=== GENERATING RESPONSE FOR CLIENT 5 ===
Continuing file streaming...
-----------------RESPONSE--------------
Continuing file streaming...
Reading from file stream...
Read 9000 bytes from file
Sent 9000 bytes to client
File streaming in progress - keeping connection alive
Waiting for events on port 8080...
=== GENERATING RESPONSE FOR CLIENT 5 ===
Continuing file streaming...
-----------------RESPONSE--------------
Continuing file streaming...
Reading from file stream...
Read 9000 bytes from file
Sent 9000 bytes to client
File streaming in progress - keeping connection alive
Waiting for events on port 8080...
=== GENERATING RESPONSE FOR CLIENT 5 ===
Continuing file streaming...
-----------------RESPONSE--------------
Continuing file streaming...
Reading from file stream...
Read 9000 bytes from file
Sent 9000 bytes to client
File streaming in progress - keeping connection alive
Waiting for events on port 8080...
=== GENERATING RESPONSE FOR CLIENT 5 ===
Continuing file streaming...
-----------------RESPONSE--------------
Continuing file streaming...
Reading from file stream...
Read 9000 bytes from file
Sent 9000 bytes to client
File streaming in progress - keeping connection alive
Waiting for events on port 8080...
=== GENERATING RESPONSE FOR CLIENT 5 ===
Continuing file streaming...
-----------------RESPONSE--------------
Continuing file streaming...
Reading from file stream...
Read 9000 bytes from file
Sent 9000 bytes to client
File streaming in progress - keeping connection alive
Waiting for events on port 8080...
=== GENERATING RESPONSE FOR CLIENT 5 ===
Continuing file streaming...
-----------------RESPONSE--------------
Continuing file streaming...
Reading from file stream...
Read 9000 bytes from file
Sent 9000 bytes to client
File streaming in progress - keeping connection alive
Waiting for events on port 8080...
=== GENERATING RESPONSE FOR CLIENT 5 ===
Continuing file streaming...
-----------------RESPONSE--------------
Continuing file streaming...
Reading from file stream...
Read 9000 bytes from file
Sent 9000 bytes to client
File streaming in progress - keeping connection alive
Waiting for events on port 8080...
=== GENERATING RESPONSE FOR CLIENT 5 ===
Continuing file streaming...
-----------------RESPONSE--------------
Continuing file streaming...
Reading from file stream...
Read 9000 bytes from file
Sent 9000 bytes to client
File streaming in progress - keeping connection alive
Waiting for events on port 8080...
=== GENERATING RESPONSE FOR CLIENT 5 ===
Continuing file streaming...
-----------------RESPONSE--------------
Continuing file streaming...
Reading from file stream...
Read 9000 bytes from file
Sent 9000 bytes to client
File streaming in progress - keeping connection alive
Waiting for events on port 8080...
=== GENERATING RESPONSE FOR CLIENT 5 ===
Continuing file streaming...
-----------------RESPONSE--------------
Continuing file streaming...
Reading from file stream...
Read 9000 bytes from file
Sent 9000 bytes to client
File streaming in progress - keeping connection alive
Waiting for events on port 8080...
=== GENERATING RESPONSE FOR CLIENT 5 ===
Continuing file streaming...
-----------------RESPONSE--------------
Continuing file streaming...
Reading from file stream...
Read 9000 bytes from file
Sent 9000 bytes to client
File streaming in progress - keeping connection alive
Waiting for events on port 8080...
=== GENERATING RESPONSE FOR CLIENT 5 ===
Continuing file streaming...
-----------------RESPONSE--------------
Continuing file streaming...
Reading from file stream...
Read 9000 bytes from file
Sent 9000 bytes to client
File streaming in progress - keeping connection alive
Waiting for events on port 8080...
=== GENERATING RESPONSE FOR CLIENT 5 ===
Continuing file streaming...
-----------------RESPONSE--------------
Continuing file streaming...
Reading from file stream...
Read 9000 bytes from file
Sent 9000 bytes to client
File streaming in progress - keeping connection alive
Waiting for events on port 8080...
=== GENERATING RESPONSE FOR CLIENT 5 ===
Continuing file streaming...
-----------------RESPONSE--------------
Continuing file streaming...
Reading from file stream...
Read 9000 bytes from file
Sent 9000 bytes to client
File streaming in progress - keeping connection alive
Waiting for events on port 8080...
=== GENERATING RESPONSE FOR CLIENT 5 ===
Continuing file streaming...
-----------------RESPONSE--------------
Continuing file streaming...
Reading from file stream...
Read 9000 bytes from file
Sent 9000 bytes to client
File streaming in progress - keeping connection alive
Waiting for events on port 8080...
=== GENERATING RESPONSE FOR CLIENT 5 ===
Continuing file streaming...
-----------------RESPONSE--------------
Continuing file streaming...
Reading from file stream...
Read 9000 bytes from file
Sent 9000 bytes to client
File streaming in progress - keeping connection alive
Waiting for events on port 8080...
=== GENERATING RESPONSE FOR CLIENT 5 ===
Continuing file streaming...
-----------------RESPONSE--------------
Continuing file streaming...
Reading from file stream...
Read 9000 bytes from file
Sent 9000 bytes to client
File streaming in progress - keeping connection alive
Waiting for events on port 8080...
=== GENERATING RESPONSE FOR CLIENT 5 ===
Continuing file streaming...
-----------------RESPONSE--------------
Continuing file streaming...
Reading from file stream...
Read 9000 bytes from file
Sent 9000 bytes to client
File streaming in progress - keeping connection alive
Waiting for events on port 8080...
=== GENERATING RESPONSE FOR CLIENT 5 ===
Continuing file streaming...
-----------------RESPONSE--------------
Continuing file streaming...
Reading from file stream...
Read 9000 bytes from file
Sent 9000 bytes to client
File streaming in progress - keeping connection alive
Waiting for events on port 8080...
=== GENERATING RESPONSE FOR CLIENT 5 ===
Continuing file streaming...
-----------------RESPONSE--------------
Continuing file streaming...
Reading from file stream...
Read 9000 bytes from file
Sent 9000 bytes to client
File streaming in progress - keeping connection alive
Waiting for events on port 8080...
=== GENERATING RESPONSE FOR CLIENT 5 ===
Continuing file streaming...
-----------------RESPONSE--------------
Continuing file streaming...
Reading from file stream...
Read 9000 bytes from file
Sent 9000 bytes to client
File streaming in progress - keeping connection alive
Waiting for events on port 8080...
=== GENERATING RESPONSE FOR CLIENT 5 ===
Continuing file streaming...
-----------------RESPONSE--------------
Continuing file streaming...
Reading from file stream...
Read 9000 bytes from file
Sent 9000 bytes to client
File streaming in progress - keeping connection alive
Waiting for events on port 8080...
=== GENERATING RESPONSE FOR CLIENT 5 ===
Continuing file streaming...
-----------------RESPONSE--------------
Continuing file streaming...
Reading from file stream...
Read 9000 bytes from file
Sent 9000 bytes to client
File streaming in progress - keeping connection alive
Waiting for events on port 8080...
=== GENERATING RESPONSE FOR CLIENT 5 ===
Continuing file streaming...
-----------------RESPONSE--------------
Continuing file streaming...
Reading from file stream...
Read 9000 bytes from file
Sent 9000 bytes to client
File streaming in progress - keeping connection alive
Waiting for events on port 8080...
=== GENERATING RESPONSE FOR CLIENT 5 ===
Continuing file streaming...
-----------------RESPONSE--------------
Continuing file streaming...
Reading from file stream...
Read 9000 bytes from file
Sent 9000 bytes to client
File streaming in progress - keeping connection alive
Waiting for events on port 8080...
=== GENERATING RESPONSE FOR CLIENT 5 ===
Continuing file streaming...
-----------------RESPONSE--------------
Continuing file streaming...
Reading from file stream...
Read 9000 bytes from file
Sent 9000 bytes to client
File streaming in progress - keeping connection alive
Waiting for events on port 8080...
=== GENERATING RESPONSE FOR CLIENT 5 ===
Continuing file streaming...
-----------------RESPONSE--------------
Continuing file streaming...
Reading from file stream...
Read 9000 bytes from file
Sent 9000 bytes to client
File streaming in progress - keeping connection alive
Waiting for events on port 8080...
=== GENERATING RESPONSE FOR CLIENT 5 ===
Continuing file streaming...
-----------------RESPONSE--------------
Continuing file streaming...
Reading from file stream...
Read 9000 bytes from file
Sent 9000 bytes to client
File streaming in progress - keeping connection alive
Waiting for events on port 8080...
=== GENERATING RESPONSE FOR CLIENT 5 ===
Continuing file streaming...
-----------------RESPONSE--------------
Continuing file streaming...
Reading from file stream...
Read 9000 bytes from file
Sent 9000 bytes to client
File streaming in progress - keeping connection alive
Waiting for events on port 8080...
=== GENERATING RESPONSE FOR CLIENT 5 ===
Continuing file streaming...
-----------------RESPONSE--------------
Continuing file streaming...
Reading from file stream...
Read 9000 bytes from file
Sent 9000 bytes to client
File streaming in progress - keeping connection alive
Waiting for events on port 8080...
=== GENERATING RESPONSE FOR CLIENT 5 ===
Continuing file streaming...
-----------------RESPONSE--------------
Continuing file streaming...
Reading from file stream...
Read 9000 bytes from file
Sent 9000 bytes to client
File streaming in progress - keeping connection alive
Waiting for events on port 8080...
=== GENERATING RESPONSE FOR CLIENT 5 ===
Continuing file streaming...
-----------------RESPONSE--------------
Continuing file streaming...
Reading from file stream...
Read 9000 bytes from file
Sent 9000 bytes to client
File streaming in progress - keeping connection alive
Waiting for events on port 8080...
=== GENERATING RESPONSE FOR CLIENT 5 ===
Continuing file streaming...
-----------------RESPONSE--------------
Continuing file streaming...
Reading from file stream...
Read 9000 bytes from file
Sent 9000 bytes to client
File streaming in progress - keeping connection alive
Waiting for events on port 8080...
=== GENERATING RESPONSE FOR CLIENT 5 ===
Continuing file streaming...
-----------------RESPONSE--------------
Continuing file streaming...
Reading from file stream...
Read 9000 bytes from file
Sent 9000 bytes to client
File streaming in progress - keeping connection alive
Waiting for events on port 8080...
=== GENERATING RESPONSE FOR CLIENT 5 ===
Continuing file streaming...
-----------------RESPONSE--------------
Continuing file streaming...
Reading from file stream...
Read 9000 bytes from file
Sent 9000 bytes to client
File streaming in progress - keeping connection alive
Waiting for events on port 8080...
=== GENERATING RESPONSE FOR CLIENT 5 ===
Continuing file streaming...
-----------------RESPONSE--------------
Continuing file streaming...
Reading from file stream...
Read 9000 bytes from file
Sent 9000 bytes to client
File streaming in progress - keeping connection alive
Waiting for events on port 8080...
=== GENERATING RESPONSE FOR CLIENT 5 ===
Continuing file streaming...
-----------------RESPONSE--------------
Continuing file streaming...
Reading from file stream...
Read 9000 bytes from file
Sent 9000 bytes to client
File streaming in progress - keeping connection alive
Waiting for events on port 8080...
=== GENERATING RESPONSE FOR CLIENT 5 ===
Continuing file streaming...
-----------------RESPONSE--------------
Continuing file streaming...
Reading from file stream...
Read 9000 bytes from file
Sent 9000 bytes to client
File streaming in progress - keeping connection alive
Waiting for events on port 8080...
=== GENERATING RESPONSE FOR CLIENT 5 ===
Continuing file streaming...
-----------------RESPONSE--------------
Continuing file streaming...
Reading from file stream...
Read 9000 bytes from file
Sent 9000 bytes to client
File streaming in progress - keeping connection alive
Waiting for events on port 8080...
=== GENERATING RESPONSE FOR CLIENT 5 ===
Continuing file streaming...
-----------------RESPONSE--------------
Continuing file streaming...
Reading from file stream...
Read 9000 bytes from file
Sent 9000 bytes to client
File streaming in progress - keeping connection alive
Waiting for events on port 8080...
=== GENERATING RESPONSE FOR CLIENT 5 ===
Continuing file streaming...
-----------------RESPONSE--------------
Continuing file streaming...
Reading from file stream...
Read 9000 bytes from file
Sent 9000 bytes to client
File streaming in progress - keeping connection alive
Waiting for events on port 8080...
=== GENERATING RESPONSE FOR CLIENT 5 ===
Continuing file streaming...
-----------------RESPONSE--------------
Continuing file streaming...
Reading from file stream...
Read 9000 bytes from file
Sent 9000 bytes to client
File streaming in progress - keeping connection alive
Waiting for events on port 8080...
=== GENERATING RESPONSE FOR CLIENT 5 ===
Continuing file streaming...
-----------------RESPONSE--------------
Continuing file streaming...
Reading from file stream...
Read 9000 bytes from file
Sent 9000 bytes to client
File streaming in progress - keeping connection alive
Waiting for events on port 8080...
=== GENERATING RESPONSE FOR CLIENT 5 ===
Continuing file streaming...
-----------------RESPONSE--------------
Continuing file streaming...
Reading from file stream...
Read 9000 bytes from file
Sent 9000 bytes to client
File streaming in progress - keeping connection alive
Waiting for events on port 8080...
=== GENERATING RESPONSE FOR CLIENT 5 ===
Continuing file streaming...
-----------------RESPONSE--------------
Continuing file streaming...
Reading from file stream...
Read 9000 bytes from file
Sent 9000 bytes to client
File streaming in progress - keeping connection alive
Waiting for events on port 8080...
=== GENERATING RESPONSE FOR CLIENT 5 ===
Continuing file streaming...
-----------------RESPONSE--------------
Continuing file streaming...
Reading from file stream...
Read 9000 bytes from file
Sent 9000 bytes to client
File streaming in progress - keeping connection alive
Waiting for events on port 8080...
=== GENERATING RESPONSE FOR CLIENT 5 ===
Continuing file streaming...
-----------------RESPONSE--------------
Continuing file streaming...
Reading from file stream...
Read 9000 bytes from file
Sent 9000 bytes to client
File streaming in progress - keeping connection alive
Waiting for events on port 8080...
=== GENERATING RESPONSE FOR CLIENT 5 ===
Continuing file streaming...
-----------------RESPONSE--------------
Continuing file streaming...
Reading from file stream...
Read 9000 bytes from file
Sent 9000 bytes to client
File streaming in progress - keeping connection alive
Waiting for events on port 8080...
=== GENERATING RESPONSE FOR CLIENT 5 ===
Continuing file streaming...
-----------------RESPONSE--------------
Continuing file streaming...
Reading from file stream...
Read 9000 bytes from file
Sent 9000 bytes to client
File streaming in progress - keeping connection alive
Waiting for events on port 8080...
=== GENERATING RESPONSE FOR CLIENT 5 ===
Continuing file streaming...
-----------------RESPONSE--------------
Continuing file streaming...
Reading from file stream...
Read 9000 bytes from file
Sent 9000 bytes to client
File streaming in progress - keeping connection alive
Waiting for events on port 8080...
=== GENERATING RESPONSE FOR CLIENT 5 ===
Continuing file streaming...
-----------------RESPONSE--------------
Continuing file streaming...
Reading from file stream...
Read 9000 bytes from file
Sent 9000 bytes to client
File streaming in progress - keeping connection alive
Waiting for events on port 8080...
=== GENERATING RESPONSE FOR CLIENT 5 ===
Continuing file streaming...
-----------------RESPONSE--------------
Continuing file streaming...
Reading from file stream...
Read 9000 bytes from file
Sent 9000 bytes to client
File streaming in progress - keeping connection alive
Waiting for events on port 8080...
=== GENERATING RESPONSE FOR CLIENT 5 ===
Continuing file streaming...
-----------------RESPONSE--------------
Continuing file streaming...
Reading from file stream...
Read 9000 bytes from file
Sent 9000 bytes to client
File streaming in progress - keeping connection alive
Waiting for events on port 8080...
=== GENERATING RESPONSE FOR CLIENT 5 ===
Continuing file streaming...
-----------------RESPONSE--------------
Continuing file streaming...
Reading from file stream...
Read 9000 bytes from file
Sent 9000 bytes to client
File streaming in progress - keeping connection alive
Waiting for events on port 8080...
=== GENERATING RESPONSE FOR CLIENT 5 ===
Continuing file streaming...
-----------------RESPONSE--------------
Continuing file streaming...
Reading from file stream...
Read 9000 bytes from file
Sent 9000 bytes to client
File streaming in progress - keeping connection alive
Waiting for events on port 8080...
=== GENERATING RESPONSE FOR CLIENT 5 ===
Continuing file streaming...
-----------------RESPONSE--------------
Continuing file streaming...
Reading from file stream...
Read 9000 bytes from file
Sent 9000 bytes to client
File streaming in progress - keeping connection alive
Waiting for events on port 8080...
=== GENERATING RESPONSE FOR CLIENT 5 ===
Continuing file streaming...
-----------------RESPONSE--------------
Continuing file streaming...
Reading from file stream...
Read 9000 bytes from file
Sent 9000 bytes to client
File streaming in progress - keeping connection alive
Waiting for events on port 8080...
=== GENERATING RESPONSE FOR CLIENT 5 ===
Continuing file streaming...
-----------------RESPONSE--------------
Continuing file streaming...
Reading from file stream...
Read 9000 bytes from file
Sent 9000 bytes to client
File streaming in progress - keeping connection alive
Waiting for events on port 8080...
=== GENERATING RESPONSE FOR CLIENT 5 ===
Continuing file streaming...
-----------------RESPONSE--------------
Continuing file streaming...
Reading from file stream...
Read 9000 bytes from file
Sent 9000 bytes to client
File streaming in progress - keeping connection alive
Waiting for events on port 8080...
=== GENERATING RESPONSE FOR CLIENT 5 ===
Continuing file streaming...
-----------------RESPONSE--------------
Continuing file streaming...
Reading from file stream...
Read 9000 bytes from file
Sent 9000 bytes to client
File streaming in progress - keeping connection alive
Waiting for events on port 8080...
=== GENERATING RESPONSE FOR CLIENT 5 ===
Continuing file streaming...
-----------------RESPONSE--------------
Continuing file streaming...
Reading from file stream...
Read 9000 bytes from file
Sent 9000 bytes to client
File streaming in progress - keeping connection alive
Waiting for events on port 8080...
=== GENERATING RESPONSE FOR CLIENT 5 ===
Continuing file streaming...
-----------------RESPONSE--------------
Continuing file streaming...
Reading from file stream...
Read 9000 bytes from file
Sent 9000 bytes to client
File streaming in progress - keeping connection alive
Waiting for events on port 8080...
=== GENERATING RESPONSE FOR CLIENT 5 ===
Continuing file streaming...
-----------------RESPONSE--------------
Continuing file streaming...
Reading from file stream...
Read 9000 bytes from file
Sent 9000 bytes to client
File streaming in progress - keeping connection alive
Waiting for events on port 8080...
=== GENERATING RESPONSE FOR CLIENT 5 ===
Continuing file streaming...
-----------------RESPONSE--------------
Continuing file streaming...
Reading from file stream...
Read 9000 bytes from file
Sent 9000 bytes to client
File streaming in progress - keeping connection alive
Waiting for events on port 8080...
=== GENERATING RESPONSE FOR CLIENT 5 ===
Continuing file streaming...
-----------------RESPONSE--------------
Continuing file streaming...
Reading from file stream...
Read 9000 bytes from file
Sent 9000 bytes to client
File streaming in progress - keeping connection alive
Waiting for events on port 8080...
=== GENERATING RESPONSE FOR CLIENT 5 ===
Continuing file streaming...
-----------------RESPONSE--------------
Continuing file streaming...
Reading from file stream...
Read 9000 bytes from file
Sent 9000 bytes to client
File streaming in progress - keeping connection alive
Waiting for events on port 8080...
=== GENERATING RESPONSE FOR CLIENT 5 ===
Continuing file streaming...
-----------------RESPONSE--------------
Continuing file streaming...
Reading from file stream...
Read 9000 bytes from file
Sent 9000 bytes to client
File streaming in progress - keeping connection alive
Waiting for events on port 8080...
=== GENERATING RESPONSE FOR CLIENT 5 ===
Continuing file streaming...
-----------------RESPONSE--------------
Continuing file streaming...
Reading from file stream...
Read 9000 bytes from file
Sent 9000 bytes to client
File streaming in progress - keeping connection alive
Waiting for events on port 8080...
=== GENERATING RESPONSE FOR CLIENT 5 ===
Continuing file streaming...
-----------------RESPONSE--------------
Continuing file streaming...
Reading from file stream...
Read 9000 bytes from file
Sent 9000 bytes to client
File streaming in progress - keeping connection alive
Waiting for events on port 8080...
=== GENERATING RESPONSE FOR CLIENT 5 ===
Continuing file streaming...
-----------------RESPONSE--------------
Continuing file streaming...
Reading from file stream...
Read 9000 bytes from file
Sent 9000 bytes to client
File streaming in progress - keeping connection alive
Waiting for events on port 8080...
=== GENERATING RESPONSE FOR CLIENT 5 ===
Continuing file streaming...
-----------------RESPONSE--------------
Continuing file streaming...
Reading from file stream...
Read 9000 bytes from file
Sent 9000 bytes to client
File streaming in progress - keeping connection alive
Waiting for events on port 8080...
=== GENERATING RESPONSE FOR CLIENT 5 ===
Continuing file streaming...
-----------------RESPONSE--------------
Continuing file streaming...
Reading from file stream...
Read 9000 bytes from file
Sent 9000 bytes to client
File streaming in progress - keeping connection alive
Waiting for events on port 8080...
=== GENERATING RESPONSE FOR CLIENT 5 ===
Continuing file streaming...
-----------------RESPONSE--------------
Continuing file streaming...
Reading from file stream...
Read 9000 bytes from file
Sent 9000 bytes to client
File streaming in progress - keeping connection alive
Waiting for events on port 8080...
=== GENERATING RESPONSE FOR CLIENT 5 ===
Continuing file streaming...
-----------------RESPONSE--------------
Continuing file streaming...
Reading from file stream...
Read 9000 bytes from file
Sent 9000 bytes to client
File streaming in progress - keeping connection alive
Waiting for events on port 8080...
=== GENERATING RESPONSE FOR CLIENT 5 ===
Continuing file streaming...
-----------------RESPONSE--------------
Continuing file streaming...
Reading from file stream...
Read 9000 bytes from file
Sent 9000 bytes to client
File streaming in progress - keeping connection alive
Waiting for events on port 8080...
=== GENERATING RESPONSE FOR CLIENT 5 ===
Continuing file streaming...
-----------------RESPONSE--------------
Continuing file streaming...
Reading from file stream...
Read 9000 bytes from file
Sent 9000 bytes to client
File streaming in progress - keeping connection alive
Waiting for events on port 8080...
=== GENERATING RESPONSE FOR CLIENT 5 ===
Continuing file streaming...
-----------------RESPONSE--------------
Continuing file streaming...
Reading from file stream...
Read 9000 bytes from file
Sent 9000 bytes to client
File streaming in progress - keeping connection alive
Waiting for events on port 8080...
=== GENERATING RESPONSE FOR CLIENT 5 ===
Continuing file streaming...
-----------------RESPONSE--------------
Continuing file streaming...
Reading from file stream...
Read 9000 bytes from file
Sent 9000 bytes to client
File streaming in progress - keeping connection alive
Waiting for events on port 8080...
=== GENERATING RESPONSE FOR CLIENT 5 ===
Continuing file streaming...
-----------------RESPONSE--------------
Continuing file streaming...
Reading from file stream...
Read 9000 bytes from file
Sent 9000 bytes to client
File streaming in progress - keeping connection alive
Waiting for events on port 8080...
=== GENERATING RESPONSE FOR CLIENT 5 ===
Continuing file streaming...
-----------------RESPONSE--------------
Continuing file streaming...
Reading from file stream...
Read 9000 bytes from file
Sent 9000 bytes to client
File streaming in progress - keeping connection alive
Waiting for events on port 8080...
=== GENERATING RESPONSE FOR CLIENT 5 ===
Continuing file streaming...
-----------------RESPONSE--------------
Continuing file streaming...
Reading from file stream...
Read 9000 bytes from file
Sent 9000 bytes to client
File streaming in progress - keeping connection alive
Waiting for events on port 8080...
=== GENERATING RESPONSE FOR CLIENT 5 ===
Continuing file streaming...
-----------------RESPONSE--------------
Continuing file streaming...
Reading from file stream...
Read 9000 bytes from file
Sent 9000 bytes to client
File streaming in progress - keeping connection alive
Waiting for events on port 8080...
=== GENERATING RESPONSE FOR CLIENT 5 ===
Continuing file streaming...
-----------------RESPONSE--------------
Continuing file streaming...
Reading from file stream...
Read 9000 bytes from file
Sent 9000 bytes to client
File streaming in progress - keeping connection alive
Waiting for events on port 8080...
=== GENERATING RESPONSE FOR CLIENT 5 ===
Continuing file streaming...
-----------------RESPONSE--------------
Continuing file streaming...
Reading from file stream...
Read 9000 bytes from file
Sent 9000 bytes to client
File streaming in progress - keeping connection alive
Waiting for events on port 8080...
=== GENERATING RESPONSE FOR CLIENT 5 ===
Continuing file streaming...
-----------------RESPONSE--------------
Continuing file streaming...
Reading from file stream...
Read 9000 bytes from file
Sent 9000 bytes to client
File streaming in progress - keeping connection alive
Waiting for events on port 8080...
=== GENERATING RESPONSE FOR CLIENT 5 ===
Continuing file streaming...
-----------------RESPONSE--------------
Continuing file streaming...
Reading from file stream...
Read 9000 bytes from file
Sent 9000 bytes to client
File streaming in progress - keeping connection alive
Waiting for events on port 8080...
=== GENERATING RESPONSE FOR CLIENT 5 ===
Continuing file streaming...
-----------------RESPONSE--------------
Continuing file streaming...
Reading from file stream...
Read 9000 bytes from file
Sent 9000 bytes to client
File streaming in progress - keeping connection alive
Waiting for events on port 8080...
=== GENERATING RESPONSE FOR CLIENT 5 ===
Continuing file streaming...
-----------------RESPONSE--------------
Continuing file streaming...
Reading from file stream...
Read 9000 bytes from file
Sent 9000 bytes to client
File streaming in progress - keeping connection alive
Waiting for events on port 8080...
=== GENERATING RESPONSE FOR CLIENT 5 ===
Continuing file streaming...
-----------------RESPONSE--------------
Continuing file streaming...
Reading from file stream...
Read 9000 bytes from file
Sent 9000 bytes to client
File streaming in progress - keeping connection alive
Waiting for events on port 8080...
=== GENERATING RESPONSE FOR CLIENT 5 ===
Continuing file streaming...
-----------------RESPONSE--------------
Continuing file streaming...
Reading from file stream...
Read 9000 bytes from file
Sent 9000 bytes to client
File streaming in progress - keeping connection alive
Waiting for events on port 8080...
=== GENERATING RESPONSE FOR CLIENT 5 ===
Continuing file streaming...
-----------------RESPONSE--------------
Continuing file streaming...
Reading from file stream...
Read 9000 bytes from file
Sent 9000 bytes to client
File streaming in progress - keeping connection alive
Waiting for events on port 8080...
=== GENERATING RESPONSE FOR CLIENT 5 ===
Continuing file streaming...
-----------------RESPONSE--------------
Continuing file streaming...
Reading from file stream...
Read 9000 bytes from file
Sent 9000 bytes to client
File streaming in progress - keeping connection alive
Waiting for events on port 8080...
=== GENERATING RESPONSE FOR CLIENT 5 ===
Continuing file streaming...
-----------------RESPONSE--------------
Continuing file streaming...
Reading from file stream...
Read 9000 bytes from file
Sent 9000 bytes to client
File streaming in progress - keeping connection alive
Waiting for events on port 8080...
=== GENERATING RESPONSE FOR CLIENT 5 ===
Continuing file streaming...
-----------------RESPONSE--------------
Continuing file streaming...
Reading from file stream...
Read 9000 bytes from file
Sent 9000 bytes to client
File streaming in progress - keeping connection alive
Waiting for events on port 8080...
=== GENERATING RESPONSE FOR CLIENT 5 ===
Continuing file streaming...
-----------------RESPONSE--------------
Continuing file streaming...
Reading from file stream...
Read 9000 bytes from file
Sent 9000 bytes to client
File streaming in progress - keeping connection alive
Waiting for events on port 8080...
=== GENERATING RESPONSE FOR CLIENT 5 ===
Continuing file streaming...
-----------------RESPONSE--------------
Continuing file streaming...
Reading from file stream...
Read 9000 bytes from file
Sent 9000 bytes to client
File streaming in progress - keeping connection alive
Waiting for events on port 8080...
=== GENERATING RESPONSE FOR CLIENT 5 ===
Continuing file streaming...
-----------------RESPONSE--------------
Continuing file streaming...
Reading from file stream...
Read 9000 bytes from file
Sent 9000 bytes to client
File streaming in progress - keeping connection alive
Waiting for events on port 8080...
=== GENERATING RESPONSE FOR CLIENT 5 ===
Continuing file streaming...
-----------------RESPONSE--------------
Continuing file streaming...
Reading from file stream...
Read 9000 bytes from file
Sent 9000 bytes to client
File streaming in progress - keeping connection alive
Waiting for events on port 8080...
=== GENERATING RESPONSE FOR CLIENT 5 ===
Continuing file streaming...
-----------------RESPONSE--------------
Continuing file streaming...
Reading from file stream...
Read 9000 bytes from file
Sent 9000 bytes to client
File streaming in progress - keeping connection alive
Waiting for events on port 8080...
=== GENERATING RESPONSE FOR CLIENT 5 ===
Continuing file streaming...
-----------------RESPONSE--------------
Continuing file streaming...
Reading from file stream...
Read 9000 bytes from file
Sent 9000 bytes to client
File streaming in progress - keeping connection alive
Waiting for events on port 8080...
=== GENERATING RESPONSE FOR CLIENT 5 ===
Continuing file streaming...
-----------------RESPONSE--------------
Continuing file streaming...
Reading from file stream...
Read 9000 bytes from file
Sent 9000 bytes to client
File streaming in progress - keeping connection alive
Waiting for events on port 8080...
=== GENERATING RESPONSE FOR CLIENT 5 ===
Continuing file streaming...
-----------------RESPONSE--------------
Continuing file streaming...
Reading from file stream...
Read 9000 bytes from file
Sent 9000 bytes to client
File streaming in progress - keeping connection alive
Waiting for events on port 8080...
=== GENERATING RESPONSE FOR CLIENT 5 ===
Continuing file streaming...
-----------------RESPONSE--------------
Continuing file streaming...
Reading from file stream...
Read 9000 bytes from file
Sent 9000 bytes to client
File streaming in progress - keeping connection alive
Waiting for events on port 8080...
=== GENERATING RESPONSE FOR CLIENT 5 ===
Continuing file streaming...
-----------------RESPONSE--------------
Continuing file streaming...
Reading from file stream...
Read 9000 bytes from file
Sent 9000 bytes to client
File streaming in progress - keeping connection alive
Waiting for events on port 8080...
=== GENERATING RESPONSE FOR CLIENT 5 ===
Continuing file streaming...
-----------------RESPONSE--------------
Continuing file streaming...
Reading from file stream...
Read 9000 bytes from file
Sent 9000 bytes to client
File streaming in progress - keeping connection alive
Waiting for events on port 8080...
=== GENERATING RESPONSE FOR CLIENT 5 ===
Continuing file streaming...
-----------------RESPONSE--------------
Continuing file streaming...
Reading from file stream...
Read 9000 bytes from file
Sent 9000 bytes to client
File streaming in progress - keeping connection alive
Waiting for events on port 8080...
=== GENERATING RESPONSE FOR CLIENT 5 ===
Continuing file streaming...
-----------------RESPONSE--------------
Continuing file streaming...
Reading from file stream...
Read 9000 bytes from file
Sent 9000 bytes to client
File streaming in progress - keeping connection alive
Waiting for events on port 8080...
=== GENERATING RESPONSE FOR CLIENT 5 ===
Continuing file streaming...
-----------------RESPONSE--------------
Continuing file streaming...
Reading from file stream...
Read 9000 bytes from file
Sent 9000 bytes to client
File streaming in progress - keeping connection alive
Waiting for events on port 8080...
=== GENERATING RESPONSE FOR CLIENT 5 ===
Continuing file streaming...
-----------------RESPONSE--------------
Continuing file streaming...
Reading from file stream...
Read 9000 bytes from file
Sent 9000 bytes to client
File streaming in progress - keeping connection alive
Waiting for events on port 8080...
=== GENERATING RESPONSE FOR CLIENT 5 ===
Continuing file streaming...
-----------------RESPONSE--------------
Continuing file streaming...
Reading from file stream...
Read 9000 bytes from file
Sent 9000 bytes to client
File streaming in progress - keeping connection alive
Waiting for events on port 8080...
=== GENERATING RESPONSE FOR CLIENT 5 ===
Continuing file streaming...
-----------------RESPONSE--------------
Continuing file streaming...
Reading from file stream...
Read 9000 bytes from file
Sent 9000 bytes to client
File streaming in progress - keeping connection alive
Waiting for events on port 8080...
=== GENERATING RESPONSE FOR CLIENT 5 ===
Continuing file streaming...
-----------------RESPONSE--------------
Continuing file streaming...
Reading from file stream...
Read 9000 bytes from file
Sent 9000 bytes to client
File streaming in progress - keeping connection alive
Waiting for events on port 8080...
=== GENERATING RESPONSE FOR CLIENT 5 ===
Continuing file streaming...
-----------------RESPONSE--------------
Continuing file streaming...
Reading from file stream...
Read 9000 bytes from file
Sent 9000 bytes to client
File streaming in progress - keeping connection alive
Waiting for events on port 8080...
=== GENERATING RESPONSE FOR CLIENT 5 ===
Continuing file streaming...
-----------------RESPONSE--------------
Continuing file streaming...
Reading from file stream...
Read 9000 bytes from file
Sent 9000 bytes to client
File streaming in progress - keeping connection alive
Waiting for events on port 8080...
=== GENERATING RESPONSE FOR CLIENT 5 ===
Continuing file streaming...
-----------------RESPONSE--------------
Continuing file streaming...
Reading from file stream...
Read 9000 bytes from file
Sent 9000 bytes to client
File streaming in progress - keeping connection alive
Waiting for events on port 8080...
=== GENERATING RESPONSE FOR CLIENT 5 ===
Continuing file streaming...
-----------------RESPONSE--------------
Continuing file streaming...
Reading from file stream...
Read 9000 bytes from file
Sent 9000 bytes to client
File streaming in progress - keeping connection alive
Waiting for events on port 8080...
=== GENERATING RESPONSE FOR CLIENT 5 ===
Continuing file streaming...
-----------------RESPONSE--------------
Continuing file streaming...
Reading from file stream...
Read 9000 bytes from file
Sent 9000 bytes to client
File streaming in progress - keeping connection alive
Waiting for events on port 8080...
=== GENERATING RESPONSE FOR CLIENT 5 ===
Continuing file streaming...
-----------------RESPONSE--------------
Continuing file streaming...
Reading from file stream...
Read 9000 bytes from file
Sent 9000 bytes to client
File streaming in progress - keeping connection alive
Waiting for events on port 8080...
=== GENERATING RESPONSE FOR CLIENT 5 ===
Continuing file streaming...
-----------------RESPONSE--------------
Continuing file streaming...
Reading from file stream...
Read 9000 bytes from file
Sent 9000 bytes to client
File streaming in progress - keeping connection alive
Waiting for events on port 8080...
=== GENERATING RESPONSE FOR CLIENT 5 ===
Continuing file streaming...
-----------------RESPONSE--------------
Continuing file streaming...
Reading from file stream...
Read 9000 bytes from file
Sent 9000 bytes to client
File streaming in progress - keeping connection alive
Waiting for events on port 8080...
=== GENERATING RESPONSE FOR CLIENT 5 ===
Continuing file streaming...
-----------------RESPONSE--------------
Continuing file streaming...
Reading from file stream...
Read 9000 bytes from file
Sent 9000 bytes to client
File streaming in progress - keeping connection alive
Waiting for events on port 8080...
=== GENERATING RESPONSE FOR CLIENT 5 ===
Continuing file streaming...
-----------------RESPONSE--------------
Continuing file streaming...
Reading from file stream...
Read 9000 bytes from file
Sent 9000 bytes to client
File streaming in progress - keeping connection alive
Waiting for events on port 8080...
=== GENERATING RESPONSE FOR CLIENT 5 ===
Continuing file streaming...
-----------------RESPONSE--------------
Continuing file streaming...
Reading from file stream...
Read 9000 bytes from file
Sent 9000 bytes to client
File streaming in progress - keeping connection alive
Waiting for events on port 8080...
=== GENERATING RESPONSE FOR CLIENT 5 ===
Continuing file streaming...
-----------------RESPONSE--------------
Continuing file streaming...
Reading from file stream...
Read 9000 bytes from file
Sent 9000 bytes to client
File streaming in progress - keeping connection alive
Waiting for events on port 8080...
=== GENERATING RESPONSE FOR CLIENT 5 ===
Continuing file streaming...
-----------------RESPONSE--------------
Continuing file streaming...
Reading from file stream...
Read 9000 bytes from file
Sent 9000 bytes to client
File streaming in progress - keeping connection alive
Waiting for events on port 8080...
=== GENERATING RESPONSE FOR CLIENT 5 ===
Continuing file streaming...
-----------------RESPONSE--------------
Continuing file streaming...
Reading from file stream...
Read 9000 bytes from file
Sent 9000 bytes to client
File streaming in progress - keeping connection alive
Waiting for events on port 8080...
=== GENERATING RESPONSE FOR CLIENT 5 ===
Continuing file streaming...
-----------------RESPONSE--------------
Continuing file streaming...
Reading from file stream...
Read 9000 bytes from file
Sent 9000 bytes to client
File streaming in progress - keeping connection alive
Waiting for events on port 8080...
=== GENERATING RESPONSE FOR CLIENT 5 ===
Continuing file streaming...
-----------------RESPONSE--------------
Continuing file streaming...
Reading from file stream...
Read 9000 bytes from file
Sent 9000 bytes to client
File streaming in progress - keeping connection alive
Waiting for events on port 8080...
=== GENERATING RESPONSE FOR CLIENT 5 ===
Continuing file streaming...
-----------------RESPONSE--------------
Continuing file streaming...
Reading from file stream...
Read 9000 bytes from file
Sent 9000 bytes to client
File streaming in progress - keeping connection alive
Waiting for events on port 8080...
=== GENERATING RESPONSE FOR CLIENT 5 ===
Continuing file streaming...
-----------------RESPONSE--------------
Continuing file streaming...
Reading from file stream...
Read 9000 bytes from file
Sent 9000 bytes to client
File streaming in progress - keeping connection alive
Waiting for events on port 8080...
=== GENERATING RESPONSE FOR CLIENT 5 ===
Continuing file streaming...
-----------------RESPONSE--------------
Continuing file streaming...
Reading from file stream...
Read 9000 bytes from file
Sent 9000 bytes to client
File streaming in progress - keeping connection alive
Waiting for events on port 8080...
=== GENERATING RESPONSE FOR CLIENT 5 ===
Continuing file streaming...
-----------------RESPONSE--------------
Continuing file streaming...
Reading from file stream...
Read 9000 bytes from file
Sent 9000 bytes to client
File streaming in progress - keeping connection alive
Waiting for events on port 8080...
=== GENERATING RESPONSE FOR CLIENT 5 ===
Continuing file streaming...
-----------------RESPONSE--------------
Continuing file streaming...
Reading from file stream...
Read 9000 bytes from file
Sent 9000 bytes to client
File streaming in progress - keeping connection alive
Waiting for events on port 8080...
=== GENERATING RESPONSE FOR CLIENT 5 ===
Continuing file streaming...
-----------------RESPONSE--------------
Continuing file streaming...
Reading from file stream...
Read 9000 bytes from file
Sent 9000 bytes to client
File streaming in progress - keeping connection alive
Waiting for events on port 8080...
=== GENERATING RESPONSE FOR CLIENT 5 ===
Continuing file streaming...
-----------------RESPONSE--------------
Continuing file streaming...
Reading from file stream...
Read 9000 bytes from file
Sent 9000 bytes to client
File streaming in progress - keeping connection alive
Waiting for events on port 8080...
=== GENERATING RESPONSE FOR CLIENT 5 ===
Continuing file streaming...
-----------------RESPONSE--------------
Continuing file streaming...
Reading from file stream...
Read 9000 bytes from file
Sent 9000 bytes to client
File streaming in progress - keeping connection alive
Waiting for events on port 8080...
=== GENERATING RESPONSE FOR CLIENT 5 ===
Continuing file streaming...
-----------------RESPONSE--------------
Continuing file streaming...
Reading from file stream...
Read 9000 bytes from file
Sent 9000 bytes to client
File streaming in progress - keeping connection alive
Waiting for events on port 8080...
=== GENERATING RESPONSE FOR CLIENT 5 ===
Continuing file streaming...
-----------------RESPONSE--------------
Continuing file streaming...
Reading from file stream...
Read 9000 bytes from file
Sent 9000 bytes to client
File streaming in progress - keeping connection alive
Waiting for events on port 8080...
=== GENERATING RESPONSE FOR CLIENT 5 ===
Continuing file streaming...
-----------------RESPONSE--------------
Continuing file streaming...
Reading from file stream...
Read 9000 bytes from file
Sent 9000 bytes to client
File streaming in progress - keeping connection alive
Waiting for events on port 8080...
=== GENERATING RESPONSE FOR CLIENT 5 ===
Continuing file streaming...
-----------------RESPONSE--------------
Continuing file streaming...
Reading from file stream...
Read 9000 bytes from file
Sent 9000 bytes to client
File streaming in progress - keeping connection alive
Waiting for events on port 8080...
=== GENERATING RESPONSE FOR CLIENT 5 ===
Continuing file streaming...
-----------------RESPONSE--------------
Continuing file streaming...
Reading from file stream...
Read 9000 bytes from file
Sent 9000 bytes to client
File streaming in progress - keeping connection alive
Waiting for events on port 8080...
=== GENERATING RESPONSE FOR CLIENT 5 ===
Continuing file streaming...
-----------------RESPONSE--------------
Continuing file streaming...
Reading from file stream...
Read 9000 bytes from file
Sent 9000 bytes to client
File streaming in progress - keeping connection alive
Waiting for events on port 8080...
=== GENERATING RESPONSE FOR CLIENT 5 ===
Continuing file streaming...
-----------------RESPONSE--------------
Continuing file streaming...
Reading from file stream...
Read 9000 bytes from file
Sent 9000 bytes to client
File streaming in progress - keeping connection alive
Waiting for events on port 8080...
=== GENERATING RESPONSE FOR CLIENT 5 ===
Continuing file streaming...
-----------------RESPONSE--------------
Continuing file streaming...
Reading from file stream...
Read 9000 bytes from file
Sent 9000 bytes to client
File streaming in progress - keeping connection alive
Waiting for events on port 8080...
=== GENERATING RESPONSE FOR CLIENT 5 ===
Continuing file streaming...
-----------------RESPONSE--------------
Continuing file streaming...
Reading from file stream...
Read 9000 bytes from file
Sent 9000 bytes to client
File streaming in progress - keeping connection alive
Waiting for events on port 8080...
=== GENERATING RESPONSE FOR CLIENT 5 ===
Continuing file streaming...
-----------------RESPONSE--------------
Continuing file streaming...
Reading from file stream...
Read 9000 bytes from file
Sent 9000 bytes to client
File streaming in progress - keeping connection alive
Waiting for events on port 8080...
=== GENERATING RESPONSE FOR CLIENT 5 ===
Continuing file streaming...
-----------------RESPONSE--------------
Continuing file streaming...
Reading from file stream...
Read 9000 bytes from file
Sent 9000 bytes to client
File streaming in progress - keeping connection alive
Waiting for events on port 8080...
=== GENERATING RESPONSE FOR CLIENT 5 ===
Continuing file streaming...
-----------------RESPONSE--------------
Continuing file streaming...
Reading from file stream...
Read 9000 bytes from file
Sent 9000 bytes to client
File streaming in progress - keeping connection alive
Waiting for events on port 8080...
=== GENERATING RESPONSE FOR CLIENT 5 ===
Continuing file streaming...
-----------------RESPONSE--------------
Continuing file streaming...
Reading from file stream...
Read 9000 bytes from file
Sent 9000 bytes to client
File streaming in progress - keeping connection alive
Waiting for events on port 8080...
=== GENERATING RESPONSE FOR CLIENT 5 ===
Continuing file streaming...
-----------------RESPONSE--------------
Continuing file streaming...
Reading from file stream...
Read 9000 bytes from file
Sent 9000 bytes to client
File streaming in progress - keeping connection alive
Waiting for events on port 8080...
=== GENERATING RESPONSE FOR CLIENT 5 ===
Continuing file streaming...
-----------------RESPONSE--------------
Continuing file streaming...
Reading from file stream...
Read 9000 bytes from file
Sent 9000 bytes to client
File streaming in progress - keeping connection alive
Waiting for events on port 8080...
=== GENERATING RESPONSE FOR CLIENT 5 ===
Continuing file streaming...
-----------------RESPONSE--------------
Continuing file streaming...
Reading from file stream...
Read 9000 bytes from file
Sent 9000 bytes to client
File streaming in progress - keeping connection alive
Waiting for events on port 8080...
=== GENERATING RESPONSE FOR CLIENT 5 ===
Continuing file streaming...
-----------------RESPONSE--------------
Continuing file streaming...
Reading from file stream...
Read 9000 bytes from file
Sent 9000 bytes to client
File streaming in progress - keeping connection alive
Waiting for events on port 8080...
=== GENERATING RESPONSE FOR CLIENT 5 ===
Continuing file streaming...
-----------------RESPONSE--------------
Continuing file streaming...
Reading from file stream...
Read 9000 bytes from file
Sent 9000 bytes to client
File streaming in progress - keeping connection alive
Waiting for events on port 8080...
=== GENERATING RESPONSE FOR CLIENT 5 ===
Continuing file streaming...
-----------------RESPONSE--------------
Continuing file streaming...
Reading from file stream...
Read 9000 bytes from file
Sent 9000 bytes to client
File streaming in progress - keeping connection alive
Waiting for events on port 8080...
=== GENERATING RESPONSE FOR CLIENT 5 ===
Continuing file streaming...
-----------------RESPONSE--------------
Continuing file streaming...
Reading from file stream...
Read 9000 bytes from file
Sent 9000 bytes to client
File streaming in progress - keeping connection alive
Waiting for events on port 8080...
=== GENERATING RESPONSE FOR CLIENT 5 ===
Continuing file streaming...
-----------------RESPONSE--------------
Continuing file streaming...
Reading from file stream...
Read 9000 bytes from file
Sent 9000 bytes to client
File streaming in progress - keeping connection alive
Waiting for events on port 8080...
=== GENERATING RESPONSE FOR CLIENT 5 ===
Continuing file streaming...
-----------------RESPONSE--------------
Continuing file streaming...
Reading from file stream...
Read 9000 bytes from file
Sent 9000 bytes to client
File streaming in progress - keeping connection alive
Waiting for events on port 8080...
=== GENERATING RESPONSE FOR CLIENT 5 ===
Continuing file streaming...
-----------------RESPONSE--------------
Continuing file streaming...
Reading from file stream...
Read 9000 bytes from file
Sent 9000 bytes to client
File streaming in progress - keeping connection alive
Waiting for events on port 8080...
=== GENERATING RESPONSE FOR CLIENT 5 ===
Continuing file streaming...
-----------------RESPONSE--------------
Continuing file streaming...
Reading from file stream...
Read 9000 bytes from file
Sent 9000 bytes to client
File streaming in progress - keeping connection alive
Waiting for events on port 8080...
=== GENERATING RESPONSE FOR CLIENT 5 ===
Continuing file streaming...
-----------------RESPONSE--------------
Continuing file streaming...
Reading from file stream...
Read 9000 bytes from file
Sent 9000 bytes to client
File streaming in progress - keeping connection alive
Waiting for events on port 8080...
=== GENERATING RESPONSE FOR CLIENT 5 ===
Continuing file streaming...
-----------------RESPONSE--------------
Continuing file streaming...
Reading from file stream...
Read 9000 bytes from file
Sent 9000 bytes to client
File streaming in progress - keeping connection alive
Waiting for events on port 8080...
=== GENERATING RESPONSE FOR CLIENT 5 ===
Continuing file streaming...
-----------------RESPONSE--------------
Continuing file streaming...
Reading from file stream...
Read 9000 bytes from file
Sent 9000 bytes to client
File streaming in progress - keeping connection alive
Waiting for events on port 8080...
=== GENERATING RESPONSE FOR CLIENT 5 ===
Continuing file streaming...
-----------------RESPONSE--------------
Continuing file streaming...
Reading from file stream...
Read 9000 bytes from file
Sent 9000 bytes to client
File streaming in progress - keeping connection alive
Waiting for events on port 8080...
=== GENERATING RESPONSE FOR CLIENT 5 ===
Continuing file streaming...
-----------------RESPONSE--------------
Continuing file streaming...
Reading from file stream...
Read 9000 bytes from file
Sent 9000 bytes to client
File streaming in progress - keeping connection alive
Waiting for events on port 8080...
=== GENERATING RESPONSE FOR CLIENT 5 ===
Continuing file streaming...
-----------------RESPONSE--------------
Continuing file streaming...
Reading from file stream...
Read 9000 bytes from file
Sent 9000 bytes to client
File streaming in progress - keeping connection alive
Waiting for events on port 8080...
=== GENERATING RESPONSE FOR CLIENT 5 ===
Continuing file streaming...
-----------------RESPONSE--------------
Continuing file streaming...
Reading from file stream...
Read 9000 bytes from file
Sent 9000 bytes to client
File streaming in progress - keeping connection alive
Waiting for events on port 8080...
=== GENERATING RESPONSE FOR CLIENT 5 ===
Continuing file streaming...
-----------------RESPONSE--------------
Continuing file streaming...
Reading from file stream...
Read 9000 bytes from file
Sent 9000 bytes to client
File streaming in progress - keeping connection alive
Waiting for events on port 8080...
=== GENERATING RESPONSE FOR CLIENT 5 ===
Continuing file streaming...
-----------------RESPONSE--------------
Continuing file streaming...
Reading from file stream...
Read 9000 bytes from file
Sent 9000 bytes to client
File streaming in progress - keeping connection alive
Waiting for events on port 8080...
=== GENERATING RESPONSE FOR CLIENT 5 ===
Continuing file streaming...
-----------------RESPONSE--------------
Continuing file streaming...
Reading from file stream...
Read 9000 bytes from file
Sent 9000 bytes to client
File streaming in progress - keeping connection alive
Waiting for events on port 8080...
=== GENERATING RESPONSE FOR CLIENT 5 ===
Continuing file streaming...
-----------------RESPONSE--------------
Continuing file streaming...
Reading from file stream...
Read 9000 bytes from file
Sent 9000 bytes to client
File streaming in progress - keeping connection alive
Waiting for events on port 8080...
=== GENERATING RESPONSE FOR CLIENT 5 ===
Continuing file streaming...
-----------------RESPONSE--------------
Continuing file streaming...
Reading from file stream...
Read 9000 bytes from file
Sent 9000 bytes to client
File streaming in progress - keeping connection alive
Waiting for events on port 8080...
=== GENERATING RESPONSE FOR CLIENT 5 ===
Continuing file streaming...
-----------------RESPONSE--------------
Continuing file streaming...
Reading from file stream...
Read 9000 bytes from file
Sent 9000 bytes to client
File streaming in progress - keeping connection alive
Waiting for events on port 8080...
=== GENERATING RESPONSE FOR CLIENT 5 ===
Continuing file streaming...
-----------------RESPONSE--------------
Continuing file streaming...
Reading from file stream...
Read 9000 bytes from file
Sent 9000 bytes to client
File streaming in progress - keeping connection alive
Waiting for events on port 8080...
=== GENERATING RESPONSE FOR CLIENT 5 ===
Continuing file streaming...
-----------------RESPONSE--------------
Continuing file streaming...
Reading from file stream...
Read 9000 bytes from file
Sent 9000 bytes to client
File streaming in progress - keeping connection alive
Waiting for events on port 8080...
=== GENERATING RESPONSE FOR CLIENT 5 ===
Continuing file streaming...
-----------------RESPONSE--------------
Continuing file streaming...
Reading from file stream...
Read 9000 bytes from file
Sent 9000 bytes to client
File streaming in progress - keeping connection alive
Waiting for events on port 8080...
=== GENERATING RESPONSE FOR CLIENT 5 ===
Continuing file streaming...
-----------------RESPONSE--------------
Continuing file streaming...
Reading from file stream...
Read 9000 bytes from file
Sent 9000 bytes to client
File streaming in progress - keeping connection alive
Waiting for events on port 8080...
=== GENERATING RESPONSE FOR CLIENT 5 ===
Continuing file streaming...
-----------------RESPONSE--------------
Continuing file streaming...
Reading from file stream...
Read 9000 bytes from file
Sent 9000 bytes to client
File streaming in progress - keeping connection alive
Waiting for events on port 8080...
=== GENERATING RESPONSE FOR CLIENT 5 ===
Continuing file streaming...
-----------------RESPONSE--------------
Continuing file streaming...
Reading from file stream...
Read 9000 bytes from file
Sent 9000 bytes to client
File streaming in progress - keeping connection alive
Waiting for events on port 8080...
=== GENERATING RESPONSE FOR CLIENT 5 ===
Continuing file streaming...
-----------------RESPONSE--------------
Continuing file streaming...
Reading from file stream...
Read 9000 bytes from file
Sent 9000 bytes to client
File streaming in progress - keeping connection alive
Waiting for events on port 8080...
=== GENERATING RESPONSE FOR CLIENT 5 ===
Continuing file streaming...
-----------------RESPONSE--------------
Continuing file streaming...
Reading from file stream...
Read 9000 bytes from file
Sent 9000 bytes to client
File streaming in progress - keeping connection alive
Waiting for events on port 8080...
=== GENERATING RESPONSE FOR CLIENT 5 ===
Continuing file streaming...
-----------------RESPONSE--------------
Continuing file streaming...
Reading from file stream...
Read 9000 bytes from file
Sent 9000 bytes to client
File streaming in progress - keeping connection alive
Waiting for events on port 8080...
=== GENERATING RESPONSE FOR CLIENT 5 ===
Continuing file streaming...
-----------------RESPONSE--------------
Continuing file streaming...
Reading from file stream...
Read 9000 bytes from file
Sent 9000 bytes to client
File streaming in progress - keeping connection alive
Waiting for events on port 8080...
=== GENERATING RESPONSE FOR CLIENT 5 ===
Continuing file streaming...
-----------------RESPONSE--------------
Continuing file streaming...
Reading from file stream...
Read 9000 bytes from file
Sent 9000 bytes to client
File streaming in progress - keeping connection alive
Waiting for events on port 8080...
=== GENERATING RESPONSE FOR CLIENT 5 ===
Continuing file streaming...
-----------------RESPONSE--------------
Continuing file streaming...
Reading from file stream...
Read 9000 bytes from file
Sent 9000 bytes to client
File streaming in progress - keeping connection alive
Waiting for events on port 8080...
=== GENERATING RESPONSE FOR CLIENT 5 ===
Continuing file streaming...
-----------------RESPONSE--------------
Continuing file streaming...
Reading from file stream...
Read 9000 bytes from file
Sent 9000 bytes to client
File streaming in progress - keeping connection alive
Waiting for events on port 8080...
=== GENERATING RESPONSE FOR CLIENT 5 ===
Continuing file streaming...
-----------------RESPONSE--------------
Continuing file streaming...
Reading from file stream...
Read 9000 bytes from file
Sent 9000 bytes to client
File streaming in progress - keeping connection alive
Waiting for events on port 8080...
=== GENERATING RESPONSE FOR CLIENT 5 ===
Continuing file streaming...
-----------------RESPONSE--------------
Continuing file streaming...
Reading from file stream...
Read 9000 bytes from file
Sent 9000 bytes to client
File streaming in progress - keeping connection alive
Waiting for events on port 8080...
=== GENERATING RESPONSE FOR CLIENT 5 ===
Continuing file streaming...
-----------------RESPONSE--------------
Continuing file streaming...
Reading from file stream...
Read 9000 bytes from file
Sent 9000 bytes to client
File streaming in progress - keeping connection alive
Waiting for events on port 8080...
=== GENERATING RESPONSE FOR CLIENT 5 ===
Continuing file streaming...
-----------------RESPONSE--------------
Continuing file streaming...
Reading from file stream...
Read 9000 bytes from file
Sent 9000 bytes to client
File streaming in progress - keeping connection alive
Waiting for events on port 8080...
=== GENERATING RESPONSE FOR CLIENT 5 ===
Continuing file streaming...
-----------------RESPONSE--------------
Continuing file streaming...
Reading from file stream...
Read 9000 bytes from file
Sent 9000 bytes to client
File streaming in progress - keeping connection alive
Waiting for events on port 8080...
=== GENERATING RESPONSE FOR CLIENT 5 ===
Continuing file streaming...
-----------------RESPONSE--------------
Continuing file streaming...
Reading from file stream...
Read 9000 bytes from file
Sent 9000 bytes to client
File streaming in progress - keeping connection alive
Waiting for events on port 8080...
=== GENERATING RESPONSE FOR CLIENT 5 ===
Continuing file streaming...
-----------------RESPONSE--------------
Continuing file streaming...
Reading from file stream...
Read 9000 bytes from file
Sent 9000 bytes to client
File streaming in progress - keeping connection alive
Waiting for events on port 8080...
=== GENERATING RESPONSE FOR CLIENT 5 ===
Continuing file streaming...
-----------------RESPONSE--------------
Continuing file streaming...
Reading from file stream...
Read 9000 bytes from file
Sent 9000 bytes to client
File streaming in progress - keeping connection alive
Waiting for events on port 8080...
=== GENERATING RESPONSE FOR CLIENT 5 ===
Continuing file streaming...
-----------------RESPONSE--------------
Continuing file streaming...
Reading from file stream...
Read 9000 bytes from file
Sent 9000 bytes to client
File streaming in progress - keeping connection alive
Waiting for events on port 8080...
=== GENERATING RESPONSE FOR CLIENT 5 ===
Continuing file streaming...
-----------------RESPONSE--------------
Continuing file streaming...
Reading from file stream...
Read 9000 bytes from file
Sent 9000 bytes to client
File streaming in progress - keeping connection alive
Waiting for events on port 8080...
=== GENERATING RESPONSE FOR CLIENT 5 ===
Continuing file streaming...
-----------------RESPONSE--------------
Continuing file streaming...
Reading from file stream...
Read 9000 bytes from file
Sent 9000 bytes to client
File streaming in progress - keeping connection alive
Waiting for events on port 8080...
=== GENERATING RESPONSE FOR CLIENT 5 ===
Continuing file streaming...
-----------------RESPONSE--------------
Continuing file streaming...
Reading from file stream...
Read 9000 bytes from file
Sent 9000 bytes to client
File streaming in progress - keeping connection alive
Waiting for events on port 8080...
=== GENERATING RESPONSE FOR CLIENT 5 ===
Continuing file streaming...
-----------------RESPONSE--------------
Continuing file streaming...
Reading from file stream...
Read 9000 bytes from file
Sent 9000 bytes to client
File streaming in progress - keeping connection alive
Waiting for events on port 8080...
=== GENERATING RESPONSE FOR CLIENT 5 ===
Continuing file streaming...
-----------------RESPONSE--------------
Continuing file streaming...
Reading from file stream...
Read 9000 bytes from file
Sent 9000 bytes to client
File streaming in progress - keeping connection alive
Waiting for events on port 8080...
=== GENERATING RESPONSE FOR CLIENT 5 ===
Continuing file streaming...
-----------------RESPONSE--------------
Continuing file streaming...
Reading from file stream...
Read 9000 bytes from file
Sent 9000 bytes to client
File streaming in progress - keeping connection alive
Waiting for events on port 8080...
=== GENERATING RESPONSE FOR CLIENT 5 ===
Continuing file streaming...
-----------------RESPONSE--------------
Continuing file streaming...
Reading from file stream...
Read 9000 bytes from file
Sent 9000 bytes to client
File streaming in progress - keeping connection alive
Waiting for events on port 8080...
=== GENERATING RESPONSE FOR CLIENT 5 ===
Continuing file streaming...
-----------------RESPONSE--------------
Continuing file streaming...
Reading from file stream...
Read 9000 bytes from file
Sent 9000 bytes to client
File streaming in progress - keeping connection alive
Waiting for events on port 8080...
=== GENERATING RESPONSE FOR CLIENT 5 ===
Continuing file streaming...
-----------------RESPONSE--------------
Continuing file streaming...
Reading from file stream...
Read 9000 bytes from file
Sent 9000 bytes to client
File streaming in progress - keeping connection alive
Waiting for events on port 8080...
=== GENERATING RESPONSE FOR CLIENT 5 ===
Continuing file streaming...
-----------------RESPONSE--------------
Continuing file streaming...
Reading from file stream...
Read 9000 bytes from file
Sent 9000 bytes to client
File streaming in progress - keeping connection alive
Waiting for events on port 8080...
=== GENERATING RESPONSE FOR CLIENT 5 ===
Continuing file streaming...
-----------------RESPONSE--------------
Continuing file streaming...
Reading from file stream...
Read 9000 bytes from file
Sent 9000 bytes to client
File streaming in progress - keeping connection alive
Waiting for events on port 8080...
=== GENERATING RESPONSE FOR CLIENT 5 ===
Continuing file streaming...
-----------------RESPONSE--------------
Continuing file streaming...
Reading from file stream...
Read 9000 bytes from file
Sent 9000 bytes to client
File streaming in progress - keeping connection alive
Waiting for events on port 8080...
=== GENERATING RESPONSE FOR CLIENT 5 ===
Continuing file streaming...
-----------------RESPONSE--------------
Continuing file streaming...
Reading from file stream...
Read 9000 bytes from file
Sent 9000 bytes to client
File streaming in progress - keeping connection alive
Waiting for events on port 8080...
=== GENERATING RESPONSE FOR CLIENT 5 ===
Continuing file streaming...
-----------------RESPONSE--------------
Continuing file streaming...
Reading from file stream...
Read 9000 bytes from file
Sent 9000 bytes to client
File streaming in progress - keeping connection alive
Waiting for events on port 8080...
=== GENERATING RESPONSE FOR CLIENT 5 ===
Continuing file streaming...
-----------------RESPONSE--------------
Continuing file streaming...
Reading from file stream...
Read 9000 bytes from file
Sent 9000 bytes to client
File streaming in progress - keeping connection alive
Waiting for events on port 8080...
=== GENERATING RESPONSE FOR CLIENT 5 ===
Continuing file streaming...
-----------------RESPONSE--------------
Continuing file streaming...
Reading from file stream...
Read 9000 bytes from file
Sent 9000 bytes to client
File streaming in progress - keeping connection alive
Waiting for events on port 8080...
=== GENERATING RESPONSE FOR CLIENT 5 ===
Continuing file streaming...
-----------------RESPONSE--------------
Continuing file streaming...
Reading from file stream...
Read 9000 bytes from file
Sent 9000 bytes to client
File streaming in progress - keeping connection alive
Waiting for events on port 8080...
=== GENERATING RESPONSE FOR CLIENT 5 ===
Continuing file streaming...
-----------------RESPONSE--------------
Continuing file streaming...
Reading from file stream...
Read 9000 bytes from file
Sent 9000 bytes to client
File streaming in progress - keeping connection alive
Waiting for events on port 8080...
=== GENERATING RESPONSE FOR CLIENT 5 ===
Continuing file streaming...
-----------------RESPONSE--------------
Continuing file streaming...
Reading from file stream...
Read 9000 bytes from file
Sent 9000 bytes to client
File streaming in progress - keeping connection alive
Waiting for events on port 8080...
=== GENERATING RESPONSE FOR CLIENT 5 ===
Continuing file streaming...
-----------------RESPONSE--------------
Continuing file streaming...
Reading from file stream...
Read 9000 bytes from file
Sent 9000 bytes to client
File streaming in progress - keeping connection alive
Waiting for events on port 8080...
=== GENERATING RESPONSE FOR CLIENT 5 ===
Continuing file streaming...
-----------------RESPONSE--------------
Continuing file streaming...
Reading from file stream...
Read 9000 bytes from file
Sent 9000 bytes to client
File streaming in progress - keeping connection alive
Waiting for events on port 8080...
=== GENERATING RESPONSE FOR CLIENT 5 ===
Continuing file streaming...
-----------------RESPONSE--------------
Continuing file streaming...
Reading from file stream...
Read 9000 bytes from file
Sent 9000 bytes to client
File streaming in progress - keeping connection alive
Waiting for events on port 8080...
=== GENERATING RESPONSE FOR CLIENT 5 ===
Continuing file streaming...
-----------------RESPONSE--------------
Continuing file streaming...
Reading from file stream...
Read 9000 bytes from file
Sent 9000 bytes to client
File streaming in progress - keeping connection alive
Waiting for events on port 8080...
=== GENERATING RESPONSE FOR CLIENT 5 ===
Continuing file streaming...
-----------------RESPONSE--------------
Continuing file streaming...
Reading from file stream...
Read 9000 bytes from file
Sent 9000 bytes to client
File streaming in progress - keeping connection alive
Waiting for events on port 8080...
=== GENERATING RESPONSE FOR CLIENT 5 ===
Continuing file streaming...
-----------------RESPONSE--------------
Continuing file streaming...
Reading from file stream...
Read 9000 bytes from file
Sent 9000 bytes to client
File streaming in progress - keeping connection alive
Waiting for events on port 8080...
=== GENERATING RESPONSE FOR CLIENT 5 ===
Continuing file streaming...
-----------------RESPONSE--------------
Continuing file streaming...
Reading from file stream...
Read 9000 bytes from file
Sent 9000 bytes to client
File streaming in progress - keeping connection alive
Waiting for events on port 8080...
=== GENERATING RESPONSE FOR CLIENT 5 ===
Continuing file streaming...
-----------------RESPONSE--------------
Continuing file streaming...
Reading from file stream...
Read 9000 bytes from file
Sent 9000 bytes to client
File streaming in progress - keeping connection alive
Waiting for events on port 8080...
=== GENERATING RESPONSE FOR CLIENT 5 ===
Continuing file streaming...
-----------------RESPONSE--------------
Continuing file streaming...
Reading from file stream...
Read 9000 bytes from file
Sent 9000 bytes to client
File streaming in progress - keeping connection alive
Waiting for events on port 8080...
=== GENERATING RESPONSE FOR CLIENT 5 ===
Continuing file streaming...
-----------------RESPONSE--------------
Continuing file streaming...
Reading from file stream...
Read 9000 bytes from file
Sent 9000 bytes to client
File streaming in progress - keeping connection alive
Waiting for events on port 8080...
=== GENERATING RESPONSE FOR CLIENT 5 ===
Continuing file streaming...
-----------------RESPONSE--------------
Continuing file streaming...
Reading from file stream...
Read 9000 bytes from file
Sent 9000 bytes to client
File streaming in progress - keeping connection alive
Waiting for events on port 8080...
=== GENERATING RESPONSE FOR CLIENT 5 ===
Continuing file streaming...
-----------------RESPONSE--------------
Continuing file streaming...
Reading from file stream...
Read 9000 bytes from file
Sent 9000 bytes to client
File streaming in progress - keeping connection alive
Waiting for events on port 8080...
=== GENERATING RESPONSE FOR CLIENT 5 ===
Continuing file streaming...
-----------------RESPONSE--------------
Continuing file streaming...
Reading from file stream...
Read 9000 bytes from file
Sent 9000 bytes to client
File streaming in progress - keeping connection alive
Waiting for events on port 8080...
=== GENERATING RESPONSE FOR CLIENT 5 ===
Continuing file streaming...
-----------------RESPONSE--------------
Continuing file streaming...
Reading from file stream...
Read 9000 bytes from file
Sent 9000 bytes to client
File streaming in progress - keeping connection alive
Waiting for events on port 8080...
=== GENERATING RESPONSE FOR CLIENT 5 ===
Continuing file streaming...
-----------------RESPONSE--------------
Continuing file streaming...
Reading from file stream...
Read 9000 bytes from file
Sent 9000 bytes to client
File streaming in progress - keeping connection alive
Waiting for events on port 8080...
=== GENERATING RESPONSE FOR CLIENT 5 ===
Continuing file streaming...
-----------------RESPONSE--------------
Continuing file streaming...
Reading from file stream...
Read 9000 bytes from file
Sent 9000 bytes to client
File streaming in progress - keeping connection alive
Waiting for events on port 8080...
=== GENERATING RESPONSE FOR CLIENT 5 ===
Continuing file streaming...
-----------------RESPONSE--------------
Continuing file streaming...
Reading from file stream...
Read 9000 bytes from file
Sent 9000 bytes to client
File streaming in progress - keeping connection alive
Waiting for events on port 8080...
=== GENERATING RESPONSE FOR CLIENT 5 ===
Continuing file streaming...
-----------------RESPONSE--------------
Continuing file streaming...
Reading from file stream...
Read 9000 bytes from file
Sent 9000 bytes to client
File streaming in progress - keeping connection alive
Waiting for events on port 8080...
=== GENERATING RESPONSE FOR CLIENT 5 ===
Continuing file streaming...
-----------------RESPONSE--------------
Continuing file streaming...
Reading from file stream...
Read 9000 bytes from file
Sent 9000 bytes to client
File streaming in progress - keeping connection alive
Waiting for events on port 8080...
=== GENERATING RESPONSE FOR CLIENT 5 ===
Continuing file streaming...
-----------------RESPONSE--------------
Continuing file streaming...
Reading from file stream...
Read 9000 bytes from file
Sent 9000 bytes to client
File streaming in progress - keeping connection alive
Waiting for events on port 8080...
=== GENERATING RESPONSE FOR CLIENT 5 ===
Continuing file streaming...
-----------------RESPONSE--------------
Continuing file streaming...
Reading from file stream...
Read 9000 bytes from file
Sent 9000 bytes to client
File streaming in progress - keeping connection alive
Waiting for events on port 8080...
=== GENERATING RESPONSE FOR CLIENT 5 ===
Continuing file streaming...
-----------------RESPONSE--------------
Continuing file streaming...
Reading from file stream...
Read 9000 bytes from file
Sent 9000 bytes to client
File streaming in progress - keeping connection alive
Waiting for events on port 8080...
=== GENERATING RESPONSE FOR CLIENT 5 ===
Continuing file streaming...
-----------------RESPONSE--------------
Continuing file streaming...
Reading from file stream...
Read 9000 bytes from file
Sent 9000 bytes to client
File streaming in progress - keeping connection alive
Waiting for events on port 8080...
=== GENERATING RESPONSE FOR CLIENT 5 ===
Continuing file streaming...
-----------------RESPONSE--------------
Continuing file streaming...
Reading from file stream...
Read 9000 bytes from file
Sent 9000 bytes to client
File streaming in progress - keeping connection alive
Waiting for events on port 8080...
=== GENERATING RESPONSE FOR CLIENT 5 ===
Continuing file streaming...
-----------------RESPONSE--------------
Continuing file streaming...
Reading from file stream...
Read 9000 bytes from file
Sent 9000 bytes to client
File streaming in progress - keeping connection alive
Waiting for events on port 8080...
=== GENERATING RESPONSE FOR CLIENT 5 ===
Continuing file streaming...
-----------------RESPONSE--------------
Continuing file streaming...
Reading from file stream...
Read 9000 bytes from file
Sent 9000 bytes to client
File streaming in progress - keeping connection alive
Waiting for events on port 8080...
=== GENERATING RESPONSE FOR CLIENT 5 ===
Continuing file streaming...
-----------------RESPONSE--------------
Continuing file streaming...
Reading from file stream...
Read 9000 bytes from file
Sent 9000 bytes to client
File streaming in progress - keeping connection alive
Waiting for events on port 8080...
=== GENERATING RESPONSE FOR CLIENT 5 ===
Continuing file streaming...
-----------------RESPONSE--------------
Continuing file streaming...
Reading from file stream...
Read 9000 bytes from file
Sent 9000 bytes to client
File streaming in progress - keeping connection alive
Waiting for events on port 8080...
=== GENERATING RESPONSE FOR CLIENT 5 ===
Continuing file streaming...
-----------------RESPONSE--------------
Continuing file streaming...
Reading from file stream...
Read 9000 bytes from file
Sent 9000 bytes to client
File streaming in progress - keeping connection alive
Waiting for events on port 8080...
=== GENERATING RESPONSE FOR CLIENT 5 ===
Continuing file streaming...
-----------------RESPONSE--------------
Continuing file streaming...
Reading from file stream...
Read 9000 bytes from file
Sent 9000 bytes to client
File streaming in progress - keeping connection alive
Waiting for events on port 8080...
=== GENERATING RESPONSE FOR CLIENT 5 ===
Continuing file streaming...
-----------------RESPONSE--------------
Continuing file streaming...
Reading from file stream...
Read 9000 bytes from file
Sent 9000 bytes to client
File streaming in progress - keeping connection alive
Waiting for events on port 8080...
=== GENERATING RESPONSE FOR CLIENT 5 ===
Continuing file streaming...
-----------------RESPONSE--------------
Continuing file streaming...
Reading from file stream...
Read 9000 bytes from file
Sent 9000 bytes to client
File streaming in progress - keeping connection alive
Waiting for events on port 8080...
=== GENERATING RESPONSE FOR CLIENT 5 ===
Continuing file streaming...
-----------------RESPONSE--------------
Continuing file streaming...
Reading from file stream...
Read 9000 bytes from file
Sent 9000 bytes to client
File streaming in progress - keeping connection alive
Waiting for events on port 8080...
=== GENERATING RESPONSE FOR CLIENT 5 ===
Continuing file streaming...
-----------------RESPONSE--------------
Continuing file streaming...
Reading from file stream...
Read 9000 bytes from file
Sent 9000 bytes to client
File streaming in progress - keeping connection alive
Waiting for events on port 8080...
=== GENERATING RESPONSE FOR CLIENT 5 ===
Continuing file streaming...
-----------------RESPONSE--------------
Continuing file streaming...
Reading from file stream...
Read 9000 bytes from file
Sent 9000 bytes to client
File streaming in progress - keeping connection alive
Waiting for events on port 8080...
=== GENERATING RESPONSE FOR CLIENT 5 ===
Continuing file streaming...
-----------------RESPONSE--------------
Continuing file streaming...
Reading from file stream...
Read 9000 bytes from file
Sent 9000 bytes to client
File streaming in progress - keeping connection alive
Waiting for events on port 8080...
=== GENERATING RESPONSE FOR CLIENT 5 ===
Continuing file streaming...
-----------------RESPONSE--------------
Continuing file streaming...
Reading from file stream...
Read 9000 bytes from file
Sent 9000 bytes to client
File streaming in progress - keeping connection alive
Waiting for events on port 8080...
=== GENERATING RESPONSE FOR CLIENT 5 ===
Continuing file streaming...
-----------------RESPONSE--------------
Continuing file streaming...
Reading from file stream...
Read 9000 bytes from file
Sent 9000 bytes to client
File streaming in progress - keeping connection alive
Waiting for events on port 8080...
=== GENERATING RESPONSE FOR CLIENT 5 ===
Continuing file streaming...
-----------------RESPONSE--------------
Continuing file streaming...
Reading from file stream...
Read 9000 bytes from file
Sent 9000 bytes to client
File streaming in progress - keeping connection alive
Waiting for events on port 8080...
=== GENERATING RESPONSE FOR CLIENT 5 ===
Continuing file streaming...
-----------------RESPONSE--------------
Continuing file streaming...
Reading from file stream...
Read 9000 bytes from file
Sent 9000 bytes to client
File streaming in progress - keeping connection alive
Waiting for events on port 8080...
=== GENERATING RESPONSE FOR CLIENT 5 ===
Continuing file streaming...
-----------------RESPONSE--------------
Continuing file streaming...
Reading from file stream...
Read 9000 bytes from file
Sent 9000 bytes to client
File streaming in progress - keeping connection alive
Waiting for events on port 8080...
=== GENERATING RESPONSE FOR CLIENT 5 ===
Continuing file streaming...
-----------------RESPONSE--------------
Continuing file streaming...
Reading from file stream...
Read 9000 bytes from file
Sent 9000 bytes to client
File streaming in progress - keeping connection alive
Waiting for events on port 8080...
=== GENERATING RESPONSE FOR CLIENT 5 ===
Continuing file streaming...
-----------------RESPONSE--------------
Continuing file streaming...
Reading from file stream...
Read 9000 bytes from file
Sent 9000 bytes to client
File streaming in progress - keeping connection alive
Waiting for events on port 8080...
=== GENERATING RESPONSE FOR CLIENT 5 ===
Continuing file streaming...
-----------------RESPONSE--------------
Continuing file streaming...
Reading from file stream...
Read 9000 bytes from file
Sent 9000 bytes to client
File streaming in progress - keeping connection alive
Waiting for events on port 8080...
=== GENERATING RESPONSE FOR CLIENT 5 ===
Continuing file streaming...
-----------------RESPONSE--------------
Continuing file streaming...
Reading from file stream...
Read 9000 bytes from file
Sent 9000 bytes to client
File streaming in progress - keeping connection alive
Waiting for events on port 8080...
=== GENERATING RESPONSE FOR CLIENT 5 ===
Continuing file streaming...
-----------------RESPONSE--------------
Continuing file streaming...
Reading from file stream...
Read 9000 bytes from file
Sent 9000 bytes to client
File streaming in progress - keeping connection alive
Waiting for events on port 8080...
=== GENERATING RESPONSE FOR CLIENT 5 ===
Continuing file streaming...
-----------------RESPONSE--------------
Continuing file streaming...
Reading from file stream...
Read 9000 bytes from file
Sent 9000 bytes to client
File streaming in progress - keeping connection alive
Waiting for events on port 8080...
=== GENERATING RESPONSE FOR CLIENT 5 ===
Continuing file streaming...
-----------------RESPONSE--------------
Continuing file streaming...
Reading from file stream...
Read 9000 bytes from file
Sent 9000 bytes to client
File streaming in progress - keeping connection alive
Waiting for events on port 8080...
=== GENERATING RESPONSE FOR CLIENT 5 ===
Continuing file streaming...
-----------------RESPONSE--------------
Continuing file streaming...
Reading from file stream...
Read 9000 bytes from file
Sent 9000 bytes to client
File streaming in progress - keeping connection alive
Waiting for events on port 8080...
=== GENERATING RESPONSE FOR CLIENT 5 ===
Continuing file streaming...
-----------------RESPONSE--------------
Continuing file streaming...
Reading from file stream...
Read 9000 bytes from file
Sent 9000 bytes to client
File streaming in progress - keeping connection alive
Waiting for events on port 8080...
=== GENERATING RESPONSE FOR CLIENT 5 ===
Continuing file streaming...
-----------------RESPONSE--------------
Continuing file streaming...
Reading from file stream...
Read 9000 bytes from file
Sent 9000 bytes to client
File streaming in progress - keeping connection alive
Waiting for events on port 8080...
=== GENERATING RESPONSE FOR CLIENT 5 ===
Continuing file streaming...
-----------------RESPONSE--------------
Continuing file streaming...
Reading from file stream...
Read 9000 bytes from file
Sent 9000 bytes to client
File streaming in progress - keeping connection alive
Waiting for events on port 8080...
=== GENERATING RESPONSE FOR CLIENT 5 ===
Continuing file streaming...
-----------------RESPONSE--------------
Continuing file streaming...
Reading from file stream...
Read 9000 bytes from file
Sent 9000 bytes to client
File streaming in progress - keeping connection alive
Waiting for events on port 8080...
=== GENERATING RESPONSE FOR CLIENT 5 ===
Continuing file streaming...
-----------------RESPONSE--------------
Continuing file streaming...
Reading from file stream...
Read 9000 bytes from file
Sent 9000 bytes to client
File streaming in progress - keeping connection alive
Waiting for events on port 8080...
=== GENERATING RESPONSE FOR CLIENT 5 ===
Continuing file streaming...
-----------------RESPONSE--------------
Continuing file streaming...
Reading from file stream...
Read 9000 bytes from file
Sent 9000 bytes to client
File streaming in progress - keeping connection alive
Waiting for events on port 8080...
=== GENERATING RESPONSE FOR CLIENT 5 ===
Continuing file streaming...
-----------------RESPONSE--------------
Continuing file streaming...
Reading from file stream...
Read 9000 bytes from file
Sent 9000 bytes to client
File streaming in progress - keeping connection alive
Waiting for events on port 8080...
=== GENERATING RESPONSE FOR CLIENT 5 ===
Continuing file streaming...
-----------------RESPONSE--------------
Continuing file streaming...
Reading from file stream...
Read 9000 bytes from file
Sent 9000 bytes to client
File streaming in progress - keeping connection alive
Waiting for events on port 8080...
=== GENERATING RESPONSE FOR CLIENT 5 ===
Continuing file streaming...
-----------------RESPONSE--------------
Continuing file streaming...
Reading from file stream...
Read 9000 bytes from file
Sent 9000 bytes to client
File streaming in progress - keeping connection alive
Waiting for events on port 8080...
=== GENERATING RESPONSE FOR CLIENT 5 ===
Continuing file streaming...
-----------------RESPONSE--------------
Continuing file streaming...
Reading from file stream...
Read 9000 bytes from file
Sent 9000 bytes to client
File streaming in progress - keeping connection alive
Waiting for events on port 8080...
=== GENERATING RESPONSE FOR CLIENT 5 ===
Continuing file streaming...
-----------------RESPONSE--------------
Continuing file streaming...
Reading from file stream...
Read 9000 bytes from file
Sent 9000 bytes to client
File streaming in progress - keeping connection alive
Waiting for events on port 8080...
=== GENERATING RESPONSE FOR CLIENT 5 ===
Continuing file streaming...
-----------------RESPONSE--------------
Continuing file streaming...
Reading from file stream...
Read 9000 bytes from file
Sent 9000 bytes to client
File streaming in progress - keeping connection alive
Waiting for events on port 8080...
=== GENERATING RESPONSE FOR CLIENT 5 ===
Continuing file streaming...
-----------------RESPONSE--------------
Continuing file streaming...
Reading from file stream...
Read 9000 bytes from file
Sent 9000 bytes to client
File streaming in progress - keeping connection alive
Waiting for events on port 8080...
=== GENERATING RESPONSE FOR CLIENT 5 ===
Continuing file streaming...
-----------------RESPONSE--------------
Continuing file streaming...
Reading from file stream...
Read 9000 bytes from file
Sent 9000 bytes to client
File streaming in progress - keeping connection alive
Waiting for events on port 8080...
=== GENERATING RESPONSE FOR CLIENT 5 ===
Continuing file streaming...
-----------------RESPONSE--------------
Continuing file streaming...
Reading from file stream...
Read 9000 bytes from file
Sent 9000 bytes to client
File streaming in progress - keeping connection alive
Waiting for events on port 8080...
=== GENERATING RESPONSE FOR CLIENT 5 ===
Continuing file streaming...
-----------------RESPONSE--------------
Continuing file streaming...
Reading from file stream...
Read 9000 bytes from file
Sent 9000 bytes to client
File streaming in progress - keeping connection alive
Waiting for events on port 8080...
=== GENERATING RESPONSE FOR CLIENT 5 ===
Continuing file streaming...
-----------------RESPONSE--------------
Continuing file streaming...
Reading from file stream...
Read 9000 bytes from file
Sent 9000 bytes to client
File streaming in progress - keeping connection alive
Waiting for events on port 8080...
=== GENERATING RESPONSE FOR CLIENT 5 ===
Continuing file streaming...
-----------------RESPONSE--------------
Continuing file streaming...
Reading from file stream...
Read 9000 bytes from file
Sent 9000 bytes to client
File streaming in progress - keeping connection alive
Waiting for events on port 8080...
=== GENERATING RESPONSE FOR CLIENT 5 ===
Continuing file streaming...
-----------------RESPONSE--------------
Continuing file streaming...
Reading from file stream...
Read 9000 bytes from file
Sent 9000 bytes to client
File streaming in progress - keeping connection alive
Waiting for events on port 8080...
=== GENERATING RESPONSE FOR CLIENT 5 ===
Continuing file streaming...
-----------------RESPONSE--------------
Continuing file streaming...
Reading from file stream...
Read 9000 bytes from file
Sent 9000 bytes to client
File streaming in progress - keeping connection alive
Waiting for events on port 8080...
=== GENERATING RESPONSE FOR CLIENT 5 ===
Continuing file streaming...
-----------------RESPONSE--------------
Continuing file streaming...
Reading from file stream...
Read 9000 bytes from file
Sent 9000 bytes to client
File streaming in progress - keeping connection alive
Waiting for events on port 8080...
=== GENERATING RESPONSE FOR CLIENT 5 ===
Continuing file streaming...
-----------------RESPONSE--------------
Continuing file streaming...
Reading from file stream...
Read 9000 bytes from file
Sent 9000 bytes to client
File streaming in progress - keeping connection alive
Waiting for events on port 8080...
=== GENERATING RESPONSE FOR CLIENT 5 ===
Continuing file streaming...
-----------------RESPONSE--------------
Continuing file streaming...
Reading from file stream...
Read 9000 bytes from file
Sent 9000 bytes to client
File streaming in progress - keeping connection alive
Waiting for events on port 8080...
=== GENERATING RESPONSE FOR CLIENT 5 ===
Continuing file streaming...
-----------------RESPONSE--------------
Continuing file streaming...
Reading from file stream...
Read 9000 bytes from file
Sent 9000 bytes to client
File streaming in progress - keeping connection alive
Waiting for events on port 8080...
=== GENERATING RESPONSE FOR CLIENT 5 ===
Continuing file streaming...
-----------------RESPONSE--------------
Continuing file streaming...
Reading from file stream...
Read 9000 bytes from file
Sent 9000 bytes to client
File streaming in progress - keeping connection alive
Waiting for events on port 8080...
=== GENERATING RESPONSE FOR CLIENT 5 ===
Continuing file streaming...
-----------------RESPONSE--------------
Continuing file streaming...
Reading from file stream...
Read 9000 bytes from file
Sent 9000 bytes to client
File streaming in progress - keeping connection alive
Waiting for events on port 8080...
=== GENERATING RESPONSE FOR CLIENT 5 ===
Continuing file streaming...
-----------------RESPONSE--------------
Continuing file streaming...
Reading from file stream...
Read 9000 bytes from file
Sent 9000 bytes to client
File streaming in progress - keeping connection alive
Waiting for events on port 8080...
=== GENERATING RESPONSE FOR CLIENT 5 ===
Continuing file streaming...
-----------------RESPONSE--------------
Continuing file streaming...
Reading from file stream...
Read 9000 bytes from file
Sent 9000 bytes to client
File streaming in progress - keeping connection alive
Waiting for events on port 8080...
=== GENERATING RESPONSE FOR CLIENT 5 ===
Continuing file streaming...
-----------------RESPONSE--------------
Continuing file streaming...
Reading from file stream...
Read 9000 bytes from file
Sent 9000 bytes to client
File streaming in progress - keeping connection alive
Waiting for events on port 8080...
=== GENERATING RESPONSE FOR CLIENT 5 ===
Continuing file streaming...
-----------------RESPONSE--------------
Continuing file streaming...
Reading from file stream...
Read 9000 bytes from file
Sent 9000 bytes to client
File streaming in progress - keeping connection alive
Waiting for events on port 8080...
=== GENERATING RESPONSE FOR CLIENT 5 ===
Continuing file streaming...
-----------------RESPONSE--------------
Continuing file streaming...
Reading from file stream...
Read 9000 bytes from file
Sent 9000 bytes to client
File streaming in progress - keeping connection alive
Waiting for events on port 8080...
=== GENERATING RESPONSE FOR CLIENT 5 ===
Continuing file streaming...
-----------------RESPONSE--------------
Continuing file streaming...
Reading from file stream...
Read 9000 bytes from file
Sent 9000 bytes to client
File streaming in progress - keeping connection alive
Waiting for events on port 8080...
=== GENERATING RESPONSE FOR CLIENT 5 ===
Continuing file streaming...
-----------------RESPONSE--------------
Continuing file streaming...
Reading from file stream...
Read 9000 bytes from file
Sent 9000 bytes to client
File streaming in progress - keeping connection alive
Waiting for events on port 8080...
=== GENERATING RESPONSE FOR CLIENT 5 ===
Continuing file streaming...
-----------------RESPONSE--------------
Continuing file streaming...
Reading from file stream...
Read 9000 bytes from file
Sent 9000 bytes to client
File streaming in progress - keeping connection alive
Waiting for events on port 8080...
=== GENERATING RESPONSE FOR CLIENT 5 ===
Continuing file streaming...
-----------------RESPONSE--------------
Continuing file streaming...
Reading from file stream...
Read 9000 bytes from file
Sent 9000 bytes to client
File streaming in progress - keeping connection alive
Waiting for events on port 8080...
=== GENERATING RESPONSE FOR CLIENT 5 ===
Continuing file streaming...
-----------------RESPONSE--------------
Continuing file streaming...
Reading from file stream...
Read 9000 bytes from file
Sent 9000 bytes to client
File streaming in progress - keeping connection alive
Waiting for events on port 8080...
=== GENERATING RESPONSE FOR CLIENT 5 ===
Continuing file streaming...
-----------------RESPONSE--------------
Continuing file streaming...
Reading from file stream...
Read 9000 bytes from file
Sent 9000 bytes to client
File streaming in progress - keeping connection alive
Waiting for events on port 8080...
=== GENERATING RESPONSE FOR CLIENT 5 ===
Continuing file streaming...
-----------------RESPONSE--------------
Continuing file streaming...
Reading from file stream...
Read 9000 bytes from file
Sent 9000 bytes to client
File streaming in progress - keeping connection alive
Waiting for events on port 8080...
=== GENERATING RESPONSE FOR CLIENT 5 ===
Continuing file streaming...
-----------------RESPONSE--------------
Continuing file streaming...
Reading from file stream...
Read 9000 bytes from file
Sent 9000 bytes to client
File streaming in progress - keeping connection alive
Waiting for events on port 8080...
=== GENERATING RESPONSE FOR CLIENT 5 ===
Continuing file streaming...
-----------------RESPONSE--------------
Continuing file streaming...
Reading from file stream...
Read 9000 bytes from file
Sent 9000 bytes to client
File streaming in progress - keeping connection alive
Waiting for events on port 8080...
=== GENERATING RESPONSE FOR CLIENT 5 ===
Continuing file streaming...
-----------------RESPONSE--------------
Continuing file streaming...
Reading from file stream...
Read 9000 bytes from file
Sent 9000 bytes to client
File streaming in progress - keeping connection alive
Waiting for events on port 8080...
=== GENERATING RESPONSE FOR CLIENT 5 ===
Continuing file streaming...
-----------------RESPONSE--------------
Continuing file streaming...
Reading from file stream...
Read 9000 bytes from file
Sent 9000 bytes to client
File streaming in progress - keeping connection alive
Waiting for events on port 8080...
=== GENERATING RESPONSE FOR CLIENT 5 ===
Continuing file streaming...
-----------------RESPONSE--------------
Continuing file streaming...
Reading from file stream...
Read 9000 bytes from file
Sent 9000 bytes to client
File streaming in progress - keeping connection alive
Waiting for events on port 8080...
=== GENERATING RESPONSE FOR CLIENT 5 ===
Continuing file streaming...
-----------------RESPONSE--------------
Continuing file streaming...
Reading from file stream...
Read 9000 bytes from file
Sent 9000 bytes to client
File streaming in progress - keeping connection alive
Waiting for events on port 8080...
=== GENERATING RESPONSE FOR CLIENT 5 ===
Continuing file streaming...
-----------------RESPONSE--------------
Continuing file streaming...
Reading from file stream...
Read 9000 bytes from file
Sent 9000 bytes to client
File streaming in progress - keeping connection alive
Waiting for events on port 8080...
=== GENERATING RESPONSE FOR CLIENT 5 ===
Continuing file streaming...
-----------------RESPONSE--------------
Continuing file streaming...
Reading from file stream...
Read 9000 bytes from file
Sent 9000 bytes to client
File streaming in progress - keeping connection alive
Waiting for events on port 8080...
=== GENERATING RESPONSE FOR CLIENT 5 ===
Continuing file streaming...
-----------------RESPONSE--------------
Continuing file streaming...
Reading from file stream...
Read 9000 bytes from file
Sent 9000 bytes to client
File streaming in progress - keeping connection alive
Waiting for events on port 8080...
=== GENERATING RESPONSE FOR CLIENT 5 ===
Continuing file streaming...
-----------------RESPONSE--------------
Continuing file streaming...
Reading from file stream...
Read 9000 bytes from file
Sent 9000 bytes to client
File streaming in progress - keeping connection alive
Waiting for events on port 8080...
=== GENERATING RESPONSE FOR CLIENT 5 ===
Continuing file streaming...
-----------------RESPONSE--------------
Continuing file streaming...
Reading from file stream...
Read 9000 bytes from file
Sent 9000 bytes to client
File streaming in progress - keeping connection alive
Waiting for events on port 8080...
=== GENERATING RESPONSE FOR CLIENT 5 ===
Continuing file streaming...
-----------------RESPONSE--------------
Continuing file streaming...
Reading from file stream...
Read 9000 bytes from file
Sent 9000 bytes to client
File streaming in progress - keeping connection alive
Waiting for events on port 8080...
=== GENERATING RESPONSE FOR CLIENT 5 ===
Continuing file streaming...
-----------------RESPONSE--------------
Continuing file streaming...
Reading from file stream...
Read 9000 bytes from file
Sent 9000 bytes to client
File streaming in progress - keeping connection alive
Waiting for events on port 8080...
=== GENERATING RESPONSE FOR CLIENT 5 ===
Continuing file streaming...
-----------------RESPONSE--------------
Continuing file streaming...
Reading from file stream...
Read 9000 bytes from file
Sent 9000 bytes to client
File streaming in progress - keeping connection alive
Waiting for events on port 8080...
=== GENERATING RESPONSE FOR CLIENT 5 ===
Continuing file streaming...
-----------------RESPONSE--------------
Continuing file streaming...
Reading from file stream...
Read 9000 bytes from file
Sent 9000 bytes to client
File streaming in progress - keeping connection alive
Waiting for events on port 8080...
=== GENERATING RESPONSE FOR CLIENT 5 ===
Continuing file streaming...
-----------------RESPONSE--------------
Continuing file streaming...
Reading from file stream...
Read 9000 bytes from file
Sent 9000 bytes to client
File streaming in progress - keeping connection alive
Waiting for events on port 8080...
=== GENERATING RESPONSE FOR CLIENT 5 ===
Continuing file streaming...
-----------------RESPONSE--------------
Continuing file streaming...
Reading from file stream...
Read 9000 bytes from file
Sent 9000 bytes to client
File streaming in progress - keeping connection alive
Waiting for events on port 8080...
=== GENERATING RESPONSE FOR CLIENT 5 ===
Continuing file streaming...
-----------------RESPONSE--------------
Continuing file streaming...
Reading from file stream...
Read 9000 bytes from file
Sent 9000 bytes to client
File streaming in progress - keeping connection alive
Waiting for events on port 8080...
=== GENERATING RESPONSE FOR CLIENT 5 ===
Continuing file streaming...
-----------------RESPONSE--------------
Continuing file streaming...
Reading from file stream...
Read 9000 bytes from file
Sent 9000 bytes to client
File streaming in progress - keeping connection alive
Waiting for events on port 8080...
=== GENERATING RESPONSE FOR CLIENT 5 ===
Continuing file streaming...
-----------------RESPONSE--------------
Continuing file streaming...
Reading from file stream...
Read 9000 bytes from file
Sent 9000 bytes to client
File streaming in progress - keeping connection alive
Waiting for events on port 8080...
=== GENERATING RESPONSE FOR CLIENT 5 ===
Continuing file streaming...
-----------------RESPONSE--------------
Continuing file streaming...
Reading from file stream...
Read 9000 bytes from file
Sent 9000 bytes to client
File streaming in progress - keeping connection alive
Waiting for events on port 8080...
=== GENERATING RESPONSE FOR CLIENT 5 ===
Continuing file streaming...
-----------------RESPONSE--------------
Continuing file streaming...
Reading from file stream...
Read 9000 bytes from file
Sent 9000 bytes to client
File streaming in progress - keeping connection alive
Waiting for events on port 8080...
=== GENERATING RESPONSE FOR CLIENT 5 ===
Continuing file streaming...
-----------------RESPONSE--------------
Continuing file streaming...
Reading from file stream...
Read 9000 bytes from file
Sent 9000 bytes to client
File streaming in progress - keeping connection alive
Waiting for events on port 8080...
=== GENERATING RESPONSE FOR CLIENT 5 ===
Continuing file streaming...
-----------------RESPONSE--------------
Continuing file streaming...
Reading from file stream...
Read 9000 bytes from file
Sent 9000 bytes to client
File streaming in progress - keeping connection alive
Waiting for events on port 8080...
=== GENERATING RESPONSE FOR CLIENT 5 ===
Continuing file streaming...
-----------------RESPONSE--------------
Continuing file streaming...
Reading from file stream...
Read 9000 bytes from file
Sent 9000 bytes to client
File streaming in progress - keeping connection alive
Waiting for events on port 8080...
=== GENERATING RESPONSE FOR CLIENT 5 ===
Continuing file streaming...
-----------------RESPONSE--------------
Continuing file streaming...
Reading from file stream...
Read 9000 bytes from file
Sent 9000 bytes to client
File streaming in progress - keeping connection alive
Waiting for events on port 8080...
=== GENERATING RESPONSE FOR CLIENT 5 ===
Continuing file streaming...
-----------------RESPONSE--------------
Continuing file streaming...
Reading from file stream...
Read 9000 bytes from file
Sent 9000 bytes to client
File streaming in progress - keeping connection alive
Waiting for events on port 8080...
=== GENERATING RESPONSE FOR CLIENT 5 ===
Continuing file streaming...
-----------------RESPONSE--------------
Continuing file streaming...
Reading from file stream...
Read 9000 bytes from file
Sent 9000 bytes to client
File streaming in progress - keeping connection alive
Waiting for events on port 8080...
=== GENERATING RESPONSE FOR CLIENT 5 ===
Continuing file streaming...
-----------------RESPONSE--------------
Continuing file streaming...
Reading from file stream...
Read 9000 bytes from file
Sent 9000 bytes to client
File streaming in progress - keeping connection alive
Waiting for events on port 8080...
=== GENERATING RESPONSE FOR CLIENT 5 ===
Continuing file streaming...
-----------------RESPONSE--------------
Continuing file streaming...
Reading from file stream...
Read 9000 bytes from file
Sent 9000 bytes to client
File streaming in progress - keeping connection alive
Waiting for events on port 8080...
=== GENERATING RESPONSE FOR CLIENT 5 ===
Continuing file streaming...
-----------------RESPONSE--------------
Continuing file streaming...
Reading from file stream...
Read 9000 bytes from file
Sent 9000 bytes to client
File streaming in progress - keeping connection alive
Waiting for events on port 8080...
=== GENERATING RESPONSE FOR CLIENT 5 ===
Continuing file streaming...
-----------------RESPONSE--------------
Continuing file streaming...
Reading from file stream...
Read 9000 bytes from file
Sent 9000 bytes to client
File streaming in progress - keeping connection alive
Waiting for events on port 8080...
=== GENERATING RESPONSE FOR CLIENT 5 ===
Continuing file streaming...
-----------------RESPONSE--------------
Continuing file streaming...
Reading from file stream...
Read 9000 bytes from file
Sent 9000 bytes to client
File streaming in progress - keeping connection alive
Waiting for events on port 8080...
=== GENERATING RESPONSE FOR CLIENT 5 ===
Continuing file streaming...
-----------------RESPONSE--------------
Continuing file streaming...
Reading from file stream...
Read 9000 bytes from file
Sent 9000 bytes to client
File streaming in progress - keeping connection alive
Waiting for events on port 8080...
=== GENERATING RESPONSE FOR CLIENT 5 ===
Continuing file streaming...
-----------------RESPONSE--------------
Continuing file streaming...
Reading from file stream...
Read 9000 bytes from file
Sent 9000 bytes to client
File streaming in progress - keeping connection alive
Waiting for events on port 8080...
=== GENERATING RESPONSE FOR CLIENT 5 ===
Continuing file streaming...
-----------------RESPONSE--------------
Continuing file streaming...
Reading from file stream...
Read 9000 bytes from file
Sent 9000 bytes to client
File streaming in progress - keeping connection alive
Waiting for events on port 8080...
=== GENERATING RESPONSE FOR CLIENT 5 ===
Continuing file streaming...
-----------------RESPONSE--------------
Continuing file streaming...
Reading from file stream...
Read 9000 bytes from file
Sent 9000 bytes to client
File streaming in progress - keeping connection alive
Waiting for events on port 8080...
=== GENERATING RESPONSE FOR CLIENT 5 ===
Continuing file streaming...
-----------------RESPONSE--------------
Continuing file streaming...
Reading from file stream...
Read 9000 bytes from file
Sent 9000 bytes to client
File streaming in progress - keeping connection alive
Waiting for events on port 8080...
=== GENERATING RESPONSE FOR CLIENT 5 ===
Continuing file streaming...
-----------------RESPONSE--------------
Continuing file streaming...
Reading from file stream...
Read 9000 bytes from file
Sent 9000 bytes to client
File streaming in progress - keeping connection alive
Waiting for events on port 8080...
=== GENERATING RESPONSE FOR CLIENT 5 ===
Continuing file streaming...
-----------------RESPONSE--------------
Continuing file streaming...
Reading from file stream...
Read 9000 bytes from file
Sent 9000 bytes to client
File streaming in progress - keeping connection alive
Waiting for events on port 8080...
=== GENERATING RESPONSE FOR CLIENT 5 ===
Continuing file streaming...
-----------------RESPONSE--------------
Continuing file streaming...
Reading from file stream...
Read 9000 bytes from file
Sent 9000 bytes to client
File streaming in progress - keeping connection alive
Waiting for events on port 8080...
=== GENERATING RESPONSE FOR CLIENT 5 ===
Continuing file streaming...
-----------------RESPONSE--------------
Continuing file streaming...
Reading from file stream...
Read 9000 bytes from file
Sent 9000 bytes to client
File streaming in progress - keeping connection alive
Waiting for events on port 8080...
=== GENERATING RESPONSE FOR CLIENT 5 ===
Continuing file streaming...
-----------------RESPONSE--------------
Continuing file streaming...
Reading from file stream...
Read 9000 bytes from file
Sent 9000 bytes to client
File streaming in progress - keeping connection alive
Waiting for events on port 8080...
=== GENERATING RESPONSE FOR CLIENT 5 ===
Continuing file streaming...
-----------------RESPONSE--------------
Continuing file streaming...
Reading from file stream...
Read 9000 bytes from file
Sent 9000 bytes to client
File streaming in progress - keeping connection alive
Waiting for events on port 8080...
=== GENERATING RESPONSE FOR CLIENT 5 ===
Continuing file streaming...
-----------------RESPONSE--------------
Continuing file streaming...
Reading from file stream...
Read 9000 bytes from file
Sent 9000 bytes to client
File streaming in progress - keeping connection alive
Waiting for events on port 8080...
=== GENERATING RESPONSE FOR CLIENT 5 ===
Continuing file streaming...
-----------------RESPONSE--------------
Continuing file streaming...
Reading from file stream...
Read 9000 bytes from file
Sent 9000 bytes to client
File streaming in progress - keeping connection alive
Waiting for events on port 8080...
=== GENERATING RESPONSE FOR CLIENT 5 ===
Continuing file streaming...
-----------------RESPONSE--------------
Continuing file streaming...
Reading from file stream...
Read 9000 bytes from file
Sent 9000 bytes to client
File streaming in progress - keeping connection alive
Waiting for events on port 8080...
=== GENERATING RESPONSE FOR CLIENT 5 ===
Continuing file streaming...
-----------------RESPONSE--------------
Continuing file streaming...
Reading from file stream...
Read 9000 bytes from file
Sent 9000 bytes to client
File streaming in progress - keeping connection alive
Waiting for events on port 8080...
=== GENERATING RESPONSE FOR CLIENT 5 ===
Continuing file streaming...
-----------------RESPONSE--------------
Continuing file streaming...
Reading from file stream...
Read 9000 bytes from file
Sent 9000 bytes to client
File streaming in progress - keeping connection alive
Waiting for events on port 8080...
=== GENERATING RESPONSE FOR CLIENT 5 ===
Continuing file streaming...
-----------------RESPONSE--------------
Continuing file streaming...
Reading from file stream...
Read 9000 bytes from file
Sent 9000 bytes to client
File streaming in progress - keeping connection alive
Waiting for events on port 8080...
=== GENERATING RESPONSE FOR CLIENT 5 ===
Continuing file streaming...
-----------------RESPONSE--------------
Continuing file streaming...
Reading from file stream...
Read 9000 bytes from file
Sent 9000 bytes to client
File streaming in progress - keeping connection alive
Waiting for events on port 8080...
=== GENERATING RESPONSE FOR CLIENT 5 ===
Continuing file streaming...
-----------------RESPONSE--------------
Continuing file streaming...
Reading from file stream...
Read 9000 bytes from file
Sent 9000 bytes to client
File streaming in progress - keeping connection alive
Waiting for events on port 8080...
=== GENERATING RESPONSE FOR CLIENT 5 ===
Continuing file streaming...
-----------------RESPONSE--------------
Continuing file streaming...
Reading from file stream...
Read 9000 bytes from file
Sent 9000 bytes to client
File streaming in progress - keeping connection alive
Waiting for events on port 8080...
=== GENERATING RESPONSE FOR CLIENT 5 ===
Continuing file streaming...
-----------------RESPONSE--------------
Continuing file streaming...
Reading from file stream...
Read 9000 bytes from file
Sent 9000 bytes to client
File streaming in progress - keeping connection alive
Waiting for events on port 8080...
=== GENERATING RESPONSE FOR CLIENT 5 ===
Continuing file streaming...
-----------------RESPONSE--------------
Continuing file streaming...
Reading from file stream...
Read 9000 bytes from file
Sent 9000 bytes to client
File streaming in progress - keeping connection alive
Waiting for events on port 8080...
=== GENERATING RESPONSE FOR CLIENT 5 ===
Continuing file streaming...
-----------------RESPONSE--------------
Continuing file streaming...
Reading from file stream...
Read 9000 bytes from file
Sent 9000 bytes to client
File streaming in progress - keeping connection alive
Waiting for events on port 8080...
=== GENERATING RESPONSE FOR CLIENT 5 ===
Continuing file streaming...
-----------------RESPONSE--------------
Continuing file streaming...
Reading from file stream...
Read 9000 bytes from file
Sent 9000 bytes to client
File streaming in progress - keeping connection alive
Waiting for events on port 8080...
=== GENERATING RESPONSE FOR CLIENT 5 ===
Continuing file streaming...
-----------------RESPONSE--------------
Continuing file streaming...
Reading from file stream...
Read 9000 bytes from file
Sent 9000 bytes to client
File streaming in progress - keeping connection alive
Waiting for events on port 8080...
=== GENERATING RESPONSE FOR CLIENT 5 ===
Continuing file streaming...
-----------------RESPONSE--------------
Continuing file streaming...
Reading from file stream...
Read 9000 bytes from file
Sent 9000 bytes to client
File streaming in progress - keeping connection alive
Waiting for events on port 8080...
=== GENERATING RESPONSE FOR CLIENT 5 ===
Continuing file streaming...
-----------------RESPONSE--------------
Continuing file streaming...
Reading from file stream...
Read 9000 bytes from file
Sent 9000 bytes to client
File streaming in progress - keeping connection alive
Waiting for events on port 8080...
=== GENERATING RESPONSE FOR CLIENT 5 ===
Continuing file streaming...
-----------------RESPONSE--------------
Continuing file streaming...
Reading from file stream...
Read 9000 bytes from file
Sent 9000 bytes to client
File streaming in progress - keeping connection alive
Waiting for events on port 8080...
=== GENERATING RESPONSE FOR CLIENT 5 ===
Continuing file streaming...
-----------------RESPONSE--------------
Continuing file streaming...
Reading from file stream...
Read 9000 bytes from file
Sent 9000 bytes to client
File streaming in progress - keeping connection alive
Waiting for events on port 8080...
=== GENERATING RESPONSE FOR CLIENT 5 ===
Continuing file streaming...
-----------------RESPONSE--------------
Continuing file streaming...
Reading from file stream...
Read 9000 bytes from file
Sent 9000 bytes to client
File streaming in progress - keeping connection alive
Waiting for events on port 8080...
=== GENERATING RESPONSE FOR CLIENT 5 ===
Continuing file streaming...
-----------------RESPONSE--------------
Continuing file streaming...
Reading from file stream...
Read 9000 bytes from file
Sent 9000 bytes to client
File streaming in progress - keeping connection alive
Waiting for events on port 8080...
=== GENERATING RESPONSE FOR CLIENT 5 ===
Continuing file streaming...
-----------------RESPONSE--------------
Continuing file streaming...
Reading from file stream...
Read 9000 bytes from file
Sent 9000 bytes to client
File streaming in progress - keeping connection alive
Waiting for events on port 8080...
=== GENERATING RESPONSE FOR CLIENT 5 ===
Continuing file streaming...
-----------------RESPONSE--------------
Continuing file streaming...
Reading from file stream...
Read 9000 bytes from file
Sent 9000 bytes to client
File streaming in progress - keeping connection alive
Waiting for events on port 8080...
=== GENERATING RESPONSE FOR CLIENT 5 ===
Continuing file streaming...
-----------------RESPONSE--------------
Continuing file streaming...
Reading from file stream...
Read 9000 bytes from file
Sent 9000 bytes to client
File streaming in progress - keeping connection alive
Waiting for events on port 8080...
=== GENERATING RESPONSE FOR CLIENT 5 ===
Continuing file streaming...
-----------------RESPONSE--------------
Continuing file streaming...
Reading from file stream...
Read 9000 bytes from file
Sent 9000 bytes to client
File streaming in progress - keeping connection alive
Waiting for events on port 8080...
=== GENERATING RESPONSE FOR CLIENT 5 ===
Continuing file streaming...
-----------------RESPONSE--------------
Continuing file streaming...
Reading from file stream...
Read 9000 bytes from file
Sent 9000 bytes to client
File streaming in progress - keeping connection alive
Waiting for events on port 8080...
=== GENERATING RESPONSE FOR CLIENT 5 ===
Continuing file streaming...
-----------------RESPONSE--------------
Continuing file streaming...
Reading from file stream...
Read 9000 bytes from file
Sent 9000 bytes to client
File streaming in progress - keeping connection alive
Waiting for events on port 8080...
=== GENERATING RESPONSE FOR CLIENT 5 ===
Continuing file streaming...
-----------------RESPONSE--------------
Continuing file streaming...
Reading from file stream...
Read 9000 bytes from file
Sent 9000 bytes to client
File streaming in progress - keeping connection alive
Waiting for events on port 8080...
=== GENERATING RESPONSE FOR CLIENT 5 ===
Continuing file streaming...
-----------------RESPONSE--------------
Continuing file streaming...
Reading from file stream...
Read 9000 bytes from file
Sent 9000 bytes to client
File streaming in progress - keeping connection alive
Waiting for events on port 8080...
=== GENERATING RESPONSE FOR CLIENT 5 ===
Continuing file streaming...
-----------------RESPONSE--------------
Continuing file streaming...
Reading from file stream...
Read 9000 bytes from file
Sent 9000 bytes to client
File streaming in progress - keeping connection alive
Waiting for events on port 8080...
=== GENERATING RESPONSE FOR CLIENT 5 ===
Continuing file streaming...
-----------------RESPONSE--------------
Continuing file streaming...
Reading from file stream...
Read 9000 bytes from file
Sent 9000 bytes to client
File streaming in progress - keeping connection alive
Waiting for events on port 8080...
=== GENERATING RESPONSE FOR CLIENT 5 ===
Continuing file streaming...
-----------------RESPONSE--------------
Continuing file streaming...
Reading from file stream...
Read 9000 bytes from file
Sent 9000 bytes to client
File streaming in progress - keeping connection alive
Waiting for events on port 8080...
=== GENERATING RESPONSE FOR CLIENT 5 ===
Continuing file streaming...
-----------------RESPONSE--------------
Continuing file streaming...
Reading from file stream...
Read 9000 bytes from file
Sent 9000 bytes to client
File streaming in progress - keeping connection alive
Waiting for events on port 8080...
=== GENERATING RESPONSE FOR CLIENT 5 ===
Continuing file streaming...
-----------------RESPONSE--------------
Continuing file streaming...
Reading from file stream...
Read 9000 bytes from file
Sent 9000 bytes to client
File streaming in progress - keeping connection alive
Waiting for events on port 8080...
=== GENERATING RESPONSE FOR CLIENT 5 ===
Continuing file streaming...
-----------------RESPONSE--------------
Continuing file streaming...
Reading from file stream...
Read 9000 bytes from file
Sent 9000 bytes to client
File streaming in progress - keeping connection alive
Waiting for events on port 8080...
=== GENERATING RESPONSE FOR CLIENT 5 ===
Continuing file streaming...
-----------------RESPONSE--------------
Continuing file streaming...
Reading from file stream...
Read 9000 bytes from file
Sent 9000 bytes to client
File streaming in progress - keeping connection alive
Waiting for events on port 8080...
=== GENERATING RESPONSE FOR CLIENT 5 ===
Continuing file streaming...
-----------------RESPONSE--------------
Continuing file streaming...
Reading from file stream...
Read 9000 bytes from file
Sent 9000 bytes to client
File streaming in progress - keeping connection alive
Waiting for events on port 8080...
=== GENERATING RESPONSE FOR CLIENT 5 ===
Continuing file streaming...
-----------------RESPONSE--------------
Continuing file streaming...
Reading from file stream...
Read 9000 bytes from file
Sent 9000 bytes to client
File streaming in progress - keeping connection alive
Waiting for events on port 8080...
=== GENERATING RESPONSE FOR CLIENT 5 ===
Continuing file streaming...
-----------------RESPONSE--------------
Continuing file streaming...
Reading from file stream...
Read 9000 bytes from file
Sent 9000 bytes to client
File streaming in progress - keeping connection alive
Waiting for events on port 8080...
=== GENERATING RESPONSE FOR CLIENT 5 ===
Continuing file streaming...
-----------------RESPONSE--------------
Continuing file streaming...
Reading from file stream...
Read 9000 bytes from file
Sent 9000 bytes to client
File streaming in progress - keeping connection alive
Waiting for events on port 8080...
=== GENERATING RESPONSE FOR CLIENT 5 ===
Continuing file streaming...
-----------------RESPONSE--------------
Continuing file streaming...
Reading from file stream...
Read 9000 bytes from file
Sent 9000 bytes to client
File streaming in progress - keeping connection alive
Waiting for events on port 8080...
=== GENERATING RESPONSE FOR CLIENT 5 ===
Continuing file streaming...
-----------------RESPONSE--------------
Continuing file streaming...
Reading from file stream...
Read 9000 bytes from file
Sent 9000 bytes to client
File streaming in progress - keeping connection alive
Waiting for events on port 8080...
=== GENERATING RESPONSE FOR CLIENT 5 ===
Continuing file streaming...
-----------------RESPONSE--------------
Continuing file streaming...
Reading from file stream...
Read 9000 bytes from file
Sent 9000 bytes to client
File streaming in progress - keeping connection alive
Waiting for events on port 8080...
=== GENERATING RESPONSE FOR CLIENT 5 ===
Continuing file streaming...
-----------------RESPONSE--------------
Continuing file streaming...
Reading from file stream...
Read 9000 bytes from file
Sent 9000 bytes to client
File streaming in progress - keeping connection alive
Waiting for events on port 8080...
=== GENERATING RESPONSE FOR CLIENT 5 ===
Continuing file streaming...
-----------------RESPONSE--------------
Continuing file streaming...
Reading from file stream...
Read 9000 bytes from file
Sent 9000 bytes to client
File streaming in progress - keeping connection alive
Waiting for events on port 8080...
=== GENERATING RESPONSE FOR CLIENT 5 ===
Continuing file streaming...
-----------------RESPONSE--------------
Continuing file streaming...
Reading from file stream...
Read 9000 bytes from file
Sent 9000 bytes to client
File streaming in progress - keeping connection alive
Waiting for events on port 8080...
=== GENERATING RESPONSE FOR CLIENT 5 ===
Continuing file streaming...
-----------------RESPONSE--------------
Continuing file streaming...
Reading from file stream...
Read 9000 bytes from file
Sent 9000 bytes to client
File streaming in progress - keeping connection alive
Waiting for events on port 8080...
=== GENERATING RESPONSE FOR CLIENT 5 ===
Continuing file streaming...
-----------------RESPONSE--------------
Continuing file streaming...
Reading from file stream...
Read 9000 bytes from file
Sent 9000 bytes to client
File streaming in progress - keeping connection alive
Waiting for events on port 8080...
=== GENERATING RESPONSE FOR CLIENT 5 ===
Continuing file streaming...
-----------------RESPONSE--------------
Continuing file streaming...
Reading from file stream...
Read 9000 bytes from file
Sent 9000 bytes to client
File streaming in progress - keeping connection alive
Waiting for events on port 8080...
=== GENERATING RESPONSE FOR CLIENT 5 ===
Continuing file streaming...
-----------------RESPONSE--------------
Continuing file streaming...
Reading from file stream...
Read 9000 bytes from file
Sent 9000 bytes to client
File streaming in progress - keeping connection alive
Waiting for events on port 8080...
=== GENERATING RESPONSE FOR CLIENT 5 ===
Continuing file streaming...
-----------------RESPONSE--------------
Continuing file streaming...
Reading from file stream...
Read 9000 bytes from file
Sent 9000 bytes to client
File streaming in progress - keeping connection alive
Waiting for events on port 8080...
=== GENERATING RESPONSE FOR CLIENT 5 ===
Continuing file streaming...
-----------------RESPONSE--------------
Continuing file streaming...
Reading from file stream...
Read 9000 bytes from file
Sent 9000 bytes to client
File streaming in progress - keeping connection alive
Waiting for events on port 8080...
=== GENERATING RESPONSE FOR CLIENT 5 ===
Continuing file streaming...
-----------------RESPONSE--------------
Continuing file streaming...
Reading from file stream...
Read 9000 bytes from file
Sent 9000 bytes to client
File streaming in progress - keeping connection alive
Waiting for events on port 8080...
=== GENERATING RESPONSE FOR CLIENT 5 ===
Continuing file streaming...
-----------------RESPONSE--------------
Continuing file streaming...
Reading from file stream...
Read 9000 bytes from file
Sent 9000 bytes to client
File streaming in progress - keeping connection alive
Waiting for events on port 8080...
=== GENERATING RESPONSE FOR CLIENT 5 ===
Continuing file streaming...
-----------------RESPONSE--------------
Continuing file streaming...
Reading from file stream...
Read 9000 bytes from file
Sent 9000 bytes to client
File streaming in progress - keeping connection alive
Waiting for events on port 8080...
=== GENERATING RESPONSE FOR CLIENT 5 ===
Continuing file streaming...
-----------------RESPONSE--------------
Continuing file streaming...
Reading from file stream...
Read 9000 bytes from file
Sent 9000 bytes to client
File streaming in progress - keeping connection alive
Waiting for events on port 8080...
=== GENERATING RESPONSE FOR CLIENT 5 ===
Continuing file streaming...
-----------------RESPONSE--------------
Continuing file streaming...
Reading from file stream...
Read 9000 bytes from file
Sent 9000 bytes to client
File streaming in progress - keeping connection alive
Waiting for events on port 8080...
=== GENERATING RESPONSE FOR CLIENT 5 ===
Continuing file streaming...
-----------------RESPONSE--------------
Continuing file streaming...
Reading from file stream...
Read 9000 bytes from file
Sent 9000 bytes to client
File streaming in progress - keeping connection alive
Waiting for events on port 8080...
=== GENERATING RESPONSE FOR CLIENT 5 ===
Continuing file streaming...
-----------------RESPONSE--------------
Continuing file streaming...
Reading from file stream...
Read 9000 bytes from file
Sent 9000 bytes to client
File streaming in progress - keeping connection alive
Waiting for events on port 8080...
=== GENERATING RESPONSE FOR CLIENT 5 ===
Continuing file streaming...
-----------------RESPONSE--------------
Continuing file streaming...
Reading from file stream...
Read 9000 bytes from file
Sent 9000 bytes to client
File streaming in progress - keeping connection alive
Waiting for events on port 8080...
=== GENERATING RESPONSE FOR CLIENT 5 ===
Continuing file streaming...
-----------------RESPONSE--------------
Continuing file streaming...
Reading from file stream...
Read 9000 bytes from file
Sent 9000 bytes to client
File streaming in progress - keeping connection alive
Waiting for events on port 8080...
=== GENERATING RESPONSE FOR CLIENT 5 ===
Continuing file streaming...
-----------------RESPONSE--------------
Continuing file streaming...
Reading from file stream...
Read 9000 bytes from file
Sent 9000 bytes to client
File streaming in progress - keeping connection alive
Waiting for events on port 8080...
=== GENERATING RESPONSE FOR CLIENT 5 ===
Continuing file streaming...
-----------------RESPONSE--------------
Continuing file streaming...
Reading from file stream...
Read 9000 bytes from file
Sent 9000 bytes to client
File streaming in progress - keeping connection alive
Waiting for events on port 8080...
=== GENERATING RESPONSE FOR CLIENT 5 ===
Continuing file streaming...
-----------------RESPONSE--------------
Continuing file streaming...
Reading from file stream...
Read 9000 bytes from file
Sent 9000 bytes to client
File streaming in progress - keeping connection alive
Waiting for events on port 8080...
=== GENERATING RESPONSE FOR CLIENT 5 ===
Continuing file streaming...
-----------------RESPONSE--------------
Continuing file streaming...
Reading from file stream...
Read 9000 bytes from file
Sent 9000 bytes to client
File streaming in progress - keeping connection alive
Waiting for events on port 8080...
=== GENERATING RESPONSE FOR CLIENT 5 ===
Continuing file streaming...
-----------------RESPONSE--------------
Continuing file streaming...
Reading from file stream...
Read 9000 bytes from file
Sent 9000 bytes to client
File streaming in progress - keeping connection alive
Waiting for events on port 8080...
=== GENERATING RESPONSE FOR CLIENT 5 ===
Continuing file streaming...
-----------------RESPONSE--------------
Continuing file streaming...
Reading from file stream...
Read 9000 bytes from file
Sent 9000 bytes to client
File streaming in progress - keeping connection alive
Waiting for events on port 8080...
=== GENERATING RESPONSE FOR CLIENT 5 ===
Continuing file streaming...
-----------------RESPONSE--------------
Continuing file streaming...
Reading from file stream...
Read 9000 bytes from file
Sent 9000 bytes to client
File streaming in progress - keeping connection alive
Waiting for events on port 8080...
=== GENERATING RESPONSE FOR CLIENT 5 ===
Continuing file streaming...
-----------------RESPONSE--------------
Continuing file streaming...
Reading from file stream...
Read 9000 bytes from file
Sent 9000 bytes to client
File streaming in progress - keeping connection alive
Waiting for events on port 8080...
=== GENERATING RESPONSE FOR CLIENT 5 ===
Continuing file streaming...
-----------------RESPONSE--------------
Continuing file streaming...
Reading from file stream...
Read 9000 bytes from file
Sent 9000 bytes to client
File streaming in progress - keeping connection alive
Waiting for events on port 8080...
=== GENERATING RESPONSE FOR CLIENT 5 ===
Continuing file streaming...
-----------------RESPONSE--------------
Continuing file streaming...
Reading from file stream...
Read 9000 bytes from file
Sent 9000 bytes to client
File streaming in progress - keeping connection alive
Waiting for events on port 8080...
=== GENERATING RESPONSE FOR CLIENT 5 ===
Continuing file streaming...
-----------------RESPONSE--------------
Continuing file streaming...
Reading from file stream...
Read 9000 bytes from file
Sent 9000 bytes to client
File streaming in progress - keeping connection alive
Waiting for events on port 8080...
=== GENERATING RESPONSE FOR CLIENT 5 ===
Continuing file streaming...
-----------------RESPONSE--------------
Continuing file streaming...
Reading from file stream...
Read 9000 bytes from file
Sent 9000 bytes to client
File streaming in progress - keeping connection alive
Waiting for events on port 8080...
=== GENERATING RESPONSE FOR CLIENT 5 ===
Continuing file streaming...
-----------------RESPONSE--------------
Continuing file streaming...
Reading from file stream...
Read 9000 bytes from file
Sent 9000 bytes to client
File streaming in progress - keeping connection alive
Waiting for events on port 8080...
=== GENERATING RESPONSE FOR CLIENT 5 ===
Continuing file streaming...
-----------------RESPONSE--------------
Continuing file streaming...
Reading from file stream...
Read 9000 bytes from file
Sent 9000 bytes to client
File streaming in progress - keeping connection alive
Waiting for events on port 8080...
=== GENERATING RESPONSE FOR CLIENT 5 ===
Continuing file streaming...
-----------------RESPONSE--------------
Continuing file streaming...
Reading from file stream...
Read 9000 bytes from file
Sent 9000 bytes to client
File streaming in progress - keeping connection alive
Waiting for events on port 8080...
=== GENERATING RESPONSE FOR CLIENT 5 ===
Continuing file streaming...
-----------------RESPONSE--------------
Continuing file streaming...
Reading from file stream...
Read 9000 bytes from file
Sent 9000 bytes to client
File streaming in progress - keeping connection alive
Waiting for events on port 8080...
=== GENERATING RESPONSE FOR CLIENT 5 ===
Continuing file streaming...
-----------------RESPONSE--------------
Continuing file streaming...
Reading from file stream...
Read 9000 bytes from file
Sent 9000 bytes to client
File streaming in progress - keeping connection alive
Waiting for events on port 8080...
=== GENERATING RESPONSE FOR CLIENT 5 ===
Continuing file streaming...
-----------------RESPONSE--------------
Continuing file streaming...
Reading from file stream...
Read 9000 bytes from file
Sent 9000 bytes to client
File streaming in progress - keeping connection alive
Waiting for events on port 8080...
=== GENERATING RESPONSE FOR CLIENT 5 ===
Continuing file streaming...
-----------------RESPONSE--------------
Continuing file streaming...
Reading from file stream...
Read 9000 bytes from file
Sent 9000 bytes to client
File streaming in progress - keeping connection alive
Waiting for events on port 8080...
=== GENERATING RESPONSE FOR CLIENT 5 ===
Continuing file streaming...
-----------------RESPONSE--------------
Continuing file streaming...
Reading from file stream...
Read 9000 bytes from file
Sent 9000 bytes to client
File streaming in progress - keeping connection alive
Waiting for events on port 8080...
=== GENERATING RESPONSE FOR CLIENT 5 ===
Continuing file streaming...
-----------------RESPONSE--------------
Continuing file streaming...
Reading from file stream...
Read 9000 bytes from file
Sent 9000 bytes to client
File streaming in progress - keeping connection alive
Waiting for events on port 8080...
=== GENERATING RESPONSE FOR CLIENT 5 ===
Continuing file streaming...
-----------------RESPONSE--------------
Continuing file streaming...
Reading from file stream...
Read 9000 bytes from file
Sent 9000 bytes to client
File streaming in progress - keeping connection alive
Waiting for events on port 8080...
=== GENERATING RESPONSE FOR CLIENT 5 ===
Continuing file streaming...
-----------------RESPONSE--------------
Continuing file streaming...
Reading from file stream...
Read 9000 bytes from file
Sent 9000 bytes to client
File streaming in progress - keeping connection alive
Waiting for events on port 8080...
=== GENERATING RESPONSE FOR CLIENT 5 ===
Continuing file streaming...
-----------------RESPONSE--------------
Continuing file streaming...
Reading from file stream...
Read 9000 bytes from file
Sent 9000 bytes to client
File streaming in progress - keeping connection alive
Waiting for events on port 8080...
=== GENERATING RESPONSE FOR CLIENT 5 ===
Continuing file streaming...
-----------------RESPONSE--------------
Continuing file streaming...
Reading from file stream...
Read 9000 bytes from file
Sent 9000 bytes to client
File streaming in progress - keeping connection alive
Waiting for events on port 8080...
=== GENERATING RESPONSE FOR CLIENT 5 ===
Continuing file streaming...
-----------------RESPONSE--------------
Continuing file streaming...
Reading from file stream...
Read 9000 bytes from file
Sent 9000 bytes to client
File streaming in progress - keeping connection alive
Waiting for events on port 8080...
=== GENERATING RESPONSE FOR CLIENT 5 ===
Continuing file streaming...
-----------------RESPONSE--------------
Continuing file streaming...
Reading from file stream...
Read 9000 bytes from file
Sent 9000 bytes to client
File streaming in progress - keeping connection alive
Waiting for events on port 8080...
=== GENERATING RESPONSE FOR CLIENT 5 ===
Continuing file streaming...
-----------------RESPONSE--------------
Continuing file streaming...
Reading from file stream...
Read 9000 bytes from file
Sent 9000 bytes to client
File streaming in progress - keeping connection alive
Waiting for events on port 8080...
=== GENERATING RESPONSE FOR CLIENT 5 ===
Continuing file streaming...
-----------------RESPONSE--------------
Continuing file streaming...
Reading from file stream...
Read 9000 bytes from file
Sent 9000 bytes to client
File streaming in progress - keeping connection alive
Waiting for events on port 8080...
=== GENERATING RESPONSE FOR CLIENT 5 ===
Continuing file streaming...
-----------------RESPONSE--------------
Continuing file streaming...
Reading from file stream...
Read 9000 bytes from file
Sent 9000 bytes to client
File streaming in progress - keeping connection alive
Waiting for events on port 8080...
=== GENERATING RESPONSE FOR CLIENT 5 ===
Continuing file streaming...
-----------------RESPONSE--------------
Continuing file streaming...
Reading from file stream...
Read 9000 bytes from file
Sent 9000 bytes to client
File streaming in progress - keeping connection alive
Waiting for events on port 8080...
=== GENERATING RESPONSE FOR CLIENT 5 ===
Continuing file streaming...
-----------------RESPONSE--------------
Continuing file streaming...
Reading from file stream...
Read 9000 bytes from file
Sent 9000 bytes to client
File streaming in progress - keeping connection alive
Waiting for events on port 8080...
=== GENERATING RESPONSE FOR CLIENT 5 ===
Continuing file streaming...
-----------------RESPONSE--------------
Continuing file streaming...
Reading from file stream...
Read 9000 bytes from file
Sent 9000 bytes to client
File streaming in progress - keeping connection alive
Waiting for events on port 8080...
=== GENERATING RESPONSE FOR CLIENT 5 ===
Continuing file streaming...
-----------------RESPONSE--------------
Continuing file streaming...
Reading from file stream...
Read 9000 bytes from file
Sent 9000 bytes to client
File streaming in progress - keeping connection alive
Waiting for events on port 8080...
=== GENERATING RESPONSE FOR CLIENT 5 ===
Continuing file streaming...
-----------------RESPONSE--------------
Continuing file streaming...
Reading from file stream...
Read 9000 bytes from file
Sent 9000 bytes to client
File streaming in progress - keeping connection alive
Waiting for events on port 8080...
=== GENERATING RESPONSE FOR CLIENT 5 ===
Continuing file streaming...
-----------------RESPONSE--------------
Continuing file streaming...
Reading from file stream...
Read 9000 bytes from file
Sent 9000 bytes to client
File streaming in progress - keeping connection alive
Waiting for events on port 8080...
=== GENERATING RESPONSE FOR CLIENT 5 ===
Continuing file streaming...
-----------------RESPONSE--------------
Continuing file streaming...
Reading from file stream...
Read 9000 bytes from file
Sent 9000 bytes to client
File streaming in progress - keeping connection alive
Waiting for events on port 8080...
=== GENERATING RESPONSE FOR CLIENT 5 ===
Continuing file streaming...
-----------------RESPONSE--------------
Continuing file streaming...
Reading from file stream...
Read 9000 bytes from file
Sent 9000 bytes to client
File streaming in progress - keeping connection alive
Waiting for events on port 8080...
=== GENERATING RESPONSE FOR CLIENT 5 ===
Continuing file streaming...
-----------------RESPONSE--------------
Continuing file streaming...
Reading from file stream...
Read 9000 bytes from file
Sent 9000 bytes to client
File streaming in progress - keeping connection alive
Waiting for events on port 8080...
=== GENERATING RESPONSE FOR CLIENT 5 ===
Continuing file streaming...
-----------------RESPONSE--------------
Continuing file streaming...
Reading from file stream...
Read 9000 bytes from file
Sent 9000 bytes to client
File streaming in progress - keeping connection alive
Waiting for events on port 8080...
=== GENERATING RESPONSE FOR CLIENT 5 ===
Continuing file streaming...
-----------------RESPONSE--------------
Continuing file streaming...
Reading from file stream...
Read 9000 bytes from file
Sent 9000 bytes to client
File streaming in progress - keeping connection alive
Waiting for events on port 8080...
=== GENERATING RESPONSE FOR CLIENT 5 ===
Continuing file streaming...
-----------------RESPONSE--------------
Continuing file streaming...
Reading from file stream...
Read 9000 bytes from file
Sent 9000 bytes to client
File streaming in progress - keeping connection alive
Waiting for events on port 8080...
=== GENERATING RESPONSE FOR CLIENT 5 ===
Continuing file streaming...
-----------------RESPONSE--------------
Continuing file streaming...
Reading from file stream...
Read 9000 bytes from file
Sent 9000 bytes to client
File streaming in progress - keeping connection alive
Waiting for events on port 8080...
=== GENERATING RESPONSE FOR CLIENT 5 ===
Continuing file streaming...
-----------------RESPONSE--------------
Continuing file streaming...
Reading from file stream...
Read 9000 bytes from file
Sent 9000 bytes to client
File streaming in progress - keeping connection alive
Waiting for events on port 8080...
=== GENERATING RESPONSE FOR CLIENT 5 ===
Continuing file streaming...
-----------------RESPONSE--------------
Continuing file streaming...
Reading from file stream...
Read 9000 bytes from file
Sent 9000 bytes to client
File streaming in progress - keeping connection alive
Waiting for events on port 8080...
=== GENERATING RESPONSE FOR CLIENT 5 ===
Continuing file streaming...
-----------------RESPONSE--------------
Continuing file streaming...
Reading from file stream...
Read 9000 bytes from file
Sent 9000 bytes to client
File streaming in progress - keeping connection alive
Waiting for events on port 8080...
=== GENERATING RESPONSE FOR CLIENT 5 ===
Continuing file streaming...
-----------------RESPONSE--------------
Continuing file streaming...
Reading from file stream...
Read 9000 bytes from file
Sent 9000 bytes to client
File streaming in progress - keeping connection alive
Waiting for events on port 8080...
=== GENERATING RESPONSE FOR CLIENT 5 ===
Continuing file streaming...
-----------------RESPONSE--------------
Continuing file streaming...
Reading from file stream...
Read 9000 bytes from file
Sent 9000 bytes to client
File streaming in progress - keeping connection alive
Waiting for events on port 8080...
=== GENERATING RESPONSE FOR CLIENT 5 ===
Continuing file streaming...
-----------------RESPONSE--------------
Continuing file streaming...
Reading from file stream...
Read 9000 bytes from file
Sent 9000 bytes to client
File streaming in progress - keeping connection alive
Waiting for events on port 8080...
=== GENERATING RESPONSE FOR CLIENT 5 ===
Continuing file streaming...
-----------------RESPONSE--------------
Continuing file streaming...
Reading from file stream...
Read 9000 bytes from file
Sent 9000 bytes to client
File streaming in progress - keeping connection alive
Waiting for events on port 8080...
=== GENERATING RESPONSE FOR CLIENT 5 ===
Continuing file streaming...
-----------------RESPONSE--------------
Continuing file streaming...
Reading from file stream...
Read 9000 bytes from file
Sent 9000 bytes to client
File streaming in progress - keeping connection alive
Waiting for events on port 8080...
=== GENERATING RESPONSE FOR CLIENT 5 ===
Continuing file streaming...
-----------------RESPONSE--------------
Continuing file streaming...
Reading from file stream...
Read 9000 bytes from file
Sent 9000 bytes to client
File streaming in progress - keeping connection alive
Waiting for events on port 8080...
=== GENERATING RESPONSE FOR CLIENT 5 ===
Continuing file streaming...
-----------------RESPONSE--------------
Continuing file streaming...
Reading from file stream...
Read 9000 bytes from file
Sent 9000 bytes to client
File streaming in progress - keeping connection alive
Waiting for events on port 8080...
=== GENERATING RESPONSE FOR CLIENT 5 ===
Continuing file streaming...
-----------------RESPONSE--------------
Continuing file streaming...
Reading from file stream...
Read 9000 bytes from file
Sent 9000 bytes to client
File streaming in progress - keeping connection alive
Waiting for events on port 8080...
=== GENERATING RESPONSE FOR CLIENT 5 ===
Continuing file streaming...
-----------------RESPONSE--------------
Continuing file streaming...
Reading from file stream...
Read 9000 bytes from file
Sent 9000 bytes to client
File streaming in progress - keeping connection alive
Waiting for events on port 8080...
=== GENERATING RESPONSE FOR CLIENT 5 ===
Continuing file streaming...
-----------------RESPONSE--------------
Continuing file streaming...
Reading from file stream...
Read 9000 bytes from file
Sent 9000 bytes to client
File streaming in progress - keeping connection alive
Waiting for events on port 8080...
=== GENERATING RESPONSE FOR CLIENT 5 ===
Continuing file streaming...
-----------------RESPONSE--------------
Continuing file streaming...
Reading from file stream...
Read 9000 bytes from file
Sent 9000 bytes to client
File streaming in progress - keeping connection alive
Waiting for events on port 8080...
=== GENERATING RESPONSE FOR CLIENT 5 ===
Continuing file streaming...
-----------------RESPONSE--------------
Continuing file streaming...
Reading from file stream...
Read 9000 bytes from file
Sent 9000 bytes to client
File streaming in progress - keeping connection alive
Waiting for events on port 8080...
=== GENERATING RESPONSE FOR CLIENT 5 ===
Continuing file streaming...
-----------------RESPONSE--------------
Continuing file streaming...
Reading from file stream...
Read 9000 bytes from file
Sent 9000 bytes to client
File streaming in progress - keeping connection alive
Waiting for events on port 8080...
=== GENERATING RESPONSE FOR CLIENT 5 ===
Continuing file streaming...
-----------------RESPONSE--------------
Continuing file streaming...
Reading from file stream...
Read 9000 bytes from file
Sent 9000 bytes to client
File streaming in progress - keeping connection alive
Waiting for events on port 8080...
=== GENERATING RESPONSE FOR CLIENT 5 ===
Continuing file streaming...
-----------------RESPONSE--------------
Continuing file streaming...
Reading from file stream...
Read 9000 bytes from file
Sent 9000 bytes to client
File streaming in progress - keeping connection alive
Waiting for events on port 8080...
=== GENERATING RESPONSE FOR CLIENT 5 ===
Continuing file streaming...
-----------------RESPONSE--------------
Continuing file streaming...
Reading from file stream...
Read 9000 bytes from file
Sent 9000 bytes to client
File streaming in progress - keeping connection alive
Waiting for events on port 8080...
=== GENERATING RESPONSE FOR CLIENT 5 ===
Continuing file streaming...
-----------------RESPONSE--------------
Continuing file streaming...
Reading from file stream...
Read 9000 bytes from file
Sent 9000 bytes to client
File streaming in progress - keeping connection alive
Waiting for events on port 8080...
=== GENERATING RESPONSE FOR CLIENT 5 ===
Continuing file streaming...
-----------------RESPONSE--------------
Continuing file streaming...
Reading from file stream...
Read 9000 bytes from file
Sent 9000 bytes to client
File streaming in progress - keeping connection alive
Waiting for events on port 8080...
=== GENERATING RESPONSE FOR CLIENT 5 ===
Continuing file streaming...
-----------------RESPONSE--------------
Continuing file streaming...
Reading from file stream...
Read 9000 bytes from file
Sent 9000 bytes to client
File streaming in progress - keeping connection alive
Waiting for events on port 8080...
=== GENERATING RESPONSE FOR CLIENT 5 ===
Continuing file streaming...
-----------------RESPONSE--------------
Continuing file streaming...
Reading from file stream...
Read 9000 bytes from file
Sent 9000 bytes to client
File streaming in progress - keeping connection alive
Waiting for events on port 8080...
=== GENERATING RESPONSE FOR CLIENT 5 ===
Continuing file streaming...
-----------------RESPONSE--------------
Continuing file streaming...
Reading from file stream...
Read 9000 bytes from file
Sent 9000 bytes to client
File streaming in progress - keeping connection alive
Waiting for events on port 8080...
=== GENERATING RESPONSE FOR CLIENT 5 ===
Continuing file streaming...
-----------------RESPONSE--------------
Continuing file streaming...
Reading from file stream...
Read 9000 bytes from file
Sent 9000 bytes to client
File streaming in progress - keeping connection alive
Waiting for events on port 8080...
=== GENERATING RESPONSE FOR CLIENT 5 ===
Continuing file streaming...
-----------------RESPONSE--------------
Continuing file streaming...
Reading from file stream...
Read 9000 bytes from file
Sent 9000 bytes to client
File streaming in progress - keeping connection alive
Waiting for events on port 8080...
=== GENERATING RESPONSE FOR CLIENT 5 ===
Continuing file streaming...
-----------------RESPONSE--------------
Continuing file streaming...
Reading from file stream...
Read 9000 bytes from file
Sent 9000 bytes to client
File streaming in progress - keeping connection alive
Waiting for events on port 8080...
=== GENERATING RESPONSE FOR CLIENT 5 ===
Continuing file streaming...
-----------------RESPONSE--------------
Continuing file streaming...
Reading from file stream...
Read 9000 bytes from file
Sent 9000 bytes to client
File streaming in progress - keeping connection alive
Waiting for events on port 8080...
=== GENERATING RESPONSE FOR CLIENT 5 ===
Continuing file streaming...
-----------------RESPONSE--------------
Continuing file streaming...
Reading from file stream...
Read 9000 bytes from file
Sent 9000 bytes to client
File streaming in progress - keeping connection alive
Waiting for events on port 8080...
=== GENERATING RESPONSE FOR CLIENT 5 ===
Continuing file streaming...
-----------------RESPONSE--------------
Continuing file streaming...
Reading from file stream...
Read 9000 bytes from file
Sent 9000 bytes to client
File streaming in progress - keeping connection alive
Waiting for events on port 8080...
=== GENERATING RESPONSE FOR CLIENT 5 ===
Continuing file streaming...
-----------------RESPONSE--------------
Continuing file streaming...
Reading from file stream...
Read 9000 bytes from file
Sent 9000 bytes to client
File streaming in progress - keeping connection alive
Waiting for events on port 8080...
=== GENERATING RESPONSE FOR CLIENT 5 ===
Continuing file streaming...
-----------------RESPONSE--------------
Continuing file streaming...
Reading from file stream...
Read 9000 bytes from file
Sent 9000 bytes to client
File streaming in progress - keeping connection alive
Waiting for events on port 8080...
=== GENERATING RESPONSE FOR CLIENT 5 ===
Continuing file streaming...
-----------------RESPONSE--------------
Continuing file streaming...
Reading from file stream...
Read 9000 bytes from file
Sent 9000 bytes to client
File streaming in progress - keeping connection alive
Waiting for events on port 8080...
=== GENERATING RESPONSE FOR CLIENT 5 ===
Continuing file streaming...
-----------------RESPONSE--------------
Continuing file streaming...
Reading from file stream...
Read 9000 bytes from file
Sent 9000 bytes to client
File streaming in progress - keeping connection alive
Waiting for events on port 8080...
=== GENERATING RESPONSE FOR CLIENT 5 ===
Continuing file streaming...
-----------------RESPONSE--------------
Continuing file streaming...
Reading from file stream...
Read 9000 bytes from file
Sent 9000 bytes to client
File streaming in progress - keeping connection alive
Waiting for events on port 8080...
No events (timeout)
Waiting for events on port 8080...
No events (timeout)
Waiting for events on port 8080...
No events (timeout)
Waiting for events on port 8080...
No events (timeout)
Waiting for events on port 8080...
=== GENERATING RESPONSE FOR CLIENT 5 ===
Continuing file streaming...
-----------------RESPONSE--------------
Continuing file streaming...
Reading from file stream...
Read 9000 bytes from file
Sent 9000 bytes to client
File streaming in progress - keeping connection alive
Waiting for events on port 8080...
=== GENERATING RESPONSE FOR CLIENT 5 ===
Continuing file streaming...
-----------------RESPONSE--------------
Continuing file streaming...
Reading from file stream...
Read 9000 bytes from file
Sent 9000 bytes to client
File streaming in progress - keeping connection alive
Waiting for events on port 8080...
=== GENERATING RESPONSE FOR CLIENT 5 ===
Continuing file streaming...
-----------------RESPONSE--------------
Continuing file streaming...
Reading from file stream...
Read 9000 bytes from file
Sent 9000 bytes to client
File streaming in progress - keeping connection alive
Waiting for events on port 8080...
=== GENERATING RESPONSE FOR CLIENT 5 ===
Continuing file streaming...
-----------------RESPONSE--------------
Continuing file streaming...
Reading from file stream...
Read 9000 bytes from file
Sent 9000 bytes to client
File streaming in progress - keeping connection alive
Waiting for events on port 8080...
=== GENERATING RESPONSE FOR CLIENT 5 ===
Continuing file streaming...
-----------------RESPONSE--------------
Continuing file streaming...
Reading from file stream...
Read 9000 bytes from file
Sent 9000 bytes to client
File streaming in progress - keeping connection alive
Waiting for events on port 8080...
=== GENERATING RESPONSE FOR CLIENT 5 ===
Continuing file streaming...
-----------------RESPONSE--------------
Continuing file streaming...
Reading from file stream...
Read 9000 bytes from file
Sent 9000 bytes to client
File streaming in progress - keeping connection alive
Waiting for events on port 8080...
=== GENERATING RESPONSE FOR CLIENT 5 ===
Continuing file streaming...
-----------------RESPONSE--------------
Continuing file streaming...
Reading from file stream...
Read 9000 bytes from file
Sent 9000 bytes to client
File streaming in progress - keeping connection alive
Waiting for events on port 8080...
=== GENERATING RESPONSE FOR CLIENT 5 ===
Continuing file streaming...
-----------------RESPONSE--------------
Continuing file streaming...
Reading from file stream...
Read 9000 bytes from file
Sent 9000 bytes to client
File streaming in progress - keeping connection alive
Waiting for events on port 8080...
=== GENERATING RESPONSE FOR CLIENT 5 ===
Continuing file streaming...
-----------------RESPONSE--------------
Continuing file streaming...
Reading from file stream...
Read 9000 bytes from file
Sent 9000 bytes to client
File streaming in progress - keeping connection alive
Waiting for events on port 8080...
=== GENERATING RESPONSE FOR CLIENT 5 ===
Continuing file streaming...
-----------------RESPONSE--------------
Continuing file streaming...
Reading from file stream...
Read 9000 bytes from file
Sent 9000 bytes to client
File streaming in progress - keeping connection alive
Waiting for events on port 8080...
=== GENERATING RESPONSE FOR CLIENT 5 ===
Continuing file streaming...
-----------------RESPONSE--------------
Continuing file streaming...
Reading from file stream...
Read 9000 bytes from file
Sent 9000 bytes to client
File streaming in progress - keeping connection alive
Waiting for events on port 8080...
=== GENERATING RESPONSE FOR CLIENT 5 ===
Continuing file streaming...
-----------------RESPONSE--------------
Continuing file streaming...
Reading from file stream...
Read 9000 bytes from file
Sent 9000 bytes to client
File streaming in progress - keeping connection alive
Waiting for events on port 8080...
=== GENERATING RESPONSE FOR CLIENT 5 ===
Continuing file streaming...
-----------------RESPONSE--------------
Continuing file streaming...
Reading from file stream...
Read 9000 bytes from file
Sent 9000 bytes to client
File streaming in progress - keeping connection alive
Waiting for events on port 8080...
=== GENERATING RESPONSE FOR CLIENT 5 ===
Continuing file streaming...
-----------------RESPONSE--------------
Continuing file streaming...
Reading from file stream...
Read 9000 bytes from file
Sent 9000 bytes to client
File streaming in progress - keeping connection alive
Waiting for events on port 8080...
=== GENERATING RESPONSE FOR CLIENT 5 ===
Continuing file streaming...
-----------------RESPONSE--------------
Continuing file streaming...
Reading from file stream...
Read 9000 bytes from file
Sent 9000 bytes to client
File streaming in progress - keeping connection alive
Waiting for events on port 8080...
=== GENERATING RESPONSE FOR CLIENT 5 ===
Continuing file streaming...
-----------------RESPONSE--------------
Continuing file streaming...
Reading from file stream...
Read 9000 bytes from file
Sent 9000 bytes to client
File streaming in progress - keeping connection alive
Waiting for events on port 8080...
=== GENERATING RESPONSE FOR CLIENT 5 ===
Continuing file streaming...
-----------------RESPONSE--------------
Continuing file streaming...
Reading from file stream...
Read 9000 bytes from file
Sent 9000 bytes to client
File streaming in progress - keeping connection alive
Waiting for events on port 8080...
=== GENERATING RESPONSE FOR CLIENT 5 ===
Continuing file streaming...
-----------------RESPONSE--------------
Continuing file streaming...
Reading from file stream...
Read 9000 bytes from file
Sent 9000 bytes to client
File streaming in progress - keeping connection alive
Waiting for events on port 8080...
=== GENERATING RESPONSE FOR CLIENT 5 ===
Continuing file streaming...
-----------------RESPONSE--------------
Continuing file streaming...
Reading from file stream...
Read 9000 bytes from file
Sent 9000 bytes to client
File streaming in progress - keeping connection alive
Waiting for events on port 8080...
=== GENERATING RESPONSE FOR CLIENT 5 ===
Continuing file streaming...
-----------------RESPONSE--------------
Continuing file streaming...
Reading from file stream...
Read 9000 bytes from file
Sent 9000 bytes to client
File streaming in progress - keeping connection alive
Waiting for events on port 8080...
=== GENERATING RESPONSE FOR CLIENT 5 ===
Continuing file streaming...
-----------------RESPONSE--------------
Continuing file streaming...
Reading from file stream...
Read 9000 bytes from file
Sent 9000 bytes to client
File streaming in progress - keeping connection alive
Waiting for events on port 8080...
=== GENERATING RESPONSE FOR CLIENT 5 ===
Continuing file streaming...
-----------------RESPONSE--------------
Continuing file streaming...
Reading from file stream...
Read 9000 bytes from file
Sent 9000 bytes to client
File streaming in progress - keeping connection alive
Waiting for events on port 8080...
=== GENERATING RESPONSE FOR CLIENT 5 ===
Continuing file streaming...
-----------------RESPONSE--------------
Continuing file streaming...
Reading from file stream...
Read 9000 bytes from file
Sent 9000 bytes to client
File streaming in progress - keeping connection alive
Waiting for events on port 8080...
=== GENERATING RESPONSE FOR CLIENT 5 ===
Continuing file streaming...
-----------------RESPONSE--------------
Continuing file streaming...
Reading from file stream...
Read 9000 bytes from file
Sent 9000 bytes to client
File streaming in progress - keeping connection alive
Waiting for events on port 8080...
=== GENERATING RESPONSE FOR CLIENT 5 ===
Continuing file streaming...
-----------------RESPONSE--------------
Continuing file streaming...
Reading from file stream...
Read 9000 bytes from file
Sent 9000 bytes to client
File streaming in progress - keeping connection alive
Waiting for events on port 8080...
=== GENERATING RESPONSE FOR CLIENT 5 ===
Continuing file streaming...
-----------------RESPONSE--------------
Continuing file streaming...
Reading from file stream...
Read 9000 bytes from file
Sent 9000 bytes to client
File streaming in progress - keeping connection alive
Waiting for events on port 8080...
=== GENERATING RESPONSE FOR CLIENT 5 ===
Continuing file streaming...
-----------------RESPONSE--------------
Continuing file streaming...
Reading from file stream...
Read 9000 bytes from file
Sent 9000 bytes to client
File streaming in progress - keeping connection alive
Waiting for events on port 8080...
=== GENERATING RESPONSE FOR CLIENT 5 ===
Continuing file streaming...
-----------------RESPONSE--------------
Continuing file streaming...
Reading from file stream...
Read 9000 bytes from file
Sent 9000 bytes to client
File streaming in progress - keeping connection alive
Waiting for events on port 8080...
=== GENERATING RESPONSE FOR CLIENT 5 ===
Continuing file streaming...
-----------------RESPONSE--------------
Continuing file streaming...
Reading from file stream...
Read 9000 bytes from file
Sent 9000 bytes to client
File streaming in progress - keeping connection alive
Waiting for events on port 8080...
=== GENERATING RESPONSE FOR CLIENT 5 ===
Continuing file streaming...
-----------------RESPONSE--------------
Continuing file streaming...
Reading from file stream...
Read 9000 bytes from file
Sent 9000 bytes to client
File streaming in progress - keeping connection alive
Waiting for events on port 8080...
=== GENERATING RESPONSE FOR CLIENT 5 ===
Continuing file streaming...
-----------------RESPONSE--------------
Continuing file streaming...
Reading from file stream...
Read 9000 bytes from file
Sent 9000 bytes to client
File streaming in progress - keeping connection alive
Waiting for events on port 8080...
=== GENERATING RESPONSE FOR CLIENT 5 ===
Continuing file streaming...
-----------------RESPONSE--------------
Continuing file streaming...
Reading from file stream...
Read 9000 bytes from file
Sent 9000 bytes to client
File streaming in progress - keeping connection alive
Waiting for events on port 8080...
=== GENERATING RESPONSE FOR CLIENT 5 ===
Continuing file streaming...
-----------------RESPONSE--------------
Continuing file streaming...
Reading from file stream...
Read 9000 bytes from file
Sent 9000 bytes to client
File streaming in progress - keeping connection alive
Waiting for events on port 8080...
=== GENERATING RESPONSE FOR CLIENT 5 ===
Continuing file streaming...
-----------------RESPONSE--------------
Continuing file streaming...
Reading from file stream...
Read 9000 bytes from file
Sent 9000 bytes to client
File streaming in progress - keeping connection alive
Waiting for events on port 8080...
=== GENERATING RESPONSE FOR CLIENT 5 ===
Continuing file streaming...
-----------------RESPONSE--------------
Continuing file streaming...
Reading from file stream...
Read 9000 bytes from file
Sent 9000 bytes to client
File streaming in progress - keeping connection alive
Waiting for events on port 8080...
=== GENERATING RESPONSE FOR CLIENT 5 ===
Continuing file streaming...
-----------------RESPONSE--------------
Continuing file streaming...
Reading from file stream...
Read 9000 bytes from file
Sent 9000 bytes to client
File streaming in progress - keeping connection alive
Waiting for events on port 8080...
=== GENERATING RESPONSE FOR CLIENT 5 ===
Continuing file streaming...
-----------------RESPONSE--------------
Continuing file streaming...
Reading from file stream...
Read 9000 bytes from file
Sent 9000 bytes to client
File streaming in progress - keeping connection alive
Waiting for events on port 8080...
=== GENERATING RESPONSE FOR CLIENT 5 ===
Continuing file streaming...
-----------------RESPONSE--------------
Continuing file streaming...
Reading from file stream...
Read 9000 bytes from file
Sent 9000 bytes to client
File streaming in progress - keeping connection alive
Waiting for events on port 8080...
=== GENERATING RESPONSE FOR CLIENT 5 ===
Continuing file streaming...
-----------------RESPONSE--------------
Continuing file streaming...
Reading from file stream...
Read 9000 bytes from file
Sent 9000 bytes to client
File streaming in progress - keeping connection alive
Waiting for events on port 8080...
=== GENERATING RESPONSE FOR CLIENT 5 ===
Continuing file streaming...
-----------------RESPONSE--------------
Continuing file streaming...
Reading from file stream...
Read 9000 bytes from file
Sent 9000 bytes to client
File streaming in progress - keeping connection alive
Waiting for events on port 8080...
=== GENERATING RESPONSE FOR CLIENT 5 ===
Continuing file streaming...
-----------------RESPONSE--------------
Continuing file streaming...
Reading from file stream...
Read 9000 bytes from file
Sent 9000 bytes to client
File streaming in progress - keeping connection alive
Waiting for events on port 8080...
=== GENERATING RESPONSE FOR CLIENT 5 ===
Continuing file streaming...
-----------------RESPONSE--------------
Continuing file streaming...
Reading from file stream...
Read 9000 bytes from file
Sent 9000 bytes to client
File streaming in progress - keeping connection alive
Waiting for events on port 8080...
=== GENERATING RESPONSE FOR CLIENT 5 ===
Continuing file streaming...
-----------------RESPONSE--------------
Continuing file streaming...
Reading from file stream...
Read 9000 bytes from file
Sent 9000 bytes to client
File streaming in progress - keeping connection alive
Waiting for events on port 8080...
=== GENERATING RESPONSE FOR CLIENT 5 ===
Continuing file streaming...
-----------------RESPONSE--------------
Continuing file streaming...
Reading from file stream...
Read 9000 bytes from file
Sent 9000 bytes to client
File streaming in progress - keeping connection alive
Waiting for events on port 8080...
=== GENERATING RESPONSE FOR CLIENT 5 ===
Continuing file streaming...
-----------------RESPONSE--------------
Continuing file streaming...
Reading from file stream...
Read 9000 bytes from file
Sent 9000 bytes to client
File streaming in progress - keeping connection alive
Waiting for events on port 8080...
=== GENERATING RESPONSE FOR CLIENT 5 ===
Continuing file streaming...
-----------------RESPONSE--------------
Continuing file streaming...
Reading from file stream...
Read 9000 bytes from file
Sent 9000 bytes to client
File streaming in progress - keeping connection alive
Waiting for events on port 8080...
=== GENERATING RESPONSE FOR CLIENT 5 ===
Continuing file streaming...
-----------------RESPONSE--------------
Continuing file streaming...
Reading from file stream...
Read 9000 bytes from file
Sent 9000 bytes to client
File streaming in progress - keeping connection alive
Waiting for events on port 8080...
=== GENERATING RESPONSE FOR CLIENT 5 ===
Continuing file streaming...
-----------------RESPONSE--------------
Continuing file streaming...
Reading from file stream...
Read 9000 bytes from file
Sent 9000 bytes to client
File streaming in progress - keeping connection alive
Waiting for events on port 8080...
=== GENERATING RESPONSE FOR CLIENT 5 ===
Continuing file streaming...
-----------------RESPONSE--------------
Continuing file streaming...
Reading from file stream...
Read 9000 bytes from file
Sent 9000 bytes to client
File streaming in progress - keeping connection alive
Waiting for events on port 8080...
=== GENERATING RESPONSE FOR CLIENT 5 ===
Continuing file streaming...
-----------------RESPONSE--------------
Continuing file streaming...
Reading from file stream...
Read 9000 bytes from file
Sent 9000 bytes to client
File streaming in progress - keeping connection alive
Waiting for events on port 8080...
=== GENERATING RESPONSE FOR CLIENT 5 ===
Continuing file streaming...
-----------------RESPONSE--------------
Continuing file streaming...
Reading from file stream...
Read 9000 bytes from file
Sent 9000 bytes to client
File streaming in progress - keeping connection alive
Waiting for events on port 8080...
=== GENERATING RESPONSE FOR CLIENT 5 ===
Continuing file streaming...
-----------------RESPONSE--------------
Continuing file streaming...
Reading from file stream...
Read 9000 bytes from file
Sent 9000 bytes to client
File streaming in progress - keeping connection alive
Waiting for events on port 8080...
=== GENERATING RESPONSE FOR CLIENT 5 ===
Continuing file streaming...
-----------------RESPONSE--------------
Continuing file streaming...
Reading from file stream...
Read 9000 bytes from file
Sent 9000 bytes to client
File streaming in progress - keeping connection alive
Waiting for events on port 8080...
=== GENERATING RESPONSE FOR CLIENT 5 ===
Continuing file streaming...
-----------------RESPONSE--------------
Continuing file streaming...
Reading from file stream...
Read 9000 bytes from file
Sent 9000 bytes to client
File streaming in progress - keeping connection alive
Waiting for events on port 8080...
=== GENERATING RESPONSE FOR CLIENT 5 ===
Continuing file streaming...
-----------------RESPONSE--------------
Continuing file streaming...
Reading from file stream...
Read 9000 bytes from file
Sent 9000 bytes to client
File streaming in progress - keeping connection alive
Waiting for events on port 8080...
=== GENERATING RESPONSE FOR CLIENT 5 ===
Continuing file streaming...
-----------------RESPONSE--------------
Continuing file streaming...
Reading from file stream...
Read 9000 bytes from file
Sent 9000 bytes to client
File streaming in progress - keeping connection alive
Waiting for events on port 8080...
=== GENERATING RESPONSE FOR CLIENT 5 ===
Continuing file streaming...
-----------------RESPONSE--------------
Continuing file streaming...
Reading from file stream...
Read 9000 bytes from file
Sent 9000 bytes to client
File streaming in progress - keeping connection alive
Waiting for events on port 8080...
=== GENERATING RESPONSE FOR CLIENT 5 ===
Continuing file streaming...
-----------------RESPONSE--------------
Continuing file streaming...
Reading from file stream...
Read 9000 bytes from file
Sent 9000 bytes to client
File streaming in progress - keeping connection alive
Waiting for events on port 8080...
=== GENERATING RESPONSE FOR CLIENT 5 ===
Continuing file streaming...
-----------------RESPONSE--------------
Continuing file streaming...
Reading from file stream...
Read 9000 bytes from file
Sent 9000 bytes to client
File streaming in progress - keeping connection alive
Waiting for events on port 8080...
=== GENERATING RESPONSE FOR CLIENT 5 ===
Continuing file streaming...
-----------------RESPONSE--------------
Continuing file streaming...
Reading from file stream...
Read 9000 bytes from file
Sent 9000 bytes to client
File streaming in progress - keeping connection alive
Waiting for events on port 8080...
=== GENERATING RESPONSE FOR CLIENT 5 ===
Continuing file streaming...
-----------------RESPONSE--------------
Continuing file streaming...
Reading from file stream...
Read 9000 bytes from file
Sent 9000 bytes to client
File streaming in progress - keeping connection alive
Waiting for events on port 8080...
=== GENERATING RESPONSE FOR CLIENT 5 ===
Continuing file streaming...
-----------------RESPONSE--------------
Continuing file streaming...
Reading from file stream...
Read 9000 bytes from file
Sent 9000 bytes to client
File streaming in progress - keeping connection alive
Waiting for events on port 8080...
=== GENERATING RESPONSE FOR CLIENT 5 ===
Continuing file streaming...
-----------------RESPONSE--------------
Continuing file streaming...
Reading from file stream...
Read 9000 bytes from file
Sent 9000 bytes to client
File streaming in progress - keeping connection alive
Waiting for events on port 8080...
=== GENERATING RESPONSE FOR CLIENT 5 ===
Continuing file streaming...
-----------------RESPONSE--------------
Continuing file streaming...
Reading from file stream...
Read 9000 bytes from file
Sent 9000 bytes to client
File streaming in progress - keeping connection alive
Waiting for events on port 8080...
=== GENERATING RESPONSE FOR CLIENT 5 ===
Continuing file streaming...
-----------------RESPONSE--------------
Continuing file streaming...
Reading from file stream...
Read 9000 bytes from file
Sent 9000 bytes to client
File streaming in progress - keeping connection alive
Waiting for events on port 8080...
=== GENERATING RESPONSE FOR CLIENT 5 ===
Continuing file streaming...
-----------------RESPONSE--------------
Continuing file streaming...
Reading from file stream...
Read 9000 bytes from file
Sent 9000 bytes to client
File streaming in progress - keeping connection alive
Waiting for events on port 8080...
=== GENERATING RESPONSE FOR CLIENT 5 ===
Continuing file streaming...
-----------------RESPONSE--------------
Continuing file streaming...
Reading from file stream...
Read 9000 bytes from file
Sent 9000 bytes to client
File streaming in progress - keeping connection alive
Waiting for events on port 8080...
=== GENERATING RESPONSE FOR CLIENT 5 ===
Continuing file streaming...
-----------------RESPONSE--------------
Continuing file streaming...
Reading from file stream...
Read 9000 bytes from file
Sent 9000 bytes to client
File streaming in progress - keeping connection alive
Waiting for events on port 8080...
=== GENERATING RESPONSE FOR CLIENT 5 ===
Continuing file streaming...
-----------------RESPONSE--------------
Continuing file streaming...
Reading from file stream...
Read 9000 bytes from file
Sent 9000 bytes to client
File streaming in progress - keeping connection alive
Waiting for events on port 8080...
=== GENERATING RESPONSE FOR CLIENT 5 ===
Continuing file streaming...
-----------------RESPONSE--------------
Continuing file streaming...
Reading from file stream...
Read 9000 bytes from file
Sent 9000 bytes to client
File streaming in progress - keeping connection alive
Waiting for events on port 8080...
=== GENERATING RESPONSE FOR CLIENT 5 ===
Continuing file streaming...
-----------------RESPONSE--------------
Continuing file streaming...
Reading from file stream...
Read 9000 bytes from file
Sent 9000 bytes to client
File streaming in progress - keeping connection alive
Waiting for events on port 8080...
=== GENERATING RESPONSE FOR CLIENT 5 ===
Continuing file streaming...
-----------------RESPONSE--------------
Continuing file streaming...
Reading from file stream...
Read 9000 bytes from file
Sent 9000 bytes to client
File streaming in progress - keeping connection alive
Waiting for events on port 8080...
=== GENERATING RESPONSE FOR CLIENT 5 ===
Continuing file streaming...
-----------------RESPONSE--------------
Continuing file streaming...
Reading from file stream...
Read 9000 bytes from file
Sent 9000 bytes to client
File streaming in progress - keeping connection alive
Waiting for events on port 8080...
=== GENERATING RESPONSE FOR CLIENT 5 ===
Continuing file streaming...
-----------------RESPONSE--------------
Continuing file streaming...
Reading from file stream...
Read 9000 bytes from file
Sent 9000 bytes to client
File streaming in progress - keeping connection alive
Waiting for events on port 8080...
=== GENERATING RESPONSE FOR CLIENT 5 ===
Continuing file streaming...
-----------------RESPONSE--------------
Continuing file streaming...
Reading from file stream...
Read 9000 bytes from file
Sent 9000 bytes to client
File streaming in progress - keeping connection alive
Waiting for events on port 8080...
=== GENERATING RESPONSE FOR CLIENT 5 ===
Continuing file streaming...
-----------------RESPONSE--------------
Continuing file streaming...
Reading from file stream...
Read 9000 bytes from file
Sent 9000 bytes to client
File streaming in progress - keeping connection alive
Waiting for events on port 8080...
=== GENERATING RESPONSE FOR CLIENT 5 ===
Continuing file streaming...
-----------------RESPONSE--------------
Continuing file streaming...
Reading from file stream...
Read 9000 bytes from file
Sent 9000 bytes to client
File streaming in progress - keeping connection alive
Waiting for events on port 8080...
=== GENERATING RESPONSE FOR CLIENT 5 ===
Continuing file streaming...
-----------------RESPONSE--------------
Continuing file streaming...
Reading from file stream...
Read 9000 bytes from file
Sent 9000 bytes to client
File streaming in progress - keeping connection alive
Waiting for events on port 8080...
=== GENERATING RESPONSE FOR CLIENT 5 ===
Continuing file streaming...
-----------------RESPONSE--------------
Continuing file streaming...
Reading from file stream...
Read 9000 bytes from file
Sent 9000 bytes to client
File streaming in progress - keeping connection alive
Waiting for events on port 8080...
=== GENERATING RESPONSE FOR CLIENT 5 ===
Continuing file streaming...
-----------------RESPONSE--------------
Continuing file streaming...
Reading from file stream...
Read 9000 bytes from file
Sent 9000 bytes to client
File streaming in progress - keeping connection alive
Waiting for events on port 8080...
=== GENERATING RESPONSE FOR CLIENT 5 ===
Continuing file streaming...
-----------------RESPONSE--------------
Continuing file streaming...
Reading from file stream...
Read 9000 bytes from file
Sent 9000 bytes to client
File streaming in progress - keeping connection alive
Waiting for events on port 8080...
=== GENERATING RESPONSE FOR CLIENT 5 ===
Continuing file streaming...
-----------------RESPONSE--------------
Continuing file streaming...
Reading from file stream...
Read 9000 bytes from file
Sent 9000 bytes to client
File streaming in progress - keeping connection alive
Waiting for events on port 8080...
=== GENERATING RESPONSE FOR CLIENT 5 ===
Continuing file streaming...
-----------------RESPONSE--------------
Continuing file streaming...
Reading from file stream...
Read 9000 bytes from file
Sent 9000 bytes to client
File streaming in progress - keeping connection alive
Waiting for events on port 8080...
=== GENERATING RESPONSE FOR CLIENT 5 ===
Continuing file streaming...
-----------------RESPONSE--------------
Continuing file streaming...
Reading from file stream...
Read 9000 bytes from file
Sent 9000 bytes to client
File streaming in progress - keeping connection alive
Waiting for events on port 8080...
=== GENERATING RESPONSE FOR CLIENT 5 ===
Continuing file streaming...
-----------------RESPONSE--------------
Continuing file streaming...
Reading from file stream...
Read 9000 bytes from file
Sent 9000 bytes to client
File streaming in progress - keeping connection alive
Waiting for events on port 8080...
=== GENERATING RESPONSE FOR CLIENT 5 ===
Continuing file streaming...
-----------------RESPONSE--------------
Continuing file streaming...
Reading from file stream...
Read 9000 bytes from file
Sent 9000 bytes to client
File streaming in progress - keeping connection alive
Waiting for events on port 8080...
=== GENERATING RESPONSE FOR CLIENT 5 ===
Continuing file streaming...
-----------------RESPONSE--------------
Continuing file streaming...
Reading from file stream...
Read 9000 bytes from file
Sent 9000 bytes to client
File streaming in progress - keeping connection alive
Waiting for events on port 8080...
=== GENERATING RESPONSE FOR CLIENT 5 ===
Continuing file streaming...
-----------------RESPONSE--------------
Continuing file streaming...
Reading from file stream...
Read 9000 bytes from file
Sent 9000 bytes to client
File streaming in progress - keeping connection alive
Waiting for events on port 8080...
=== GENERATING RESPONSE FOR CLIENT 5 ===
Continuing file streaming...
-----------------RESPONSE--------------
Continuing file streaming...
Reading from file stream...
Read 9000 bytes from file
Sent 9000 bytes to client
File streaming in progress - keeping connection alive
Waiting for events on port 8080...
=== GENERATING RESPONSE FOR CLIENT 5 ===
Continuing file streaming...
-----------------RESPONSE--------------
Continuing file streaming...
Reading from file stream...
Read 9000 bytes from file
Sent 9000 bytes to client
File streaming in progress - keeping connection alive
Waiting for events on port 8080...
=== GENERATING RESPONSE FOR CLIENT 5 ===
Continuing file streaming...
-----------------RESPONSE--------------
Continuing file streaming...
Reading from file stream...
Read 9000 bytes from file
Sent 9000 bytes to client
File streaming in progress - keeping connection alive
Waiting for events on port 8080...
=== GENERATING RESPONSE FOR CLIENT 5 ===
Continuing file streaming...
-----------------RESPONSE--------------
Continuing file streaming...
Reading from file stream...
Read 9000 bytes from file
Sent 9000 bytes to client
File streaming in progress - keeping connection alive
Waiting for events on port 8080...
=== GENERATING RESPONSE FOR CLIENT 5 ===
Continuing file streaming...
-----------------RESPONSE--------------
Continuing file streaming...
Reading from file stream...
Read 9000 bytes from file
Sent 9000 bytes to client
File streaming in progress - keeping connection alive
Waiting for events on port 8080...
=== GENERATING RESPONSE FOR CLIENT 5 ===
Continuing file streaming...
-----------------RESPONSE--------------
Continuing file streaming...
Reading from file stream...
Read 9000 bytes from file
Sent 9000 bytes to client
File streaming in progress - keeping connection alive
Waiting for events on port 8080...
=== GENERATING RESPONSE FOR CLIENT 5 ===
Continuing file streaming...
-----------------RESPONSE--------------
Continuing file streaming...
Reading from file stream...
Read 9000 bytes from file
Sent 9000 bytes to client
File streaming in progress - keeping connection alive
Waiting for events on port 8080...
=== GENERATING RESPONSE FOR CLIENT 5 ===
Continuing file streaming...
-----------------RESPONSE--------------
Continuing file streaming...
Reading from file stream...
Read 9000 bytes from file
Sent 9000 bytes to client
File streaming in progress - keeping connection alive
Waiting for events on port 8080...
=== GENERATING RESPONSE FOR CLIENT 5 ===
Continuing file streaming...
-----------------RESPONSE--------------
Continuing file streaming...
Reading from file stream...
Read 9000 bytes from file
Sent 9000 bytes to client
File streaming in progress - keeping connection alive
Waiting for events on port 8080...
=== GENERATING RESPONSE FOR CLIENT 5 ===
Continuing file streaming...
-----------------RESPONSE--------------
Continuing file streaming...
Reading from file stream...
Read 9000 bytes from file
Sent 9000 bytes to client
File streaming in progress - keeping connection alive
Waiting for events on port 8080...
=== GENERATING RESPONSE FOR CLIENT 5 ===
Continuing file streaming...
-----------------RESPONSE--------------
Continuing file streaming...
Reading from file stream...
Read 9000 bytes from file
Sent 9000 bytes to client
File streaming in progress - keeping connection alive
Waiting for events on port 8080...
=== GENERATING RESPONSE FOR CLIENT 5 ===
Continuing file streaming...
-----------------RESPONSE--------------
Continuing file streaming...
Reading from file stream...
Read 9000 bytes from file
Sent 9000 bytes to client
File streaming in progress - keeping connection alive
Waiting for events on port 8080...
=== GENERATING RESPONSE FOR CLIENT 5 ===
Continuing file streaming...
-----------------RESPONSE--------------
Continuing file streaming...
Reading from file stream...
Read 9000 bytes from file
Sent 9000 bytes to client
File streaming in progress - keeping connection alive
Waiting for events on port 8080...
=== GENERATING RESPONSE FOR CLIENT 5 ===
Continuing file streaming...
-----------------RESPONSE--------------
Continuing file streaming...
Reading from file stream...
Read 9000 bytes from file
Sent 9000 bytes to client
File streaming in progress - keeping connection alive
Waiting for events on port 8080...
=== GENERATING RESPONSE FOR CLIENT 5 ===
Continuing file streaming...
-----------------RESPONSE--------------
Continuing file streaming...
Reading from file stream...
Read 9000 bytes from file
Sent 9000 bytes to client
File streaming in progress - keeping connection alive
Waiting for events on port 8080...
=== GENERATING RESPONSE FOR CLIENT 5 ===
Continuing file streaming...
-----------------RESPONSE--------------
Continuing file streaming...
Reading from file stream...
Read 9000 bytes from file
Sent 9000 bytes to client
File streaming in progress - keeping connection alive
Waiting for events on port 8080...
=== GENERATING RESPONSE FOR CLIENT 5 ===
Continuing file streaming...
-----------------RESPONSE--------------
Continuing file streaming...
Reading from file stream...
Read 9000 bytes from file
Sent 9000 bytes to client
File streaming in progress - keeping connection alive
Waiting for events on port 8080...
=== GENERATING RESPONSE FOR CLIENT 5 ===
Continuing file streaming...
-----------------RESPONSE--------------
Continuing file streaming...
Reading from file stream...
Read 9000 bytes from file
Sent 9000 bytes to client
File streaming in progress - keeping connection alive
Waiting for events on port 8080...
=== GENERATING RESPONSE FOR CLIENT 5 ===
Continuing file streaming...
-----------------RESPONSE--------------
Continuing file streaming...
Reading from file stream...
Read 9000 bytes from file
Sent 9000 bytes to client
File streaming in progress - keeping connection alive
Waiting for events on port 8080...
=== GENERATING RESPONSE FOR CLIENT 5 ===
Continuing file streaming...
-----------------RESPONSE--------------
Continuing file streaming...
Reading from file stream...
Read 9000 bytes from file
Sent 9000 bytes to client
File streaming in progress - keeping connection alive
Waiting for events on port 8080...
=== GENERATING RESPONSE FOR CLIENT 5 ===
Continuing file streaming...
-----------------RESPONSE--------------
Continuing file streaming...
Reading from file stream...
Read 9000 bytes from file
Sent 9000 bytes to client
File streaming in progress - keeping connection alive
Waiting for events on port 8080...
=== GENERATING RESPONSE FOR CLIENT 5 ===
Continuing file streaming...
-----------------RESPONSE--------------
Continuing file streaming...
Reading from file stream...
Read 9000 bytes from file
Sent 9000 bytes to client
File streaming in progress - keeping connection alive
Waiting for events on port 8080...
=== GENERATING RESPONSE FOR CLIENT 5 ===
Continuing file streaming...
-----------------RESPONSE--------------
Continuing file streaming...
Reading from file stream...
Read 9000 bytes from file
Sent 9000 bytes to client
File streaming in progress - keeping connection alive
Waiting for events on port 8080...
=== GENERATING RESPONSE FOR CLIENT 5 ===
Continuing file streaming...
-----------------RESPONSE--------------
Continuing file streaming...
Reading from file stream...
Read 9000 bytes from file
Sent 9000 bytes to client
File streaming in progress - keeping connection alive
Waiting for events on port 8080...
=== GENERATING RESPONSE FOR CLIENT 5 ===
Continuing file streaming...
-----------------RESPONSE--------------
Continuing file streaming...
Reading from file stream...
Read 9000 bytes from file
Sent 9000 bytes to client
File streaming in progress - keeping connection alive
Waiting for events on port 8080...
=== GENERATING RESPONSE FOR CLIENT 5 ===
Continuing file streaming...
-----------------RESPONSE--------------
Continuing file streaming...
Reading from file stream...
Read 9000 bytes from file
Sent 9000 bytes to client
File streaming in progress - keeping connection alive
Waiting for events on port 8080...
=== GENERATING RESPONSE FOR CLIENT 5 ===
Continuing file streaming...
-----------------RESPONSE--------------
Continuing file streaming...
Reading from file stream...
Read 9000 bytes from file
Sent 9000 bytes to client
File streaming in progress - keeping connection alive
Waiting for events on port 8080...
=== GENERATING RESPONSE FOR CLIENT 5 ===
Continuing file streaming...
-----------------RESPONSE--------------
Continuing file streaming...
Reading from file stream...
Read 9000 bytes from file
Sent 9000 bytes to client
File streaming in progress - keeping connection alive
Waiting for events on port 8080...
=== GENERATING RESPONSE FOR CLIENT 5 ===
Continuing file streaming...
-----------------RESPONSE--------------
Continuing file streaming...
Reading from file stream...
Read 9000 bytes from file
Sent 9000 bytes to client
File streaming in progress - keeping connection alive
Waiting for events on port 8080...
=== GENERATING RESPONSE FOR CLIENT 5 ===
Continuing file streaming...
-----------------RESPONSE--------------
Continuing file streaming...
Reading from file stream...
Read 9000 bytes from file
Sent 9000 bytes to client
File streaming in progress - keeping connection alive
Waiting for events on port 8080...
=== GENERATING RESPONSE FOR CLIENT 5 ===
Continuing file streaming...
-----------------RESPONSE--------------
Continuing file streaming...
Reading from file stream...
Read 9000 bytes from file
Sent 9000 bytes to client
File streaming in progress - keeping connection alive
Waiting for events on port 8080...
=== GENERATING RESPONSE FOR CLIENT 5 ===
Continuing file streaming...
-----------------RESPONSE--------------
Continuing file streaming...
Reading from file stream...
Read 9000 bytes from file
Sent 9000 bytes to client
File streaming in progress - keeping connection alive
Waiting for events on port 8080...
=== GENERATING RESPONSE FOR CLIENT 5 ===
Continuing file streaming...
-----------------RESPONSE--------------
Continuing file streaming...
Reading from file stream...
Read 9000 bytes from file
Sent 9000 bytes to client
File streaming in progress - keeping connection alive
Waiting for events on port 8080...
=== GENERATING RESPONSE FOR CLIENT 5 ===
Continuing file streaming...
-----------------RESPONSE--------------
Continuing file streaming...
Reading from file stream...
Read 9000 bytes from file
Sent 9000 bytes to client
File streaming in progress - keeping connection alive
Waiting for events on port 8080...
=== GENERATING RESPONSE FOR CLIENT 5 ===
Continuing file streaming...
-----------------RESPONSE--------------
Continuing file streaming...
Reading from file stream...
Read 9000 bytes from file
Sent 9000 bytes to client
File streaming in progress - keeping connection alive
Waiting for events on port 8080...
=== GENERATING RESPONSE FOR CLIENT 5 ===
Continuing file streaming...
-----------------RESPONSE--------------
Continuing file streaming...
Reading from file stream...
Read 9000 bytes from file
Sent 9000 bytes to client
File streaming in progress - keeping connection alive
Waiting for events on port 8080...
=== GENERATING RESPONSE FOR CLIENT 5 ===
Continuing file streaming...
-----------------RESPONSE--------------
Continuing file streaming...
Reading from file stream...
Read 9000 bytes from file
Sent 9000 bytes to client
File streaming in progress - keeping connection alive
Waiting for events on port 8080...
=== GENERATING RESPONSE FOR CLIENT 5 ===
Continuing file streaming...
-----------------RESPONSE--------------
Continuing file streaming...
Reading from file stream...
Read 9000 bytes from file
Sent 9000 bytes to client
File streaming in progress - keeping connection alive
Waiting for events on port 8080...
=== GENERATING RESPONSE FOR CLIENT 5 ===
Continuing file streaming...
-----------------RESPONSE--------------
Continuing file streaming...
Reading from file stream...
Read 9000 bytes from file
Sent 9000 bytes to client
File streaming in progress - keeping connection alive
Waiting for events on port 8080...
=== GENERATING RESPONSE FOR CLIENT 5 ===
Continuing file streaming...
-----------------RESPONSE--------------
Continuing file streaming...
Reading from file stream...
Read 9000 bytes from file
Sent 9000 bytes to client
File streaming in progress - keeping connection alive
Waiting for events on port 8080...
=== GENERATING RESPONSE FOR CLIENT 5 ===
Continuing file streaming...
-----------------RESPONSE--------------
Continuing file streaming...
Reading from file stream...
Read 9000 bytes from file
Sent 9000 bytes to client
File streaming in progress - keeping connection alive
Waiting for events on port 8080...
=== GENERATING RESPONSE FOR CLIENT 5 ===
Continuing file streaming...
-----------------RESPONSE--------------
Continuing file streaming...
Reading from file stream...
Read 9000 bytes from file
Sent 9000 bytes to client
File streaming in progress - keeping connection alive
Waiting for events on port 8080...
=== GENERATING RESPONSE FOR CLIENT 5 ===
Continuing file streaming...
-----------------RESPONSE--------------
Continuing file streaming...
Reading from file stream...
Read 9000 bytes from file
Sent 9000 bytes to client
File streaming in progress - keeping connection alive
Waiting for events on port 8080...
=== GENERATING RESPONSE FOR CLIENT 5 ===
Continuing file streaming...
-----------------RESPONSE--------------
Continuing file streaming...
Reading from file stream...
Read 9000 bytes from file
Sent 9000 bytes to client
File streaming in progress - keeping connection alive
Waiting for events on port 8080...
=== GENERATING RESPONSE FOR CLIENT 5 ===
Continuing file streaming...
-----------------RESPONSE--------------
Continuing file streaming...
Reading from file stream...
Read 9000 bytes from file
Sent 9000 bytes to client
File streaming in progress - keeping connection alive
Waiting for events on port 8080...
=== GENERATING RESPONSE FOR CLIENT 5 ===
Continuing file streaming...
-----------------RESPONSE--------------
Continuing file streaming...
Reading from file stream...
Read 9000 bytes from file
Sent 9000 bytes to client
File streaming in progress - keeping connection alive
Waiting for events on port 8080...
=== GENERATING RESPONSE FOR CLIENT 5 ===
Continuing file streaming...
-----------------RESPONSE--------------
Continuing file streaming...
Reading from file stream...
Read 9000 bytes from file
Sent 9000 bytes to client
File streaming in progress - keeping connection alive
Waiting for events on port 8080...
=== GENERATING RESPONSE FOR CLIENT 5 ===
Continuing file streaming...
-----------------RESPONSE--------------
Continuing file streaming...
Reading from file stream...
Read 9000 bytes from file
Sent 9000 bytes to client
File streaming in progress - keeping connection alive
Waiting for events on port 8080...
=== GENERATING RESPONSE FOR CLIENT 5 ===
Continuing file streaming...
-----------------RESPONSE--------------
Continuing file streaming...
Reading from file stream...
Read 9000 bytes from file
Sent 9000 bytes to client
File streaming in progress - keeping connection alive
Waiting for events on port 8080...
=== GENERATING RESPONSE FOR CLIENT 5 ===
Continuing file streaming...
-----------------RESPONSE--------------
Continuing file streaming...
Reading from file stream...
Read 9000 bytes from file
Sent 9000 bytes to client
File streaming in progress - keeping connection alive
Waiting for events on port 8080...
=== GENERATING RESPONSE FOR CLIENT 5 ===
Continuing file streaming...
-----------------RESPONSE--------------
Continuing file streaming...
Reading from file stream...
Read 9000 bytes from file
Sent 9000 bytes to client
File streaming in progress - keeping connection alive
Waiting for events on port 8080...
=== GENERATING RESPONSE FOR CLIENT 5 ===
Continuing file streaming...
-----------------RESPONSE--------------
Continuing file streaming...
Reading from file stream...
Read 9000 bytes from file
Sent 9000 bytes to client
File streaming in progress - keeping connection alive
Waiting for events on port 8080...
=== GENERATING RESPONSE FOR CLIENT 5 ===
Continuing file streaming...
-----------------RESPONSE--------------
Continuing file streaming...
Reading from file stream...
Read 9000 bytes from file
Sent 9000 bytes to client
File streaming in progress - keeping connection alive
Waiting for events on port 8080...
=== GENERATING RESPONSE FOR CLIENT 5 ===
Continuing file streaming...
-----------------RESPONSE--------------
Continuing file streaming...
Reading from file stream...
Read 9000 bytes from file
Sent 9000 bytes to client
File streaming in progress - keeping connection alive
Waiting for events on port 8080...
=== GENERATING RESPONSE FOR CLIENT 5 ===
Continuing file streaming...
-----------------RESPONSE--------------
Continuing file streaming...
Reading from file stream...
Read 9000 bytes from file
Sent 9000 bytes to client
File streaming in progress - keeping connection alive
Waiting for events on port 8080...
=== GENERATING RESPONSE FOR CLIENT 5 ===
Continuing file streaming...
-----------------RESPONSE--------------
Continuing file streaming...
Reading from file stream...
Read 9000 bytes from file
Sent 9000 bytes to client
File streaming in progress - keeping connection alive
Waiting for events on port 8080...
=== GENERATING RESPONSE FOR CLIENT 5 ===
Continuing file streaming...
-----------------RESPONSE--------------
Continuing file streaming...
Reading from file stream...
Read 9000 bytes from file
Sent 9000 bytes to client
File streaming in progress - keeping connection alive
Waiting for events on port 8080...
=== GENERATING RESPONSE FOR CLIENT 5 ===
Continuing file streaming...
-----------------RESPONSE--------------
Continuing file streaming...
Reading from file stream...
Read 9000 bytes from file
Sent 9000 bytes to client
File streaming in progress - keeping connection alive
Waiting for events on port 8080...
=== GENERATING RESPONSE FOR CLIENT 5 ===
Continuing file streaming...
-----------------RESPONSE--------------
Continuing file streaming...
Reading from file stream...
Read 9000 bytes from file
Sent 9000 bytes to client
File streaming in progress - keeping connection alive
Waiting for events on port 8080...
=== GENERATING RESPONSE FOR CLIENT 5 ===
Continuing file streaming...
-----------------RESPONSE--------------
Continuing file streaming...
Reading from file stream...
Read 9000 bytes from file
Sent 9000 bytes to client
File streaming in progress - keeping connection alive
Waiting for events on port 8080...
=== GENERATING RESPONSE FOR CLIENT 5 ===
Continuing file streaming...
-----------------RESPONSE--------------
Continuing file streaming...
Reading from file stream...
Read 9000 bytes from file
Sent 9000 bytes to client
File streaming in progress - keeping connection alive
Waiting for events on port 8080...
=== GENERATING RESPONSE FOR CLIENT 5 ===
Continuing file streaming...
-----------------RESPONSE--------------
Continuing file streaming...
Reading from file stream...
Read 9000 bytes from file
Sent 9000 bytes to client
File streaming in progress - keeping connection alive
Waiting for events on port 8080...
=== GENERATING RESPONSE FOR CLIENT 5 ===
Continuing file streaming...
-----------------RESPONSE--------------
Continuing file streaming...
Reading from file stream...
Read 9000 bytes from file
Sent 9000 bytes to client
File streaming in progress - keeping connection alive
Waiting for events on port 8080...
=== GENERATING RESPONSE FOR CLIENT 5 ===
Continuing file streaming...
-----------------RESPONSE--------------
Continuing file streaming...
Reading from file stream...
Read 9000 bytes from file
Sent 9000 bytes to client
File streaming in progress - keeping connection alive
Waiting for events on port 8080...
=== GENERATING RESPONSE FOR CLIENT 5 ===
Continuing file streaming...
-----------------RESPONSE--------------
Continuing file streaming...
Reading from file stream...
Read 9000 bytes from file
Sent 9000 bytes to client
File streaming in progress - keeping connection alive
Waiting for events on port 8080...
=== GENERATING RESPONSE FOR CLIENT 5 ===
Continuing file streaming...
-----------------RESPONSE--------------
Continuing file streaming...
Reading from file stream...
Read 9000 bytes from file
Sent 9000 bytes to client
File streaming in progress - keeping connection alive
Waiting for events on port 8080...
=== GENERATING RESPONSE FOR CLIENT 5 ===
Continuing file streaming...
-----------------RESPONSE--------------
Continuing file streaming...
Reading from file stream...
Read 9000 bytes from file
Sent 9000 bytes to client
File streaming in progress - keeping connection alive
Waiting for events on port 8080...
=== GENERATING RESPONSE FOR CLIENT 5 ===
Continuing file streaming...
-----------------RESPONSE--------------
Continuing file streaming...
Reading from file stream...
Read 9000 bytes from file
Sent 9000 bytes to client
File streaming in progress - keeping connection alive
Waiting for events on port 8080...
=== GENERATING RESPONSE FOR CLIENT 5 ===
Continuing file streaming...
-----------------RESPONSE--------------
Continuing file streaming...
Reading from file stream...
Read 9000 bytes from file
Sent 9000 bytes to client
File streaming in progress - keeping connection alive
Waiting for events on port 8080...
=== GENERATING RESPONSE FOR CLIENT 5 ===
Continuing file streaming...
-----------------RESPONSE--------------
Continuing file streaming...
Reading from file stream...
Read 9000 bytes from file
Sent 9000 bytes to client
File streaming in progress - keeping connection alive
Waiting for events on port 8080...
=== GENERATING RESPONSE FOR CLIENT 5 ===
Continuing file streaming...
-----------------RESPONSE--------------
Continuing file streaming...
Reading from file stream...
Read 9000 bytes from file
Sent 9000 bytes to client
File streaming in progress - keeping connection alive
Waiting for events on port 8080...
=== GENERATING RESPONSE FOR CLIENT 5 ===
Continuing file streaming...
-----------------RESPONSE--------------
Continuing file streaming...
Reading from file stream...
Read 9000 bytes from file
Sent 9000 bytes to client
File streaming in progress - keeping connection alive
Waiting for events on port 8080...
=== GENERATING RESPONSE FOR CLIENT 5 ===
Continuing file streaming...
-----------------RESPONSE--------------
Continuing file streaming...
Reading from file stream...
Read 9000 bytes from file
Sent 9000 bytes to client
File streaming in progress - keeping connection alive
Waiting for events on port 8080...
=== GENERATING RESPONSE FOR CLIENT 5 ===
Continuing file streaming...
-----------------RESPONSE--------------
Continuing file streaming...
Reading from file stream...
Read 9000 bytes from file
Sent 9000 bytes to client
File streaming in progress - keeping connection alive
Waiting for events on port 8080...
=== GENERATING RESPONSE FOR CLIENT 5 ===
Continuing file streaming...
-----------------RESPONSE--------------
Continuing file streaming...
Reading from file stream...
Read 9000 bytes from file
Sent 9000 bytes to client
File streaming in progress - keeping connection alive
Waiting for events on port 8080...
=== GENERATING RESPONSE FOR CLIENT 5 ===
Continuing file streaming...
-----------------RESPONSE--------------
Continuing file streaming...
Reading from file stream...
Read 9000 bytes from file
Sent 9000 bytes to client
File streaming in progress - keeping connection alive
Waiting for events on port 8080...
=== GENERATING RESPONSE FOR CLIENT 5 ===
Continuing file streaming...
-----------------RESPONSE--------------
Continuing file streaming...
Reading from file stream...
Read 9000 bytes from file
Sent 9000 bytes to client
File streaming in progress - keeping connection alive
Waiting for events on port 8080...
=== GENERATING RESPONSE FOR CLIENT 5 ===
Continuing file streaming...
-----------------RESPONSE--------------
Continuing file streaming...
Reading from file stream...
Read 9000 bytes from file
Sent 9000 bytes to client
File streaming in progress - keeping connection alive
Waiting for events on port 8080...
=== GENERATING RESPONSE FOR CLIENT 5 ===
Continuing file streaming...
-----------------RESPONSE--------------
Continuing file streaming...
Reading from file stream...
Read 9000 bytes from file
Sent 9000 bytes to client
File streaming in progress - keeping connection alive
Waiting for events on port 8080...
=== GENERATING RESPONSE FOR CLIENT 5 ===
Continuing file streaming...
-----------------RESPONSE--------------
Continuing file streaming...
Reading from file stream...
Read 9000 bytes from file
Sent 9000 bytes to client
File streaming in progress - keeping connection alive
Waiting for events on port 8080...
=== GENERATING RESPONSE FOR CLIENT 5 ===
Continuing file streaming...
-----------------RESPONSE--------------
Continuing file streaming...
Reading from file stream...
Read 9000 bytes from file
Sent 9000 bytes to client
File streaming in progress - keeping connection alive
Waiting for events on port 8080...
=== GENERATING RESPONSE FOR CLIENT 5 ===
Continuing file streaming...
-----------------RESPONSE--------------
Continuing file streaming...
Reading from file stream...
Read 9000 bytes from file
Sent 9000 bytes to client
File streaming in progress - keeping connection alive
Waiting for events on port 8080...
=== GENERATING RESPONSE FOR CLIENT 5 ===
Continuing file streaming...
-----------------RESPONSE--------------
Continuing file streaming...
Reading from file stream...
Read 9000 bytes from file
Sent 9000 bytes to client
File streaming in progress - keeping connection alive
Waiting for events on port 8080...
=== GENERATING RESPONSE FOR CLIENT 5 ===
Continuing file streaming...
-----------------RESPONSE--------------
Continuing file streaming...
Reading from file stream...
Read 9000 bytes from file
Sent 9000 bytes to client
File streaming in progress - keeping connection alive
Waiting for events on port 8080...
=== GENERATING RESPONSE FOR CLIENT 5 ===
Continuing file streaming...
-----------------RESPONSE--------------
Continuing file streaming...
Reading from file stream...
Read 9000 bytes from file
Sent 9000 bytes to client
File streaming in progress - keeping connection alive
Waiting for events on port 8080...
=== GENERATING RESPONSE FOR CLIENT 5 ===
Continuing file streaming...
-----------------RESPONSE--------------
Continuing file streaming...
Reading from file stream...
Read 9000 bytes from file
Sent 9000 bytes to client
File streaming in progress - keeping connection alive
Waiting for events on port 8080...
=== GENERATING RESPONSE FOR CLIENT 5 ===
Continuing file streaming...
-----------------RESPONSE--------------
Continuing file streaming...
Reading from file stream...
Read 9000 bytes from file
Sent 9000 bytes to client
File streaming in progress - keeping connection alive
Waiting for events on port 8080...
=== GENERATING RESPONSE FOR CLIENT 5 ===
Continuing file streaming...
-----------------RESPONSE--------------
Continuing file streaming...
Reading from file stream...
Read 9000 bytes from file
Sent 9000 bytes to client
File streaming in progress - keeping connection alive
Waiting for events on port 8080...
=== GENERATING RESPONSE FOR CLIENT 5 ===
Continuing file streaming...
-----------------RESPONSE--------------
Continuing file streaming...
Reading from file stream...
Read 9000 bytes from file
Sent 9000 bytes to client
File streaming in progress - keeping connection alive
Waiting for events on port 8080...
=== GENERATING RESPONSE FOR CLIENT 5 ===
Continuing file streaming...
-----------------RESPONSE--------------
Continuing file streaming...
Reading from file stream...
Read 9000 bytes from file
Sent 9000 bytes to client
File streaming in progress - keeping connection alive
Waiting for events on port 8080...
=== GENERATING RESPONSE FOR CLIENT 5 ===
Continuing file streaming...
-----------------RESPONSE--------------
Continuing file streaming...
Reading from file stream...
Read 9000 bytes from file
Sent 9000 bytes to client
File streaming in progress - keeping connection alive
Waiting for events on port 8080...
=== GENERATING RESPONSE FOR CLIENT 5 ===
Continuing file streaming...
-----------------RESPONSE--------------
Continuing file streaming...
Reading from file stream...
Read 9000 bytes from file
Sent 9000 bytes to client
File streaming in progress - keeping connection alive
Waiting for events on port 8080...
=== GENERATING RESPONSE FOR CLIENT 5 ===
Continuing file streaming...
-----------------RESPONSE--------------
Continuing file streaming...
Reading from file stream...
Read 9000 bytes from file
Sent 9000 bytes to client
File streaming in progress - keeping connection alive
Waiting for events on port 8080...
=== GENERATING RESPONSE FOR CLIENT 5 ===
Continuing file streaming...
-----------------RESPONSE--------------
Continuing file streaming...
Reading from file stream...
Read 9000 bytes from file
Sent 9000 bytes to client
File streaming in progress - keeping connection alive
Waiting for events on port 8080...
=== GENERATING RESPONSE FOR CLIENT 5 ===
Continuing file streaming...
-----------------RESPONSE--------------
Continuing file streaming...
Reading from file stream...
Read 9000 bytes from file
Sent 9000 bytes to client
File streaming in progress - keeping connection alive
Waiting for events on port 8080...
=== GENERATING RESPONSE FOR CLIENT 5 ===
Continuing file streaming...
-----------------RESPONSE--------------
Continuing file streaming...
Reading from file stream...
Read 9000 bytes from file
Sent 9000 bytes to client
File streaming in progress - keeping connection alive
Waiting for events on port 8080...
=== GENERATING RESPONSE FOR CLIENT 5 ===
Continuing file streaming...
-----------------RESPONSE--------------
Continuing file streaming...
Reading from file stream...
Read 9000 bytes from file
Sent 9000 bytes to client
File streaming in progress - keeping connection alive
Waiting for events on port 8080...
=== GENERATING RESPONSE FOR CLIENT 5 ===
Continuing file streaming...
-----------------RESPONSE--------------
Continuing file streaming...
Reading from file stream...
Read 9000 bytes from file
Sent 9000 bytes to client
File streaming in progress - keeping connection alive
Waiting for events on port 8080...
=== GENERATING RESPONSE FOR CLIENT 5 ===
Continuing file streaming...
-----------------RESPONSE--------------
Continuing file streaming...
Reading from file stream...
Read 9000 bytes from file
Sent 9000 bytes to client
File streaming in progress - keeping connection alive
Waiting for events on port 8080...
=== GENERATING RESPONSE FOR CLIENT 5 ===
Continuing file streaming...
-----------------RESPONSE--------------
Continuing file streaming...
Reading from file stream...
Read 9000 bytes from file
Sent 9000 bytes to client
File streaming in progress - keeping connection alive
Waiting for events on port 8080...
=== GENERATING RESPONSE FOR CLIENT 5 ===
Continuing file streaming...
-----------------RESPONSE--------------
Continuing file streaming...
Reading from file stream...
Read 9000 bytes from file
Sent 9000 bytes to client
File streaming in progress - keeping connection alive
Waiting for events on port 8080...
=== GENERATING RESPONSE FOR CLIENT 5 ===
Continuing file streaming...
-----------------RESPONSE--------------
Continuing file streaming...
Reading from file stream...
Read 9000 bytes from file
Sent 9000 bytes to client
File streaming in progress - keeping connection alive
Waiting for events on port 8080...
=== GENERATING RESPONSE FOR CLIENT 5 ===
Continuing file streaming...
-----------------RESPONSE--------------
Continuing file streaming...
Reading from file stream...
Read 9000 bytes from file
Sent 9000 bytes to client
File streaming in progress - keeping connection alive
Waiting for events on port 8080...
=== GENERATING RESPONSE FOR CLIENT 5 ===
Continuing file streaming...
-----------------RESPONSE--------------
Continuing file streaming...
Reading from file stream...
Read 9000 bytes from file
Sent 9000 bytes to client
File streaming in progress - keeping connection alive
Waiting for events on port 8080...
=== GENERATING RESPONSE FOR CLIENT 5 ===
Continuing file streaming...
-----------------RESPONSE--------------
Continuing file streaming...
Reading from file stream...
Read 9000 bytes from file
Sent 9000 bytes to client
File streaming in progress - keeping connection alive
Waiting for events on port 8080...
=== GENERATING RESPONSE FOR CLIENT 5 ===
Continuing file streaming...
-----------------RESPONSE--------------
Continuing file streaming...
Reading from file stream...
Read 9000 bytes from file
Sent 9000 bytes to client
File streaming in progress - keeping connection alive
Waiting for events on port 8080...
=== GENERATING RESPONSE FOR CLIENT 5 ===
Continuing file streaming...
-----------------RESPONSE--------------
Continuing file streaming...
Reading from file stream...
Read 9000 bytes from file
Sent 9000 bytes to client
File streaming in progress - keeping connection alive
Waiting for events on port 8080...
=== GENERATING RESPONSE FOR CLIENT 5 ===
Continuing file streaming...
-----------------RESPONSE--------------
Continuing file streaming...
Reading from file stream...
Read 9000 bytes from file
Sent 9000 bytes to client
File streaming in progress - keeping connection alive
Waiting for events on port 8080...
=== GENERATING RESPONSE FOR CLIENT 5 ===
Continuing file streaming...
-----------------RESPONSE--------------
Continuing file streaming...
Reading from file stream...
Read 9000 bytes from file
Sent 9000 bytes to client
File streaming in progress - keeping connection alive
Waiting for events on port 8080...
=== GENERATING RESPONSE FOR CLIENT 5 ===
Continuing file streaming...
-----------------RESPONSE--------------
Continuing file streaming...
Reading from file stream...
Read 9000 bytes from file
Sent 9000 bytes to client
File streaming in progress - keeping connection alive
Waiting for events on port 8080...
=== GENERATING RESPONSE FOR CLIENT 5 ===
Continuing file streaming...
-----------------RESPONSE--------------
Continuing file streaming...
Reading from file stream...
Read 9000 bytes from file
Sent 9000 bytes to client
File streaming in progress - keeping connection alive
Waiting for events on port 8080...
=== GENERATING RESPONSE FOR CLIENT 5 ===
Continuing file streaming...
-----------------RESPONSE--------------
Continuing file streaming...
Reading from file stream...
Read 9000 bytes from file
Sent 9000 bytes to client
File streaming in progress - keeping connection alive
Waiting for events on port 8080...
=== GENERATING RESPONSE FOR CLIENT 5 ===
Continuing file streaming...
-----------------RESPONSE--------------
Continuing file streaming...
Reading from file stream...
Read 9000 bytes from file
Sent 9000 bytes to client
File streaming in progress - keeping connection alive
Waiting for events on port 8080...
=== GENERATING RESPONSE FOR CLIENT 5 ===
Continuing file streaming...
-----------------RESPONSE--------------
Continuing file streaming...
Reading from file stream...
Read 9000 bytes from file
Sent 9000 bytes to client
File streaming in progress - keeping connection alive
Waiting for events on port 8080...
=== GENERATING RESPONSE FOR CLIENT 5 ===
Continuing file streaming...
-----------------RESPONSE--------------
Continuing file streaming...
Reading from file stream...
Read 9000 bytes from file
Sent 9000 bytes to client
File streaming in progress - keeping connection alive
Waiting for events on port 8080...
=== GENERATING RESPONSE FOR CLIENT 5 ===
Continuing file streaming...
-----------------RESPONSE--------------
Continuing file streaming...
Reading from file stream...
Read 9000 bytes from file
Sent 9000 bytes to client
File streaming in progress - keeping connection alive
Waiting for events on port 8080...
=== GENERATING RESPONSE FOR CLIENT 5 ===
Continuing file streaming...
-----------------RESPONSE--------------
Continuing file streaming...
Reading from file stream...
Read 9000 bytes from file
Sent 9000 bytes to client
File streaming in progress - keeping connection alive
Waiting for events on port 8080...
=== GENERATING RESPONSE FOR CLIENT 5 ===
Continuing file streaming...
-----------------RESPONSE--------------
Continuing file streaming...
Reading from file stream...
Read 9000 bytes from file
Sent 9000 bytes to client
File streaming in progress - keeping connection alive
Waiting for events on port 8080...
=== GENERATING RESPONSE FOR CLIENT 5 ===
Continuing file streaming...
-----------------RESPONSE--------------
Continuing file streaming...
Reading from file stream...
Read 9000 bytes from file
Sent 9000 bytes to client
File streaming in progress - keeping connection alive
Waiting for events on port 8080...
=== GENERATING RESPONSE FOR CLIENT 5 ===
Continuing file streaming...
-----------------RESPONSE--------------
Continuing file streaming...
Reading from file stream...
Read 9000 bytes from file
Sent 9000 bytes to client
File streaming in progress - keeping connection alive
Waiting for events on port 8080...
=== GENERATING RESPONSE FOR CLIENT 5 ===
Continuing file streaming...
-----------------RESPONSE--------------
Continuing file streaming...
Reading from file stream...
Read 9000 bytes from file
Sent 9000 bytes to client
File streaming in progress - keeping connection alive
Waiting for events on port 8080...
=== GENERATING RESPONSE FOR CLIENT 5 ===
Continuing file streaming...
-----------------RESPONSE--------------
Continuing file streaming...
Reading from file stream...
Read 9000 bytes from file
Sent 9000 bytes to client
File streaming in progress - keeping connection alive
Waiting for events on port 8080...
=== GENERATING RESPONSE FOR CLIENT 5 ===
Continuing file streaming...
-----------------RESPONSE--------------
Continuing file streaming...
Reading from file stream...
Read 9000 bytes from file
Sent 9000 bytes to client
File streaming in progress - keeping connection alive
Waiting for events on port 8080...
=== GENERATING RESPONSE FOR CLIENT 5 ===
Continuing file streaming...
-----------------RESPONSE--------------
Continuing file streaming...
Reading from file stream...
Read 9000 bytes from file
Sent 9000 bytes to client
File streaming in progress - keeping connection alive
Waiting for events on port 8080...
=== GENERATING RESPONSE FOR CLIENT 5 ===
Continuing file streaming...
-----------------RESPONSE--------------
Continuing file streaming...
Reading from file stream...
Read 9000 bytes from file
Sent 9000 bytes to client
File streaming in progress - keeping connection alive
Waiting for events on port 8080...
=== GENERATING RESPONSE FOR CLIENT 5 ===
Continuing file streaming...
-----------------RESPONSE--------------
Continuing file streaming...
Reading from file stream...
Read 9000 bytes from file
Sent 9000 bytes to client
File streaming in progress - keeping connection alive
Waiting for events on port 8080...
=== GENERATING RESPONSE FOR CLIENT 5 ===
Continuing file streaming...
-----------------RESPONSE--------------
Continuing file streaming...
Reading from file stream...
Read 9000 bytes from file
Sent 9000 bytes to client
File streaming in progress - keeping connection alive
Waiting for events on port 8080...
=== GENERATING RESPONSE FOR CLIENT 5 ===
Continuing file streaming...
-----------------RESPONSE--------------
Continuing file streaming...
Reading from file stream...
Read 9000 bytes from file
Sent 9000 bytes to client
File streaming in progress - keeping connection alive
Waiting for events on port 8080...
=== GENERATING RESPONSE FOR CLIENT 5 ===
Continuing file streaming...
-----------------RESPONSE--------------
Continuing file streaming...
Reading from file stream...
Read 9000 bytes from file
Sent 9000 bytes to client
File streaming in progress - keeping connection alive
Waiting for events on port 8080...
=== GENERATING RESPONSE FOR CLIENT 5 ===
Continuing file streaming...
-----------------RESPONSE--------------
Continuing file streaming...
Reading from file stream...
Read 9000 bytes from file
Sent 9000 bytes to client
File streaming in progress - keeping connection alive
Waiting for events on port 8080...
=== GENERATING RESPONSE FOR CLIENT 5 ===
Continuing file streaming...
-----------------RESPONSE--------------
Continuing file streaming...
Reading from file stream...
Read 9000 bytes from file
Sent 9000 bytes to client
File streaming in progress - keeping connection alive
Waiting for events on port 8080...
=== GENERATING RESPONSE FOR CLIENT 5 ===
Continuing file streaming...
-----------------RESPONSE--------------
Continuing file streaming...
Reading from file stream...
Read 9000 bytes from file
Sent 9000 bytes to client
File streaming in progress - keeping connection alive
Waiting for events on port 8080...
=== GENERATING RESPONSE FOR CLIENT 5 ===
Continuing file streaming...
-----------------RESPONSE--------------
Continuing file streaming...
Reading from file stream...
Read 9000 bytes from file
Sent 9000 bytes to client
File streaming in progress - keeping connection alive
Waiting for events on port 8080...
=== GENERATING RESPONSE FOR CLIENT 5 ===
Continuing file streaming...
-----------------RESPONSE--------------
Continuing file streaming...
Reading from file stream...
Read 9000 bytes from file
Sent 9000 bytes to client
File streaming in progress - keeping connection alive
Waiting for events on port 8080...
=== GENERATING RESPONSE FOR CLIENT 5 ===
Continuing file streaming...
-----------------RESPONSE--------------
Continuing file streaming...
Reading from file stream...
Read 9000 bytes from file
Sent 9000 bytes to client
File streaming in progress - keeping connection alive
Waiting for events on port 8080...
=== GENERATING RESPONSE FOR CLIENT 5 ===
Continuing file streaming...
-----------------RESPONSE--------------
Continuing file streaming...
Reading from file stream...
Read 9000 bytes from file
Sent 9000 bytes to client
File streaming in progress - keeping connection alive
Waiting for events on port 8080...
=== GENERATING RESPONSE FOR CLIENT 5 ===
Continuing file streaming...
-----------------RESPONSE--------------
Continuing file streaming...
Reading from file stream...
Read 9000 bytes from file
Sent 9000 bytes to client
File streaming in progress - keeping connection alive
Waiting for events on port 8080...
=== GENERATING RESPONSE FOR CLIENT 5 ===
Continuing file streaming...
-----------------RESPONSE--------------
Continuing file streaming...
Reading from file stream...
Read 9000 bytes from file
Sent 9000 bytes to client
File streaming in progress - keeping connection alive
Waiting for events on port 8080...
=== GENERATING RESPONSE FOR CLIENT 5 ===
Continuing file streaming...
-----------------RESPONSE--------------
Continuing file streaming...
Reading from file stream...
Read 9000 bytes from file
Sent 9000 bytes to client
File streaming in progress - keeping connection alive
Waiting for events on port 8080...
No events (timeout)
Waiting for events on port 8080...
=== GENERATING RESPONSE FOR CLIENT 5 ===
Continuing file streaming...
-----------------RESPONSE--------------
Continuing file streaming...
Reading from file stream...
Read 9000 bytes from file
Sent 9000 bytes to client
File streaming in progress - keeping connection alive
Waiting for events on port 8080...
=== GENERATING RESPONSE FOR CLIENT 5 ===
Continuing file streaming...
-----------------RESPONSE--------------
Continuing file streaming...
Reading from file stream...
Read 9000 bytes from file
Sent 9000 bytes to client
File streaming in progress - keeping connection alive
Waiting for events on port 8080...
=== GENERATING RESPONSE FOR CLIENT 5 ===
Continuing file streaming...
-----------------RESPONSE--------------
Continuing file streaming...
Reading from file stream...
Read 9000 bytes from file
Sent 9000 bytes to client
File streaming in progress - keeping connection alive
Waiting for events on port 8080...
=== GENERATING RESPONSE FOR CLIENT 5 ===
Continuing file streaming...
-----------------RESPONSE--------------
Continuing file streaming...
Reading from file stream...
Read 9000 bytes from file
Sent 9000 bytes to client
File streaming in progress - keeping connection alive
Waiting for events on port 8080...
=== GENERATING RESPONSE FOR CLIENT 5 ===
Continuing file streaming...
-----------------RESPONSE--------------
Continuing file streaming...
Reading from file stream...
Read 9000 bytes from file
Sent 9000 bytes to client
File streaming in progress - keeping connection alive
Waiting for events on port 8080...
=== GENERATING RESPONSE FOR CLIENT 5 ===
Continuing file streaming...
-----------------RESPONSE--------------
Continuing file streaming...
Reading from file stream...
Read 9000 bytes from file
Sent 9000 bytes to client
File streaming in progress - keeping connection alive
Waiting for events on port 8080...
=== GENERATING RESPONSE FOR CLIENT 5 ===
Continuing file streaming...
-----------------RESPONSE--------------
Continuing file streaming...
Reading from file stream...
Read 9000 bytes from file
Sent 9000 bytes to client
File streaming in progress - keeping connection alive
Waiting for events on port 8080...
=== GENERATING RESPONSE FOR CLIENT 5 ===
Continuing file streaming...
-----------------RESPONSE--------------
Continuing file streaming...
Reading from file stream...
Read 9000 bytes from file
Sent 9000 bytes to client
File streaming in progress - keeping connection alive
Waiting for events on port 8080...
=== GENERATING RESPONSE FOR CLIENT 5 ===
Continuing file streaming...
-----------------RESPONSE--------------
Continuing file streaming...
Reading from file stream...
Read 9000 bytes from file
Sent 9000 bytes to client
File streaming in progress - keeping connection alive
Waiting for events on port 8080...
=== GENERATING RESPONSE FOR CLIENT 5 ===
Continuing file streaming...
-----------------RESPONSE--------------
Continuing file streaming...
Reading from file stream...
Read 9000 bytes from file
Sent 9000 bytes to client
File streaming in progress - keeping connection alive
Waiting for events on port 8080...
=== GENERATING RESPONSE FOR CLIENT 5 ===
Continuing file streaming...
-----------------RESPONSE--------------
Continuing file streaming...
Reading from file stream...
Read 9000 bytes from file
Sent 9000 bytes to client
File streaming in progress - keeping connection alive
Waiting for events on port 8080...
=== GENERATING RESPONSE FOR CLIENT 5 ===
Continuing file streaming...
-----------------RESPONSE--------------
Continuing file streaming...
Reading from file stream...
Read 9000 bytes from file
Sent 9000 bytes to client
File streaming in progress - keeping connection alive
Waiting for events on port 8080...
=== GENERATING RESPONSE FOR CLIENT 5 ===
Continuing file streaming...
-----------------RESPONSE--------------
Continuing file streaming...
Reading from file stream...
Read 9000 bytes from file
Sent 9000 bytes to client
File streaming in progress - keeping connection alive
Waiting for events on port 8080...
=== GENERATING RESPONSE FOR CLIENT 5 ===
Continuing file streaming...
-----------------RESPONSE--------------
Continuing file streaming...
Reading from file stream...
Read 9000 bytes from file
Sent 9000 bytes to client
File streaming in progress - keeping connection alive
Waiting for events on port 8080...
=== GENERATING RESPONSE FOR CLIENT 5 ===
Continuing file streaming...
-----------------RESPONSE--------------
Continuing file streaming...
Reading from file stream...
Read 9000 bytes from file
Sent 9000 bytes to client
File streaming in progress - keeping connection alive
Waiting for events on port 8080...
=== GENERATING RESPONSE FOR CLIENT 5 ===
Continuing file streaming...
-----------------RESPONSE--------------
Continuing file streaming...
Reading from file stream...
Read 9000 bytes from file
Sent 9000 bytes to client
File streaming in progress - keeping connection alive
Waiting for events on port 8080...
=== GENERATING RESPONSE FOR CLIENT 5 ===
Continuing file streaming...
-----------------RESPONSE--------------
Continuing file streaming...
Reading from file stream...
Read 9000 bytes from file
Sent 9000 bytes to client
File streaming in progress - keeping connection alive
Waiting for events on port 8080...
=== GENERATING RESPONSE FOR CLIENT 5 ===
Continuing file streaming...
-----------------RESPONSE--------------
Continuing file streaming...
Reading from file stream...
Read 9000 bytes from file
Sent 9000 bytes to client
File streaming in progress - keeping connection alive
Waiting for events on port 8080...
=== GENERATING RESPONSE FOR CLIENT 5 ===
Continuing file streaming...
-----------------RESPONSE--------------
Continuing file streaming...
Reading from file stream...
Read 9000 bytes from file
Sent 9000 bytes to client
File streaming in progress - keeping connection alive
Waiting for events on port 8080...
=== GENERATING RESPONSE FOR CLIENT 5 ===
Continuing file streaming...
-----------------RESPONSE--------------
Continuing file streaming...
Reading from file stream...
Read 9000 bytes from file
Sent 9000 bytes to client
File streaming in progress - keeping connection alive
Waiting for events on port 8080...
=== GENERATING RESPONSE FOR CLIENT 5 ===
Continuing file streaming...
-----------------RESPONSE--------------
Continuing file streaming...
Reading from file stream...
Read 9000 bytes from file
Sent 9000 bytes to client
File streaming in progress - keeping connection alive
Waiting for events on port 8080...
=== GENERATING RESPONSE FOR CLIENT 5 ===
Continuing file streaming...
-----------------RESPONSE--------------
Continuing file streaming...
Reading from file stream...
Read 9000 bytes from file
Sent 9000 bytes to client
File streaming in progress - keeping connection alive
Waiting for events on port 8080...
=== GENERATING RESPONSE FOR CLIENT 5 ===
Continuing file streaming...
-----------------RESPONSE--------------
Continuing file streaming...
Reading from file stream...
Read 9000 bytes from file
Sent 9000 bytes to client
File streaming in progress - keeping connection alive
Waiting for events on port 8080...
=== GENERATING RESPONSE FOR CLIENT 5 ===
Continuing file streaming...
-----------------RESPONSE--------------
Continuing file streaming...
Reading from file stream...
Read 9000 bytes from file
Sent 9000 bytes to client
File streaming in progress - keeping connection alive
Waiting for events on port 8080...
=== GENERATING RESPONSE FOR CLIENT 5 ===
Continuing file streaming...
-----------------RESPONSE--------------
Continuing file streaming...
Reading from file stream...
Read 9000 bytes from file
Sent 9000 bytes to client
File streaming in progress - keeping connection alive
Waiting for events on port 8080...
=== GENERATING RESPONSE FOR CLIENT 5 ===
Continuing file streaming...
-----------------RESPONSE--------------
Continuing file streaming...
Reading from file stream...
Read 9000 bytes from file
Sent 9000 bytes to client
File streaming in progress - keeping connection alive
Waiting for events on port 8080...
=== GENERATING RESPONSE FOR CLIENT 5 ===
Continuing file streaming...
-----------------RESPONSE--------------
Continuing file streaming...
Reading from file stream...
Read 9000 bytes from file
Sent 9000 bytes to client
File streaming in progress - keeping connection alive
Waiting for events on port 8080...
=== GENERATING RESPONSE FOR CLIENT 5 ===
Continuing file streaming...
-----------------RESPONSE--------------
Continuing file streaming...
Reading from file stream...
Read 9000 bytes from file
Sent 9000 bytes to client
File streaming in progress - keeping connection alive
Waiting for events on port 8080...
=== GENERATING RESPONSE FOR CLIENT 5 ===
Continuing file streaming...
-----------------RESPONSE--------------
Continuing file streaming...
Reading from file stream...
Read 9000 bytes from file
Sent 9000 bytes to client
File streaming in progress - keeping connection alive
Waiting for events on port 8080...
=== GENERATING RESPONSE FOR CLIENT 5 ===
Continuing file streaming...
-----------------RESPONSE--------------
Continuing file streaming...
Reading from file stream...
Read 9000 bytes from file
Sent 9000 bytes to client
File streaming in progress - keeping connection alive
Waiting for events on port 8080...
=== GENERATING RESPONSE FOR CLIENT 5 ===
Continuing file streaming...
-----------------RESPONSE--------------
Continuing file streaming...
Reading from file stream...
Read 9000 bytes from file
Sent 9000 bytes to client
File streaming in progress - keeping connection alive
Waiting for events on port 8080...
=== GENERATING RESPONSE FOR CLIENT 5 ===
Continuing file streaming...
-----------------RESPONSE--------------
Continuing file streaming...
Reading from file stream...
Read 9000 bytes from file
Sent 9000 bytes to client
File streaming in progress - keeping connection alive
Waiting for events on port 8080...
=== GENERATING RESPONSE FOR CLIENT 5 ===
Continuing file streaming...
-----------------RESPONSE--------------
Continuing file streaming...
Reading from file stream...
Read 9000 bytes from file
Sent 9000 bytes to client
File streaming in progress - keeping connection alive
Waiting for events on port 8080...
=== GENERATING RESPONSE FOR CLIENT 5 ===
Continuing file streaming...
-----------------RESPONSE--------------
Continuing file streaming...
Reading from file stream...
Read 9000 bytes from file
Sent 9000 bytes to client
File streaming in progress - keeping connection alive
Waiting for events on port 8080...
=== GENERATING RESPONSE FOR CLIENT 5 ===
Continuing file streaming...
-----------------RESPONSE--------------
Continuing file streaming...
Reading from file stream...
Read 9000 bytes from file
Sent 9000 bytes to client
File streaming in progress - keeping connection alive
Waiting for events on port 8080...
=== GENERATING RESPONSE FOR CLIENT 5 ===
Continuing file streaming...
-----------------RESPONSE--------------
Continuing file streaming...
Reading from file stream...
Read 9000 bytes from file
Sent 9000 bytes to client
File streaming in progress - keeping connection alive
Waiting for events on port 8080...
=== GENERATING RESPONSE FOR CLIENT 5 ===
Continuing file streaming...
-----------------RESPONSE--------------
Continuing file streaming...
Reading from file stream...
Read 9000 bytes from file
Sent 9000 bytes to client
File streaming in progress - keeping connection alive
Waiting for events on port 8080...
=== GENERATING RESPONSE FOR CLIENT 5 ===
Continuing file streaming...
-----------------RESPONSE--------------
Continuing file streaming...
Reading from file stream...
Read 9000 bytes from file
Sent 9000 bytes to client
File streaming in progress - keeping connection alive
Waiting for events on port 8080...
=== GENERATING RESPONSE FOR CLIENT 5 ===
Continuing file streaming...
-----------------RESPONSE--------------
Continuing file streaming...
Reading from file stream...
Read 9000 bytes from file
Sent 9000 bytes to client
File streaming in progress - keeping connection alive
Waiting for events on port 8080...
=== GENERATING RESPONSE FOR CLIENT 5 ===
Continuing file streaming...
-----------------RESPONSE--------------
Continuing file streaming...
Reading from file stream...
Read 9000 bytes from file
Sent 9000 bytes to client
File streaming in progress - keeping connection alive
Waiting for events on port 8080...
=== GENERATING RESPONSE FOR CLIENT 5 ===
Continuing file streaming...
-----------------RESPONSE--------------
Continuing file streaming...
Reading from file stream...
Read 9000 bytes from file
Sent 9000 bytes to client
File streaming in progress - keeping connection alive
Waiting for events on port 8080...
=== GENERATING RESPONSE FOR CLIENT 5 ===
Continuing file streaming...
-----------------RESPONSE--------------
Continuing file streaming...
Reading from file stream...
Read 9000 bytes from file
Sent 9000 bytes to client
File streaming in progress - keeping connection alive
Waiting for events on port 8080...
=== GENERATING RESPONSE FOR CLIENT 5 ===
Continuing file streaming...
-----------------RESPONSE--------------
Continuing file streaming...
Reading from file stream...
Read 9000 bytes from file
Sent 9000 bytes to client
File streaming in progress - keeping connection alive
Waiting for events on port 8080...
=== GENERATING RESPONSE FOR CLIENT 5 ===
Continuing file streaming...
-----------------RESPONSE--------------
Continuing file streaming...
Reading from file stream...
Read 9000 bytes from file
Sent 9000 bytes to client
File streaming in progress - keeping connection alive
Waiting for events on port 8080...
=== GENERATING RESPONSE FOR CLIENT 5 ===
Continuing file streaming...
-----------------RESPONSE--------------
Continuing file streaming...
Reading from file stream...
Read 9000 bytes from file
Sent 9000 bytes to client
File streaming in progress - keeping connection alive
Waiting for events on port 8080...
=== GENERATING RESPONSE FOR CLIENT 5 ===
Continuing file streaming...
-----------------RESPONSE--------------
Continuing file streaming...
Reading from file stream...
Read 9000 bytes from file
Sent 9000 bytes to client
File streaming in progress - keeping connection alive
Waiting for events on port 8080...
=== GENERATING RESPONSE FOR CLIENT 5 ===
Continuing file streaming...
-----------------RESPONSE--------------
Continuing file streaming...
Reading from file stream...
Read 9000 bytes from file
Sent 9000 bytes to client
File streaming in progress - keeping connection alive
Waiting for events on port 8080...
=== GENERATING RESPONSE FOR CLIENT 5 ===
Continuing file streaming...
-----------------RESPONSE--------------
Continuing file streaming...
Reading from file stream...
Read 9000 bytes from file
Sent 9000 bytes to client
File streaming in progress - keeping connection alive
Waiting for events on port 8080...
=== GENERATING RESPONSE FOR CLIENT 5 ===
Continuing file streaming...
-----------------RESPONSE--------------
Continuing file streaming...
Reading from file stream...
Read 9000 bytes from file
Sent 9000 bytes to client
File streaming in progress - keeping connection alive
Waiting for events on port 8080...
=== GENERATING RESPONSE FOR CLIENT 5 ===
Continuing file streaming...
-----------------RESPONSE--------------
Continuing file streaming...
Reading from file stream...
Read 9000 bytes from file
Sent 9000 bytes to client
File streaming in progress - keeping connection alive
Waiting for events on port 8080...
=== GENERATING RESPONSE FOR CLIENT 5 ===
Continuing file streaming...
-----------------RESPONSE--------------
Continuing file streaming...
Reading from file stream...
Read 9000 bytes from file
Sent 9000 bytes to client
File streaming in progress - keeping connection alive
Waiting for events on port 8080...
=== GENERATING RESPONSE FOR CLIENT 5 ===
Continuing file streaming...
-----------------RESPONSE--------------
Continuing file streaming...
Reading from file stream...
Read 9000 bytes from file
Sent 9000 bytes to client
File streaming in progress - keeping connection alive
Waiting for events on port 8080...
=== GENERATING RESPONSE FOR CLIENT 5 ===
Continuing file streaming...
-----------------RESPONSE--------------
Continuing file streaming...
Reading from file stream...
Read 9000 bytes from file
Sent 9000 bytes to client
File streaming in progress - keeping connection alive
Waiting for events on port 8080...
=== GENERATING RESPONSE FOR CLIENT 5 ===
Continuing file streaming...
-----------------RESPONSE--------------
Continuing file streaming...
Reading from file stream...
Read 9000 bytes from file
Sent 9000 bytes to client
File streaming in progress - keeping connection alive
Waiting for events on port 8080...
=== GENERATING RESPONSE FOR CLIENT 5 ===
Continuing file streaming...
-----------------RESPONSE--------------
Continuing file streaming...
Reading from file stream...
Read 9000 bytes from file
Sent 9000 bytes to client
File streaming in progress - keeping connection alive
Waiting for events on port 8080...
=== GENERATING RESPONSE FOR CLIENT 5 ===
Continuing file streaming...
-----------------RESPONSE--------------
Continuing file streaming...
Reading from file stream...
Read 9000 bytes from file
Sent 9000 bytes to client
File streaming in progress - keeping connection alive
Waiting for events on port 8080...
=== GENERATING RESPONSE FOR CLIENT 5 ===
Continuing file streaming...
-----------------RESPONSE--------------
Continuing file streaming...
Reading from file stream...
Read 9000 bytes from file
Sent 9000 bytes to client
File streaming in progress - keeping connection alive
Waiting for events on port 8080...
=== GENERATING RESPONSE FOR CLIENT 5 ===
Continuing file streaming...
-----------------RESPONSE--------------
Continuing file streaming...
Reading from file stream...
Read 9000 bytes from file
Sent 9000 bytes to client
File streaming in progress - keeping connection alive
Waiting for events on port 8080...
=== GENERATING RESPONSE FOR CLIENT 5 ===
Continuing file streaming...
-----------------RESPONSE--------------
Continuing file streaming...
Reading from file stream...
Read 9000 bytes from file
Sent 9000 bytes to client
File streaming in progress - keeping connection alive
Waiting for events on port 8080...
=== GENERATING RESPONSE FOR CLIENT 5 ===
Continuing file streaming...
-----------------RESPONSE--------------
Continuing file streaming...
Reading from file stream...
Read 9000 bytes from file
Sent 9000 bytes to client
File streaming in progress - keeping connection alive
Waiting for events on port 8080...
=== GENERATING RESPONSE FOR CLIENT 5 ===
Continuing file streaming...
-----------------RESPONSE--------------
Continuing file streaming...
Reading from file stream...
Read 9000 bytes from file
Sent 9000 bytes to client
File streaming in progress - keeping connection alive
Waiting for events on port 8080...
=== GENERATING RESPONSE FOR CLIENT 5 ===
Continuing file streaming...
-----------------RESPONSE--------------
Continuing file streaming...
Reading from file stream...
Read 9000 bytes from file
Sent 9000 bytes to client
File streaming in progress - keeping connection alive
Waiting for events on port 8080...
=== GENERATING RESPONSE FOR CLIENT 5 ===
Continuing file streaming...
-----------------RESPONSE--------------
Continuing file streaming...
Reading from file stream...
Read 9000 bytes from file
Sent 9000 bytes to client
File streaming in progress - keeping connection alive
Waiting for events on port 8080...
=== GENERATING RESPONSE FOR CLIENT 5 ===
Continuing file streaming...
-----------------RESPONSE--------------
Continuing file streaming...
Reading from file stream...
Read 9000 bytes from file
Sent 9000 bytes to client
File streaming in progress - keeping connection alive
Waiting for events on port 8080...
=== GENERATING RESPONSE FOR CLIENT 5 ===
Continuing file streaming...
-----------------RESPONSE--------------
Continuing file streaming...
Reading from file stream...
Read 9000 bytes from file
Sent 9000 bytes to client
File streaming in progress - keeping connection alive
Waiting for events on port 8080...
=== GENERATING RESPONSE FOR CLIENT 5 ===
Continuing file streaming...
-----------------RESPONSE--------------
Continuing file streaming...
Reading from file stream...
Read 9000 bytes from file
Sent 9000 bytes to client
File streaming in progress - keeping connection alive
Waiting for events on port 8080...
=== GENERATING RESPONSE FOR CLIENT 5 ===
Continuing file streaming...
-----------------RESPONSE--------------
Continuing file streaming...
Reading from file stream...
Read 9000 bytes from file
Sent 9000 bytes to client
File streaming in progress - keeping connection alive
Waiting for events on port 8080...
=== GENERATING RESPONSE FOR CLIENT 5 ===
Continuing file streaming...
-----------------RESPONSE--------------
Continuing file streaming...
Reading from file stream...
Read 9000 bytes from file
Sent 9000 bytes to client
File streaming in progress - keeping connection alive
Waiting for events on port 8080...
=== GENERATING RESPONSE FOR CLIENT 5 ===
Continuing file streaming...
-----------------RESPONSE--------------
Continuing file streaming...
Reading from file stream...
Read 9000 bytes from file
Sent 9000 bytes to client
File streaming in progress - keeping connection alive
Waiting for events on port 8080...
=== GENERATING RESPONSE FOR CLIENT 5 ===
Continuing file streaming...
-----------------RESPONSE--------------
Continuing file streaming...
Reading from file stream...
Read 9000 bytes from file
Sent 9000 bytes to client
File streaming in progress - keeping connection alive
Waiting for events on port 8080...
=== GENERATING RESPONSE FOR CLIENT 5 ===
Continuing file streaming...
-----------------RESPONSE--------------
Continuing file streaming...
Reading from file stream...
Read 9000 bytes from file
Sent 9000 bytes to client
File streaming in progress - keeping connection alive
Waiting for events on port 8080...
=== GENERATING RESPONSE FOR CLIENT 5 ===
Continuing file streaming...
-----------------RESPONSE--------------
Continuing file streaming...
Reading from file stream...
Read 9000 bytes from file
Sent 9000 bytes to client
File streaming in progress - keeping connection alive
Waiting for events on port 8080...
=== GENERATING RESPONSE FOR CLIENT 5 ===
Continuing file streaming...
-----------------RESPONSE--------------
Continuing file streaming...
Reading from file stream...
Read 9000 bytes from file
Sent 9000 bytes to client
File streaming in progress - keeping connection alive
Waiting for events on port 8080...
=== GENERATING RESPONSE FOR CLIENT 5 ===
Continuing file streaming...
-----------------RESPONSE--------------
Continuing file streaming...
Reading from file stream...
Read 9000 bytes from file
Sent 9000 bytes to client
File streaming in progress - keeping connection alive
Waiting for events on port 8080...
=== GENERATING RESPONSE FOR CLIENT 5 ===
Continuing file streaming...
-----------------RESPONSE--------------
Continuing file streaming...
Reading from file stream...
Read 9000 bytes from file
Sent 9000 bytes to client
File streaming in progress - keeping connection alive
Waiting for events on port 8080...
=== GENERATING RESPONSE FOR CLIENT 5 ===
Continuing file streaming...
-----------------RESPONSE--------------
Continuing file streaming...
Reading from file stream...
Read 9000 bytes from file
Sent 9000 bytes to client
File streaming in progress - keeping connection alive
Waiting for events on port 8080...
=== GENERATING RESPONSE FOR CLIENT 5 ===
Continuing file streaming...
-----------------RESPONSE--------------
Continuing file streaming...
Reading from file stream...
Read 9000 bytes from file
Sent 9000 bytes to client
File streaming in progress - keeping connection alive
Waiting for events on port 8080...
=== GENERATING RESPONSE FOR CLIENT 5 ===
Continuing file streaming...
-----------------RESPONSE--------------
Continuing file streaming...
Reading from file stream...
Read 9000 bytes from file
Sent 9000 bytes to client
File streaming in progress - keeping connection alive
Waiting for events on port 8080...
=== GENERATING RESPONSE FOR CLIENT 5 ===
Continuing file streaming...
-----------------RESPONSE--------------
Continuing file streaming...
Reading from file stream...
Read 9000 bytes from file
Sent 9000 bytes to client
File streaming in progress - keeping connection alive
Waiting for events on port 8080...
=== GENERATING RESPONSE FOR CLIENT 5 ===
Continuing file streaming...
-----------------RESPONSE--------------
Continuing file streaming...
Reading from file stream...
Read 9000 bytes from file
Sent 9000 bytes to client
File streaming in progress - keeping connection alive
Waiting for events on port 8080...
=== GENERATING RESPONSE FOR CLIENT 5 ===
Continuing file streaming...
-----------------RESPONSE--------------
Continuing file streaming...
Reading from file stream...
Read 9000 bytes from file
Sent 9000 bytes to client
File streaming in progress - keeping connection alive
Waiting for events on port 8080...
=== GENERATING RESPONSE FOR CLIENT 5 ===
Continuing file streaming...
-----------------RESPONSE--------------
Continuing file streaming...
Reading from file stream...
Read 9000 bytes from file
Sent 9000 bytes to client
File streaming in progress - keeping connection alive
Waiting for events on port 8080...
=== GENERATING RESPONSE FOR CLIENT 5 ===
Continuing file streaming...
-----------------RESPONSE--------------
Continuing file streaming...
Reading from file stream...
Read 9000 bytes from file
Sent 9000 bytes to client
File streaming in progress - keeping connection alive
Waiting for events on port 8080...
=== GENERATING RESPONSE FOR CLIENT 5 ===
Continuing file streaming...
-----------------RESPONSE--------------
Continuing file streaming...
Reading from file stream...
Read 9000 bytes from file
Sent 9000 bytes to client
File streaming in progress - keeping connection alive
Waiting for events on port 8080...
=== GENERATING RESPONSE FOR CLIENT 5 ===
Continuing file streaming...
-----------------RESPONSE--------------
Continuing file streaming...
Reading from file stream...
Read 9000 bytes from file
Sent 9000 bytes to client
File streaming in progress - keeping connection alive
Waiting for events on port 8080...
=== GENERATING RESPONSE FOR CLIENT 5 ===
Continuing file streaming...
-----------------RESPONSE--------------
Continuing file streaming...
Reading from file stream...
Read 9000 bytes from file
Sent 9000 bytes to client
File streaming in progress - keeping connection alive
Waiting for events on port 8080...
=== GENERATING RESPONSE FOR CLIENT 5 ===
Continuing file streaming...
-----------------RESPONSE--------------
Continuing file streaming...
Reading from file stream...
Read 9000 bytes from file
Sent 9000 bytes to client
File streaming in progress - keeping connection alive
Waiting for events on port 8080...
=== GENERATING RESPONSE FOR CLIENT 5 ===
Continuing file streaming...
-----------------RESPONSE--------------
Continuing file streaming...
Reading from file stream...
Read 9000 bytes from file
Sent 9000 bytes to client
File streaming in progress - keeping connection alive
Waiting for events on port 8080...
=== GENERATING RESPONSE FOR CLIENT 5 ===
Continuing file streaming...
-----------------RESPONSE--------------
Continuing file streaming...
Reading from file stream...
Read 9000 bytes from file
Sent 9000 bytes to client
File streaming in progress - keeping connection alive
Waiting for events on port 8080...
=== GENERATING RESPONSE FOR CLIENT 5 ===
Continuing file streaming...
-----------------RESPONSE--------------
Continuing file streaming...
Reading from file stream...
Read 9000 bytes from file
Sent 9000 bytes to client
File streaming in progress - keeping connection alive
Waiting for events on port 8080...
=== GENERATING RESPONSE FOR CLIENT 5 ===
Continuing file streaming...
-----------------RESPONSE--------------
Continuing file streaming...
Reading from file stream...
Read 9000 bytes from file
Sent 9000 bytes to client
File streaming in progress - keeping connection alive
Waiting for events on port 8080...
=== GENERATING RESPONSE FOR CLIENT 5 ===
Continuing file streaming...
-----------------RESPONSE--------------
Continuing file streaming...
Reading from file stream...
Read 9000 bytes from file
Sent 9000 bytes to client
File streaming in progress - keeping connection alive
Waiting for events on port 8080...
=== GENERATING RESPONSE FOR CLIENT 5 ===
Continuing file streaming...
-----------------RESPONSE--------------
Continuing file streaming...
Reading from file stream...
Read 9000 bytes from file
Sent 9000 bytes to client
File streaming in progress - keeping connection alive
Waiting for events on port 8080...
=== GENERATING RESPONSE FOR CLIENT 5 ===
Continuing file streaming...
-----------------RESPONSE--------------
Continuing file streaming...
Reading from file stream...
Read 9000 bytes from file
Sent 9000 bytes to client
File streaming in progress - keeping connection alive
Waiting for events on port 8080...
=== GENERATING RESPONSE FOR CLIENT 5 ===
Continuing file streaming...
-----------------RESPONSE--------------
Continuing file streaming...
Reading from file stream...
Read 9000 bytes from file
Sent 9000 bytes to client
File streaming in progress - keeping connection alive
Waiting for events on port 8080...
=== GENERATING RESPONSE FOR CLIENT 5 ===
Continuing file streaming...
-----------------RESPONSE--------------
Continuing file streaming...
Reading from file stream...
Read 9000 bytes from file
Sent 9000 bytes to client
File streaming in progress - keeping connection alive
Waiting for events on port 8080...
=== GENERATING RESPONSE FOR CLIENT 5 ===
Continuing file streaming...
-----------------RESPONSE--------------
Continuing file streaming...
Reading from file stream...
Read 9000 bytes from file
Sent 9000 bytes to client
File streaming in progress - keeping connection alive
Waiting for events on port 8080...
=== GENERATING RESPONSE FOR CLIENT 5 ===
Continuing file streaming...
-----------------RESPONSE--------------
Continuing file streaming...
Reading from file stream...
Read 9000 bytes from file
Sent 9000 bytes to client
File streaming in progress - keeping connection alive
Waiting for events on port 8080...
=== GENERATING RESPONSE FOR CLIENT 5 ===
Continuing file streaming...
-----------------RESPONSE--------------
Continuing file streaming...
Reading from file stream...
Read 9000 bytes from file
Sent 9000 bytes to client
File streaming in progress - keeping connection alive
Waiting for events on port 8080...
=== GENERATING RESPONSE FOR CLIENT 5 ===
Continuing file streaming...
-----------------RESPONSE--------------
Continuing file streaming...
Reading from file stream...
Read 9000 bytes from file
Sent 9000 bytes to client
File streaming in progress - keeping connection alive
Waiting for events on port 8080...
=== GENERATING RESPONSE FOR CLIENT 5 ===
Continuing file streaming...
-----------------RESPONSE--------------
Continuing file streaming...
Reading from file stream...
Read 9000 bytes from file
Sent 9000 bytes to client
File streaming in progress - keeping connection alive
Waiting for events on port 8080...
=== GENERATING RESPONSE FOR CLIENT 5 ===
Continuing file streaming...
-----------------RESPONSE--------------
Continuing file streaming...
Reading from file stream...
Read 9000 bytes from file
Sent 9000 bytes to client
File streaming in progress - keeping connection alive
Waiting for events on port 8080...
=== GENERATING RESPONSE FOR CLIENT 5 ===
Continuing file streaming...
-----------------RESPONSE--------------
Continuing file streaming...
Reading from file stream...
Read 9000 bytes from file
Sent 9000 bytes to client
File streaming in progress - keeping connection alive
Waiting for events on port 8080...
=== GENERATING RESPONSE FOR CLIENT 5 ===
Continuing file streaming...
-----------------RESPONSE--------------
Continuing file streaming...
Reading from file stream...
Read 9000 bytes from file
Sent 9000 bytes to client
File streaming in progress - keeping connection alive
Waiting for events on port 8080...
=== GENERATING RESPONSE FOR CLIENT 5 ===
Continuing file streaming...
-----------------RESPONSE--------------
Continuing file streaming...
Reading from file stream...
Read 9000 bytes from file
Sent 9000 bytes to client
File streaming in progress - keeping connection alive
Waiting for events on port 8080...
=== GENERATING RESPONSE FOR CLIENT 5 ===
Continuing file streaming...
-----------------RESPONSE--------------
Continuing file streaming...
Reading from file stream...
Read 9000 bytes from file
Sent 9000 bytes to client
File streaming in progress - keeping connection alive
Waiting for events on port 8080...
=== GENERATING RESPONSE FOR CLIENT 5 ===
Continuing file streaming...
-----------------RESPONSE--------------
Continuing file streaming...
Reading from file stream...
Read 9000 bytes from file
Sent 9000 bytes to client
File streaming in progress - keeping connection alive
Waiting for events on port 8080...
=== GENERATING RESPONSE FOR CLIENT 5 ===
Continuing file streaming...
-----------------RESPONSE--------------
Continuing file streaming...
Reading from file stream...
Read 9000 bytes from file
Sent 9000 bytes to client
File streaming in progress - keeping connection alive
Waiting for events on port 8080...
=== GENERATING RESPONSE FOR CLIENT 5 ===
Continuing file streaming...
-----------------RESPONSE--------------
Continuing file streaming...
Reading from file stream...
Read 9000 bytes from file
Sent 9000 bytes to client
File streaming in progress - keeping connection alive
Waiting for events on port 8080...
=== GENERATING RESPONSE FOR CLIENT 5 ===
Continuing file streaming...
-----------------RESPONSE--------------
Continuing file streaming...
Reading from file stream...
Read 9000 bytes from file
Sent 9000 bytes to client
File streaming in progress - keeping connection alive
Waiting for events on port 8080...
=== GENERATING RESPONSE FOR CLIENT 5 ===
Continuing file streaming...
-----------------RESPONSE--------------
Continuing file streaming...
Reading from file stream...
Read 9000 bytes from file
Sent 9000 bytes to client
File streaming in progress - keeping connection alive
Waiting for events on port 8080...
=== GENERATING RESPONSE FOR CLIENT 5 ===
Continuing file streaming...
-----------------RESPONSE--------------
Continuing file streaming...
Reading from file stream...
Read 9000 bytes from file
Sent 9000 bytes to client
File streaming in progress - keeping connection alive
Waiting for events on port 8080...
=== GENERATING RESPONSE FOR CLIENT 5 ===
Continuing file streaming...
-----------------RESPONSE--------------
Continuing file streaming...
Reading from file stream...
Read 9000 bytes from file
Sent 9000 bytes to client
File streaming in progress - keeping connection alive
Waiting for events on port 8080...
=== GENERATING RESPONSE FOR CLIENT 5 ===
Continuing file streaming...
-----------------RESPONSE--------------
Continuing file streaming...
Reading from file stream...
Read 9000 bytes from file
Sent 9000 bytes to client
File streaming in progress - keeping connection alive
Waiting for events on port 8080...
=== GENERATING RESPONSE FOR CLIENT 5 ===
Continuing file streaming...
-----------------RESPONSE--------------
Continuing file streaming...
Reading from file stream...
Read 9000 bytes from file
Sent 9000 bytes to client
File streaming in progress - keeping connection alive
Waiting for events on port 8080...
=== GENERATING RESPONSE FOR CLIENT 5 ===
Continuing file streaming...
-----------------RESPONSE--------------
Continuing file streaming...
Reading from file stream...
Read 9000 bytes from file
Sent 9000 bytes to client
File streaming in progress - keeping connection alive
Waiting for events on port 8080...
=== GENERATING RESPONSE FOR CLIENT 5 ===
Continuing file streaming...
-----------------RESPONSE--------------
Continuing file streaming...
Reading from file stream...
Read 9000 bytes from file
Sent 9000 bytes to client
File streaming in progress - keeping connection alive
Waiting for events on port 8080...
=== GENERATING RESPONSE FOR CLIENT 5 ===
Continuing file streaming...
-----------------RESPONSE--------------
Continuing file streaming...
Reading from file stream...
Read 9000 bytes from file
Sent 9000 bytes to client
File streaming in progress - keeping connection alive
Waiting for events on port 8080...
=== GENERATING RESPONSE FOR CLIENT 5 ===
Continuing file streaming...
-----------------RESPONSE--------------
Continuing file streaming...
Reading from file stream...
Read 9000 bytes from file
Sent 9000 bytes to client
File streaming in progress - keeping connection alive
Waiting for events on port 8080...
=== GENERATING RESPONSE FOR CLIENT 5 ===
Continuing file streaming...
-----------------RESPONSE--------------
Continuing file streaming...
Reading from file stream...
Read 9000 bytes from file
Sent 9000 bytes to client
File streaming in progress - keeping connection alive
Waiting for events on port 8080...
=== GENERATING RESPONSE FOR CLIENT 5 ===
Continuing file streaming...
-----------------RESPONSE--------------
Continuing file streaming...
Reading from file stream...
Read 9000 bytes from file
Sent 9000 bytes to client
File streaming in progress - keeping connection alive
Waiting for events on port 8080...
=== GENERATING RESPONSE FOR CLIENT 5 ===
Continuing file streaming...
-----------------RESPONSE--------------
Continuing file streaming...
Reading from file stream...
Read 9000 bytes from file
Sent 9000 bytes to client
File streaming in progress - keeping connection alive
Waiting for events on port 8080...
=== GENERATING RESPONSE FOR CLIENT 5 ===
Continuing file streaming...
-----------------RESPONSE--------------
Continuing file streaming...
Reading from file stream...
Read 9000 bytes from file
Sent 9000 bytes to client
File streaming in progress - keeping connection alive
Waiting for events on port 8080...
=== GENERATING RESPONSE FOR CLIENT 5 ===
Continuing file streaming...
-----------------RESPONSE--------------
Continuing file streaming...
Reading from file stream...
Read 9000 bytes from file
Sent 9000 bytes to client
File streaming in progress - keeping connection alive
Waiting for events on port 8080...
=== GENERATING RESPONSE FOR CLIENT 5 ===
Continuing file streaming...
-----------------RESPONSE--------------
Continuing file streaming...
Reading from file stream...
Read 9000 bytes from file
Sent 9000 bytes to client
File streaming in progress - keeping connection alive
Waiting for events on port 8080...
=== GENERATING RESPONSE FOR CLIENT 5 ===
Continuing file streaming...
-----------------RESPONSE--------------
Continuing file streaming...
Reading from file stream...
Read 9000 bytes from file
Sent 9000 bytes to client
File streaming in progress - keeping connection alive
Waiting for events on port 8080...
=== GENERATING RESPONSE FOR CLIENT 5 ===
Continuing file streaming...
-----------------RESPONSE--------------
Continuing file streaming...
Reading from file stream...
Read 9000 bytes from file
Sent 9000 bytes to client
File streaming in progress - keeping connection alive
Waiting for events on port 8080...
=== GENERATING RESPONSE FOR CLIENT 5 ===
Continuing file streaming...
-----------------RESPONSE--------------
Continuing file streaming...
Reading from file stream...
Read 9000 bytes from file
Sent 9000 bytes to client
File streaming in progress - keeping connection alive
Waiting for events on port 8080...
=== GENERATING RESPONSE FOR CLIENT 5 ===
Continuing file streaming...
-----------------RESPONSE--------------
Continuing file streaming...
Reading from file stream...
Read 9000 bytes from file
Sent 9000 bytes to client
File streaming in progress - keeping connection alive
Waiting for events on port 8080...
=== GENERATING RESPONSE FOR CLIENT 5 ===
Continuing file streaming...
-----------------RESPONSE--------------
Continuing file streaming...
Reading from file stream...
Read 9000 bytes from file
Sent 9000 bytes to client
File streaming in progress - keeping connection alive
Waiting for events on port 8080...
=== GENERATING RESPONSE FOR CLIENT 5 ===
Continuing file streaming...
-----------------RESPONSE--------------
Continuing file streaming...
Reading from file stream...
Read 9000 bytes from file
Sent 9000 bytes to client
File streaming in progress - keeping connection alive
Waiting for events on port 8080...
=== GENERATING RESPONSE FOR CLIENT 5 ===
Continuing file streaming...
-----------------RESPONSE--------------
Continuing file streaming...
Reading from file stream...
Read 9000 bytes from file
Sent 9000 bytes to client
File streaming in progress - keeping connection alive
Waiting for events on port 8080...
=== GENERATING RESPONSE FOR CLIENT 5 ===
Continuing file streaming...
-----------------RESPONSE--------------
Continuing file streaming...
Reading from file stream...
Read 9000 bytes from file
Sent 9000 bytes to client
File streaming in progress - keeping connection alive
Waiting for events on port 8080...
=== GENERATING RESPONSE FOR CLIENT 5 ===
Continuing file streaming...
-----------------RESPONSE--------------
Continuing file streaming...
Reading from file stream...
Read 9000 bytes from file
Sent 9000 bytes to client
File streaming in progress - keeping connection alive
Waiting for events on port 8080...
=== GENERATING RESPONSE FOR CLIENT 5 ===
Continuing file streaming...
-----------------RESPONSE--------------
Continuing file streaming...
Reading from file stream...
Read 9000 bytes from file
Sent 9000 bytes to client
File streaming in progress - keeping connection alive
Waiting for events on port 8080...
=== GENERATING RESPONSE FOR CLIENT 5 ===
Continuing file streaming...
-----------------RESPONSE--------------
Continuing file streaming...
Reading from file stream...
Read 9000 bytes from file
Sent 9000 bytes to client
File streaming in progress - keeping connection alive
Waiting for events on port 8080...
=== GENERATING RESPONSE FOR CLIENT 5 ===
Continuing file streaming...
-----------------RESPONSE--------------
Continuing file streaming...
Reading from file stream...
Read 9000 bytes from file
Sent 9000 bytes to client
File streaming in progress - keeping connection alive
Waiting for events on port 8080...
=== GENERATING RESPONSE FOR CLIENT 5 ===
Continuing file streaming...
-----------------RESPONSE--------------
Continuing file streaming...
Reading from file stream...
Read 9000 bytes from file
Sent 9000 bytes to client
File streaming in progress - keeping connection alive
Waiting for events on port 8080...
=== GENERATING RESPONSE FOR CLIENT 5 ===
Continuing file streaming...
-----------------RESPONSE--------------
Continuing file streaming...
Reading from file stream...
Read 9000 bytes from file
Sent 9000 bytes to client
File streaming in progress - keeping connection alive
Waiting for events on port 8080...
=== GENERATING RESPONSE FOR CLIENT 5 ===
Continuing file streaming...
-----------------RESPONSE--------------
Continuing file streaming...
Reading from file stream...
Read 9000 bytes from file
Sent 9000 bytes to client
File streaming in progress - keeping connection alive
Waiting for events on port 8080...
=== GENERATING RESPONSE FOR CLIENT 5 ===
Continuing file streaming...
-----------------RESPONSE--------------
Continuing file streaming...
Reading from file stream...
Read 9000 bytes from file
Sent 9000 bytes to client
File streaming in progress - keeping connection alive
Waiting for events on port 8080...
=== GENERATING RESPONSE FOR CLIENT 5 ===
Continuing file streaming...
-----------------RESPONSE--------------
Continuing file streaming...
Reading from file stream...
Read 9000 bytes from file
Sent 9000 bytes to client
File streaming in progress - keeping connection alive
Waiting for events on port 8080...
=== GENERATING RESPONSE FOR CLIENT 5 ===
Continuing file streaming...
-----------------RESPONSE--------------
Continuing file streaming...
Reading from file stream...
Read 9000 bytes from file
Sent 9000 bytes to client
File streaming in progress - keeping connection alive
Waiting for events on port 8080...
=== GENERATING RESPONSE FOR CLIENT 5 ===
Continuing file streaming...
-----------------RESPONSE--------------
Continuing file streaming...
Reading from file stream...
Read 9000 bytes from file
Sent 9000 bytes to client
File streaming in progress - keeping connection alive
Waiting for events on port 8080...
=== GENERATING RESPONSE FOR CLIENT 5 ===
Continuing file streaming...
-----------------RESPONSE--------------
Continuing file streaming...
Reading from file stream...
Read 9000 bytes from file
Sent 9000 bytes to client
File streaming in progress - keeping connection alive
Waiting for events on port 8080...
=== GENERATING RESPONSE FOR CLIENT 5 ===
Continuing file streaming...
-----------------RESPONSE--------------
Continuing file streaming...
Reading from file stream...
Read 9000 bytes from file
Sent 9000 bytes to client
File streaming in progress - keeping connection alive
Waiting for events on port 8080...
=== GENERATING RESPONSE FOR CLIENT 5 ===
Continuing file streaming...
-----------------RESPONSE--------------
Continuing file streaming...
Reading from file stream...
Read 9000 bytes from file
Sent 9000 bytes to client
File streaming in progress - keeping connection alive
Waiting for events on port 8080...
=== GENERATING RESPONSE FOR CLIENT 5 ===
Continuing file streaming...
-----------------RESPONSE--------------
Continuing file streaming...
Reading from file stream...
Read 9000 bytes from file
Sent 9000 bytes to client
File streaming in progress - keeping connection alive
Waiting for events on port 8080...
=== GENERATING RESPONSE FOR CLIENT 5 ===
Continuing file streaming...
-----------------RESPONSE--------------
Continuing file streaming...
Reading from file stream...
Read 9000 bytes from file
Sent 9000 bytes to client
File streaming in progress - keeping connection alive
Waiting for events on port 8080...
=== GENERATING RESPONSE FOR CLIENT 5 ===
Continuing file streaming...
-----------------RESPONSE--------------
Continuing file streaming...
Reading from file stream...
Read 9000 bytes from file
Sent 9000 bytes to client
File streaming in progress - keeping connection alive
Waiting for events on port 8080...
=== GENERATING RESPONSE FOR CLIENT 5 ===
Continuing file streaming...
-----------------RESPONSE--------------
Continuing file streaming...
Reading from file stream...
Read 9000 bytes from file
Sent 9000 bytes to client
File streaming in progress - keeping connection alive
Waiting for events on port 8080...
=== GENERATING RESPONSE FOR CLIENT 5 ===
Continuing file streaming...
-----------------RESPONSE--------------
Continuing file streaming...
Reading from file stream...
Read 9000 bytes from file
Sent 9000 bytes to client
File streaming in progress - keeping connection alive
Waiting for events on port 8080...
=== GENERATING RESPONSE FOR CLIENT 5 ===
Continuing file streaming...
-----------------RESPONSE--------------
Continuing file streaming...
Reading from file stream...
Read 9000 bytes from file
Sent 9000 bytes to client
File streaming in progress - keeping connection alive
Waiting for events on port 8080...
=== GENERATING RESPONSE FOR CLIENT 5 ===
Continuing file streaming...
-----------------RESPONSE--------------
Continuing file streaming...
Reading from file stream...
Read 9000 bytes from file
Sent 9000 bytes to client
File streaming in progress - keeping connection alive
Waiting for events on port 8080...
=== GENERATING RESPONSE FOR CLIENT 5 ===
Continuing file streaming...
-----------------RESPONSE--------------
Continuing file streaming...
Reading from file stream...
Read 9000 bytes from file
Sent 9000 bytes to client
File streaming in progress - keeping connection alive
Waiting for events on port 8080...
=== GENERATING RESPONSE FOR CLIENT 5 ===
Continuing file streaming...
-----------------RESPONSE--------------
Continuing file streaming...
Reading from file stream...
Read 9000 bytes from file
Sent 9000 bytes to client
File streaming in progress - keeping connection alive
Waiting for events on port 8080...
=== GENERATING RESPONSE FOR CLIENT 5 ===
Continuing file streaming...
-----------------RESPONSE--------------
Continuing file streaming...
Reading from file stream...
Read 9000 bytes from file
Sent 9000 bytes to client
File streaming in progress - keeping connection alive
Waiting for events on port 8080...
=== GENERATING RESPONSE FOR CLIENT 5 ===
Continuing file streaming...
-----------------RESPONSE--------------
Continuing file streaming...
Reading from file stream...
Read 9000 bytes from file
Sent 9000 bytes to client
File streaming in progress - keeping connection alive
Waiting for events on port 8080...
=== GENERATING RESPONSE FOR CLIENT 5 ===
Continuing file streaming...
-----------------RESPONSE--------------
Continuing file streaming...
Reading from file stream...
Read 9000 bytes from file
Sent 9000 bytes to client
File streaming in progress - keeping connection alive
Waiting for events on port 8080...
=== GENERATING RESPONSE FOR CLIENT 5 ===
Continuing file streaming...
-----------------RESPONSE--------------
Continuing file streaming...
Reading from file stream...
Read 9000 bytes from file
Sent 9000 bytes to client
File streaming in progress - keeping connection alive
Waiting for events on port 8080...
=== GENERATING RESPONSE FOR CLIENT 5 ===
Continuing file streaming...
-----------------RESPONSE--------------
Continuing file streaming...
Reading from file stream...
Read 9000 bytes from file
Sent 9000 bytes to client
File streaming in progress - keeping connection alive
Waiting for events on port 8080...
=== GENERATING RESPONSE FOR CLIENT 5 ===
Continuing file streaming...
-----------------RESPONSE--------------
Continuing file streaming...
Reading from file stream...
Read 9000 bytes from file
Sent 9000 bytes to client
File streaming in progress - keeping connection alive
Waiting for events on port 8080...
=== GENERATING RESPONSE FOR CLIENT 5 ===
Continuing file streaming...
-----------------RESPONSE--------------
Continuing file streaming...
Reading from file stream...
Read 9000 bytes from file
Sent 9000 bytes to client
File streaming in progress - keeping connection alive
Waiting for events on port 8080...
=== GENERATING RESPONSE FOR CLIENT 5 ===
Continuing file streaming...
-----------------RESPONSE--------------
Continuing file streaming...
Reading from file stream...
Read 9000 bytes from file
Sent 9000 bytes to client
File streaming in progress - keeping connection alive
Waiting for events on port 8080...
=== GENERATING RESPONSE FOR CLIENT 5 ===
Continuing file streaming...
-----------------RESPONSE--------------
Continuing file streaming...
Reading from file stream...
Read 9000 bytes from file
Sent 9000 bytes to client
File streaming in progress - keeping connection alive
Waiting for events on port 8080...
=== GENERATING RESPONSE FOR CLIENT 5 ===
Continuing file streaming...
-----------------RESPONSE--------------
Continuing file streaming...
Reading from file stream...
Read 9000 bytes from file
Sent 9000 bytes to client
File streaming in progress - keeping connection alive
Waiting for events on port 8080...
=== GENERATING RESPONSE FOR CLIENT 5 ===
Continuing file streaming...
-----------------RESPONSE--------------
Continuing file streaming...
Reading from file stream...
Read 9000 bytes from file
Sent 9000 bytes to client
File streaming in progress - keeping connection alive
Waiting for events on port 8080...
=== GENERATING RESPONSE FOR CLIENT 5 ===
Continuing file streaming...
-----------------RESPONSE--------------
Continuing file streaming...
Reading from file stream...
Read 9000 bytes from file
Sent 9000 bytes to client
File streaming in progress - keeping connection alive
Waiting for events on port 8080...
=== GENERATING RESPONSE FOR CLIENT 5 ===
Continuing file streaming...
-----------------RESPONSE--------------
Continuing file streaming...
Reading from file stream...
Read 9000 bytes from file
Sent 9000 bytes to client
File streaming in progress - keeping connection alive
Waiting for events on port 8080...
=== GENERATING RESPONSE FOR CLIENT 5 ===
Continuing file streaming...
-----------------RESPONSE--------------
Continuing file streaming...
Reading from file stream...
Read 9000 bytes from file
Sent 9000 bytes to client
File streaming in progress - keeping connection alive
Waiting for events on port 8080...
=== GENERATING RESPONSE FOR CLIENT 5 ===
Continuing file streaming...
-----------------RESPONSE--------------
Continuing file streaming...
Reading from file stream...
Read 9000 bytes from file
Sent 9000 bytes to client
File streaming in progress - keeping connection alive
Waiting for events on port 8080...
=== GENERATING RESPONSE FOR CLIENT 5 ===
Continuing file streaming...
-----------------RESPONSE--------------
Continuing file streaming...
Reading from file stream...
Read 9000 bytes from file
Sent 9000 bytes to client
File streaming in progress - keeping connection alive
Waiting for events on port 8080...
=== GENERATING RESPONSE FOR CLIENT 5 ===
Continuing file streaming...
-----------------RESPONSE--------------
Continuing file streaming...
Reading from file stream...
Read 9000 bytes from file
Sent 9000 bytes to client
File streaming in progress - keeping connection alive
Waiting for events on port 8080...
=== GENERATING RESPONSE FOR CLIENT 5 ===
Continuing file streaming...
-----------------RESPONSE--------------
Continuing file streaming...
Reading from file stream...
Read 9000 bytes from file
Sent 9000 bytes to client
File streaming in progress - keeping connection alive
Waiting for events on port 8080...
=== GENERATING RESPONSE FOR CLIENT 5 ===
Continuing file streaming...
-----------------RESPONSE--------------
Continuing file streaming...
Reading from file stream...
Read 9000 bytes from file
Sent 9000 bytes to client
File streaming in progress - keeping connection alive
Waiting for events on port 8080...
=== GENERATING RESPONSE FOR CLIENT 5 ===
Continuing file streaming...
-----------------RESPONSE--------------
Continuing file streaming...
Reading from file stream...
Read 9000 bytes from file
Sent 9000 bytes to client
File streaming in progress - keeping connection alive
Waiting for events on port 8080...
=== GENERATING RESPONSE FOR CLIENT 5 ===
Continuing file streaming...
-----------------RESPONSE--------------
Continuing file streaming...
Reading from file stream...
Read 9000 bytes from file
Sent 9000 bytes to client
File streaming in progress - keeping connection alive
Waiting for events on port 8080...
=== GENERATING RESPONSE FOR CLIENT 5 ===
Continuing file streaming...
-----------------RESPONSE--------------
Continuing file streaming...
Reading from file stream...
Read 9000 bytes from file
Sent 9000 bytes to client
File streaming in progress - keeping connection alive
Waiting for events on port 8080...
=== GENERATING RESPONSE FOR CLIENT 5 ===
Continuing file streaming...
-----------------RESPONSE--------------
Continuing file streaming...
Reading from file stream...
Read 9000 bytes from file
Sent 9000 bytes to client
File streaming in progress - keeping connection alive
Waiting for events on port 8080...
=== GENERATING RESPONSE FOR CLIENT 5 ===
Continuing file streaming...
-----------------RESPONSE--------------
Continuing file streaming...
Reading from file stream...
Read 9000 bytes from file
Sent 9000 bytes to client
File streaming in progress - keeping connection alive
Waiting for events on port 8080...
=== GENERATING RESPONSE FOR CLIENT 5 ===
Continuing file streaming...
-----------------RESPONSE--------------
Continuing file streaming...
Reading from file stream...
Read 9000 bytes from file
Sent 9000 bytes to client
File streaming in progress - keeping connection alive
Waiting for events on port 8080...
=== GENERATING RESPONSE FOR CLIENT 5 ===
Continuing file streaming...
-----------------RESPONSE--------------
Continuing file streaming...
Reading from file stream...
Read 9000 bytes from file
Sent 9000 bytes to client
File streaming in progress - keeping connection alive
Waiting for events on port 8080...
=== GENERATING RESPONSE FOR CLIENT 5 ===
Continuing file streaming...
-----------------RESPONSE--------------
Continuing file streaming...
Reading from file stream...
Read 9000 bytes from file
Sent 9000 bytes to client
File streaming in progress - keeping connection alive
Waiting for events on port 8080...
=== GENERATING RESPONSE FOR CLIENT 5 ===
Continuing file streaming...
-----------------RESPONSE--------------
Continuing file streaming...
Reading from file stream...
Read 9000 bytes from file
Sent 9000 bytes to client
File streaming in progress - keeping connection alive
Waiting for events on port 8080...
=== GENERATING RESPONSE FOR CLIENT 5 ===
Continuing file streaming...
-----------------RESPONSE--------------
Continuing file streaming...
Reading from file stream...
Read 9000 bytes from file
Sent 9000 bytes to client
File streaming in progress - keeping connection alive
Waiting for events on port 8080...
=== GENERATING RESPONSE FOR CLIENT 5 ===
Continuing file streaming...
-----------------RESPONSE--------------
Continuing file streaming...
Reading from file stream...
Read 9000 bytes from file
Sent 9000 bytes to client
File streaming in progress - keeping connection alive
Waiting for events on port 8080...
=== GENERATING RESPONSE FOR CLIENT 5 ===
Continuing file streaming...
-----------------RESPONSE--------------
Continuing file streaming...
Reading from file stream...
Read 9000 bytes from file
Sent 9000 bytes to client
File streaming in progress - keeping connection alive
Waiting for events on port 8080...
=== GENERATING RESPONSE FOR CLIENT 5 ===
Continuing file streaming...
-----------------RESPONSE--------------
Continuing file streaming...
Reading from file stream...
Read 9000 bytes from file
Sent 9000 bytes to client
File streaming in progress - keeping connection alive
Waiting for events on port 8080...
=== GENERATING RESPONSE FOR CLIENT 5 ===
Continuing file streaming...
-----------------RESPONSE--------------
Continuing file streaming...
Reading from file stream...
Read 9000 bytes from file
Sent 9000 bytes to client
File streaming in progress - keeping connection alive
Waiting for events on port 8080...
=== GENERATING RESPONSE FOR CLIENT 5 ===
Continuing file streaming...
-----------------RESPONSE--------------
Continuing file streaming...
Reading from file stream...
Read 9000 bytes from file
Sent 9000 bytes to client
File streaming in progress - keeping connection alive
Waiting for events on port 8080...
=== GENERATING RESPONSE FOR CLIENT 5 ===
Continuing file streaming...
-----------------RESPONSE--------------
Continuing file streaming...
Reading from file stream...
Read 9000 bytes from file
Sent 9000 bytes to client
File streaming in progress - keeping connection alive
Waiting for events on port 8080...
=== GENERATING RESPONSE FOR CLIENT 5 ===
Continuing file streaming...
-----------------RESPONSE--------------
Continuing file streaming...
Reading from file stream...
Read 9000 bytes from file
Sent 9000 bytes to client
File streaming in progress - keeping connection alive
Waiting for events on port 8080...
=== GENERATING RESPONSE FOR CLIENT 5 ===
Continuing file streaming...
-----------------RESPONSE--------------
Continuing file streaming...
Reading from file stream...
Read 9000 bytes from file
Sent 9000 bytes to client
File streaming in progress - keeping connection alive
Waiting for events on port 8080...
=== GENERATING RESPONSE FOR CLIENT 5 ===
Continuing file streaming...
-----------------RESPONSE--------------
Continuing file streaming...
Reading from file stream...
Read 9000 bytes from file
Sent 9000 bytes to client
File streaming in progress - keeping connection alive
Waiting for events on port 8080...
=== GENERATING RESPONSE FOR CLIENT 5 ===
Continuing file streaming...
-----------------RESPONSE--------------
Continuing file streaming...
Reading from file stream...
Read 9000 bytes from file
Sent 9000 bytes to client
File streaming in progress - keeping connection alive
Waiting for events on port 8080...
=== GENERATING RESPONSE FOR CLIENT 5 ===
Continuing file streaming...
-----------------RESPONSE--------------
Continuing file streaming...
Reading from file stream...
Read 9000 bytes from file
Sent 9000 bytes to client
File streaming in progress - keeping connection alive
Waiting for events on port 8080...
=== GENERATING RESPONSE FOR CLIENT 5 ===
Continuing file streaming...
-----------------RESPONSE--------------
Continuing file streaming...
Reading from file stream...
Read 9000 bytes from file
Sent 9000 bytes to client
File streaming in progress - keeping connection alive
Waiting for events on port 8080...
=== GENERATING RESPONSE FOR CLIENT 5 ===
Continuing file streaming...
-----------------RESPONSE--------------
Continuing file streaming...
Reading from file stream...
Read 9000 bytes from file
Sent 9000 bytes to client
File streaming in progress - keeping connection alive
Waiting for events on port 8080...
=== GENERATING RESPONSE FOR CLIENT 5 ===
Continuing file streaming...
-----------------RESPONSE--------------
Continuing file streaming...
Reading from file stream...
Read 9000 bytes from file
Sent 9000 bytes to client
File streaming in progress - keeping connection alive
Waiting for events on port 8080...
=== GENERATING RESPONSE FOR CLIENT 5 ===
Continuing file streaming...
-----------------RESPONSE--------------
Continuing file streaming...
Reading from file stream...
Read 9000 bytes from file
Sent 9000 bytes to client
File streaming in progress - keeping connection alive
Waiting for events on port 8080...
=== GENERATING RESPONSE FOR CLIENT 5 ===
Continuing file streaming...
-----------------RESPONSE--------------
Continuing file streaming...
Reading from file stream...
Read 9000 bytes from file
Sent 9000 bytes to client
File streaming in progress - keeping connection alive
Waiting for events on port 8080...
=== GENERATING RESPONSE FOR CLIENT 5 ===
Continuing file streaming...
-----------------RESPONSE--------------
Continuing file streaming...
Reading from file stream...
Read 9000 bytes from file
Sent 9000 bytes to client
File streaming in progress - keeping connection alive
Waiting for events on port 8080...
=== GENERATING RESPONSE FOR CLIENT 5 ===
Continuing file streaming...
-----------------RESPONSE--------------
Continuing file streaming...
Reading from file stream...
Read 9000 bytes from file
Sent 9000 bytes to client
File streaming in progress - keeping connection alive
Waiting for events on port 8080...
=== GENERATING RESPONSE FOR CLIENT 5 ===
Continuing file streaming...
-----------------RESPONSE--------------
Continuing file streaming...
Reading from file stream...
Read 9000 bytes from file
Sent 9000 bytes to client
File streaming in progress - keeping connection alive
Waiting for events on port 8080...
=== GENERATING RESPONSE FOR CLIENT 5 ===
Continuing file streaming...
-----------------RESPONSE--------------
Continuing file streaming...
Reading from file stream...
Read 9000 bytes from file
Sent 9000 bytes to client
File streaming in progress - keeping connection alive
Waiting for events on port 8080...
=== GENERATING RESPONSE FOR CLIENT 5 ===
Continuing file streaming...
-----------------RESPONSE--------------
Continuing file streaming...
Reading from file stream...
Read 9000 bytes from file
Sent 9000 bytes to client
File streaming in progress - keeping connection alive
Waiting for events on port 8080...
=== GENERATING RESPONSE FOR CLIENT 5 ===
Continuing file streaming...
-----------------RESPONSE--------------
Continuing file streaming...
Reading from file stream...
Read 9000 bytes from file
Sent 9000 bytes to client
File streaming in progress - keeping connection alive
Waiting for events on port 8080...
=== GENERATING RESPONSE FOR CLIENT 5 ===
Continuing file streaming...
-----------------RESPONSE--------------
Continuing file streaming...
Reading from file stream...
Read 9000 bytes from file
Sent 9000 bytes to client
File streaming in progress - keeping connection alive
Waiting for events on port 8080...
=== GENERATING RESPONSE FOR CLIENT 5 ===
Continuing file streaming...
-----------------RESPONSE--------------
Continuing file streaming...
Reading from file stream...
Read 9000 bytes from file
Sent 9000 bytes to client
File streaming in progress - keeping connection alive
Waiting for events on port 8080...
=== GENERATING RESPONSE FOR CLIENT 5 ===
Continuing file streaming...
-----------------RESPONSE--------------
Continuing file streaming...
Reading from file stream...
Read 9000 bytes from file
Sent 9000 bytes to client
File streaming in progress - keeping connection alive
Waiting for events on port 8080...
=== GENERATING RESPONSE FOR CLIENT 5 ===
Continuing file streaming...
-----------------RESPONSE--------------
Continuing file streaming...
Reading from file stream...
Read 9000 bytes from file
Sent 9000 bytes to client
File streaming in progress - keeping connection alive
Waiting for events on port 8080...
=== GENERATING RESPONSE FOR CLIENT 5 ===
Continuing file streaming...
-----------------RESPONSE--------------
Continuing file streaming...
Reading from file stream...
Read 9000 bytes from file
Sent 9000 bytes to client
File streaming in progress - keeping connection alive
Waiting for events on port 8080...
=== GENERATING RESPONSE FOR CLIENT 5 ===
Continuing file streaming...
-----------------RESPONSE--------------
Continuing file streaming...
Reading from file stream...
Read 9000 bytes from file
Sent 9000 bytes to client
File streaming in progress - keeping connection alive
Waiting for events on port 8080...
=== GENERATING RESPONSE FOR CLIENT 5 ===
Continuing file streaming...
-----------------RESPONSE--------------
Continuing file streaming...
Reading from file stream...
Read 9000 bytes from file
Sent 9000 bytes to client
File streaming in progress - keeping connection alive
Waiting for events on port 8080...
=== GENERATING RESPONSE FOR CLIENT 5 ===
Continuing file streaming...
-----------------RESPONSE--------------
Continuing file streaming...
Reading from file stream...
Read 9000 bytes from file
Sent 9000 bytes to client
File streaming in progress - keeping connection alive
Waiting for events on port 8080...
=== GENERATING RESPONSE FOR CLIENT 5 ===
Continuing file streaming...
-----------------RESPONSE--------------
Continuing file streaming...
Reading from file stream...
Read 9000 bytes from file
Sent 9000 bytes to client
File streaming in progress - keeping connection alive
Waiting for events on port 8080...
=== GENERATING RESPONSE FOR CLIENT 5 ===
Continuing file streaming...
-----------------RESPONSE--------------
Continuing file streaming...
Reading from file stream...
Read 9000 bytes from file
Sent 9000 bytes to client
File streaming in progress - keeping connection alive
Waiting for events on port 8080...
=== GENERATING RESPONSE FOR CLIENT 5 ===
Continuing file streaming...
-----------------RESPONSE--------------
Continuing file streaming...
Reading from file stream...
Read 9000 bytes from file
Sent 9000 bytes to client
File streaming in progress - keeping connection alive
Waiting for events on port 8080...
=== GENERATING RESPONSE FOR CLIENT 5 ===
Continuing file streaming...
-----------------RESPONSE--------------
Continuing file streaming...
Reading from file stream...
Read 9000 bytes from file
Sent 9000 bytes to client
File streaming in progress - keeping connection alive
Waiting for events on port 8080...
=== GENERATING RESPONSE FOR CLIENT 5 ===
Continuing file streaming...
-----------------RESPONSE--------------
Continuing file streaming...
Reading from file stream...
Read 9000 bytes from file
Sent 9000 bytes to client
File streaming in progress - keeping connection alive
Waiting for events on port 8080...
=== GENERATING RESPONSE FOR CLIENT 5 ===
Continuing file streaming...
-----------------RESPONSE--------------
Continuing file streaming...
Reading from file stream...
Read 9000 bytes from file
Sent 9000 bytes to client
File streaming in progress - keeping connection alive
Waiting for events on port 8080...
=== GENERATING RESPONSE FOR CLIENT 5 ===
Continuing file streaming...
-----------------RESPONSE--------------
Continuing file streaming...
Reading from file stream...
Read 9000 bytes from file
Sent 9000 bytes to client
File streaming in progress - keeping connection alive
Waiting for events on port 8080...
=== GENERATING RESPONSE FOR CLIENT 5 ===
Continuing file streaming...
-----------------RESPONSE--------------
Continuing file streaming...
Reading from file stream...
Read 9000 bytes from file
Sent 9000 bytes to client
File streaming in progress - keeping connection alive
Waiting for events on port 8080...
=== GENERATING RESPONSE FOR CLIENT 5 ===
Continuing file streaming...
-----------------RESPONSE--------------
Continuing file streaming...
Reading from file stream...
Read 9000 bytes from file
Sent 9000 bytes to client
File streaming in progress - keeping connection alive
Waiting for events on port 8080...
=== GENERATING RESPONSE FOR CLIENT 5 ===
Continuing file streaming...
-----------------RESPONSE--------------
Continuing file streaming...
Reading from file stream...
Read 9000 bytes from file
Sent 9000 bytes to client
File streaming in progress - keeping connection alive
Waiting for events on port 8080...
=== GENERATING RESPONSE FOR CLIENT 5 ===
Continuing file streaming...
-----------------RESPONSE--------------
Continuing file streaming...
Reading from file stream...
Read 9000 bytes from file
Sent 9000 bytes to client
File streaming in progress - keeping connection alive
Waiting for events on port 8080...
=== GENERATING RESPONSE FOR CLIENT 5 ===
Continuing file streaming...
-----------------RESPONSE--------------
Continuing file streaming...
Reading from file stream...
Read 9000 bytes from file
Sent 9000 bytes to client
File streaming in progress - keeping connection alive
Waiting for events on port 8080...
=== GENERATING RESPONSE FOR CLIENT 5 ===
Continuing file streaming...
-----------------RESPONSE--------------
Continuing file streaming...
Reading from file stream...
Read 9000 bytes from file
Sent 9000 bytes to client
File streaming in progress - keeping connection alive
Waiting for events on port 8080...
=== GENERATING RESPONSE FOR CLIENT 5 ===
Continuing file streaming...
-----------------RESPONSE--------------
Continuing file streaming...
Reading from file stream...
Read 9000 bytes from file
Sent 9000 bytes to client
File streaming in progress - keeping connection alive
Waiting for events on port 8080...
=== GENERATING RESPONSE FOR CLIENT 5 ===
Continuing file streaming...
-----------------RESPONSE--------------
Continuing file streaming...
Reading from file stream...
Read 9000 bytes from file
Sent 9000 bytes to client
File streaming in progress - keeping connection alive
Waiting for events on port 8080...
=== GENERATING RESPONSE FOR CLIENT 5 ===
Continuing file streaming...
-----------------RESPONSE--------------
Continuing file streaming...
Reading from file stream...
Read 9000 bytes from file
Sent 9000 bytes to client
File streaming in progress - keeping connection alive
Waiting for events on port 8080...
=== GENERATING RESPONSE FOR CLIENT 5 ===
Continuing file streaming...
-----------------RESPONSE--------------
Continuing file streaming...
Reading from file stream...
Read 9000 bytes from file
Sent 9000 bytes to client
File streaming in progress - keeping connection alive
Waiting for events on port 8080...
=== GENERATING RESPONSE FOR CLIENT 5 ===
Continuing file streaming...
-----------------RESPONSE--------------
Continuing file streaming...
Reading from file stream...
Read 9000 bytes from file
Sent 9000 bytes to client
File streaming in progress - keeping connection alive
Waiting for events on port 8080...
=== GENERATING RESPONSE FOR CLIENT 5 ===
Continuing file streaming...
-----------------RESPONSE--------------
Continuing file streaming...
Reading from file stream...
Read 9000 bytes from file
Sent 9000 bytes to client
File streaming in progress - keeping connection alive
Waiting for events on port 8080...
=== GENERATING RESPONSE FOR CLIENT 5 ===
Continuing file streaming...
-----------------RESPONSE--------------
Continuing file streaming...
Reading from file stream...
Read 9000 bytes from file
Sent 9000 bytes to client
File streaming in progress - keeping connection alive
Waiting for events on port 8080...
=== GENERATING RESPONSE FOR CLIENT 5 ===
Continuing file streaming...
-----------------RESPONSE--------------
Continuing file streaming...
Reading from file stream...
Read 9000 bytes from file
Sent 9000 bytes to client
File streaming in progress - keeping connection alive
Waiting for events on port 8080...
=== GENERATING RESPONSE FOR CLIENT 5 ===
Continuing file streaming...
-----------------RESPONSE--------------
Continuing file streaming...
Reading from file stream...
Read 9000 bytes from file
Sent 9000 bytes to client
File streaming in progress - keeping connection alive
Waiting for events on port 8080...
=== GENERATING RESPONSE FOR CLIENT 5 ===
Continuing file streaming...
-----------------RESPONSE--------------
Continuing file streaming...
Reading from file stream...
Read 9000 bytes from file
Sent 9000 bytes to client
File streaming in progress - keeping connection alive
Waiting for events on port 8080...
=== GENERATING RESPONSE FOR CLIENT 5 ===
Continuing file streaming...
-----------------RESPONSE--------------
Continuing file streaming...
Reading from file stream...
Read 9000 bytes from file
Sent 9000 bytes to client
File streaming in progress - keeping connection alive
Waiting for events on port 8080...
=== GENERATING RESPONSE FOR CLIENT 5 ===
Continuing file streaming...
-----------------RESPONSE--------------
Continuing file streaming...
Reading from file stream...
Read 9000 bytes from file
Sent 9000 bytes to client
File streaming in progress - keeping connection alive
Waiting for events on port 8080...
=== GENERATING RESPONSE FOR CLIENT 5 ===
Continuing file streaming...
-----------------RESPONSE--------------
Continuing file streaming...
Reading from file stream...
Read 9000 bytes from file
Sent 9000 bytes to client
File streaming in progress - keeping connection alive
Waiting for events on port 8080...
=== GENERATING RESPONSE FOR CLIENT 5 ===
Continuing file streaming...
-----------------RESPONSE--------------
Continuing file streaming...
Reading from file stream...
Read 9000 bytes from file
Sent 9000 bytes to client
File streaming in progress - keeping connection alive
Waiting for events on port 8080...
=== GENERATING RESPONSE FOR CLIENT 5 ===
Continuing file streaming...
-----------------RESPONSE--------------
Continuing file streaming...
Reading from file stream...
Read 9000 bytes from file
Sent 9000 bytes to client
File streaming in progress - keeping connection alive
Waiting for events on port 8080...
=== GENERATING RESPONSE FOR CLIENT 5 ===
Continuing file streaming...
-----------------RESPONSE--------------
Continuing file streaming...
Reading from file stream...
Read 9000 bytes from file
Sent 9000 bytes to client
File streaming in progress - keeping connection alive
Waiting for events on port 8080...
=== GENERATING RESPONSE FOR CLIENT 5 ===
Continuing file streaming...
-----------------RESPONSE--------------
Continuing file streaming...
Reading from file stream...
Read 9000 bytes from file
Sent 9000 bytes to client
File streaming in progress - keeping connection alive
Waiting for events on port 8080...
=== GENERATING RESPONSE FOR CLIENT 5 ===
Continuing file streaming...
-----------------RESPONSE--------------
Continuing file streaming...
Reading from file stream...
Read 9000 bytes from file
Sent 9000 bytes to client
File streaming in progress - keeping connection alive
Waiting for events on port 8080...
=== GENERATING RESPONSE FOR CLIENT 5 ===
Continuing file streaming...
-----------------RESPONSE--------------
Continuing file streaming...
Reading from file stream...
Read 9000 bytes from file
Sent 9000 bytes to client
File streaming in progress - keeping connection alive
Waiting for events on port 8080...
=== GENERATING RESPONSE FOR CLIENT 5 ===
Continuing file streaming...
-----------------RESPONSE--------------
Continuing file streaming...
Reading from file stream...
Read 9000 bytes from file
Sent 9000 bytes to client
File streaming in progress - keeping connection alive
Waiting for events on port 8080...
=== GENERATING RESPONSE FOR CLIENT 5 ===
Continuing file streaming...
-----------------RESPONSE--------------
Continuing file streaming...
Reading from file stream...
Read 9000 bytes from file
Sent 9000 bytes to client
File streaming in progress - keeping connection alive
Waiting for events on port 8080...
=== GENERATING RESPONSE FOR CLIENT 5 ===
Continuing file streaming...
-----------------RESPONSE--------------
Continuing file streaming...
Reading from file stream...
Read 9000 bytes from file
Sent 9000 bytes to client
File streaming in progress - keeping connection alive
Waiting for events on port 8080...
=== GENERATING RESPONSE FOR CLIENT 5 ===
Continuing file streaming...
-----------------RESPONSE--------------
Continuing file streaming...
Reading from file stream...
Read 9000 bytes from file
Sent 9000 bytes to client
File streaming in progress - keeping connection alive
Waiting for events on port 8080...
=== GENERATING RESPONSE FOR CLIENT 5 ===
Continuing file streaming...
-----------------RESPONSE--------------
Continuing file streaming...
Reading from file stream...
Read 9000 bytes from file
Sent 9000 bytes to client
File streaming in progress - keeping connection alive
Waiting for events on port 8080...
=== GENERATING RESPONSE FOR CLIENT 5 ===
Continuing file streaming...
-----------------RESPONSE--------------
Continuing file streaming...
Reading from file stream...
Read 9000 bytes from file
Sent 9000 bytes to client
File streaming in progress - keeping connection alive
Waiting for events on port 8080...
=== GENERATING RESPONSE FOR CLIENT 5 ===
Continuing file streaming...
-----------------RESPONSE--------------
Continuing file streaming...
Reading from file stream...
Read 9000 bytes from file
Sent 9000 bytes to client
File streaming in progress - keeping connection alive
Waiting for events on port 8080...
=== GENERATING RESPONSE FOR CLIENT 5 ===
Continuing file streaming...
-----------------RESPONSE--------------
Continuing file streaming...
Reading from file stream...
Read 9000 bytes from file
Sent 9000 bytes to client
File streaming in progress - keeping connection alive
Waiting for events on port 8080...
=== GENERATING RESPONSE FOR CLIENT 5 ===
Continuing file streaming...
-----------------RESPONSE--------------
Continuing file streaming...
Reading from file stream...
Read 9000 bytes from file
Sent 9000 bytes to client
File streaming in progress - keeping connection alive
Waiting for events on port 8080...
=== GENERATING RESPONSE FOR CLIENT 5 ===
Continuing file streaming...
-----------------RESPONSE--------------
Continuing file streaming...
Reading from file stream...
Read 9000 bytes from file
Sent 9000 bytes to client
File streaming in progress - keeping connection alive
Waiting for events on port 8080...
=== GENERATING RESPONSE FOR CLIENT 5 ===
Continuing file streaming...
-----------------RESPONSE--------------
Continuing file streaming...
Reading from file stream...
Read 9000 bytes from file
Sent 9000 bytes to client
File streaming in progress - keeping connection alive
Waiting for events on port 8080...
=== GENERATING RESPONSE FOR CLIENT 5 ===
Continuing file streaming...
-----------------RESPONSE--------------
Continuing file streaming...
Reading from file stream...
Read 9000 bytes from file
Sent 9000 bytes to client
File streaming in progress - keeping connection alive
Waiting for events on port 8080...
=== GENERATING RESPONSE FOR CLIENT 5 ===
Continuing file streaming...
-----------------RESPONSE--------------
Continuing file streaming...
Reading from file stream...
Read 9000 bytes from file
Sent 9000 bytes to client
File streaming in progress - keeping connection alive
Waiting for events on port 8080...
=== GENERATING RESPONSE FOR CLIENT 5 ===
Continuing file streaming...
-----------------RESPONSE--------------
Continuing file streaming...
Reading from file stream...
Read 9000 bytes from file
Sent 9000 bytes to client
File streaming in progress - keeping connection alive
Waiting for events on port 8080...
=== GENERATING RESPONSE FOR CLIENT 5 ===
Continuing file streaming...
-----------------RESPONSE--------------
Continuing file streaming...
Reading from file stream...
Read 9000 bytes from file
Sent 9000 bytes to client
File streaming in progress - keeping connection alive
Waiting for events on port 8080...
=== GENERATING RESPONSE FOR CLIENT 5 ===
Continuing file streaming...
-----------------RESPONSE--------------
Continuing file streaming...
Reading from file stream...
Read 9000 bytes from file
Sent 9000 bytes to client
File streaming in progress - keeping connection alive
Waiting for events on port 8080...
=== GENERATING RESPONSE FOR CLIENT 5 ===
Continuing file streaming...
-----------------RESPONSE--------------
Continuing file streaming...
Reading from file stream...
Read 9000 bytes from file
Sent 9000 bytes to client
File streaming in progress - keeping connection alive
Waiting for events on port 8080...
=== GENERATING RESPONSE FOR CLIENT 5 ===
Continuing file streaming...
-----------------RESPONSE--------------
Continuing file streaming...
Reading from file stream...
Read 9000 bytes from file
Sent 9000 bytes to client
File streaming in progress - keeping connection alive
Waiting for events on port 8080...
=== GENERATING RESPONSE FOR CLIENT 5 ===
Continuing file streaming...
-----------------RESPONSE--------------
Continuing file streaming...
Reading from file stream...
Read 9000 bytes from file
Sent 9000 bytes to client
File streaming in progress - keeping connection alive
Waiting for events on port 8080...
=== GENERATING RESPONSE FOR CLIENT 5 ===
Continuing file streaming...
-----------------RESPONSE--------------
Continuing file streaming...
Reading from file stream...
Read 9000 bytes from file
Sent 9000 bytes to client
File streaming in progress - keeping connection alive
Waiting for events on port 8080...
=== GENERATING RESPONSE FOR CLIENT 5 ===
Continuing file streaming...
-----------------RESPONSE--------------
Continuing file streaming...
Reading from file stream...
Read 9000 bytes from file
Sent 9000 bytes to client
File streaming in progress - keeping connection alive
Waiting for events on port 8080...
=== GENERATING RESPONSE FOR CLIENT 5 ===
Continuing file streaming...
-----------------RESPONSE--------------
Continuing file streaming...
Reading from file stream...
Read 9000 bytes from file
Sent 9000 bytes to client
File streaming in progress - keeping connection alive
Waiting for events on port 8080...
=== GENERATING RESPONSE FOR CLIENT 5 ===
Continuing file streaming...
-----------------RESPONSE--------------
Continuing file streaming...
Reading from file stream...
Read 9000 bytes from file
Sent 9000 bytes to client
File streaming in progress - keeping connection alive
Waiting for events on port 8080...
=== GENERATING RESPONSE FOR CLIENT 5 ===
Continuing file streaming...
-----------------RESPONSE--------------
Continuing file streaming...
Reading from file stream...
Read 9000 bytes from file
Sent 9000 bytes to client
File streaming in progress - keeping connection alive
Waiting for events on port 8080...
=== GENERATING RESPONSE FOR CLIENT 5 ===
Continuing file streaming...
-----------------RESPONSE--------------
Continuing file streaming...
Reading from file stream...
Read 9000 bytes from file
Sent 9000 bytes to client
File streaming in progress - keeping connection alive
Waiting for events on port 8080...
=== GENERATING RESPONSE FOR CLIENT 5 ===
Continuing file streaming...
-----------------RESPONSE--------------
Continuing file streaming...
Reading from file stream...
Read 9000 bytes from file
Sent 9000 bytes to client
File streaming in progress - keeping connection alive
Waiting for events on port 8080...
=== GENERATING RESPONSE FOR CLIENT 5 ===
Continuing file streaming...
-----------------RESPONSE--------------
Continuing file streaming...
Reading from file stream...
Read 9000 bytes from file
Sent 9000 bytes to client
File streaming in progress - keeping connection alive
Waiting for events on port 8080...
=== GENERATING RESPONSE FOR CLIENT 5 ===
Continuing file streaming...
-----------------RESPONSE--------------
Continuing file streaming...
Reading from file stream...
Read 9000 bytes from file
Sent 9000 bytes to client
File streaming in progress - keeping connection alive
Waiting for events on port 8080...
=== GENERATING RESPONSE FOR CLIENT 5 ===
Continuing file streaming...
-----------------RESPONSE--------------
Continuing file streaming...
Reading from file stream...
Read 9000 bytes from file
Sent 9000 bytes to client
File streaming in progress - keeping connection alive
Waiting for events on port 8080...
=== GENERATING RESPONSE FOR CLIENT 5 ===
Continuing file streaming...
-----------------RESPONSE--------------
Continuing file streaming...
Reading from file stream...
Read 9000 bytes from file
Sent 9000 bytes to client
File streaming in progress - keeping connection alive
Waiting for events on port 8080...
=== GENERATING RESPONSE FOR CLIENT 5 ===
Continuing file streaming...
-----------------RESPONSE--------------
Continuing file streaming...
Reading from file stream...
Read 9000 bytes from file
Sent 9000 bytes to client
File streaming in progress - keeping connection alive
Waiting for events on port 8080...
=== GENERATING RESPONSE FOR CLIENT 5 ===
Continuing file streaming...
-----------------RESPONSE--------------
Continuing file streaming...
Reading from file stream...
Read 9000 bytes from file
Sent 9000 bytes to client
File streaming in progress - keeping connection alive
Waiting for events on port 8080...
=== GENERATING RESPONSE FOR CLIENT 5 ===
Continuing file streaming...
-----------------RESPONSE--------------
Continuing file streaming...
Reading from file stream...
Read 9000 bytes from file
Sent 9000 bytes to client
File streaming in progress - keeping connection alive
Waiting for events on port 8080...
=== GENERATING RESPONSE FOR CLIENT 5 ===
Continuing file streaming...
-----------------RESPONSE--------------
Continuing file streaming...
Reading from file stream...
Read 9000 bytes from file
Sent 9000 bytes to client
File streaming in progress - keeping connection alive
Waiting for events on port 8080...
=== GENERATING RESPONSE FOR CLIENT 5 ===
Continuing file streaming...
-----------------RESPONSE--------------
Continuing file streaming...
Reading from file stream...
Read 9000 bytes from file
Sent 9000 bytes to client
File streaming in progress - keeping connection alive
Waiting for events on port 8080...
=== GENERATING RESPONSE FOR CLIENT 5 ===
Continuing file streaming...
-----------------RESPONSE--------------
Continuing file streaming...
Reading from file stream...
Read 9000 bytes from file
Sent 9000 bytes to client
File streaming in progress - keeping connection alive
Waiting for events on port 8080...
=== GENERATING RESPONSE FOR CLIENT 5 ===
Continuing file streaming...
-----------------RESPONSE--------------
Continuing file streaming...
Reading from file stream...
Read 9000 bytes from file
Sent 9000 bytes to client
File streaming in progress - keeping connection alive
Waiting for events on port 8080...
=== GENERATING RESPONSE FOR CLIENT 5 ===
Continuing file streaming...
-----------------RESPONSE--------------
Continuing file streaming...
Reading from file stream...
Read 9000 bytes from file
Sent 9000 bytes to client
File streaming in progress - keeping connection alive
Waiting for events on port 8080...
=== GENERATING RESPONSE FOR CLIENT 5 ===
Continuing file streaming...
-----------------RESPONSE--------------
Continuing file streaming...
Reading from file stream...
Read 9000 bytes from file
Sent 9000 bytes to client
File streaming in progress - keeping connection alive
Waiting for events on port 8080...
=== GENERATING RESPONSE FOR CLIENT 5 ===
Continuing file streaming...
-----------------RESPONSE--------------
Continuing file streaming...
Reading from file stream...
Read 9000 bytes from file
Sent 9000 bytes to client
File streaming in progress - keeping connection alive
Waiting for events on port 8080...
=== GENERATING RESPONSE FOR CLIENT 5 ===
Continuing file streaming...
-----------------RESPONSE--------------
Continuing file streaming...
Reading from file stream...
Read 9000 bytes from file
Sent 9000 bytes to client
File streaming in progress - keeping connection alive
Waiting for events on port 8080...
=== GENERATING RESPONSE FOR CLIENT 5 ===
Continuing file streaming...
-----------------RESPONSE--------------
Continuing file streaming...
Reading from file stream...
Read 9000 bytes from file
Sent 9000 bytes to client
File streaming in progress - keeping connection alive
Waiting for events on port 8080...
=== GENERATING RESPONSE FOR CLIENT 5 ===
Continuing file streaming...
-----------------RESPONSE--------------
Continuing file streaming...
Reading from file stream...
Read 9000 bytes from file
Sent 9000 bytes to client
File streaming in progress - keeping connection alive
Waiting for events on port 8080...
=== GENERATING RESPONSE FOR CLIENT 5 ===
Continuing file streaming...
-----------------RESPONSE--------------
Continuing file streaming...
Reading from file stream...
Read 9000 bytes from file
Sent 9000 bytes to client
File streaming in progress - keeping connection alive
Waiting for events on port 8080...
=== GENERATING RESPONSE FOR CLIENT 5 ===
Continuing file streaming...
-----------------RESPONSE--------------
Continuing file streaming...
Reading from file stream...
Read 9000 bytes from file
Sent 9000 bytes to client
File streaming in progress - keeping connection alive
Waiting for events on port 8080...
=== GENERATING RESPONSE FOR CLIENT 5 ===
Continuing file streaming...
-----------------RESPONSE--------------
Continuing file streaming...
Reading from file stream...
Read 9000 bytes from file
Sent 9000 bytes to client
File streaming in progress - keeping connection alive
Waiting for events on port 8080...
=== GENERATING RESPONSE FOR CLIENT 5 ===
Continuing file streaming...
-----------------RESPONSE--------------
Continuing file streaming...
Reading from file stream...
Read 9000 bytes from file
Sent 9000 bytes to client
File streaming in progress - keeping connection alive
Waiting for events on port 8080...
=== GENERATING RESPONSE FOR CLIENT 5 ===
Continuing file streaming...
-----------------RESPONSE--------------
Continuing file streaming...
Reading from file stream...
Read 9000 bytes from file
Sent 9000 bytes to client
File streaming in progress - keeping connection alive
Waiting for events on port 8080...
=== GENERATING RESPONSE FOR CLIENT 5 ===
Continuing file streaming...
-----------------RESPONSE--------------
Continuing file streaming...
Reading from file stream...
Read 9000 bytes from file
Sent 9000 bytes to client
File streaming in progress - keeping connection alive
Waiting for events on port 8080...
=== GENERATING RESPONSE FOR CLIENT 5 ===
Continuing file streaming...
-----------------RESPONSE--------------
Continuing file streaming...
Reading from file stream...
Read 9000 bytes from file
Sent 9000 bytes to client
File streaming in progress - keeping connection alive
Waiting for events on port 8080...
=== GENERATING RESPONSE FOR CLIENT 5 ===
Continuing file streaming...
-----------------RESPONSE--------------
Continuing file streaming...
Reading from file stream...
Read 9000 bytes from file
Sent 9000 bytes to client
File streaming in progress - keeping connection alive
Waiting for events on port 8080...
=== GENERATING RESPONSE FOR CLIENT 5 ===
Continuing file streaming...
-----------------RESPONSE--------------
Continuing file streaming...
Reading from file stream...
Read 9000 bytes from file
Sent 9000 bytes to client
File streaming in progress - keeping connection alive
Waiting for events on port 8080...
=== GENERATING RESPONSE FOR CLIENT 5 ===
Continuing file streaming...
-----------------RESPONSE--------------
Continuing file streaming...
Reading from file stream...
Read 9000 bytes from file
Sent 9000 bytes to client
File streaming in progress - keeping connection alive
Waiting for events on port 8080...
=== GENERATING RESPONSE FOR CLIENT 5 ===
Continuing file streaming...
-----------------RESPONSE--------------
Continuing file streaming...
Reading from file stream...
Read 9000 bytes from file
Sent 9000 bytes to client
File streaming in progress - keeping connection alive
Waiting for events on port 8080...
=== GENERATING RESPONSE FOR CLIENT 5 ===
Continuing file streaming...
-----------------RESPONSE--------------
Continuing file streaming...
Reading from file stream...
Read 9000 bytes from file
Sent 9000 bytes to client
File streaming in progress - keeping connection alive
Waiting for events on port 8080...
=== GENERATING RESPONSE FOR CLIENT 5 ===
Continuing file streaming...
-----------------RESPONSE--------------
Continuing file streaming...
Reading from file stream...
Read 9000 bytes from file
Sent 9000 bytes to client
File streaming in progress - keeping connection alive
Waiting for events on port 8080...
=== GENERATING RESPONSE FOR CLIENT 5 ===
Continuing file streaming...
-----------------RESPONSE--------------
Continuing file streaming...
Reading from file stream...
Read 9000 bytes from file
Sent 9000 bytes to client
File streaming in progress - keeping connection alive
Waiting for events on port 8080...
=== GENERATING RESPONSE FOR CLIENT 5 ===
Continuing file streaming...
-----------------RESPONSE--------------
Continuing file streaming...
Reading from file stream...
Read 9000 bytes from file
Sent 9000 bytes to client
File streaming in progress - keeping connection alive
Waiting for events on port 8080...
=== GENERATING RESPONSE FOR CLIENT 5 ===
Continuing file streaming...
-----------------RESPONSE--------------
Continuing file streaming...
Reading from file stream...
Read 9000 bytes from file
Sent 9000 bytes to client
File streaming in progress - keeping connection alive
Waiting for events on port 8080...
=== GENERATING RESPONSE FOR CLIENT 5 ===
Continuing file streaming...
-----------------RESPONSE--------------
Continuing file streaming...
Reading from file stream...
Read 9000 bytes from file
Sent 9000 bytes to client
File streaming in progress - keeping connection alive
Waiting for events on port 8080...
=== GENERATING RESPONSE FOR CLIENT 5 ===
Continuing file streaming...
-----------------RESPONSE--------------
Continuing file streaming...
Reading from file stream...
Read 9000 bytes from file
Sent 9000 bytes to client
File streaming in progress - keeping connection alive
Waiting for events on port 8080...
=== GENERATING RESPONSE FOR CLIENT 5 ===
Continuing file streaming...
-----------------RESPONSE--------------
Continuing file streaming...
Reading from file stream...
Read 9000 bytes from file
Sent 9000 bytes to client
File streaming in progress - keeping connection alive
Waiting for events on port 8080...
=== GENERATING RESPONSE FOR CLIENT 5 ===
Continuing file streaming...
-----------------RESPONSE--------------
Continuing file streaming...
Reading from file stream...
Read 9000 bytes from file
Sent 9000 bytes to client
File streaming in progress - keeping connection alive
Waiting for events on port 8080...
=== GENERATING RESPONSE FOR CLIENT 5 ===
Continuing file streaming...
-----------------RESPONSE--------------
Continuing file streaming...
Reading from file stream...
Read 9000 bytes from file
Sent 9000 bytes to client
File streaming in progress - keeping connection alive
Waiting for events on port 8080...
=== GENERATING RESPONSE FOR CLIENT 5 ===
Continuing file streaming...
-----------------RESPONSE--------------
Continuing file streaming...
Reading from file stream...
Read 9000 bytes from file
Sent 9000 bytes to client
File streaming in progress - keeping connection alive
Waiting for events on port 8080...
=== GENERATING RESPONSE FOR CLIENT 5 ===
Continuing file streaming...
-----------------RESPONSE--------------
Continuing file streaming...
Reading from file stream...
Read 9000 bytes from file
Sent 9000 bytes to client
File streaming in progress - keeping connection alive
Waiting for events on port 8080...
=== GENERATING RESPONSE FOR CLIENT 5 ===
Continuing file streaming...
-----------------RESPONSE--------------
Continuing file streaming...
Reading from file stream...
Read 9000 bytes from file
Sent 9000 bytes to client
File streaming in progress - keeping connection alive
Waiting for events on port 8080...
=== GENERATING RESPONSE FOR CLIENT 5 ===
Continuing file streaming...
-----------------RESPONSE--------------
Continuing file streaming...
Reading from file stream...
Read 9000 bytes from file
Sent 9000 bytes to client
File streaming in progress - keeping connection alive
Waiting for events on port 8080...
=== GENERATING RESPONSE FOR CLIENT 5 ===
Continuing file streaming...
-----------------RESPONSE--------------
Continuing file streaming...
Reading from file stream...
Read 9000 bytes from file
Sent 9000 bytes to client
File streaming in progress - keeping connection alive
Waiting for events on port 8080...
=== GENERATING RESPONSE FOR CLIENT 5 ===
Continuing file streaming...
-----------------RESPONSE--------------
Continuing file streaming...
Reading from file stream...
Read 9000 bytes from file
Sent 9000 bytes to client
File streaming in progress - keeping connection alive
Waiting for events on port 8080...
=== GENERATING RESPONSE FOR CLIENT 5 ===
Continuing file streaming...
-----------------RESPONSE--------------
Continuing file streaming...
Reading from file stream...
Read 9000 bytes from file
Sent 9000 bytes to client
File streaming in progress - keeping connection alive
Waiting for events on port 8080...
=== GENERATING RESPONSE FOR CLIENT 5 ===
Continuing file streaming...
-----------------RESPONSE--------------
Continuing file streaming...
Reading from file stream...
Read 9000 bytes from file
Sent 9000 bytes to client
File streaming in progress - keeping connection alive
Waiting for events on port 8080...
=== GENERATING RESPONSE FOR CLIENT 5 ===
Continuing file streaming...
-----------------RESPONSE--------------
Continuing file streaming...
Reading from file stream...
Read 9000 bytes from file
Sent 9000 bytes to client
File streaming in progress - keeping connection alive
Waiting for events on port 8080...
=== GENERATING RESPONSE FOR CLIENT 5 ===
Continuing file streaming...
-----------------RESPONSE--------------
Continuing file streaming...
Reading from file stream...
Read 9000 bytes from file
Sent 9000 bytes to client
File streaming in progress - keeping connection alive
Waiting for events on port 8080...
=== GENERATING RESPONSE FOR CLIENT 5 ===
Continuing file streaming...
-----------------RESPONSE--------------
Continuing file streaming...
Reading from file stream...
Read 9000 bytes from file
Sent 9000 bytes to client
File streaming in progress - keeping connection alive
Waiting for events on port 8080...
=== GENERATING RESPONSE FOR CLIENT 5 ===
Continuing file streaming...
-----------------RESPONSE--------------
Continuing file streaming...
Reading from file stream...
Read 9000 bytes from file
Sent 9000 bytes to client
File streaming in progress - keeping connection alive
Waiting for events on port 8080...
=== GENERATING RESPONSE FOR CLIENT 5 ===
Continuing file streaming...
-----------------RESPONSE--------------
Continuing file streaming...
Reading from file stream...
Read 9000 bytes from file
Sent 9000 bytes to client
File streaming in progress - keeping connection alive
Waiting for events on port 8080...
=== GENERATING RESPONSE FOR CLIENT 5 ===
Continuing file streaming...
-----------------RESPONSE--------------
Continuing file streaming...
Reading from file stream...
Read 9000 bytes from file
Sent 9000 bytes to client
File streaming in progress - keeping connection alive
Waiting for events on port 8080...
=== GENERATING RESPONSE FOR CLIENT 5 ===
Continuing file streaming...
-----------------RESPONSE--------------
Continuing file streaming...
Reading from file stream...
Read 9000 bytes from file
Sent 9000 bytes to client
File streaming in progress - keeping connection alive
Waiting for events on port 8080...
=== GENERATING RESPONSE FOR CLIENT 5 ===
Continuing file streaming...
-----------------RESPONSE--------------
Continuing file streaming...
Reading from file stream...
Read 9000 bytes from file
Sent 9000 bytes to client
File streaming in progress - keeping connection alive
Waiting for events on port 8080...
=== GENERATING RESPONSE FOR CLIENT 5 ===
Continuing file streaming...
-----------------RESPONSE--------------
Continuing file streaming...
Reading from file stream...
Read 9000 bytes from file
Sent 9000 bytes to client
File streaming in progress - keeping connection alive
Waiting for events on port 8080...
=== GENERATING RESPONSE FOR CLIENT 5 ===
Continuing file streaming...
-----------------RESPONSE--------------
Continuing file streaming...
Reading from file stream...
Read 9000 bytes from file
Sent 9000 bytes to client
File streaming in progress - keeping connection alive
Waiting for events on port 8080...
=== GENERATING RESPONSE FOR CLIENT 5 ===
Continuing file streaming...
-----------------RESPONSE--------------
Continuing file streaming...
Reading from file stream...
Read 9000 bytes from file
Sent 9000 bytes to client
File streaming in progress - keeping connection alive
Waiting for events on port 8080...
=== GENERATING RESPONSE FOR CLIENT 5 ===
Continuing file streaming...
-----------------RESPONSE--------------
Continuing file streaming...
Reading from file stream...
Read 9000 bytes from file
Sent 9000 bytes to client
File streaming in progress - keeping connection alive
Waiting for events on port 8080...
=== GENERATING RESPONSE FOR CLIENT 5 ===
Continuing file streaming...
-----------------RESPONSE--------------
Continuing file streaming...
Reading from file stream...
Read 9000 bytes from file
Sent 9000 bytes to client
File streaming in progress - keeping connection alive
Waiting for events on port 8080...
=== GENERATING RESPONSE FOR CLIENT 5 ===
Continuing file streaming...
-----------------RESPONSE--------------
Continuing file streaming...
Reading from file stream...
Read 9000 bytes from file
Sent 9000 bytes to client
File streaming in progress - keeping connection alive
Waiting for events on port 8080...
=== GENERATING RESPONSE FOR CLIENT 5 ===
Continuing file streaming...
-----------------RESPONSE--------------
Continuing file streaming...
Reading from file stream...
Read 9000 bytes from file
Sent 9000 bytes to client
File streaming in progress - keeping connection alive
Waiting for events on port 8080...
=== GENERATING RESPONSE FOR CLIENT 5 ===
Continuing file streaming...
-----------------RESPONSE--------------
Continuing file streaming...
Reading from file stream...
Read 9000 bytes from file
Sent 9000 bytes to client
File streaming in progress - keeping connection alive
Waiting for events on port 8080...
=== GENERATING RESPONSE FOR CLIENT 5 ===
Continuing file streaming...
-----------------RESPONSE--------------
Continuing file streaming...
Reading from file stream...
Read 9000 bytes from file
Sent 9000 bytes to client
File streaming in progress - keeping connection alive
Waiting for events on port 8080...
=== GENERATING RESPONSE FOR CLIENT 5 ===
Continuing file streaming...
-----------------RESPONSE--------------
Continuing file streaming...
Reading from file stream...
Read 9000 bytes from file
Sent 9000 bytes to client
File streaming in progress - keeping connection alive
Waiting for events on port 8080...
=== GENERATING RESPONSE FOR CLIENT 5 ===
Continuing file streaming...
-----------------RESPONSE--------------
Continuing file streaming...
Reading from file stream...
Read 9000 bytes from file
Sent 9000 bytes to client
File streaming in progress - keeping connection alive
Waiting for events on port 8080...
=== GENERATING RESPONSE FOR CLIENT 5 ===
Continuing file streaming...
-----------------RESPONSE--------------
Continuing file streaming...
Reading from file stream...
Read 9000 bytes from file
Sent 9000 bytes to client
File streaming in progress - keeping connection alive
Waiting for events on port 8080...
=== GENERATING RESPONSE FOR CLIENT 5 ===
Continuing file streaming...
-----------------RESPONSE--------------
Continuing file streaming...
Reading from file stream...
Read 9000 bytes from file
Sent 9000 bytes to client
File streaming in progress - keeping connection alive
Waiting for events on port 8080...
=== GENERATING RESPONSE FOR CLIENT 5 ===
Continuing file streaming...
-----------------RESPONSE--------------
Continuing file streaming...
Reading from file stream...
Read 9000 bytes from file
Sent 9000 bytes to client
File streaming in progress - keeping connection alive
Waiting for events on port 8080...
=== GENERATING RESPONSE FOR CLIENT 5 ===
Continuing file streaming...
-----------------RESPONSE--------------
Continuing file streaming...
Reading from file stream...
Read 9000 bytes from file
Sent 9000 bytes to client
File streaming in progress - keeping connection alive
Waiting for events on port 8080...
=== GENERATING RESPONSE FOR CLIENT 5 ===
Continuing file streaming...
-----------------RESPONSE--------------
Continuing file streaming...
Reading from file stream...
Read 9000 bytes from file
Sent 9000 bytes to client
File streaming in progress - keeping connection alive
Waiting for events on port 8080...
=== GENERATING RESPONSE FOR CLIENT 5 ===
Continuing file streaming...
-----------------RESPONSE--------------
Continuing file streaming...
Reading from file stream...
Read 9000 bytes from file
Sent 9000 bytes to client
File streaming in progress - keeping connection alive
Waiting for events on port 8080...
=== GENERATING RESPONSE FOR CLIENT 5 ===
Continuing file streaming...
-----------------RESPONSE--------------
Continuing file streaming...
Reading from file stream...
Read 9000 bytes from file
Sent 9000 bytes to client
File streaming in progress - keeping connection alive
Waiting for events on port 8080...
=== GENERATING RESPONSE FOR CLIENT 5 ===
Continuing file streaming...
-----------------RESPONSE--------------
Continuing file streaming...
Reading from file stream...
Read 9000 bytes from file
Sent 9000 bytes to client
File streaming in progress - keeping connection alive
Waiting for events on port 8080...
=== GENERATING RESPONSE FOR CLIENT 5 ===
Continuing file streaming...
-----------------RESPONSE--------------
Continuing file streaming...
Reading from file stream...
Read 9000 bytes from file
Sent 9000 bytes to client
File streaming in progress - keeping connection alive
Waiting for events on port 8080...
=== GENERATING RESPONSE FOR CLIENT 5 ===
Continuing file streaming...
-----------------RESPONSE--------------
Continuing file streaming...
Reading from file stream...
Read 9000 bytes from file
Sent 9000 bytes to client
File streaming in progress - keeping connection alive
Waiting for events on port 8080...
=== GENERATING RESPONSE FOR CLIENT 5 ===
Continuing file streaming...
-----------------RESPONSE--------------
Continuing file streaming...
Reading from file stream...
Read 9000 bytes from file
Sent 9000 bytes to client
File streaming in progress - keeping connection alive
Waiting for events on port 8080...
=== GENERATING RESPONSE FOR CLIENT 5 ===
Continuing file streaming...
-----------------RESPONSE--------------
Continuing file streaming...
Reading from file stream...
Read 9000 bytes from file
Sent 9000 bytes to client
File streaming in progress - keeping connection alive
Waiting for events on port 8080...
=== GENERATING RESPONSE FOR CLIENT 5 ===
Continuing file streaming...
-----------------RESPONSE--------------
Continuing file streaming...
Reading from file stream...
Read 9000 bytes from file
Sent 9000 bytes to client
File streaming in progress - keeping connection alive
Waiting for events on port 8080...
=== GENERATING RESPONSE FOR CLIENT 5 ===
Continuing file streaming...
-----------------RESPONSE--------------
Continuing file streaming...
Reading from file stream...
Read 9000 bytes from file
Sent 9000 bytes to client
File streaming in progress - keeping connection alive
Waiting for events on port 8080...
=== GENERATING RESPONSE FOR CLIENT 5 ===
Continuing file streaming...
-----------------RESPONSE--------------
Continuing file streaming...
Reading from file stream...
Read 9000 bytes from file
Sent 9000 bytes to client
File streaming in progress - keeping connection alive
Waiting for events on port 8080...
=== GENERATING RESPONSE FOR CLIENT 5 ===
Continuing file streaming...
-----------------RESPONSE--------------
Continuing file streaming...
Reading from file stream...
Read 9000 bytes from file
Sent 9000 bytes to client
File streaming in progress - keeping connection alive
Waiting for events on port 8080...
=== GENERATING RESPONSE FOR CLIENT 5 ===
Continuing file streaming...
-----------------RESPONSE--------------
Continuing file streaming...
Reading from file stream...
Read 9000 bytes from file
Sent 9000 bytes to client
File streaming in progress - keeping connection alive
Waiting for events on port 8080...
=== GENERATING RESPONSE FOR CLIENT 5 ===
Continuing file streaming...
-----------------RESPONSE--------------
Continuing file streaming...
Reading from file stream...
Read 9000 bytes from file
Sent 9000 bytes to client
File streaming in progress - keeping connection alive
Waiting for events on port 8080...
=== GENERATING RESPONSE FOR CLIENT 5 ===
Continuing file streaming...
-----------------RESPONSE--------------
Continuing file streaming...
Reading from file stream...
Read 9000 bytes from file
Sent 9000 bytes to client
File streaming in progress - keeping connection alive
Waiting for events on port 8080...
=== GENERATING RESPONSE FOR CLIENT 5 ===
Continuing file streaming...
-----------------RESPONSE--------------
Continuing file streaming...
Reading from file stream...
Read 9000 bytes from file
Sent 9000 bytes to client
File streaming in progress - keeping connection alive
Waiting for events on port 8080...
=== GENERATING RESPONSE FOR CLIENT 5 ===
Continuing file streaming...
-----------------RESPONSE--------------
Continuing file streaming...
Reading from file stream...
Read 9000 bytes from file
Sent 9000 bytes to client
File streaming in progress - keeping connection alive
Waiting for events on port 8080...
=== GENERATING RESPONSE FOR CLIENT 5 ===
Continuing file streaming...
-----------------RESPONSE--------------
Continuing file streaming...
Reading from file stream...
Read 9000 bytes from file
Sent 9000 bytes to client
File streaming in progress - keeping connection alive
Waiting for events on port 8080...
=== GENERATING RESPONSE FOR CLIENT 5 ===
Continuing file streaming...
-----------------RESPONSE--------------
Continuing file streaming...
Reading from file stream...
Read 9000 bytes from file
Sent 9000 bytes to client
File streaming in progress - keeping connection alive
Waiting for events on port 8080...
=== GENERATING RESPONSE FOR CLIENT 5 ===
Continuing file streaming...
-----------------RESPONSE--------------
Continuing file streaming...
Reading from file stream...
Read 9000 bytes from file
Sent 9000 bytes to client
File streaming in progress - keeping connection alive
Waiting for events on port 8080...
=== GENERATING RESPONSE FOR CLIENT 5 ===
Continuing file streaming...
-----------------RESPONSE--------------
Continuing file streaming...
Reading from file stream...
Read 9000 bytes from file
Sent 9000 bytes to client
File streaming in progress - keeping connection alive
Waiting for events on port 8080...
=== GENERATING RESPONSE FOR CLIENT 5 ===
Continuing file streaming...
-----------------RESPONSE--------------
Continuing file streaming...
Reading from file stream...
Read 9000 bytes from file
Sent 9000 bytes to client
File streaming in progress - keeping connection alive
Waiting for events on port 8080...
=== GENERATING RESPONSE FOR CLIENT 5 ===
Continuing file streaming...
-----------------RESPONSE--------------
Continuing file streaming...
Reading from file stream...
Read 9000 bytes from file
Sent 9000 bytes to client
File streaming in progress - keeping connection alive
Waiting for events on port 8080...
=== GENERATING RESPONSE FOR CLIENT 5 ===
Continuing file streaming...
-----------------RESPONSE--------------
Continuing file streaming...
Reading from file stream...
Read 9000 bytes from file
Sent 9000 bytes to client
File streaming in progress - keeping connection alive
Waiting for events on port 8080...
=== GENERATING RESPONSE FOR CLIENT 5 ===
Continuing file streaming...
-----------------RESPONSE--------------
Continuing file streaming...
Reading from file stream...
Read 9000 bytes from file
Sent 9000 bytes to client
File streaming in progress - keeping connection alive
Waiting for events on port 8080...
=== GENERATING RESPONSE FOR CLIENT 5 ===
Continuing file streaming...
-----------------RESPONSE--------------
Continuing file streaming...
Reading from file stream...
Read 9000 bytes from file
Sent 9000 bytes to client
File streaming in progress - keeping connection alive
Waiting for events on port 8080...
=== GENERATING RESPONSE FOR CLIENT 5 ===
Continuing file streaming...
-----------------RESPONSE--------------
Continuing file streaming...
Reading from file stream...
Read 9000 bytes from file
Sent 9000 bytes to client
File streaming in progress - keeping connection alive
Waiting for events on port 8080...
=== GENERATING RESPONSE FOR CLIENT 5 ===
Continuing file streaming...
-----------------RESPONSE--------------
Continuing file streaming...
Reading from file stream...
Read 9000 bytes from file
Sent 9000 bytes to client
File streaming in progress - keeping connection alive
Waiting for events on port 8080...
=== GENERATING RESPONSE FOR CLIENT 5 ===
Continuing file streaming...
-----------------RESPONSE--------------
Continuing file streaming...
Reading from file stream...
Read 9000 bytes from file
Sent 9000 bytes to client
File streaming in progress - keeping connection alive
Waiting for events on port 8080...
=== GENERATING RESPONSE FOR CLIENT 5 ===
Continuing file streaming...
-----------------RESPONSE--------------
Continuing file streaming...
Reading from file stream...
Read 9000 bytes from file
Sent 9000 bytes to client
File streaming in progress - keeping connection alive
Waiting for events on port 8080...
=== GENERATING RESPONSE FOR CLIENT 5 ===
Continuing file streaming...
-----------------RESPONSE--------------
Continuing file streaming...
Reading from file stream...
Read 9000 bytes from file
Sent 9000 bytes to client
File streaming in progress - keeping connection alive
Waiting for events on port 8080...
=== GENERATING RESPONSE FOR CLIENT 5 ===
Continuing file streaming...
-----------------RESPONSE--------------
Continuing file streaming...
Reading from file stream...
Read 9000 bytes from file
Sent 9000 bytes to client
File streaming in progress - keeping connection alive
Waiting for events on port 8080...
=== GENERATING RESPONSE FOR CLIENT 5 ===
Continuing file streaming...
-----------------RESPONSE--------------
Continuing file streaming...
Reading from file stream...
Read 9000 bytes from file
Sent 9000 bytes to client
File streaming in progress - keeping connection alive
Waiting for events on port 8080...
=== GENERATING RESPONSE FOR CLIENT 5 ===
Continuing file streaming...
-----------------RESPONSE--------------
Continuing file streaming...
Reading from file stream...
Read 9000 bytes from file
Sent 9000 bytes to client
File streaming in progress - keeping connection alive
Waiting for events on port 8080...
=== GENERATING RESPONSE FOR CLIENT 5 ===
Continuing file streaming...
-----------------RESPONSE--------------
Continuing file streaming...
Reading from file stream...
Read 9000 bytes from file
Sent 9000 bytes to client
File streaming in progress - keeping connection alive
Waiting for events on port 8080...
=== GENERATING RESPONSE FOR CLIENT 5 ===
Continuing file streaming...
-----------------RESPONSE--------------
Continuing file streaming...
Reading from file stream...
Read 9000 bytes from file
Sent 9000 bytes to client
File streaming in progress - keeping connection alive
Waiting for events on port 8080...
=== GENERATING RESPONSE FOR CLIENT 5 ===
Continuing file streaming...
-----------------RESPONSE--------------
Continuing file streaming...
Reading from file stream...
Read 9000 bytes from file
Sent 9000 bytes to client
File streaming in progress - keeping connection alive
Waiting for events on port 8080...
=== GENERATING RESPONSE FOR CLIENT 5 ===
Continuing file streaming...
-----------------RESPONSE--------------
Continuing file streaming...
Reading from file stream...
Read 9000 bytes from file
Sent 9000 bytes to client
File streaming in progress - keeping connection alive
Waiting for events on port 8080...
=== GENERATING RESPONSE FOR CLIENT 5 ===
Continuing file streaming...
-----------------RESPONSE--------------
Continuing file streaming...
Reading from file stream...
Read 9000 bytes from file
Sent 9000 bytes to client
File streaming in progress - keeping connection alive
Waiting for events on port 8080...
=== GENERATING RESPONSE FOR CLIENT 5 ===
Continuing file streaming...
-----------------RESPONSE--------------
Continuing file streaming...
Reading from file stream...
Read 9000 bytes from file
Sent 9000 bytes to client
File streaming in progress - keeping connection alive
Waiting for events on port 8080...
=== GENERATING RESPONSE FOR CLIENT 5 ===
Continuing file streaming...
-----------------RESPONSE--------------
Continuing file streaming...
Reading from file stream...
Read 9000 bytes from file
Sent 9000 bytes to client
File streaming in progress - keeping connection alive
Waiting for events on port 8080...
=== GENERATING RESPONSE FOR CLIENT 5 ===
Continuing file streaming...
-----------------RESPONSE--------------
Continuing file streaming...
Reading from file stream...
Read 9000 bytes from file
Sent 9000 bytes to client
File streaming in progress - keeping connection alive
Waiting for events on port 8080...
=== GENERATING RESPONSE FOR CLIENT 5 ===
Continuing file streaming...
-----------------RESPONSE--------------
Continuing file streaming...
Reading from file stream...
Read 9000 bytes from file
Sent 9000 bytes to client
File streaming in progress - keeping connection alive
Waiting for events on port 8080...
=== GENERATING RESPONSE FOR CLIENT 5 ===
Continuing file streaming...
-----------------RESPONSE--------------
Continuing file streaming...
Reading from file stream...
Read 9000 bytes from file
Sent 9000 bytes to client
File streaming in progress - keeping connection alive
Waiting for events on port 8080...
=== GENERATING RESPONSE FOR CLIENT 5 ===
Continuing file streaming...
-----------------RESPONSE--------------
Continuing file streaming...
Reading from file stream...
Read 9000 bytes from file
Sent 9000 bytes to client
File streaming in progress - keeping connection alive
Waiting for events on port 8080...
=== GENERATING RESPONSE FOR CLIENT 5 ===
Continuing file streaming...
-----------------RESPONSE--------------
Continuing file streaming...
Reading from file stream...
Read 9000 bytes from file
Sent 9000 bytes to client
File streaming in progress - keeping connection alive
Waiting for events on port 8080...
=== GENERATING RESPONSE FOR CLIENT 5 ===
Continuing file streaming...
-----------------RESPONSE--------------
Continuing file streaming...
Reading from file stream...
Read 9000 bytes from file
Sent 9000 bytes to client
File streaming in progress - keeping connection alive
Waiting for events on port 8080...
=== GENERATING RESPONSE FOR CLIENT 5 ===
Continuing file streaming...
-----------------RESPONSE--------------
Continuing file streaming...
Reading from file stream...
Read 9000 bytes from file
Sent 9000 bytes to client
File streaming in progress - keeping connection alive
Waiting for events on port 8080...
=== GENERATING RESPONSE FOR CLIENT 5 ===
Continuing file streaming...
-----------------RESPONSE--------------
Continuing file streaming...
Reading from file stream...
Read 9000 bytes from file
Sent 9000 bytes to client
File streaming in progress - keeping connection alive
Waiting for events on port 8080...
=== GENERATING RESPONSE FOR CLIENT 5 ===
Continuing file streaming...
-----------------RESPONSE--------------
Continuing file streaming...
Reading from file stream...
Read 9000 bytes from file
Sent 9000 bytes to client
File streaming in progress - keeping connection alive
Waiting for events on port 8080...
=== GENERATING RESPONSE FOR CLIENT 5 ===
Continuing file streaming...
-----------------RESPONSE--------------
Continuing file streaming...
Reading from file stream...
Read 9000 bytes from file
Sent 9000 bytes to client
File streaming in progress - keeping connection alive
Waiting for events on port 8080...
=== GENERATING RESPONSE FOR CLIENT 5 ===
Continuing file streaming...
-----------------RESPONSE--------------
Continuing file streaming...
Reading from file stream...
Read 9000 bytes from file
Sent 9000 bytes to client
File streaming in progress - keeping connection alive
Waiting for events on port 8080...
=== GENERATING RESPONSE FOR CLIENT 5 ===
Continuing file streaming...
-----------------RESPONSE--------------
Continuing file streaming...
Reading from file stream...
Read 9000 bytes from file
Sent 9000 bytes to client
File streaming in progress - keeping connection alive
Waiting for events on port 8080...
=== GENERATING RESPONSE FOR CLIENT 5 ===
Continuing file streaming...
-----------------RESPONSE--------------
Continuing file streaming...
Reading from file stream...
Read 9000 bytes from file
Sent 9000 bytes to client
File streaming in progress - keeping connection alive
Waiting for events on port 8080...
=== GENERATING RESPONSE FOR CLIENT 5 ===
Continuing file streaming...
-----------------RESPONSE--------------
Continuing file streaming...
Reading from file stream...
Read 9000 bytes from file
Sent 9000 bytes to client
File streaming in progress - keeping connection alive
Waiting for events on port 8080...
=== GENERATING RESPONSE FOR CLIENT 5 ===
Continuing file streaming...
-----------------RESPONSE--------------
Continuing file streaming...
Reading from file stream...
Read 9000 bytes from file
Sent 9000 bytes to client
File streaming in progress - keeping connection alive
Waiting for events on port 8080...
=== GENERATING RESPONSE FOR CLIENT 5 ===
Continuing file streaming...
-----------------RESPONSE--------------
Continuing file streaming...
Reading from file stream...
Read 9000 bytes from file
Sent 9000 bytes to client
File streaming in progress - keeping connection alive
Waiting for events on port 8080...
=== GENERATING RESPONSE FOR CLIENT 5 ===
Continuing file streaming...
-----------------RESPONSE--------------
Continuing file streaming...
Reading from file stream...
Read 9000 bytes from file
Sent 9000 bytes to client
File streaming in progress - keeping connection alive
Waiting for events on port 8080...
=== GENERATING RESPONSE FOR CLIENT 5 ===
Continuing file streaming...
-----------------RESPONSE--------------
Continuing file streaming...
Reading from file stream...
Read 9000 bytes from file
Sent 9000 bytes to client
File streaming in progress - keeping connection alive
Waiting for events on port 8080...
=== GENERATING RESPONSE FOR CLIENT 5 ===
Continuing file streaming...
-----------------RESPONSE--------------
Continuing file streaming...
Reading from file stream...
Read 9000 bytes from file
Sent 9000 bytes to client
File streaming in progress - keeping connection alive
Waiting for events on port 8080...
=== GENERATING RESPONSE FOR CLIENT 5 ===
Continuing file streaming...
-----------------RESPONSE--------------
Continuing file streaming...
Reading from file stream...
Read 9000 bytes from file
Sent 9000 bytes to client
File streaming in progress - keeping connection alive
Waiting for events on port 8080...
=== GENERATING RESPONSE FOR CLIENT 5 ===
Continuing file streaming...
-----------------RESPONSE--------------
Continuing file streaming...
Reading from file stream...
Read 9000 bytes from file
Sent 9000 bytes to client
File streaming in progress - keeping connection alive
Waiting for events on port 8080...
=== GENERATING RESPONSE FOR CLIENT 5 ===
Continuing file streaming...
-----------------RESPONSE--------------
Continuing file streaming...
Reading from file stream...
Read 9000 bytes from file
Sent 9000 bytes to client
File streaming in progress - keeping connection alive
Waiting for events on port 8080...
=== GENERATING RESPONSE FOR CLIENT 5 ===
Continuing file streaming...
-----------------RESPONSE--------------
Continuing file streaming...
Reading from file stream...
Read 9000 bytes from file
Sent 9000 bytes to client
File streaming in progress - keeping connection alive
Waiting for events on port 8080...
=== GENERATING RESPONSE FOR CLIENT 5 ===
Continuing file streaming...
-----------------RESPONSE--------------
Continuing file streaming...
Reading from file stream...
Read 9000 bytes from file
Sent 9000 bytes to client
File streaming in progress - keeping connection alive
Waiting for events on port 8080...
=== GENERATING RESPONSE FOR CLIENT 5 ===
Continuing file streaming...
-----------------RESPONSE--------------
Continuing file streaming...
Reading from file stream...
Read 9000 bytes from file
Sent 9000 bytes to client
File streaming in progress - keeping connection alive
Waiting for events on port 8080...
=== GENERATING RESPONSE FOR CLIENT 5 ===
Continuing file streaming...
-----------------RESPONSE--------------
Continuing file streaming...
Reading from file stream...
Read 9000 bytes from file
Sent 9000 bytes to client
File streaming in progress - keeping connection alive
Waiting for events on port 8080...
=== GENERATING RESPONSE FOR CLIENT 5 ===
Continuing file streaming...
-----------------RESPONSE--------------
Continuing file streaming...
Reading from file stream...
Read 9000 bytes from file
Sent 9000 bytes to client
File streaming in progress - keeping connection alive
Waiting for events on port 8080...
=== GENERATING RESPONSE FOR CLIENT 5 ===
Continuing file streaming...
-----------------RESPONSE--------------
Continuing file streaming...
Reading from file stream...
Read 9000 bytes from file
Sent 9000 bytes to client
File streaming in progress - keeping connection alive
Waiting for events on port 8080...
=== GENERATING RESPONSE FOR CLIENT 5 ===
Continuing file streaming...
-----------------RESPONSE--------------
Continuing file streaming...
Reading from file stream...
Read 9000 bytes from file
Sent 9000 bytes to client
File streaming in progress - keeping connection alive
Waiting for events on port 8080...
=== GENERATING RESPONSE FOR CLIENT 5 ===
Continuing file streaming...
-----------------RESPONSE--------------
Continuing file streaming...
Reading from file stream...
Read 9000 bytes from file
Sent 9000 bytes to client
File streaming in progress - keeping connection alive
Waiting for events on port 8080...
=== GENERATING RESPONSE FOR CLIENT 5 ===
Continuing file streaming...
-----------------RESPONSE--------------
Continuing file streaming...
Reading from file stream...
Read 9000 bytes from file
Sent 9000 bytes to client
File streaming in progress - keeping connection alive
Waiting for events on port 8080...
=== GENERATING RESPONSE FOR CLIENT 5 ===
Continuing file streaming...
-----------------RESPONSE--------------
Continuing file streaming...
Reading from file stream...
Read 9000 bytes from file
Sent 9000 bytes to client
File streaming in progress - keeping connection alive
Waiting for events on port 8080...
=== GENERATING RESPONSE FOR CLIENT 5 ===
Continuing file streaming...
-----------------RESPONSE--------------
Continuing file streaming...
Reading from file stream...
Read 9000 bytes from file
Sent 9000 bytes to client
File streaming in progress - keeping connection alive
Waiting for events on port 8080...
=== GENERATING RESPONSE FOR CLIENT 5 ===
Continuing file streaming...
-----------------RESPONSE--------------
Continuing file streaming...
Reading from file stream...
Read 9000 bytes from file
Sent 9000 bytes to client
File streaming in progress - keeping connection alive
Waiting for events on port 8080...
=== GENERATING RESPONSE FOR CLIENT 5 ===
Continuing file streaming...
-----------------RESPONSE--------------
Continuing file streaming...
Reading from file stream...
Read 9000 bytes from file
Sent 9000 bytes to client
File streaming in progress - keeping connection alive
Waiting for events on port 8080...
=== GENERATING RESPONSE FOR CLIENT 5 ===
Continuing file streaming...
-----------------RESPONSE--------------
Continuing file streaming...
Reading from file stream...
Read 9000 bytes from file
Sent 9000 bytes to client
File streaming in progress - keeping connection alive
Waiting for events on port 8080...
=== GENERATING RESPONSE FOR CLIENT 5 ===
Continuing file streaming...
-----------------RESPONSE--------------
Continuing file streaming...
Reading from file stream...
Read 9000 bytes from file
Sent 9000 bytes to client
File streaming in progress - keeping connection alive
Waiting for events on port 8080...
=== GENERATING RESPONSE FOR CLIENT 5 ===
Continuing file streaming...
-----------------RESPONSE--------------
Continuing file streaming...
Reading from file stream...
Read 9000 bytes from file
Sent 9000 bytes to client
File streaming in progress - keeping connection alive
Waiting for events on port 8080...
=== GENERATING RESPONSE FOR CLIENT 5 ===
Continuing file streaming...
-----------------RESPONSE--------------
Continuing file streaming...
Reading from file stream...
Read 9000 bytes from file
Sent 9000 bytes to client
File streaming in progress - keeping connection alive
Waiting for events on port 8080...
=== GENERATING RESPONSE FOR CLIENT 5 ===
Continuing file streaming...
-----------------RESPONSE--------------
Continuing file streaming...
Reading from file stream...
Read 9000 bytes from file
Sent 9000 bytes to client
File streaming in progress - keeping connection alive
Waiting for events on port 8080...
=== GENERATING RESPONSE FOR CLIENT 5 ===
Continuing file streaming...
-----------------RESPONSE--------------
Continuing file streaming...
Reading from file stream...
Read 9000 bytes from file
Sent 9000 bytes to client
File streaming in progress - keeping connection alive
Waiting for events on port 8080...
=== GENERATING RESPONSE FOR CLIENT 5 ===
Continuing file streaming...
-----------------RESPONSE--------------
Continuing file streaming...
Reading from file stream...
Read 9000 bytes from file
Sent 9000 bytes to client
File streaming in progress - keeping connection alive
Waiting for events on port 8080...
=== GENERATING RESPONSE FOR CLIENT 5 ===
Continuing file streaming...
-----------------RESPONSE--------------
Continuing file streaming...
Reading from file stream...
Read 9000 bytes from file
Sent 9000 bytes to client
File streaming in progress - keeping connection alive
Waiting for events on port 8080...
=== GENERATING RESPONSE FOR CLIENT 5 ===
Continuing file streaming...
-----------------RESPONSE--------------
Continuing file streaming...
Reading from file stream...
Read 9000 bytes from file
Sent 9000 bytes to client
File streaming in progress - keeping connection alive
Waiting for events on port 8080...
=== GENERATING RESPONSE FOR CLIENT 5 ===
Continuing file streaming...
-----------------RESPONSE--------------
Continuing file streaming...
Reading from file stream...
Read 9000 bytes from file
Sent 9000 bytes to client
File streaming in progress - keeping connection alive
Waiting for events on port 8080...
=== GENERATING RESPONSE FOR CLIENT 5 ===
Continuing file streaming...
-----------------RESPONSE--------------
Continuing file streaming...
Reading from file stream...
Read 9000 bytes from file
Sent 9000 bytes to client
File streaming in progress - keeping connection alive
Waiting for events on port 8080...
=== GENERATING RESPONSE FOR CLIENT 5 ===
Continuing file streaming...
-----------------RESPONSE--------------
Continuing file streaming...
Reading from file stream...
Read 9000 bytes from file
Sent 9000 bytes to client
File streaming in progress - keeping connection alive
Waiting for events on port 8080...
=== GENERATING RESPONSE FOR CLIENT 5 ===
Continuing file streaming...
-----------------RESPONSE--------------
Continuing file streaming...
Reading from file stream...
Read 9000 bytes from file
Sent 9000 bytes to client
File streaming in progress - keeping connection alive
Waiting for events on port 8080...
=== GENERATING RESPONSE FOR CLIENT 5 ===
Continuing file streaming...
-----------------RESPONSE--------------
Continuing file streaming...
Reading from file stream...
Read 9000 bytes from file
Sent 9000 bytes to client
File streaming in progress - keeping connection alive
Waiting for events on port 8080...
=== GENERATING RESPONSE FOR CLIENT 5 ===
Continuing file streaming...
-----------------RESPONSE--------------
Continuing file streaming...
Reading from file stream...
Read 9000 bytes from file
Sent 9000 bytes to client
File streaming in progress - keeping connection alive
Waiting for events on port 8080...
=== GENERATING RESPONSE FOR CLIENT 5 ===
Continuing file streaming...
-----------------RESPONSE--------------
Continuing file streaming...
Reading from file stream...
Read 9000 bytes from file
Sent 9000 bytes to client
File streaming in progress - keeping connection alive
Waiting for events on port 8080...
=== GENERATING RESPONSE FOR CLIENT 5 ===
Continuing file streaming...
-----------------RESPONSE--------------
Continuing file streaming...
Reading from file stream...
Read 9000 bytes from file
Sent 9000 bytes to client
File streaming in progress - keeping connection alive
Waiting for events on port 8080...
=== GENERATING RESPONSE FOR CLIENT 5 ===
Continuing file streaming...
-----------------RESPONSE--------------
Continuing file streaming...
Reading from file stream...
Read 9000 bytes from file
Sent 9000 bytes to client
File streaming in progress - keeping connection alive
Waiting for events on port 8080...
=== GENERATING RESPONSE FOR CLIENT 5 ===
Continuing file streaming...
-----------------RESPONSE--------------
Continuing file streaming...
Reading from file stream...
Read 9000 bytes from file
Sent 9000 bytes to client
File streaming in progress - keeping connection alive
Waiting for events on port 8080...
=== GENERATING RESPONSE FOR CLIENT 5 ===
Continuing file streaming...
-----------------RESPONSE--------------
Continuing file streaming...
Reading from file stream...
Read 9000 bytes from file
Sent 9000 bytes to client
File streaming in progress - keeping connection alive
Waiting for events on port 8080...
=== GENERATING RESPONSE FOR CLIENT 5 ===
Continuing file streaming...
-----------------RESPONSE--------------
Continuing file streaming...
Reading from file stream...
Read 9000 bytes from file
Sent 9000 bytes to client
File streaming in progress - keeping connection alive
Waiting for events on port 8080...
=== GENERATING RESPONSE FOR CLIENT 5 ===
Continuing file streaming...
-----------------RESPONSE--------------
Continuing file streaming...
Reading from file stream...
Read 9000 bytes from file
Sent 9000 bytes to client
File streaming in progress - keeping connection alive
Waiting for events on port 8080...
=== GENERATING RESPONSE FOR CLIENT 5 ===
Continuing file streaming...
-----------------RESPONSE--------------
Continuing file streaming...
Reading from file stream...
Read 9000 bytes from file
Sent 9000 bytes to client
File streaming in progress - keeping connection alive
Waiting for events on port 8080...
=== GENERATING RESPONSE FOR CLIENT 5 ===
Continuing file streaming...
-----------------RESPONSE--------------
Continuing file streaming...
Reading from file stream...
Read 9000 bytes from file
Sent 9000 bytes to client
File streaming in progress - keeping connection alive
Waiting for events on port 8080...
=== GENERATING RESPONSE FOR CLIENT 5 ===
Continuing file streaming...
-----------------RESPONSE--------------
Continuing file streaming...
Reading from file stream...
Read 9000 bytes from file
Sent 9000 bytes to client
File streaming in progress - keeping connection alive
Waiting for events on port 8080...
=== GENERATING RESPONSE FOR CLIENT 5 ===
Continuing file streaming...
-----------------RESPONSE--------------
Continuing file streaming...
Reading from file stream...
Read 9000 bytes from file
Sent 9000 bytes to client
File streaming in progress - keeping connection alive
Waiting for events on port 8080...
=== GENERATING RESPONSE FOR CLIENT 5 ===
Continuing file streaming...
-----------------RESPONSE--------------
Continuing file streaming...
Reading from file stream...
Read 9000 bytes from file
Sent 9000 bytes to client
File streaming in progress - keeping connection alive
Waiting for events on port 8080...
=== GENERATING RESPONSE FOR CLIENT 5 ===
Continuing file streaming...
-----------------RESPONSE--------------
Continuing file streaming...
Reading from file stream...
Read 9000 bytes from file
Sent 9000 bytes to client
File streaming in progress - keeping connection alive
Waiting for events on port 8080...
=== GENERATING RESPONSE FOR CLIENT 5 ===
Continuing file streaming...
-----------------RESPONSE--------------
Continuing file streaming...
Reading from file stream...
Read 9000 bytes from file
Sent 9000 bytes to client
File streaming in progress - keeping connection alive
Waiting for events on port 8080...
=== GENERATING RESPONSE FOR CLIENT 5 ===
Continuing file streaming...
-----------------RESPONSE--------------
Continuing file streaming...
Reading from file stream...
Read 9000 bytes from file
Sent 9000 bytes to client
File streaming in progress - keeping connection alive
Waiting for events on port 8080...
=== GENERATING RESPONSE FOR CLIENT 5 ===
Continuing file streaming...
-----------------RESPONSE--------------
Continuing file streaming...
Reading from file stream...
Read 9000 bytes from file
Sent 9000 bytes to client
File streaming in progress - keeping connection alive
Waiting for events on port 8080...
=== GENERATING RESPONSE FOR CLIENT 5 ===
Continuing file streaming...
-----------------RESPONSE--------------
Continuing file streaming...
Reading from file stream...
Read 9000 bytes from file
Sent 9000 bytes to client
File streaming in progress - keeping connection alive
Waiting for events on port 8080...
=== GENERATING RESPONSE FOR CLIENT 5 ===
Continuing file streaming...
-----------------RESPONSE--------------
Continuing file streaming...
Reading from file stream...
Read 9000 bytes from file
Sent 9000 bytes to client
File streaming in progress - keeping connection alive
Waiting for events on port 8080...
No events (timeout)
Waiting for events on port 8080...
=== GENERATING RESPONSE FOR CLIENT 5 ===
Continuing file streaming...
-----------------RESPONSE--------------
Continuing file streaming...
Reading from file stream...
Read 9000 bytes from file
Sent 9000 bytes to client
File streaming in progress - keeping connection alive
Waiting for events on port 8080...
=== GENERATING RESPONSE FOR CLIENT 5 ===
Continuing file streaming...
-----------------RESPONSE--------------
Continuing file streaming...
Reading from file stream...
Read 9000 bytes from file
Sent 9000 bytes to client
File streaming in progress - keeping connection alive
Waiting for events on port 8080...
=== GENERATING RESPONSE FOR CLIENT 5 ===
Continuing file streaming...
-----------------RESPONSE--------------
Continuing file streaming...
Reading from file stream...
Read 9000 bytes from file
Sent 9000 bytes to client
File streaming in progress - keeping connection alive
Waiting for events on port 8080...
=== GENERATING RESPONSE FOR CLIENT 5 ===
Continuing file streaming...
-----------------RESPONSE--------------
Continuing file streaming...
Reading from file stream...
Read 9000 bytes from file
Sent 9000 bytes to client
File streaming in progress - keeping connection alive
Waiting for events on port 8080...
=== GENERATING RESPONSE FOR CLIENT 5 ===
Continuing file streaming...
-----------------RESPONSE--------------
Continuing file streaming...
Reading from file stream...
Read 9000 bytes from file
Sent 9000 bytes to client
File streaming in progress - keeping connection alive
Waiting for events on port 8080...
=== GENERATING RESPONSE FOR CLIENT 5 ===
Continuing file streaming...
-----------------RESPONSE--------------
Continuing file streaming...
Reading from file stream...
Read 9000 bytes from file
Sent 9000 bytes to client
File streaming in progress - keeping connection alive
Waiting for events on port 8080...
=== GENERATING RESPONSE FOR CLIENT 5 ===
Continuing file streaming...
-----------------RESPONSE--------------
Continuing file streaming...
Reading from file stream...
Read 9000 bytes from file
Sent 9000 bytes to client
File streaming in progress - keeping connection alive
Waiting for events on port 8080...
=== GENERATING RESPONSE FOR CLIENT 5 ===
Continuing file streaming...
-----------------RESPONSE--------------
Continuing file streaming...
Reading from file stream...
Read 9000 bytes from file
Sent 9000 bytes to client
File streaming in progress - keeping connection alive
Waiting for events on port 8080...
=== GENERATING RESPONSE FOR CLIENT 5 ===
Continuing file streaming...
-----------------RESPONSE--------------
Continuing file streaming...
Reading from file stream...
Read 9000 bytes from file
Sent 9000 bytes to client
File streaming in progress - keeping connection alive
Waiting for events on port 8080...
=== GENERATING RESPONSE FOR CLIENT 5 ===
Continuing file streaming...
-----------------RESPONSE--------------
Continuing file streaming...
Reading from file stream...
Read 9000 bytes from file
Sent 9000 bytes to client
File streaming in progress - keeping connection alive
Waiting for events on port 8080...
=== GENERATING RESPONSE FOR CLIENT 5 ===
Continuing file streaming...
-----------------RESPONSE--------------
Continuing file streaming...
Reading from file stream...
Read 9000 bytes from file
Sent 9000 bytes to client
File streaming in progress - keeping connection alive
Waiting for events on port 8080...
=== GENERATING RESPONSE FOR CLIENT 5 ===
Continuing file streaming...
-----------------RESPONSE--------------
Continuing file streaming...
Reading from file stream...
Read 9000 bytes from file
Sent 9000 bytes to client
File streaming in progress - keeping connection alive
Waiting for events on port 8080...
=== GENERATING RESPONSE FOR CLIENT 5 ===
Continuing file streaming...
-----------------RESPONSE--------------
Continuing file streaming...
Reading from file stream...
Read 9000 bytes from file
Sent 9000 bytes to client
File streaming in progress - keeping connection alive
Waiting for events on port 8080...
=== GENERATING RESPONSE FOR CLIENT 5 ===
Continuing file streaming...
-----------------RESPONSE--------------
Continuing file streaming...
Reading from file stream...
Read 9000 bytes from file
Sent 9000 bytes to client
File streaming in progress - keeping connection alive
Waiting for events on port 8080...
=== GENERATING RESPONSE FOR CLIENT 5 ===
Continuing file streaming...
-----------------RESPONSE--------------
Continuing file streaming...
Reading from file stream...
Read 9000 bytes from file
Sent 9000 bytes to client
File streaming in progress - keeping connection alive
Waiting for events on port 8080...
=== GENERATING RESPONSE FOR CLIENT 5 ===
Continuing file streaming...
-----------------RESPONSE--------------
Continuing file streaming...
Reading from file stream...
Read 9000 bytes from file
Sent 9000 bytes to client
File streaming in progress - keeping connection alive
Waiting for events on port 8080...
=== GENERATING RESPONSE FOR CLIENT 5 ===
Continuing file streaming...
-----------------RESPONSE--------------
Continuing file streaming...
Reading from file stream...
Read 9000 bytes from file
Sent 9000 bytes to client
File streaming in progress - keeping connection alive
Waiting for events on port 8080...
=== GENERATING RESPONSE FOR CLIENT 5 ===
Continuing file streaming...
-----------------RESPONSE--------------
Continuing file streaming...
Reading from file stream...
Read 9000 bytes from file
Sent 9000 bytes to client
File streaming in progress - keeping connection alive
Waiting for events on port 8080...
=== GENERATING RESPONSE FOR CLIENT 5 ===
Continuing file streaming...
-----------------RESPONSE--------------
Continuing file streaming...
Reading from file stream...
Read 9000 bytes from file
Sent 9000 bytes to client
File streaming in progress - keeping connection alive
Waiting for events on port 8080...
=== GENERATING RESPONSE FOR CLIENT 5 ===
Continuing file streaming...
-----------------RESPONSE--------------
Continuing file streaming...
Reading from file stream...
Read 9000 bytes from file
Sent 9000 bytes to client
File streaming in progress - keeping connection alive
Waiting for events on port 8080...
=== GENERATING RESPONSE FOR CLIENT 5 ===
Continuing file streaming...
-----------------RESPONSE--------------
Continuing file streaming...
Reading from file stream...
Read 9000 bytes from file
Sent 9000 bytes to client
File streaming in progress - keeping connection alive
Waiting for events on port 8080...
=== GENERATING RESPONSE FOR CLIENT 5 ===
Continuing file streaming...
-----------------RESPONSE--------------
Continuing file streaming...
Reading from file stream...
Read 9000 bytes from file
Sent 9000 bytes to client
File streaming in progress - keeping connection alive
Waiting for events on port 8080...
=== GENERATING RESPONSE FOR CLIENT 5 ===
Continuing file streaming...
-----------------RESPONSE--------------
Continuing file streaming...
Reading from file stream...
Read 9000 bytes from file
Sent 9000 bytes to client
File streaming in progress - keeping connection alive
Waiting for events on port 8080...
=== GENERATING RESPONSE FOR CLIENT 5 ===
Continuing file streaming...
-----------------RESPONSE--------------
Continuing file streaming...
Reading from file stream...
Read 9000 bytes from file
Sent 9000 bytes to client
File streaming in progress - keeping connection alive
Waiting for events on port 8080...
=== GENERATING RESPONSE FOR CLIENT 5 ===
Continuing file streaming...
-----------------RESPONSE--------------
Continuing file streaming...
Reading from file stream...
Read 9000 bytes from file
Sent 9000 bytes to client
File streaming in progress - keeping connection alive
Waiting for events on port 8080...
=== GENERATING RESPONSE FOR CLIENT 5 ===
Continuing file streaming...
-----------------RESPONSE--------------
Continuing file streaming...
Reading from file stream...
Read 9000 bytes from file
Sent 9000 bytes to client
File streaming in progress - keeping connection alive
Waiting for events on port 8080...
=== GENERATING RESPONSE FOR CLIENT 5 ===
Continuing file streaming...
-----------------RESPONSE--------------
Continuing file streaming...
Reading from file stream...
Read 9000 bytes from file
Sent 9000 bytes to client
File streaming in progress - keeping connection alive
Waiting for events on port 8080...
=== GENERATING RESPONSE FOR CLIENT 5 ===
Continuing file streaming...
-----------------RESPONSE--------------
Continuing file streaming...
Reading from file stream...
Read 9000 bytes from file
Sent 9000 bytes to client
File streaming in progress - keeping connection alive
Waiting for events on port 8080...
=== GENERATING RESPONSE FOR CLIENT 5 ===
Continuing file streaming...
-----------------RESPONSE--------------
Continuing file streaming...
Reading from file stream...
Read 9000 bytes from file
Sent 9000 bytes to client
File streaming in progress - keeping connection alive
Waiting for events on port 8080...
=== GENERATING RESPONSE FOR CLIENT 5 ===
Continuing file streaming...
-----------------RESPONSE--------------
Continuing file streaming...
Reading from file stream...
Read 9000 bytes from file
Sent 9000 bytes to client
File streaming in progress - keeping connection alive
Waiting for events on port 8080...
=== GENERATING RESPONSE FOR CLIENT 5 ===
Continuing file streaming...
-----------------RESPONSE--------------
Continuing file streaming...
Reading from file stream...
Read 9000 bytes from file
Sent 9000 bytes to client
File streaming in progress - keeping connection alive
Waiting for events on port 8080...
=== GENERATING RESPONSE FOR CLIENT 5 ===
Continuing file streaming...
-----------------RESPONSE--------------
Continuing file streaming...
Reading from file stream...
Read 9000 bytes from file
Sent 9000 bytes to client
File streaming in progress - keeping connection alive
Waiting for events on port 8080...
=== GENERATING RESPONSE FOR CLIENT 5 ===
Continuing file streaming...
-----------------RESPONSE--------------
Continuing file streaming...
Reading from file stream...
Read 9000 bytes from file
Sent 9000 bytes to client
File streaming in progress - keeping connection alive
Waiting for events on port 8080...
=== GENERATING RESPONSE FOR CLIENT 5 ===
Continuing file streaming...
-----------------RESPONSE--------------
Continuing file streaming...
Reading from file stream...
Read 9000 bytes from file
Sent 9000 bytes to client
File streaming in progress - keeping connection alive
Waiting for events on port 8080...
=== GENERATING RESPONSE FOR CLIENT 5 ===
Continuing file streaming...
-----------------RESPONSE--------------
Continuing file streaming...
Reading from file stream...
Read 9000 bytes from file
Sent 9000 bytes to client
File streaming in progress - keeping connection alive
Waiting for events on port 8080...
=== GENERATING RESPONSE FOR CLIENT 5 ===
Continuing file streaming...
-----------------RESPONSE--------------
Continuing file streaming...
Reading from file stream...
Read 9000 bytes from file
Sent 9000 bytes to client
File streaming in progress - keeping connection alive
Waiting for events on port 8080...
=== GENERATING RESPONSE FOR CLIENT 5 ===
Continuing file streaming...
-----------------RESPONSE--------------
Continuing file streaming...
Reading from file stream...
Read 9000 bytes from file
Sent 9000 bytes to client
File streaming in progress - keeping connection alive
Waiting for events on port 8080...
=== GENERATING RESPONSE FOR CLIENT 5 ===
Continuing file streaming...
-----------------RESPONSE--------------
Continuing file streaming...
Reading from file stream...
Read 9000 bytes from file
Sent 9000 bytes to client
File streaming in progress - keeping connection alive
Waiting for events on port 8080...
=== GENERATING RESPONSE FOR CLIENT 5 ===
Continuing file streaming...
-----------------RESPONSE--------------
Continuing file streaming...
Reading from file stream...
Read 9000 bytes from file
Sent 9000 bytes to client
File streaming in progress - keeping connection alive
Waiting for events on port 8080...
=== GENERATING RESPONSE FOR CLIENT 5 ===
Continuing file streaming...
-----------------RESPONSE--------------
Continuing file streaming...
Reading from file stream...
Read 9000 bytes from file
Sent 9000 bytes to client
File streaming in progress - keeping connection alive
Waiting for events on port 8080...
=== GENERATING RESPONSE FOR CLIENT 5 ===
Continuing file streaming...
-----------------RESPONSE--------------
Continuing file streaming...
Reading from file stream...
Read 9000 bytes from file
Sent 9000 bytes to client
File streaming in progress - keeping connection alive
Waiting for events on port 8080...
=== GENERATING RESPONSE FOR CLIENT 5 ===
Continuing file streaming...
-----------------RESPONSE--------------
Continuing file streaming...
Reading from file stream...
Read 9000 bytes from file
Sent 9000 bytes to client
File streaming in progress - keeping connection alive
Waiting for events on port 8080...
=== GENERATING RESPONSE FOR CLIENT 5 ===
Continuing file streaming...
-----------------RESPONSE--------------
Continuing file streaming...
Reading from file stream...
Read 9000 bytes from file
Sent 9000 bytes to client
File streaming in progress - keeping connection alive
Waiting for events on port 8080...
=== GENERATING RESPONSE FOR CLIENT 5 ===
Continuing file streaming...
-----------------RESPONSE--------------
Continuing file streaming...
Reading from file stream...
Read 9000 bytes from file
Sent 9000 bytes to client
File streaming in progress - keeping connection alive
Waiting for events on port 8080...
=== GENERATING RESPONSE FOR CLIENT 5 ===
Continuing file streaming...
-----------------RESPONSE--------------
Continuing file streaming...
Reading from file stream...
Read 9000 bytes from file
Sent 9000 bytes to client
File streaming in progress - keeping connection alive
Waiting for events on port 8080...
=== GENERATING RESPONSE FOR CLIENT 5 ===
Continuing file streaming...
-----------------RESPONSE--------------
Continuing file streaming...
Reading from file stream...
Read 9000 bytes from file
Sent 9000 bytes to client
File streaming in progress - keeping connection alive
Waiting for events on port 8080...
=== GENERATING RESPONSE FOR CLIENT 5 ===
Continuing file streaming...
-----------------RESPONSE--------------
Continuing file streaming...
Reading from file stream...
Read 9000 bytes from file
Sent 9000 bytes to client
File streaming in progress - keeping connection alive
Waiting for events on port 8080...
=== GENERATING RESPONSE FOR CLIENT 5 ===
Continuing file streaming...
-----------------RESPONSE--------------
Continuing file streaming...
Reading from file stream...
Read 9000 bytes from file
Sent 9000 bytes to client
File streaming in progress - keeping connection alive
Waiting for events on port 8080...
=== GENERATING RESPONSE FOR CLIENT 5 ===
Continuing file streaming...
-----------------RESPONSE--------------
Continuing file streaming...
Reading from file stream...
Read 9000 bytes from file
Sent 9000 bytes to client
File streaming in progress - keeping connection alive
Waiting for events on port 8080...
=== GENERATING RESPONSE FOR CLIENT 5 ===
Continuing file streaming...
-----------------RESPONSE--------------
Continuing file streaming...
Reading from file stream...
Read 9000 bytes from file
Sent 9000 bytes to client
File streaming in progress - keeping connection alive
Waiting for events on port 8080...
=== GENERATING RESPONSE FOR CLIENT 5 ===
Continuing file streaming...
-----------------RESPONSE--------------
Continuing file streaming...
Reading from file stream...
Read 9000 bytes from file
Sent 9000 bytes to client
File streaming in progress - keeping connection alive
Waiting for events on port 8080...
=== GENERATING RESPONSE FOR CLIENT 5 ===
Continuing file streaming...
-----------------RESPONSE--------------
Continuing file streaming...
Reading from file stream...
Read 9000 bytes from file
Sent 9000 bytes to client
File streaming in progress - keeping connection alive
Waiting for events on port 8080...
=== GENERATING RESPONSE FOR CLIENT 5 ===
Continuing file streaming...
-----------------RESPONSE--------------
Continuing file streaming...
Reading from file stream...
Read 9000 bytes from file
Sent 9000 bytes to client
File streaming in progress - keeping connection alive
Waiting for events on port 8080...
=== GENERATING RESPONSE FOR CLIENT 5 ===
Continuing file streaming...
-----------------RESPONSE--------------
Continuing file streaming...
Reading from file stream...
Read 9000 bytes from file
Sent 9000 bytes to client
File streaming in progress - keeping connection alive
Waiting for events on port 8080...
=== GENERATING RESPONSE FOR CLIENT 5 ===
Continuing file streaming...
-----------------RESPONSE--------------
Continuing file streaming...
Reading from file stream...
Read 9000 bytes from file
Sent 9000 bytes to client
File streaming in progress - keeping connection alive
Waiting for events on port 8080...
=== GENERATING RESPONSE FOR CLIENT 5 ===
Continuing file streaming...
-----------------RESPONSE--------------
Continuing file streaming...
Reading from file stream...
Read 9000 bytes from file
Sent 9000 bytes to client
File streaming in progress - keeping connection alive
Waiting for events on port 8080...
=== GENERATING RESPONSE FOR CLIENT 5 ===
Continuing file streaming...
-----------------RESPONSE--------------
Continuing file streaming...
Reading from file stream...
Read 9000 bytes from file
Sent 9000 bytes to client
File streaming in progress - keeping connection alive
Waiting for events on port 8080...
=== GENERATING RESPONSE FOR CLIENT 5 ===
Continuing file streaming...
-----------------RESPONSE--------------
Continuing file streaming...
Reading from file stream...
Read 9000 bytes from file
Sent 9000 bytes to client
File streaming in progress - keeping connection alive
Waiting for events on port 8080...
=== GENERATING RESPONSE FOR CLIENT 5 ===
Continuing file streaming...
-----------------RESPONSE--------------
Continuing file streaming...
Reading from file stream...
Read 9000 bytes from file
Sent 9000 bytes to client
File streaming in progress - keeping connection alive
Waiting for events on port 8080...
=== GENERATING RESPONSE FOR CLIENT 5 ===
Continuing file streaming...
-----------------RESPONSE--------------
Continuing file streaming...
Reading from file stream...
Read 9000 bytes from file
Sent 9000 bytes to client
File streaming in progress - keeping connection alive
Waiting for events on port 8080...
=== GENERATING RESPONSE FOR CLIENT 5 ===
Continuing file streaming...
-----------------RESPONSE--------------
Continuing file streaming...
Reading from file stream...
Read 9000 bytes from file
Sent 9000 bytes to client
File streaming in progress - keeping connection alive
Waiting for events on port 8080...
=== GENERATING RESPONSE FOR CLIENT 5 ===
Continuing file streaming...
-----------------RESPONSE--------------
Continuing file streaming...
Reading from file stream...
Read 9000 bytes from file
Sent 9000 bytes to client
File streaming in progress - keeping connection alive
Waiting for events on port 8080...
=== GENERATING RESPONSE FOR CLIENT 5 ===
Continuing file streaming...
-----------------RESPONSE--------------
Continuing file streaming...
Reading from file stream...
Read 9000 bytes from file
Sent 9000 bytes to client
File streaming in progress - keeping connection alive
Waiting for events on port 8080...
=== GENERATING RESPONSE FOR CLIENT 5 ===
Continuing file streaming...
-----------------RESPONSE--------------
Continuing file streaming...
Reading from file stream...
Read 9000 bytes from file
Sent 9000 bytes to client
File streaming in progress - keeping connection alive
Waiting for events on port 8080...
=== GENERATING RESPONSE FOR CLIENT 5 ===
Continuing file streaming...
-----------------RESPONSE--------------
Continuing file streaming...
Reading from file stream...
Read 9000 bytes from file
Sent 9000 bytes to client
File streaming in progress - keeping connection alive
Waiting for events on port 8080...
=== GENERATING RESPONSE FOR CLIENT 5 ===
Continuing file streaming...
-----------------RESPONSE--------------
Continuing file streaming...
Reading from file stream...
Read 9000 bytes from file
Sent 9000 bytes to client
File streaming in progress - keeping connection alive
Waiting for events on port 8080...
=== GENERATING RESPONSE FOR CLIENT 5 ===
Continuing file streaming...
-----------------RESPONSE--------------
Continuing file streaming...
Reading from file stream...
Read 9000 bytes from file
Sent 9000 bytes to client
File streaming in progress - keeping connection alive
Waiting for events on port 8080...
=== GENERATING RESPONSE FOR CLIENT 5 ===
Continuing file streaming...
-----------------RESPONSE--------------
Continuing file streaming...
Reading from file stream...
Read 9000 bytes from file
Sent 9000 bytes to client
File streaming in progress - keeping connection alive
Waiting for events on port 8080...
=== GENERATING RESPONSE FOR CLIENT 5 ===
Continuing file streaming...
-----------------RESPONSE--------------
Continuing file streaming...
Reading from file stream...
Read 9000 bytes from file
Sent 9000 bytes to client
File streaming in progress - keeping connection alive
Waiting for events on port 8080...
=== GENERATING RESPONSE FOR CLIENT 5 ===
Continuing file streaming...
-----------------RESPONSE--------------
Continuing file streaming...
Reading from file stream...
Read 9000 bytes from file
Sent 9000 bytes to client
File streaming in progress - keeping connection alive
Waiting for events on port 8080...
=== GENERATING RESPONSE FOR CLIENT 5 ===
Continuing file streaming...
-----------------RESPONSE--------------
Continuing file streaming...
Reading from file stream...
Read 9000 bytes from file
Sent 9000 bytes to client
File streaming in progress - keeping connection alive
Waiting for events on port 8080...
=== GENERATING RESPONSE FOR CLIENT 5 ===
Continuing file streaming...
-----------------RESPONSE--------------
Continuing file streaming...
Reading from file stream...
Read 9000 bytes from file
Sent 9000 bytes to client
File streaming in progress - keeping connection alive
Waiting for events on port 8080...
=== GENERATING RESPONSE FOR CLIENT 5 ===
Continuing file streaming...
-----------------RESPONSE--------------
Continuing file streaming...
Reading from file stream...
Read 9000 bytes from file
Sent 9000 bytes to client
File streaming in progress - keeping connection alive
Waiting for events on port 8080...
=== GENERATING RESPONSE FOR CLIENT 5 ===
Continuing file streaming...
-----------------RESPONSE--------------
Continuing file streaming...
Reading from file stream...
Read 9000 bytes from file
Sent 9000 bytes to client
File streaming in progress - keeping connection alive
Waiting for events on port 8080...
=== GENERATING RESPONSE FOR CLIENT 5 ===
Continuing file streaming...
-----------------RESPONSE--------------
Continuing file streaming...
Reading from file stream...
Read 9000 bytes from file
Sent 9000 bytes to client
File streaming in progress - keeping connection alive
Waiting for events on port 8080...
=== GENERATING RESPONSE FOR CLIENT 5 ===
Continuing file streaming...
-----------------RESPONSE--------------
Continuing file streaming...
Reading from file stream...
Read 9000 bytes from file
Sent 9000 bytes to client
File streaming in progress - keeping connection alive
Waiting for events on port 8080...
=== GENERATING RESPONSE FOR CLIENT 5 ===
Continuing file streaming...
-----------------RESPONSE--------------
Continuing file streaming...
Reading from file stream...
Read 9000 bytes from file
Sent 9000 bytes to client
File streaming in progress - keeping connection alive
Waiting for events on port 8080...
=== GENERATING RESPONSE FOR CLIENT 5 ===
Continuing file streaming...
-----------------RESPONSE--------------
Continuing file streaming...
Reading from file stream...
Read 9000 bytes from file
Sent 9000 bytes to client
File streaming in progress - keeping connection alive
Waiting for events on port 8080...
=== GENERATING RESPONSE FOR CLIENT 5 ===
Continuing file streaming...
-----------------RESPONSE--------------
Continuing file streaming...
Reading from file stream...
Read 9000 bytes from file
Sent 9000 bytes to client
File streaming in progress - keeping connection alive
Waiting for events on port 8080...
=== GENERATING RESPONSE FOR CLIENT 5 ===
Continuing file streaming...
-----------------RESPONSE--------------
Continuing file streaming...
Reading from file stream...
Read 9000 bytes from file
Sent 9000 bytes to client
File streaming in progress - keeping connection alive
Waiting for events on port 8080...
=== GENERATING RESPONSE FOR CLIENT 5 ===
Continuing file streaming...
-----------------RESPONSE--------------
Continuing file streaming...
Reading from file stream...
Read 9000 bytes from file
Sent 9000 bytes to client
File streaming in progress - keeping connection alive
Waiting for events on port 8080...
=== GENERATING RESPONSE FOR CLIENT 5 ===
Continuing file streaming...
-----------------RESPONSE--------------
Continuing file streaming...
Reading from file stream...
Read 9000 bytes from file
Sent 9000 bytes to client
File streaming in progress - keeping connection alive
Waiting for events on port 8080...
=== GENERATING RESPONSE FOR CLIENT 5 ===
Continuing file streaming...
-----------------RESPONSE--------------
Continuing file streaming...
Reading from file stream...
Read 9000 bytes from file
Sent 9000 bytes to client
File streaming in progress - keeping connection alive
Waiting for events on port 8080...
=== GENERATING RESPONSE FOR CLIENT 5 ===
Continuing file streaming...
-----------------RESPONSE--------------
Continuing file streaming...
Reading from file stream...
Read 9000 bytes from file
Sent 9000 bytes to client
File streaming in progress - keeping connection alive
Waiting for events on port 8080...
=== GENERATING RESPONSE FOR CLIENT 5 ===
Continuing file streaming...
-----------------RESPONSE--------------
Continuing file streaming...
Reading from file stream...
Read 9000 bytes from file
Sent 9000 bytes to client
File streaming in progress - keeping connection alive
Waiting for events on port 8080...
=== GENERATING RESPONSE FOR CLIENT 5 ===
Continuing file streaming...
-----------------RESPONSE--------------
Continuing file streaming...
Reading from file stream...
Read 9000 bytes from file
Sent 9000 bytes to client
File streaming in progress - keeping connection alive
Waiting for events on port 8080...
=== GENERATING RESPONSE FOR CLIENT 5 ===
Continuing file streaming...
-----------------RESPONSE--------------
Continuing file streaming...
Reading from file stream...
Read 9000 bytes from file
Sent 9000 bytes to client
File streaming in progress - keeping connection alive
Waiting for events on port 8080...
=== GENERATING RESPONSE FOR CLIENT 5 ===
Continuing file streaming...
-----------------RESPONSE--------------
Continuing file streaming...
Reading from file stream...
Read 9000 bytes from file
Sent 9000 bytes to client
File streaming in progress - keeping connection alive
Waiting for events on port 8080...
=== GENERATING RESPONSE FOR CLIENT 5 ===
Continuing file streaming...
-----------------RESPONSE--------------
Continuing file streaming...
Reading from file stream...
Read 9000 bytes from file
Sent 9000 bytes to client
File streaming in progress - keeping connection alive
Waiting for events on port 8080...
=== GENERATING RESPONSE FOR CLIENT 5 ===
Continuing file streaming...
-----------------RESPONSE--------------
Continuing file streaming...
Reading from file stream...
Read 9000 bytes from file
Sent 9000 bytes to client
File streaming in progress - keeping connection alive
Waiting for events on port 8080...
=== GENERATING RESPONSE FOR CLIENT 5 ===
Continuing file streaming...
-----------------RESPONSE--------------
Continuing file streaming...
Reading from file stream...
Read 9000 bytes from file
Sent 9000 bytes to client
File streaming in progress - keeping connection alive
Waiting for events on port 8080...
=== GENERATING RESPONSE FOR CLIENT 5 ===
Continuing file streaming...
-----------------RESPONSE--------------
Continuing file streaming...
Reading from file stream...
Read 9000 bytes from file
Sent 9000 bytes to client
File streaming in progress - keeping connection alive
Waiting for events on port 8080...
=== GENERATING RESPONSE FOR CLIENT 5 ===
Continuing file streaming...
-----------------RESPONSE--------------
Continuing file streaming...
Reading from file stream...
Read 9000 bytes from file
Sent 9000 bytes to client
File streaming in progress - keeping connection alive
Waiting for events on port 8080...
=== GENERATING RESPONSE FOR CLIENT 5 ===
Continuing file streaming...
-----------------RESPONSE--------------
Continuing file streaming...
Reading from file stream...
Read 9000 bytes from file
Sent 9000 bytes to client
File streaming in progress - keeping connection alive
Waiting for events on port 8080...
=== GENERATING RESPONSE FOR CLIENT 5 ===
Continuing file streaming...
-----------------RESPONSE--------------
Continuing file streaming...
Reading from file stream...
Read 9000 bytes from file
Sent 9000 bytes to client
File streaming in progress - keeping connection alive
Waiting for events on port 8080...
=== GENERATING RESPONSE FOR CLIENT 5 ===
Continuing file streaming...
-----------------RESPONSE--------------
Continuing file streaming...
Reading from file stream...
Read 9000 bytes from file
Sent 9000 bytes to client
File streaming in progress - keeping connection alive
Waiting for events on port 8080...
=== GENERATING RESPONSE FOR CLIENT 5 ===
Continuing file streaming...
-----------------RESPONSE--------------
Continuing file streaming...
Reading from file stream...
Read 9000 bytes from file
Sent 9000 bytes to client
File streaming in progress - keeping connection alive
Waiting for events on port 8080...
=== GENERATING RESPONSE FOR CLIENT 5 ===
Continuing file streaming...
-----------------RESPONSE--------------
Continuing file streaming...
Reading from file stream...
Read 9000 bytes from file
Sent 9000 bytes to client
File streaming in progress - keeping connection alive
Waiting for events on port 8080...
=== GENERATING RESPONSE FOR CLIENT 5 ===
Continuing file streaming...
-----------------RESPONSE--------------
Continuing file streaming...
Reading from file stream...
Read 9000 bytes from file
Sent 9000 bytes to client
File streaming in progress - keeping connection alive
Waiting for events on port 8080...
=== GENERATING RESPONSE FOR CLIENT 5 ===
Continuing file streaming...
-----------------RESPONSE--------------
Continuing file streaming...
Reading from file stream...
Read 9000 bytes from file
Sent 9000 bytes to client
File streaming in progress - keeping connection alive
Waiting for events on port 8080...
=== GENERATING RESPONSE FOR CLIENT 5 ===
Continuing file streaming...
-----------------RESPONSE--------------
Continuing file streaming...
Reading from file stream...
Read 9000 bytes from file
Sent 9000 bytes to client
File streaming in progress - keeping connection alive
Waiting for events on port 8080...
=== GENERATING RESPONSE FOR CLIENT 5 ===
Continuing file streaming...
-----------------RESPONSE--------------
Continuing file streaming...
Reading from file stream...
Read 9000 bytes from file
Sent 9000 bytes to client
File streaming in progress - keeping connection alive
Waiting for events on port 8080...
=== GENERATING RESPONSE FOR CLIENT 5 ===
Continuing file streaming...
-----------------RESPONSE--------------
Continuing file streaming...
Reading from file stream...
Read 9000 bytes from file
Sent 9000 bytes to client
File streaming in progress - keeping connection alive
Waiting for events on port 8080...
=== GENERATING RESPONSE FOR CLIENT 5 ===
Continuing file streaming...
-----------------RESPONSE--------------
Continuing file streaming...
Reading from file stream...
Read 9000 bytes from file
Sent 9000 bytes to client
File streaming in progress - keeping connection alive
Waiting for events on port 8080...
=== GENERATING RESPONSE FOR CLIENT 5 ===
Continuing file streaming...
-----------------RESPONSE--------------
Continuing file streaming...
Reading from file stream...
Read 9000 bytes from file
Sent 9000 bytes to client
File streaming in progress - keeping connection alive
Waiting for events on port 8080...
=== GENERATING RESPONSE FOR CLIENT 5 ===
Continuing file streaming...
-----------------RESPONSE--------------
Continuing file streaming...
Reading from file stream...
Read 9000 bytes from file
Sent 9000 bytes to client
File streaming in progress - keeping connection alive
Waiting for events on port 8080...
=== GENERATING RESPONSE FOR CLIENT 5 ===
Continuing file streaming...
-----------------RESPONSE--------------
Continuing file streaming...
Reading from file stream...
Read 9000 bytes from file
Sent 9000 bytes to client
File streaming in progress - keeping connection alive
Waiting for events on port 8080...
=== GENERATING RESPONSE FOR CLIENT 5 ===
Continuing file streaming...
-----------------RESPONSE--------------
Continuing file streaming...
Reading from file stream...
Read 9000 bytes from file
Sent 9000 bytes to client
File streaming in progress - keeping connection alive
Waiting for events on port 8080...
=== GENERATING RESPONSE FOR CLIENT 5 ===
Continuing file streaming...
-----------------RESPONSE--------------
Continuing file streaming...
Reading from file stream...
Read 9000 bytes from file
Sent 9000 bytes to client
File streaming in progress - keeping connection alive
Waiting for events on port 8080...
=== GENERATING RESPONSE FOR CLIENT 5 ===
Continuing file streaming...
-----------------RESPONSE--------------
Continuing file streaming...
Reading from file stream...
Read 9000 bytes from file
Sent 9000 bytes to client
File streaming in progress - keeping connection alive
Waiting for events on port 8080...
=== GENERATING RESPONSE FOR CLIENT 5 ===
Continuing file streaming...
-----------------RESPONSE--------------
Continuing file streaming...
Reading from file stream...
Read 9000 bytes from file
Sent 9000 bytes to client
File streaming in progress - keeping connection alive
Waiting for events on port 8080...
=== GENERATING RESPONSE FOR CLIENT 5 ===
Continuing file streaming...
-----------------RESPONSE--------------
Continuing file streaming...
Reading from file stream...
Read 9000 bytes from file
Sent 9000 bytes to client
File streaming in progress - keeping connection alive
Waiting for events on port 8080...
=== GENERATING RESPONSE FOR CLIENT 5 ===
Continuing file streaming...
-----------------RESPONSE--------------
Continuing file streaming...
Reading from file stream...
Read 9000 bytes from file
Sent 9000 bytes to client
File streaming in progress - keeping connection alive
Waiting for events on port 8080...
=== GENERATING RESPONSE FOR CLIENT 5 ===
Continuing file streaming...
-----------------RESPONSE--------------
Continuing file streaming...
Reading from file stream...
Read 9000 bytes from file
Sent 9000 bytes to client
File streaming in progress - keeping connection alive
Waiting for events on port 8080...
=== GENERATING RESPONSE FOR CLIENT 5 ===
Continuing file streaming...
-----------------RESPONSE--------------
Continuing file streaming...
Reading from file stream...
Read 9000 bytes from file
Sent 9000 bytes to client
File streaming in progress - keeping connection alive
Waiting for events on port 8080...
=== GENERATING RESPONSE FOR CLIENT 5 ===
Continuing file streaming...
-----------------RESPONSE--------------
Continuing file streaming...
Reading from file stream...
Read 9000 bytes from file
Sent 9000 bytes to client
File streaming in progress - keeping connection alive
Waiting for events on port 8080...
=== GENERATING RESPONSE FOR CLIENT 5 ===
Continuing file streaming...
-----------------RESPONSE--------------
Continuing file streaming...
Reading from file stream...
Read 9000 bytes from file
Sent 9000 bytes to client
File streaming in progress - keeping connection alive
Waiting for events on port 8080...
=== GENERATING RESPONSE FOR CLIENT 5 ===
Continuing file streaming...
-----------------RESPONSE--------------
Continuing file streaming...
Reading from file stream...
Read 9000 bytes from file
Sent 9000 bytes to client
File streaming in progress - keeping connection alive
Waiting for events on port 8080...
=== GENERATING RESPONSE FOR CLIENT 5 ===
Continuing file streaming...
-----------------RESPONSE--------------
Continuing file streaming...
Reading from file stream...
Read 9000 bytes from file
Sent 9000 bytes to client
File streaming in progress - keeping connection alive
Waiting for events on port 8080...
=== GENERATING RESPONSE FOR CLIENT 5 ===
Continuing file streaming...
-----------------RESPONSE--------------
Continuing file streaming...
Reading from file stream...
Read 9000 bytes from file
Sent 9000 bytes to client
File streaming in progress - keeping connection alive
Waiting for events on port 8080...
=== GENERATING RESPONSE FOR CLIENT 5 ===
Continuing file streaming...
-----------------RESPONSE--------------
Continuing file streaming...
Reading from file stream...
Read 9000 bytes from file
Sent 9000 bytes to client
File streaming in progress - keeping connection alive
Waiting for events on port 8080...
=== GENERATING RESPONSE FOR CLIENT 5 ===
Continuing file streaming...
-----------------RESPONSE--------------
Continuing file streaming...
Reading from file stream...
Read 9000 bytes from file
Sent 9000 bytes to client
File streaming in progress - keeping connection alive
Waiting for events on port 8080...
=== GENERATING RESPONSE FOR CLIENT 5 ===
Continuing file streaming...
-----------------RESPONSE--------------
Continuing file streaming...
Reading from file stream...
Read 9000 bytes from file
Sent 9000 bytes to client
File streaming in progress - keeping connection alive
Waiting for events on port 8080...
=== GENERATING RESPONSE FOR CLIENT 5 ===
Continuing file streaming...
-----------------RESPONSE--------------
Continuing file streaming...
Reading from file stream...
Read 9000 bytes from file
Sent 9000 bytes to client
File streaming in progress - keeping connection alive
Waiting for events on port 8080...
=== GENERATING RESPONSE FOR CLIENT 5 ===
Continuing file streaming...
-----------------RESPONSE--------------
Continuing file streaming...
Reading from file stream...
Read 9000 bytes from file
Sent 9000 bytes to client
File streaming in progress - keeping connection alive
Waiting for events on port 8080...
=== GENERATING RESPONSE FOR CLIENT 5 ===
Continuing file streaming...
-----------------RESPONSE--------------
Continuing file streaming...
Reading from file stream...
Read 9000 bytes from file
Sent 9000 bytes to client
File streaming in progress - keeping connection alive
Waiting for events on port 8080...
=== GENERATING RESPONSE FOR CLIENT 5 ===
Continuing file streaming...
-----------------RESPONSE--------------
Continuing file streaming...
Reading from file stream...
Read 9000 bytes from file
Sent 9000 bytes to client
File streaming in progress - keeping connection alive
Waiting for events on port 8080...
=== GENERATING RESPONSE FOR CLIENT 5 ===
Continuing file streaming...
-----------------RESPONSE--------------
Continuing file streaming...
Reading from file stream...
Read 9000 bytes from file
Sent 9000 bytes to client
File streaming in progress - keeping connection alive
Waiting for events on port 8080...
=== GENERATING RESPONSE FOR CLIENT 5 ===
Continuing file streaming...
-----------------RESPONSE--------------
Continuing file streaming...
Reading from file stream...
Read 9000 bytes from file
Sent 9000 bytes to client
File streaming in progress - keeping connection alive
Waiting for events on port 8080...
=== GENERATING RESPONSE FOR CLIENT 5 ===
Continuing file streaming...
-----------------RESPONSE--------------
Continuing file streaming...
Reading from file stream...
Read 9000 bytes from file
Sent 9000 bytes to client
File streaming in progress - keeping connection alive
Waiting for events on port 8080...
=== GENERATING RESPONSE FOR CLIENT 5 ===
Continuing file streaming...
-----------------RESPONSE--------------
Continuing file streaming...
Reading from file stream...
Read 9000 bytes from file
Sent 9000 bytes to client
File streaming in progress - keeping connection alive
Waiting for events on port 8080...
=== GENERATING RESPONSE FOR CLIENT 5 ===
Continuing file streaming...
-----------------RESPONSE--------------
Continuing file streaming...
Reading from file stream...
Read 9000 bytes from file
Sent 9000 bytes to client
File streaming in progress - keeping connection alive
Waiting for events on port 8080...
=== GENERATING RESPONSE FOR CLIENT 5 ===
Continuing file streaming...
-----------------RESPONSE--------------
Continuing file streaming...
Reading from file stream...
Read 9000 bytes from file
Sent 9000 bytes to client
File streaming in progress - keeping connection alive
Waiting for events on port 8080...
=== GENERATING RESPONSE FOR CLIENT 5 ===
Continuing file streaming...
-----------------RESPONSE--------------
Continuing file streaming...
Reading from file stream...
Read 9000 bytes from file
Sent 9000 bytes to client
File streaming in progress - keeping connection alive
Waiting for events on port 8080...
=== GENERATING RESPONSE FOR CLIENT 5 ===
Continuing file streaming...
-----------------RESPONSE--------------
Continuing file streaming...
Reading from file stream...
Read 9000 bytes from file
Sent 9000 bytes to client
File streaming in progress - keeping connection alive
Waiting for events on port 8080...
=== GENERATING RESPONSE FOR CLIENT 5 ===
Continuing file streaming...
-----------------RESPONSE--------------
Continuing file streaming...
Reading from file stream...
Read 9000 bytes from file
Sent 9000 bytes to client
File streaming in progress - keeping connection alive
Waiting for events on port 8080...
=== GENERATING RESPONSE FOR CLIENT 5 ===
Continuing file streaming...
-----------------RESPONSE--------------
Continuing file streaming...
Reading from file stream...
Read 9000 bytes from file
Sent 9000 bytes to client
File streaming in progress - keeping connection alive
Waiting for events on port 8080...
=== GENERATING RESPONSE FOR CLIENT 5 ===
Continuing file streaming...
-----------------RESPONSE--------------
Continuing file streaming...
Reading from file stream...
Read 9000 bytes from file
Sent 9000 bytes to client
File streaming in progress - keeping connection alive
Waiting for events on port 8080...
=== GENERATING RESPONSE FOR CLIENT 5 ===
Continuing file streaming...
-----------------RESPONSE--------------
Continuing file streaming...
Reading from file stream...
Read 9000 bytes from file
Sent 9000 bytes to client
File streaming in progress - keeping connection alive
Waiting for events on port 8080...
=== GENERATING RESPONSE FOR CLIENT 5 ===
Continuing file streaming...
-----------------RESPONSE--------------
Continuing file streaming...
Reading from file stream...
Read 9000 bytes from file
Sent 9000 bytes to client
File streaming in progress - keeping connection alive
Waiting for events on port 8080...
=== GENERATING RESPONSE FOR CLIENT 5 ===
Continuing file streaming...
-----------------RESPONSE--------------
Continuing file streaming...
Reading from file stream...
Read 9000 bytes from file
Sent 9000 bytes to client
File streaming in progress - keeping connection alive
Waiting for events on port 8080...
=== GENERATING RESPONSE FOR CLIENT 5 ===
Continuing file streaming...
-----------------RESPONSE--------------
Continuing file streaming...
Reading from file stream...
Read 9000 bytes from file
Sent 9000 bytes to client
File streaming in progress - keeping connection alive
Waiting for events on port 8080...
=== GENERATING RESPONSE FOR CLIENT 5 ===
Continuing file streaming...
-----------------RESPONSE--------------
Continuing file streaming...
Reading from file stream...
Read 9000 bytes from file
Sent 9000 bytes to client
File streaming in progress - keeping connection alive
Waiting for events on port 8080...
=== GENERATING RESPONSE FOR CLIENT 5 ===
Continuing file streaming...
-----------------RESPONSE--------------
Continuing file streaming...
Reading from file stream...
Read 9000 bytes from file
Sent 9000 bytes to client
File streaming in progress - keeping connection alive
Waiting for events on port 8080...
=== GENERATING RESPONSE FOR CLIENT 5 ===
Continuing file streaming...
-----------------RESPONSE--------------
Continuing file streaming...
Reading from file stream...
Read 9000 bytes from file
Sent 9000 bytes to client
File streaming in progress - keeping connection alive
Waiting for events on port 8080...
=== GENERATING RESPONSE FOR CLIENT 5 ===
Continuing file streaming...
-----------------RESPONSE--------------
Continuing file streaming...
Reading from file stream...
Read 9000 bytes from file
Sent 9000 bytes to client
File streaming in progress - keeping connection alive
Waiting for events on port 8080...
=== GENERATING RESPONSE FOR CLIENT 5 ===
Continuing file streaming...
-----------------RESPONSE--------------
Continuing file streaming...
Reading from file stream...
Read 9000 bytes from file
Sent 9000 bytes to client
File streaming in progress - keeping connection alive
Waiting for events on port 8080...
=== GENERATING RESPONSE FOR CLIENT 5 ===
Continuing file streaming...
-----------------RESPONSE--------------
Continuing file streaming...
Reading from file stream...
Read 9000 bytes from file
Sent 9000 bytes to client
File streaming in progress - keeping connection alive
Waiting for events on port 8080...
=== GENERATING RESPONSE FOR CLIENT 5 ===
Continuing file streaming...
-----------------RESPONSE--------------
Continuing file streaming...
Reading from file stream...
Read 9000 bytes from file
Sent 9000 bytes to client
File streaming in progress - keeping connection alive
Waiting for events on port 8080...
=== GENERATING RESPONSE FOR CLIENT 5 ===
Continuing file streaming...
-----------------RESPONSE--------------
Continuing file streaming...
Reading from file stream...
Read 9000 bytes from file
Sent 9000 bytes to client
File streaming in progress - keeping connection alive
Waiting for events on port 8080...
=== GENERATING RESPONSE FOR CLIENT 5 ===
Continuing file streaming...
-----------------RESPONSE--------------
Continuing file streaming...
Reading from file stream...
Read 9000 bytes from file
Sent 9000 bytes to client
File streaming in progress - keeping connection alive
Waiting for events on port 8080...
=== GENERATING RESPONSE FOR CLIENT 5 ===
Continuing file streaming...
-----------------RESPONSE--------------
Continuing file streaming...
Reading from file stream...
Read 9000 bytes from file
Sent 9000 bytes to client
File streaming in progress - keeping connection alive
Waiting for events on port 8080...
=== GENERATING RESPONSE FOR CLIENT 5 ===
Continuing file streaming...
-----------------RESPONSE--------------
Continuing file streaming...
Reading from file stream...
Read 9000 bytes from file
Sent 9000 bytes to client
File streaming in progress - keeping connection alive
Waiting for events on port 8080...
=== GENERATING RESPONSE FOR CLIENT 5 ===
Continuing file streaming...
-----------------RESPONSE--------------
Continuing file streaming...
Reading from file stream...
Read 9000 bytes from file
Sent 9000 bytes to client
File streaming in progress - keeping connection alive
Waiting for events on port 8080...
=== GENERATING RESPONSE FOR CLIENT 5 ===
Continuing file streaming...
-----------------RESPONSE--------------
Continuing file streaming...
Reading from file stream...
Read 9000 bytes from file
Sent 9000 bytes to client
File streaming in progress - keeping connection alive
Waiting for events on port 8080...
=== GENERATING RESPONSE FOR CLIENT 5 ===
Continuing file streaming...
-----------------RESPONSE--------------
Continuing file streaming...
Reading from file stream...
Read 9000 bytes from file
Sent 9000 bytes to client
File streaming in progress - keeping connection alive
Waiting for events on port 8080...
=== GENERATING RESPONSE FOR CLIENT 5 ===
Continuing file streaming...
-----------------RESPONSE--------------
Continuing file streaming...
Reading from file stream...
Read 9000 bytes from file
Sent 9000 bytes to client
File streaming in progress - keeping connection alive
Waiting for events on port 8080...
=== GENERATING RESPONSE FOR CLIENT 5 ===
Continuing file streaming...
-----------------RESPONSE--------------
Continuing file streaming...
Reading from file stream...
Read 9000 bytes from file
Sent 9000 bytes to client
File streaming in progress - keeping connection alive
Waiting for events on port 8080...
=== GENERATING RESPONSE FOR CLIENT 5 ===
Continuing file streaming...
-----------------RESPONSE--------------
Continuing file streaming...
Reading from file stream...
Read 9000 bytes from file
Sent 9000 bytes to client
File streaming in progress - keeping connection alive
Waiting for events on port 8080...
=== GENERATING RESPONSE FOR CLIENT 5 ===
Continuing file streaming...
-----------------RESPONSE--------------
Continuing file streaming...
Reading from file stream...
Read 9000 bytes from file
Sent 9000 bytes to client
File streaming in progress - keeping connection alive
Waiting for events on port 8080...
=== GENERATING RESPONSE FOR CLIENT 5 ===
Continuing file streaming...
-----------------RESPONSE--------------
Continuing file streaming...
Reading from file stream...
Read 9000 bytes from file
Sent 9000 bytes to client
File streaming in progress - keeping connection alive
Waiting for events on port 8080...
=== GENERATING RESPONSE FOR CLIENT 5 ===
Continuing file streaming...
-----------------RESPONSE--------------
Continuing file streaming...
Reading from file stream...
Read 9000 bytes from file
Sent 9000 bytes to client
File streaming in progress - keeping connection alive
Waiting for events on port 8080...
=== GENERATING RESPONSE FOR CLIENT 5 ===
Continuing file streaming...
-----------------RESPONSE--------------
Continuing file streaming...
Reading from file stream...
Read 9000 bytes from file
Sent 9000 bytes to client
File streaming in progress - keeping connection alive
Waiting for events on port 8080...
=== GENERATING RESPONSE FOR CLIENT 5 ===
Continuing file streaming...
-----------------RESPONSE--------------
Continuing file streaming...
Reading from file stream...
Read 9000 bytes from file
Sent 9000 bytes to client
File streaming in progress - keeping connection alive
Waiting for events on port 8080...
=== GENERATING RESPONSE FOR CLIENT 5 ===
Continuing file streaming...
-----------------RESPONSE--------------
Continuing file streaming...
Reading from file stream...
Read 9000 bytes from file
Sent 9000 bytes to client
File streaming in progress - keeping connection alive
Waiting for events on port 8080...
=== GENERATING RESPONSE FOR CLIENT 5 ===
Continuing file streaming...
-----------------RESPONSE--------------
Continuing file streaming...
Reading from file stream...
Read 9000 bytes from file
Sent 9000 bytes to client
File streaming in progress - keeping connection alive
Waiting for events on port 8080...
=== GENERATING RESPONSE FOR CLIENT 5 ===
Continuing file streaming...
-----------------RESPONSE--------------
Continuing file streaming...
Reading from file stream...
Read 9000 bytes from file
Sent 9000 bytes to client
File streaming in progress - keeping connection alive
Waiting for events on port 8080...
=== GENERATING RESPONSE FOR CLIENT 5 ===
Continuing file streaming...
-----------------RESPONSE--------------
Continuing file streaming...
Reading from file stream...
Read 9000 bytes from file
Sent 9000 bytes to client
File streaming in progress - keeping connection alive
Waiting for events on port 8080...
=== GENERATING RESPONSE FOR CLIENT 5 ===
Continuing file streaming...
-----------------RESPONSE--------------
Continuing file streaming...
Reading from file stream...
Read 9000 bytes from file
Sent 9000 bytes to client
File streaming in progress - keeping connection alive
Waiting for events on port 8080...
=== GENERATING RESPONSE FOR CLIENT 5 ===
Continuing file streaming...
-----------------RESPONSE--------------
Continuing file streaming...
Reading from file stream...
Read 9000 bytes from file
Sent 9000 bytes to client
File streaming in progress - keeping connection alive
Waiting for events on port 8080...
=== GENERATING RESPONSE FOR CLIENT 5 ===
Continuing file streaming...
-----------------RESPONSE--------------
Continuing file streaming...
Reading from file stream...
Read 9000 bytes from file
Sent 9000 bytes to client
File streaming in progress - keeping connection alive
Waiting for events on port 8080...
=== GENERATING RESPONSE FOR CLIENT 5 ===
Continuing file streaming...
-----------------RESPONSE--------------
Continuing file streaming...
Reading from file stream...
Read 9000 bytes from file
Sent 9000 bytes to client
File streaming in progress - keeping connection alive
Waiting for events on port 8080...
=== GENERATING RESPONSE FOR CLIENT 5 ===
Continuing file streaming...
-----------------RESPONSE--------------
Continuing file streaming...
Reading from file stream...
Read 9000 bytes from file
Sent 9000 bytes to client
File streaming in progress - keeping connection alive
Waiting for events on port 8080...
=== GENERATING RESPONSE FOR CLIENT 5 ===
Continuing file streaming...
-----------------RESPONSE--------------
Continuing file streaming...
Reading from file stream...
Read 9000 bytes from file
Sent 9000 bytes to client
File streaming in progress - keeping connection alive
Waiting for events on port 8080...
=== GENERATING RESPONSE FOR CLIENT 5 ===
Continuing file streaming...
-----------------RESPONSE--------------
Continuing file streaming...
Reading from file stream...
Read 9000 bytes from file
Sent 9000 bytes to client
File streaming in progress - keeping connection alive
Waiting for events on port 8080...
=== GENERATING RESPONSE FOR CLIENT 5 ===
Continuing file streaming...
-----------------RESPONSE--------------
Continuing file streaming...
Reading from file stream...
Read 9000 bytes from file
Sent 9000 bytes to client
File streaming in progress - keeping connection alive
Waiting for events on port 8080...
=== GENERATING RESPONSE FOR CLIENT 5 ===
Continuing file streaming...
-----------------RESPONSE--------------
Continuing file streaming...
Reading from file stream...
Read 9000 bytes from file
Sent 9000 bytes to client
File streaming in progress - keeping connection alive
Waiting for events on port 8080...
=== GENERATING RESPONSE FOR CLIENT 5 ===
Continuing file streaming...
-----------------RESPONSE--------------
Continuing file streaming...
Reading from file stream...
Read 9000 bytes from file
Sent 9000 bytes to client
File streaming in progress - keeping connection alive
Waiting for events on port 8080...
=== GENERATING RESPONSE FOR CLIENT 5 ===
Continuing file streaming...
-----------------RESPONSE--------------
Continuing file streaming...
Reading from file stream...
Read 9000 bytes from file
Sent 9000 bytes to client
File streaming in progress - keeping connection alive
Waiting for events on port 8080...
=== GENERATING RESPONSE FOR CLIENT 5 ===
Continuing file streaming...
-----------------RESPONSE--------------
Continuing file streaming...
Reading from file stream...
Read 9000 bytes from file
Sent 9000 bytes to client
File streaming in progress - keeping connection alive
Waiting for events on port 8080...
=== GENERATING RESPONSE FOR CLIENT 5 ===
Continuing file streaming...
-----------------RESPONSE--------------
Continuing file streaming...
Reading from file stream...
Read 9000 bytes from file
Sent 9000 bytes to client
File streaming in progress - keeping connection alive
Waiting for events on port 8080...
=== GENERATING RESPONSE FOR CLIENT 5 ===
Continuing file streaming...
-----------------RESPONSE--------------
Continuing file streaming...
Reading from file stream...
Read 9000 bytes from file
Sent 9000 bytes to client
File streaming in progress - keeping connection alive
Waiting for events on port 8080...
=== GENERATING RESPONSE FOR CLIENT 5 ===
Continuing file streaming...
-----------------RESPONSE--------------
Continuing file streaming...
Reading from file stream...
Read 9000 bytes from file
Sent 9000 bytes to client
File streaming in progress - keeping connection alive
Waiting for events on port 8080...
=== GENERATING RESPONSE FOR CLIENT 5 ===
Continuing file streaming...
-----------------RESPONSE--------------
Continuing file streaming...
Reading from file stream...
Read 9000 bytes from file
Sent 9000 bytes to client
File streaming in progress - keeping connection alive
Waiting for events on port 8080...
=== GENERATING RESPONSE FOR CLIENT 5 ===
Continuing file streaming...
-----------------RESPONSE--------------
Continuing file streaming...
Reading from file stream...
Read 9000 bytes from file
Sent 9000 bytes to client
File streaming in progress - keeping connection alive
Waiting for events on port 8080...
=== GENERATING RESPONSE FOR CLIENT 5 ===
Continuing file streaming...
-----------------RESPONSE--------------
Continuing file streaming...
Reading from file stream...
Read 9000 bytes from file
Sent 9000 bytes to client
File streaming in progress - keeping connection alive
Waiting for events on port 8080...
=== GENERATING RESPONSE FOR CLIENT 5 ===
Continuing file streaming...
-----------------RESPONSE--------------
Continuing file streaming...
Reading from file stream...
Read 9000 bytes from file
Sent 9000 bytes to client
File streaming in progress - keeping connection alive
Waiting for events on port 8080...
=== GENERATING RESPONSE FOR CLIENT 5 ===
Continuing file streaming...
-----------------RESPONSE--------------
Continuing file streaming...
Reading from file stream...
Read 9000 bytes from file
Sent 9000 bytes to client
File streaming in progress - keeping connection alive
Waiting for events on port 8080...
=== GENERATING RESPONSE FOR CLIENT 5 ===
Continuing file streaming...
-----------------RESPONSE--------------
Continuing file streaming...
Reading from file stream...
Read 9000 bytes from file
Sent 9000 bytes to client
File streaming in progress - keeping connection alive
Waiting for events on port 8080...
=== GENERATING RESPONSE FOR CLIENT 5 ===
Continuing file streaming...
-----------------RESPONSE--------------
Continuing file streaming...
Reading from file stream...
Read 9000 bytes from file
Sent 9000 bytes to client
File streaming in progress - keeping connection alive
Waiting for events on port 8080...
=== GENERATING RESPONSE FOR CLIENT 5 ===
Continuing file streaming...
-----------------RESPONSE--------------
Continuing file streaming...
Reading from file stream...
Read 9000 bytes from file
Sent 9000 bytes to client
File streaming in progress - keeping connection alive
Waiting for events on port 8080...
=== GENERATING RESPONSE FOR CLIENT 5 ===
Continuing file streaming...
-----------------RESPONSE--------------
Continuing file streaming...
Reading from file stream...
Read 9000 bytes from file
Sent 9000 bytes to client
File streaming in progress - keeping connection alive
Waiting for events on port 8080...
=== GENERATING RESPONSE FOR CLIENT 5 ===
Continuing file streaming...
-----------------RESPONSE--------------
Continuing file streaming...
Reading from file stream...
Read 9000 bytes from file
Sent 9000 bytes to client
File streaming in progress - keeping connection alive
Waiting for events on port 8080...
=== GENERATING RESPONSE FOR CLIENT 5 ===
Continuing file streaming...
-----------------RESPONSE--------------
Continuing file streaming...
Reading from file stream...
Read 9000 bytes from file
Sent 9000 bytes to client
File streaming in progress - keeping connection alive
Waiting for events on port 8080...
=== GENERATING RESPONSE FOR CLIENT 5 ===
Continuing file streaming...
-----------------RESPONSE--------------
Continuing file streaming...
Reading from file stream...
Read 9000 bytes from file
Sent 9000 bytes to client
File streaming in progress - keeping connection alive
Waiting for events on port 8080...
=== GENERATING RESPONSE FOR CLIENT 5 ===
Continuing file streaming...
-----------------RESPONSE--------------
Continuing file streaming...
Reading from file stream...
Read 9000 bytes from file
Sent 9000 bytes to client
File streaming in progress - keeping connection alive
Waiting for events on port 8080...
=== GENERATING RESPONSE FOR CLIENT 5 ===
Continuing file streaming...
-----------------RESPONSE--------------
Continuing file streaming...
Reading from file stream...
Read 9000 bytes from file
Sent 9000 bytes to client
File streaming in progress - keeping connection alive
Waiting for events on port 8080...
=== GENERATING RESPONSE FOR CLIENT 5 ===
Continuing file streaming...
-----------------RESPONSE--------------
Continuing file streaming...
Reading from file stream...
Read 9000 bytes from file
Sent 9000 bytes to client
File streaming in progress - keeping connection alive
Waiting for events on port 8080...
=== GENERATING RESPONSE FOR CLIENT 5 ===
Continuing file streaming...
-----------------RESPONSE--------------
Continuing file streaming...
Reading from file stream...
Read 9000 bytes from file
Sent 9000 bytes to client
File streaming in progress - keeping connection alive
Waiting for events on port 8080...
=== GENERATING RESPONSE FOR CLIENT 5 ===
Continuing file streaming...
-----------------RESPONSE--------------
Continuing file streaming...
Reading from file stream...
Read 9000 bytes from file
Sent 9000 bytes to client
File streaming in progress - keeping connection alive
Waiting for events on port 8080...
=== GENERATING RESPONSE FOR CLIENT 5 ===
Continuing file streaming...
-----------------RESPONSE--------------
Continuing file streaming...
Reading from file stream...
Read 9000 bytes from file
Sent 9000 bytes to client
File streaming in progress - keeping connection alive
Waiting for events on port 8080...
=== GENERATING RESPONSE FOR CLIENT 5 ===
Continuing file streaming...
-----------------RESPONSE--------------
Continuing file streaming...
Reading from file stream...
Read 9000 bytes from file
Sent 9000 bytes to client
File streaming in progress - keeping connection alive
Waiting for events on port 8080...
=== GENERATING RESPONSE FOR CLIENT 5 ===
Continuing file streaming...
-----------------RESPONSE--------------
Continuing file streaming...
Reading from file stream...
Read 9000 bytes from file
Sent 9000 bytes to client
File streaming in progress - keeping connection alive
Waiting for events on port 8080...
=== GENERATING RESPONSE FOR CLIENT 5 ===
Continuing file streaming...
-----------------RESPONSE--------------
Continuing file streaming...
Reading from file stream...
Read 9000 bytes from file
Sent 9000 bytes to client
File streaming in progress - keeping connection alive
Waiting for events on port 8080...
=== GENERATING RESPONSE FOR CLIENT 5 ===
Continuing file streaming...
-----------------RESPONSE--------------
Continuing file streaming...
Reading from file stream...
Read 9000 bytes from file
Sent 9000 bytes to client
File streaming in progress - keeping connection alive
Waiting for events on port 8080...
=== GENERATING RESPONSE FOR CLIENT 5 ===
Continuing file streaming...
-----------------RESPONSE--------------
Continuing file streaming...
Reading from file stream...
Read 9000 bytes from file
Sent 9000 bytes to client
File streaming in progress - keeping connection alive
Waiting for events on port 8080...
=== GENERATING RESPONSE FOR CLIENT 5 ===
Continuing file streaming...
-----------------RESPONSE--------------
Continuing file streaming...
Reading from file stream...
Read 9000 bytes from file
Sent 9000 bytes to client
File streaming in progress - keeping connection alive
Waiting for events on port 8080...
=== GENERATING RESPONSE FOR CLIENT 5 ===
Continuing file streaming...
-----------------RESPONSE--------------
Continuing file streaming...
Reading from file stream...
Read 9000 bytes from file
Sent 9000 bytes to client
File streaming in progress - keeping connection alive
Waiting for events on port 8080...
=== GENERATING RESPONSE FOR CLIENT 5 ===
Continuing file streaming...
-----------------RESPONSE--------------
Continuing file streaming...
Reading from file stream...
Read 9000 bytes from file
Sent 9000 bytes to client
File streaming in progress - keeping connection alive
Waiting for events on port 8080...
=== GENERATING RESPONSE FOR CLIENT 5 ===
Continuing file streaming...
-----------------RESPONSE--------------
Continuing file streaming...
Reading from file stream...
Read 9000 bytes from file
Sent 9000 bytes to client
File streaming in progress - keeping connection alive
Waiting for events on port 8080...
=== GENERATING RESPONSE FOR CLIENT 5 ===
Continuing file streaming...
-----------------RESPONSE--------------
Continuing file streaming...
Reading from file stream...
Read 9000 bytes from file
Sent 9000 bytes to client
File streaming in progress - keeping connection alive
Waiting for events on port 8080...
=== GENERATING RESPONSE FOR CLIENT 5 ===
Continuing file streaming...
-----------------RESPONSE--------------
Continuing file streaming...
Reading from file stream...
Read 9000 bytes from file
Sent 9000 bytes to client
File streaming in progress - keeping connection alive
Waiting for events on port 8080...
=== GENERATING RESPONSE FOR CLIENT 5 ===
Continuing file streaming...
-----------------RESPONSE--------------
Continuing file streaming...
Reading from file stream...
Read 9000 bytes from file
Sent 9000 bytes to client
File streaming in progress - keeping connection alive
Waiting for events on port 8080...
=== GENERATING RESPONSE FOR CLIENT 5 ===
Continuing file streaming...
-----------------RESPONSE--------------
Continuing file streaming...
Reading from file stream...
Read 9000 bytes from file
Sent 9000 bytes to client
File streaming in progress - keeping connection alive
Waiting for events on port 8080...
=== GENERATING RESPONSE FOR CLIENT 5 ===
Continuing file streaming...
-----------------RESPONSE--------------
Continuing file streaming...
Reading from file stream...
Read 9000 bytes from file
Sent 9000 bytes to client
File streaming in progress - keeping connection alive
Waiting for events on port 8080...
=== GENERATING RESPONSE FOR CLIENT 5 ===
Continuing file streaming...
-----------------RESPONSE--------------
Continuing file streaming...
Reading from file stream...
Read 9000 bytes from file
Sent 9000 bytes to client
File streaming in progress - keeping connection alive
Waiting for events on port 8080...
=== GENERATING RESPONSE FOR CLIENT 5 ===
Continuing file streaming...
-----------------RESPONSE--------------
Continuing file streaming...
Reading from file stream...
Read 9000 bytes from file
Sent 9000 bytes to client
File streaming in progress - keeping connection alive
Waiting for events on port 8080...
=== GENERATING RESPONSE FOR CLIENT 5 ===
Continuing file streaming...
-----------------RESPONSE--------------
Continuing file streaming...
Reading from file stream...
Read 9000 bytes from file
Sent 9000 bytes to client
File streaming in progress - keeping connection alive
Waiting for events on port 8080...
=== GENERATING RESPONSE FOR CLIENT 5 ===
Continuing file streaming...
-----------------RESPONSE--------------
Continuing file streaming...
Reading from file stream...
Read 9000 bytes from file
Sent 9000 bytes to client
File streaming in progress - keeping connection alive
Waiting for events on port 8080...
=== GENERATING RESPONSE FOR CLIENT 5 ===
Continuing file streaming...
-----------------RESPONSE--------------
Continuing file streaming...
Reading from file stream...
Read 9000 bytes from file
Sent 9000 bytes to client
File streaming in progress - keeping connection alive
Waiting for events on port 8080...
=== GENERATING RESPONSE FOR CLIENT 5 ===
Continuing file streaming...
-----------------RESPONSE--------------
Continuing file streaming...
Reading from file stream...
Read 9000 bytes from file
Sent 9000 bytes to client
File streaming in progress - keeping connection alive
Waiting for events on port 8080...
=== GENERATING RESPONSE FOR CLIENT 5 ===
Continuing file streaming...
-----------------RESPONSE--------------
Continuing file streaming...
Reading from file stream...
Read 9000 bytes from file
Sent 9000 bytes to client
File streaming in progress - keeping connection alive
Waiting for events on port 8080...
=== GENERATING RESPONSE FOR CLIENT 5 ===
Continuing file streaming...
-----------------RESPONSE--------------
Continuing file streaming...
Reading from file stream...
Read 9000 bytes from file
Sent 9000 bytes to client
File streaming in progress - keeping connection alive
Waiting for events on port 8080...
=== GENERATING RESPONSE FOR CLIENT 5 ===
Continuing file streaming...
-----------------RESPONSE--------------
Continuing file streaming...
Reading from file stream...
Read 9000 bytes from file
Sent 9000 bytes to client
File streaming in progress - keeping connection alive
Waiting for events on port 8080...
=== GENERATING RESPONSE FOR CLIENT 5 ===
Continuing file streaming...
-----------------RESPONSE--------------
Continuing file streaming...
Reading from file stream...
Read 9000 bytes from file
Sent 9000 bytes to client
File streaming in progress - keeping connection alive
Waiting for events on port 8080...
=== GENERATING RESPONSE FOR CLIENT 5 ===
Continuing file streaming...
-----------------RESPONSE--------------
Continuing file streaming...
Reading from file stream...
Read 9000 bytes from file
Sent 9000 bytes to client
File streaming in progress - keeping connection alive
Waiting for events on port 8080...
=== GENERATING RESPONSE FOR CLIENT 5 ===
Continuing file streaming...
-----------------RESPONSE--------------
Continuing file streaming...
Reading from file stream...
Read 9000 bytes from file
Sent 9000 bytes to client
File streaming in progress - keeping connection alive
Waiting for events on port 8080...
=== GENERATING RESPONSE FOR CLIENT 5 ===
Continuing file streaming...
-----------------RESPONSE--------------
Continuing file streaming...
Reading from file stream...
Read 9000 bytes from file
Sent 9000 bytes to client
File streaming in progress - keeping connection alive
Waiting for events on port 8080...
=== GENERATING RESPONSE FOR CLIENT 5 ===
Continuing file streaming...
-----------------RESPONSE--------------
Continuing file streaming...
Reading from file stream...
Read 9000 bytes from file
Sent 9000 bytes to client
File streaming in progress - keeping connection alive
Waiting for events on port 8080...
=== GENERATING RESPONSE FOR CLIENT 5 ===
Continuing file streaming...
-----------------RESPONSE--------------
Continuing file streaming...
Reading from file stream...
Read 9000 bytes from file
Sent 9000 bytes to client
File streaming in progress - keeping connection alive
Waiting for events on port 8080...
=== GENERATING RESPONSE FOR CLIENT 5 ===
Continuing file streaming...
-----------------RESPONSE--------------
Continuing file streaming...
Reading from file stream...
Read 9000 bytes from file
Sent 9000 bytes to client
File streaming in progress - keeping connection alive
Waiting for events on port 8080...
=== GENERATING RESPONSE FOR CLIENT 5 ===
Continuing file streaming...
-----------------RESPONSE--------------
Continuing file streaming...
Reading from file stream...
Read 9000 bytes from file
Sent 9000 bytes to client
File streaming in progress - keeping connection alive
Waiting for events on port 8080...
=== GENERATING RESPONSE FOR CLIENT 5 ===
Continuing file streaming...
-----------------RESPONSE--------------
Continuing file streaming...
Reading from file stream...
Read 9000 bytes from file
Sent 9000 bytes to client
File streaming in progress - keeping connection alive
Waiting for events on port 8080...
=== GENERATING RESPONSE FOR CLIENT 5 ===
Continuing file streaming...
-----------------RESPONSE--------------
Continuing file streaming...
Reading from file stream...
Read 9000 bytes from file
Sent 9000 bytes to client
File streaming in progress - keeping connection alive
Waiting for events on port 8080...
=== GENERATING RESPONSE FOR CLIENT 5 ===
Continuing file streaming...
-----------------RESPONSE--------------
Continuing file streaming...
Reading from file stream...
Read 9000 bytes from file
Sent 9000 bytes to client
File streaming in progress - keeping connection alive
Waiting for events on port 8080...
=== GENERATING RESPONSE FOR CLIENT 5 ===
Continuing file streaming...
-----------------RESPONSE--------------
Continuing file streaming...
Reading from file stream...
Read 9000 bytes from file
Sent 9000 bytes to client
File streaming in progress - keeping connection alive
Waiting for events on port 8080...
=== GENERATING RESPONSE FOR CLIENT 5 ===
Continuing file streaming...
-----------------RESPONSE--------------
Continuing file streaming...
Reading from file stream...
Read 9000 bytes from file
Sent 9000 bytes to client
File streaming in progress - keeping connection alive
Waiting for events on port 8080...
=== GENERATING RESPONSE FOR CLIENT 5 ===
Continuing file streaming...
-----------------RESPONSE--------------
Continuing file streaming...
Reading from file stream...
Read 9000 bytes from file
Sent 9000 bytes to client
File streaming in progress - keeping connection alive
Waiting for events on port 8080...
=== GENERATING RESPONSE FOR CLIENT 5 ===
Continuing file streaming...
-----------------RESPONSE--------------
Continuing file streaming...
Reading from file stream...
Read 9000 bytes from file
Sent 9000 bytes to client
File streaming in progress - keeping connection alive
Waiting for events on port 8080...
=== GENERATING RESPONSE FOR CLIENT 5 ===
Continuing file streaming...
-----------------RESPONSE--------------
Continuing file streaming...
Reading from file stream...
Read 9000 bytes from file
Sent 9000 bytes to client
File streaming in progress - keeping connection alive
Waiting for events on port 8080...
=== GENERATING RESPONSE FOR CLIENT 5 ===
Continuing file streaming...
-----------------RESPONSE--------------
Continuing file streaming...
Reading from file stream...
Read 9000 bytes from file
Sent 9000 bytes to client
File streaming in progress - keeping connection alive
Waiting for events on port 8080...
=== GENERATING RESPONSE FOR CLIENT 5 ===
Continuing file streaming...
-----------------RESPONSE--------------
Continuing file streaming...
Reading from file stream...
Read 9000 bytes from file
Sent 9000 bytes to client
File streaming in progress - keeping connection alive
Waiting for events on port 8080...
=== GENERATING RESPONSE FOR CLIENT 5 ===
Continuing file streaming...
-----------------RESPONSE--------------
Continuing file streaming...
Reading from file stream...
Read 9000 bytes from file
Sent 9000 bytes to client
File streaming in progress - keeping connection alive
Waiting for events on port 8080...
=== GENERATING RESPONSE FOR CLIENT 5 ===
Continuing file streaming...
-----------------RESPONSE--------------
Continuing file streaming...
Reading from file stream...
Read 9000 bytes from file
Sent 9000 bytes to client
File streaming in progress - keeping connection alive
Waiting for events on port 8080...
=== GENERATING RESPONSE FOR CLIENT 5 ===
Continuing file streaming...
-----------------RESPONSE--------------
Continuing file streaming...
Reading from file stream...
Read 9000 bytes from file
Sent 9000 bytes to client
File streaming in progress - keeping connection alive
Waiting for events on port 8080...
=== GENERATING RESPONSE FOR CLIENT 5 ===
Continuing file streaming...
-----------------RESPONSE--------------
Continuing file streaming...
Reading from file stream...
Read 9000 bytes from file
Sent 9000 bytes to client
File streaming in progress - keeping connection alive
Waiting for events on port 8080...
=== GENERATING RESPONSE FOR CLIENT 5 ===
Continuing file streaming...
-----------------RESPONSE--------------
Continuing file streaming...
Reading from file stream...
Read 9000 bytes from file
Sent 9000 bytes to client
File streaming in progress - keeping connection alive
Waiting for events on port 8080...
=== GENERATING RESPONSE FOR CLIENT 5 ===
Continuing file streaming...
-----------------RESPONSE--------------
Continuing file streaming...
Reading from file stream...
Read 9000 bytes from file
Sent 9000 bytes to client
File streaming in progress - keeping connection alive
Waiting for events on port 8080...
=== GENERATING RESPONSE FOR CLIENT 5 ===
Continuing file streaming...
-----------------RESPONSE--------------
Continuing file streaming...
Reading from file stream...
Read 9000 bytes from file
Sent 9000 bytes to client
File streaming in progress - keeping connection alive
Waiting for events on port 8080...
=== GENERATING RESPONSE FOR CLIENT 5 ===
Continuing file streaming...
-----------------RESPONSE--------------
Continuing file streaming...
Reading from file stream...
Read 9000 bytes from file
Sent 9000 bytes to client
File streaming in progress - keeping connection alive
Waiting for events on port 8080...
=== GENERATING RESPONSE FOR CLIENT 5 ===
Continuing file streaming...
-----------------RESPONSE--------------
Continuing file streaming...
Reading from file stream...
Read 9000 bytes from file
Sent 9000 bytes to client
File streaming in progress - keeping connection alive
Waiting for events on port 8080...
=== GENERATING RESPONSE FOR CLIENT 5 ===
Continuing file streaming...
-----------------RESPONSE--------------
Continuing file streaming...
Reading from file stream...
Read 9000 bytes from file
Sent 9000 bytes to client
File streaming in progress - keeping connection alive
Waiting for events on port 8080...
=== GENERATING RESPONSE FOR CLIENT 5 ===
Continuing file streaming...
-----------------RESPONSE--------------
Continuing file streaming...
Reading from file stream...
Read 9000 bytes from file
Sent 9000 bytes to client
File streaming in progress - keeping connection alive
Waiting for events on port 8080...
=== GENERATING RESPONSE FOR CLIENT 5 ===
Continuing file streaming...
-----------------RESPONSE--------------
Continuing file streaming...
Reading from file stream...
Read 9000 bytes from file
Sent 9000 bytes to client
File streaming in progress - keeping connection alive
Waiting for events on port 8080...
=== GENERATING RESPONSE FOR CLIENT 5 ===
Continuing file streaming...
-----------------RESPONSE--------------
Continuing file streaming...
Reading from file stream...
Read 9000 bytes from file
Sent 9000 bytes to client
File streaming in progress - keeping connection alive
Waiting for events on port 8080...
=== GENERATING RESPONSE FOR CLIENT 5 ===
Continuing file streaming...
-----------------RESPONSE--------------
Continuing file streaming...
Reading from file stream...
Read 9000 bytes from file
Sent 9000 bytes to client
File streaming in progress - keeping connection alive
Waiting for events on port 8080...
=== GENERATING RESPONSE FOR CLIENT 5 ===
Continuing file streaming...
-----------------RESPONSE--------------
Continuing file streaming...
Reading from file stream...
Read 9000 bytes from file
Sent 9000 bytes to client
File streaming in progress - keeping connection alive
Waiting for events on port 8080...
=== GENERATING RESPONSE FOR CLIENT 5 ===
Continuing file streaming...
-----------------RESPONSE--------------
Continuing file streaming...
Reading from file stream...
Read 9000 bytes from file
Sent 9000 bytes to client
File streaming in progress - keeping connection alive
Waiting for events on port 8080...
=== GENERATING RESPONSE FOR CLIENT 5 ===
Continuing file streaming...
-----------------RESPONSE--------------
Continuing file streaming...
Reading from file stream...
Read 9000 bytes from file
Sent 9000 bytes to client
File streaming in progress - keeping connection alive
Waiting for events on port 8080...
=== GENERATING RESPONSE FOR CLIENT 5 ===
Continuing file streaming...
-----------------RESPONSE--------------
Continuing file streaming...
Reading from file stream...
Read 9000 bytes from file
Sent 9000 bytes to client
File streaming in progress - keeping connection alive
Waiting for events on port 8080...
=== GENERATING RESPONSE FOR CLIENT 5 ===
Continuing file streaming...
-----------------RESPONSE--------------
Continuing file streaming...
Reading from file stream...
Read 9000 bytes from file
Sent 9000 bytes to client
File streaming in progress - keeping connection alive
Waiting for events on port 8080...
=== GENERATING RESPONSE FOR CLIENT 5 ===
Continuing file streaming...
-----------------RESPONSE--------------
Continuing file streaming...
Reading from file stream...
Read 9000 bytes from file
Sent 9000 bytes to client
File streaming in progress - keeping connection alive
Waiting for events on port 8080...
=== GENERATING RESPONSE FOR CLIENT 5 ===
Continuing file streaming...
-----------------RESPONSE--------------
Continuing file streaming...
Reading from file stream...
Read 9000 bytes from file
Sent 9000 bytes to client
File streaming in progress - keeping connection alive
Waiting for events on port 8080...
=== GENERATING RESPONSE FOR CLIENT 5 ===
Continuing file streaming...
-----------------RESPONSE--------------
Continuing file streaming...
Reading from file stream...
Read 9000 bytes from file
Sent 9000 bytes to client
File streaming in progress - keeping connection alive
Waiting for events on port 8080...
=== GENERATING RESPONSE FOR CLIENT 5 ===
Continuing file streaming...
-----------------RESPONSE--------------
Continuing file streaming...
Reading from file stream...
Read 9000 bytes from file
Sent 9000 bytes to client
File streaming in progress - keeping connection alive
Waiting for events on port 8080...
=== GENERATING RESPONSE FOR CLIENT 5 ===
Continuing file streaming...
-----------------RESPONSE--------------
Continuing file streaming...
Reading from file stream...
Read 9000 bytes from file
Sent 9000 bytes to client
File streaming in progress - keeping connection alive
Waiting for events on port 8080...
=== GENERATING RESPONSE FOR CLIENT 5 ===
Continuing file streaming...
-----------------RESPONSE--------------
Continuing file streaming...
Reading from file stream...
Read 9000 bytes from file
Sent 9000 bytes to client
File streaming in progress - keeping connection alive
Waiting for events on port 8080...
=== GENERATING RESPONSE FOR CLIENT 5 ===
Continuing file streaming...
-----------------RESPONSE--------------
Continuing file streaming...
Reading from file stream...
Read 9000 bytes from file
Sent 9000 bytes to client
File streaming in progress - keeping connection alive
Waiting for events on port 8080...
=== GENERATING RESPONSE FOR CLIENT 5 ===
Continuing file streaming...
-----------------RESPONSE--------------
Continuing file streaming...
Reading from file stream...
Read 9000 bytes from file
Sent 9000 bytes to client
File streaming in progress - keeping connection alive
Waiting for events on port 8080...
=== GENERATING RESPONSE FOR CLIENT 5 ===
Continuing file streaming...
-----------------RESPONSE--------------
Continuing file streaming...
Reading from file stream...
Read 9000 bytes from file
Sent 9000 bytes to client
File streaming in progress - keeping connection alive
Waiting for events on port 8080...
=== GENERATING RESPONSE FOR CLIENT 5 ===
Continuing file streaming...
-----------------RESPONSE--------------
Continuing file streaming...
Reading from file stream...
Read 9000 bytes from file
Sent 9000 bytes to client
File streaming in progress - keeping connection alive
Waiting for events on port 8080...
=== GENERATING RESPONSE FOR CLIENT 5 ===
Continuing file streaming...
-----------------RESPONSE--------------
Continuing file streaming...
Reading from file stream...
Read 9000 bytes from file
Sent 9000 bytes to client
File streaming in progress - keeping connection alive
Waiting for events on port 8080...
No events (timeout)
Waiting for events on port 8080...
No events (timeout)
Waiting for events on port 8080...
No events (timeout)
Waiting for events on port 8080...
No events (timeout)
Waiting for events on port 8080...
No events (timeout)
Waiting for events on port 8080...
No events (timeout)
Waiting for events on port 8080...
No events (timeout)
Waiting for events on port 8080...
No events (timeout)
Waiting for events on port 8080...
No events (timeout)
Waiting for events on port 8080...
=== GENERATING RESPONSE FOR CLIENT 5 ===
Continuing file streaming...
-----------------RESPONSE--------------
Continuing file streaming...
Reading from file stream...
Read 9000 bytes from file
Sent 9000 bytes to client
File streaming in progress - keeping connection alive
Waiting for events on port 8080...
=== GENERATING RESPONSE FOR CLIENT 5 ===
Continuing file streaming...
-----------------RESPONSE--------------
Continuing file streaming...
Reading from file stream...
Read 9000 bytes from file
Sent 9000 bytes to client
File streaming in progress - keeping connection alive
Waiting for events on port 8080...
=== GENERATING RESPONSE FOR CLIENT 5 ===
Continuing file streaming...
-----------------RESPONSE--------------
Continuing file streaming...
Reading from file stream...
Read 9000 bytes from file
Sent 9000 bytes to client
File streaming in progress - keeping connection alive
Waiting for events on port 8080...
=== GENERATING RESPONSE FOR CLIENT 5 ===
Continuing file streaming...
-----------------RESPONSE--------------
Continuing file streaming...
Reading from file stream...
Read 9000 bytes from file
Sent 9000 bytes to client
File streaming in progress - keeping connection alive
Waiting for events on port 8080...
=== GENERATING RESPONSE FOR CLIENT 5 ===
Continuing file streaming...
-----------------RESPONSE--------------
Continuing file streaming...
Reading from file stream...
Read 9000 bytes from file
Sent 9000 bytes to client
File streaming in progress - keeping connection alive
Waiting for events on port 8080...
=== GENERATING RESPONSE FOR CLIENT 5 ===
Continuing file streaming...
-----------------RESPONSE--------------
Continuing file streaming...
Reading from file stream...
Read 9000 bytes from file
Sent 9000 bytes to client
File streaming in progress - keeping connection alive
Waiting for events on port 8080...
=== GENERATING RESPONSE FOR CLIENT 5 ===
Continuing file streaming...
-----------------RESPONSE--------------
Continuing file streaming...
Reading from file stream...
Read 9000 bytes from file
Sent 9000 bytes to client
File streaming in progress - keeping connection alive
Waiting for events on port 8080...
=== GENERATING RESPONSE FOR CLIENT 5 ===
Continuing file streaming...
-----------------RESPONSE--------------
Continuing file streaming...
Reading from file stream...
Read 9000 bytes from file
Sent 9000 bytes to client
File streaming in progress - keeping connection alive
Waiting for events on port 8080...
=== GENERATING RESPONSE FOR CLIENT 5 ===
Continuing file streaming...
-----------------RESPONSE--------------
Continuing file streaming...
Reading from file stream...
Read 9000 bytes from file
Sent 9000 bytes to client
File streaming in progress - keeping connection alive
Waiting for events on port 8080...
=== GENERATING RESPONSE FOR CLIENT 5 ===
Continuing file streaming...
-----------------RESPONSE--------------
Continuing file streaming...
Reading from file stream...
Read 9000 bytes from file
Sent 9000 bytes to client
File streaming in progress - keeping connection alive
Waiting for events on port 8080...
=== GENERATING RESPONSE FOR CLIENT 5 ===
Continuing file streaming...
-----------------RESPONSE--------------
Continuing file streaming...
Reading from file stream...
Read 9000 bytes from file
Sent 9000 bytes to client
File streaming in progress - keeping connection alive
Waiting for events on port 8080...
=== GENERATING RESPONSE FOR CLIENT 5 ===
Continuing file streaming...
-----------------RESPONSE--------------
Continuing file streaming...
Reading from file stream...
Read 9000 bytes from file
Sent 9000 bytes to client
File streaming in progress - keeping connection alive
Waiting for events on port 8080...
=== GENERATING RESPONSE FOR CLIENT 5 ===
Continuing file streaming...
-----------------RESPONSE--------------
Continuing file streaming...
Reading from file stream...
Read 9000 bytes from file
Sent 9000 bytes to client
File streaming in progress - keeping connection alive
Waiting for events on port 8080...
=== GENERATING RESPONSE FOR CLIENT 5 ===
Continuing file streaming...
-----------------RESPONSE--------------
Continuing file streaming...
Reading from file stream...
Read 9000 bytes from file
Sent 9000 bytes to client
File streaming in progress - keeping connection alive
Waiting for events on port 8080...
=== GENERATING RESPONSE FOR CLIENT 5 ===
Continuing file streaming...
-----------------RESPONSE--------------
Continuing file streaming...
Reading from file stream...
Read 9000 bytes from file
Sent 9000 bytes to client
File streaming in progress - keeping connection alive
Waiting for events on port 8080...
=== GENERATING RESPONSE FOR CLIENT 5 ===
Continuing file streaming...
-----------------RESPONSE--------------
Continuing file streaming...
Reading from file stream...
Read 9000 bytes from file
Sent 9000 bytes to client
File streaming in progress - keeping connection alive
Waiting for events on port 8080...
=== GENERATING RESPONSE FOR CLIENT 5 ===
Continuing file streaming...
-----------------RESPONSE--------------
Continuing file streaming...
Reading from file stream...
Read 9000 bytes from file
Sent 9000 bytes to client
File streaming in progress - keeping connection alive
Waiting for events on port 8080...
=== GENERATING RESPONSE FOR CLIENT 5 ===
Continuing file streaming...
-----------------RESPONSE--------------
Continuing file streaming...
Reading from file stream...
Read 9000 bytes from file
Sent 9000 bytes to client
File streaming in progress - keeping connection alive
Waiting for events on port 8080...
=== GENERATING RESPONSE FOR CLIENT 5 ===
Continuing file streaming...
-----------------RESPONSE--------------
Continuing file streaming...
Reading from file stream...
Read 9000 bytes from file
Sent 9000 bytes to client
File streaming in progress - keeping connection alive
Waiting for events on port 8080...
=== GENERATING RESPONSE FOR CLIENT 5 ===
Continuing file streaming...
-----------------RESPONSE--------------
Continuing file streaming...
Reading from file stream...
Read 9000 bytes from file
Sent 9000 bytes to client
File streaming in progress - keeping connection alive
Waiting for events on port 8080...
=== GENERATING RESPONSE FOR CLIENT 5 ===
Continuing file streaming...
-----------------RESPONSE--------------
Continuing file streaming...
Reading from file stream...
Read 9000 bytes from file
Sent 9000 bytes to client
File streaming in progress - keeping connection alive
Waiting for events on port 8080...
=== GENERATING RESPONSE FOR CLIENT 5 ===
Continuing file streaming...
-----------------RESPONSE--------------
Continuing file streaming...
Reading from file stream...
Read 9000 bytes from file
Sent 9000 bytes to client
File streaming in progress - keeping connection alive
Waiting for events on port 8080...
=== GENERATING RESPONSE FOR CLIENT 5 ===
Continuing file streaming...
-----------------RESPONSE--------------
Continuing file streaming...
Reading from file stream...
Read 9000 bytes from file
Sent 9000 bytes to client
File streaming in progress - keeping connection alive
Waiting for events on port 8080...
=== GENERATING RESPONSE FOR CLIENT 5 ===
Continuing file streaming...
-----------------RESPONSE--------------
Continuing file streaming...
Reading from file stream...
Read 9000 bytes from file
Sent 9000 bytes to client
File streaming in progress - keeping connection alive
Waiting for events on port 8080...
=== GENERATING RESPONSE FOR CLIENT 5 ===
Continuing file streaming...
-----------------RESPONSE--------------
Continuing file streaming...
Reading from file stream...
Read 9000 bytes from file
Sent 9000 bytes to client
File streaming in progress - keeping connection alive
Waiting for events on port 8080...
=== GENERATING RESPONSE FOR CLIENT 5 ===
Continuing file streaming...
-----------------RESPONSE--------------
Continuing file streaming...
Reading from file stream...
Read 9000 bytes from file
Sent 9000 bytes to client
File streaming in progress - keeping connection alive
Waiting for events on port 8080...
=== GENERATING RESPONSE FOR CLIENT 5 ===
Continuing file streaming...
-----------------RESPONSE--------------
Continuing file streaming...
Reading from file stream...
Read 9000 bytes from file
Sent 9000 bytes to client
File streaming in progress - keeping connection alive
Waiting for events on port 8080...
=== GENERATING RESPONSE FOR CLIENT 5 ===
Continuing file streaming...
-----------------RESPONSE--------------
Continuing file streaming...
Reading from file stream...
Read 9000 bytes from file
Sent 9000 bytes to client
File streaming in progress - keeping connection alive
Waiting for events on port 8080...
=== GENERATING RESPONSE FOR CLIENT 5 ===
Continuing file streaming...
-----------------RESPONSE--------------
Continuing file streaming...
Reading from file stream...
Read 9000 bytes from file
Sent 9000 bytes to client
File streaming in progress - keeping connection alive
Waiting for events on port 8080...
=== GENERATING RESPONSE FOR CLIENT 5 ===
Continuing file streaming...
-----------------RESPONSE--------------
Continuing file streaming...
Reading from file stream...
Read 9000 bytes from file
Sent 9000 bytes to client
File streaming in progress - keeping connection alive
Waiting for events on port 8080...
=== GENERATING RESPONSE FOR CLIENT 5 ===
Continuing file streaming...
-----------------RESPONSE--------------
Continuing file streaming...
Reading from file stream...
Read 9000 bytes from file
Sent 9000 bytes to client
File streaming in progress - keeping connection alive
Waiting for events on port 8080...
=== GENERATING RESPONSE FOR CLIENT 5 ===
Continuing file streaming...
-----------------RESPONSE--------------
Continuing file streaming...
Reading from file stream...
Read 9000 bytes from file
Sent 9000 bytes to client
File streaming in progress - keeping connection alive
Waiting for events on port 8080...
=== GENERATING RESPONSE FOR CLIENT 5 ===
Continuing file streaming...
-----------------RESPONSE--------------
Continuing file streaming...
Reading from file stream...
Read 9000 bytes from file
Sent 9000 bytes to client
File streaming in progress - keeping connection alive
Waiting for events on port 8080...
=== GENERATING RESPONSE FOR CLIENT 5 ===
Continuing file streaming...
-----------------RESPONSE--------------
Continuing file streaming...
Reading from file stream...
Read 9000 bytes from file
Sent 9000 bytes to client
File streaming in progress - keeping connection alive
Waiting for events on port 8080...
=== GENERATING RESPONSE FOR CLIENT 5 ===
Continuing file streaming...
-----------------RESPONSE--------------
Continuing file streaming...
Reading from file stream...
Read 9000 bytes from file
Sent 9000 bytes to client
File streaming in progress - keeping connection alive
Waiting for events on port 8080...
=== GENERATING RESPONSE FOR CLIENT 5 ===
Continuing file streaming...
-----------------RESPONSE--------------
Continuing file streaming...
Reading from file stream...
Read 9000 bytes from file
Sent 9000 bytes to client
File streaming in progress - keeping connection alive
Waiting for events on port 8080...
=== GENERATING RESPONSE FOR CLIENT 5 ===
Continuing file streaming...
-----------------RESPONSE--------------
Continuing file streaming...
Reading from file stream...
Read 9000 bytes from file
Sent 9000 bytes to client
File streaming in progress - keeping connection alive
Waiting for events on port 8080...
=== GENERATING RESPONSE FOR CLIENT 5 ===
Continuing file streaming...
-----------------RESPONSE--------------
Continuing file streaming...
Reading from file stream...
Read 9000 bytes from file
Sent 9000 bytes to client
File streaming in progress - keeping connection alive
Waiting for events on port 8080...
=== GENERATING RESPONSE FOR CLIENT 5 ===
Continuing file streaming...
-----------------RESPONSE--------------
Continuing file streaming...
Reading from file stream...
Read 9000 bytes from file
Sent 9000 bytes to client
File streaming in progress - keeping connection alive
Waiting for events on port 8080...
=== GENERATING RESPONSE FOR CLIENT 5 ===
Continuing file streaming...
-----------------RESPONSE--------------
Continuing file streaming...
Reading from file stream...
Read 9000 bytes from file
Sent 9000 bytes to client
File streaming in progress - keeping connection alive
Waiting for events on port 8080...
=== GENERATING RESPONSE FOR CLIENT 5 ===
Continuing file streaming...
-----------------RESPONSE--------------
Continuing file streaming...
Reading from file stream...
Read 9000 bytes from file
Sent 9000 bytes to client
File streaming in progress - keeping connection alive
Waiting for events on port 8080...
=== GENERATING RESPONSE FOR CLIENT 5 ===
Continuing file streaming...
-----------------RESPONSE--------------
Continuing file streaming...
Reading from file stream...
Read 9000 bytes from file
Sent 9000 bytes to client
File streaming in progress - keeping connection alive
Waiting for events on port 8080...
=== GENERATING RESPONSE FOR CLIENT 5 ===
Continuing file streaming...
-----------------RESPONSE--------------
Continuing file streaming...
Reading from file stream...
Read 9000 bytes from file
Sent 9000 bytes to client
File streaming in progress - keeping connection alive
Waiting for events on port 8080...
=== GENERATING RESPONSE FOR CLIENT 5 ===
Continuing file streaming...
-----------------RESPONSE--------------
Continuing file streaming...
Reading from file stream...
Read 9000 bytes from file
Sent 9000 bytes to client
File streaming in progress - keeping connection alive
Waiting for events on port 8080...
=== GENERATING RESPONSE FOR CLIENT 5 ===
Continuing file streaming...
-----------------RESPONSE--------------
Continuing file streaming...
Reading from file stream...
Read 9000 bytes from file
Sent 9000 bytes to client
File streaming in progress - keeping connection alive
Waiting for events on port 8080...
=== GENERATING RESPONSE FOR CLIENT 5 ===
Continuing file streaming...
-----------------RESPONSE--------------
Continuing file streaming...
Reading from file stream...
Read 9000 bytes from file
Sent 9000 bytes to client
File streaming in progress - keeping connection alive
Waiting for events on port 8080...
=== GENERATING RESPONSE FOR CLIENT 5 ===
Continuing file streaming...
-----------------RESPONSE--------------
Continuing file streaming...
Reading from file stream...
Read 9000 bytes from file
Sent 9000 bytes to client
File streaming in progress - keeping connection alive
Waiting for events on port 8080...
=== GENERATING RESPONSE FOR CLIENT 5 ===
Continuing file streaming...
-----------------RESPONSE--------------
Continuing file streaming...
Reading from file stream...
Read 9000 bytes from file
Sent 9000 bytes to client
File streaming in progress - keeping connection alive
Waiting for events on port 8080...
=== GENERATING RESPONSE FOR CLIENT 5 ===
Continuing file streaming...
-----------------RESPONSE--------------
Continuing file streaming...
Reading from file stream...
Read 9000 bytes from file
Sent 9000 bytes to client
File streaming in progress - keeping connection alive
Waiting for events on port 8080...
=== GENERATING RESPONSE FOR CLIENT 5 ===
Continuing file streaming...
-----------------RESPONSE--------------
Continuing file streaming...
Reading from file stream...
Read 9000 bytes from file
Sent 9000 bytes to client
File streaming in progress - keeping connection alive
Waiting for events on port 8080...
=== GENERATING RESPONSE FOR CLIENT 5 ===
Continuing file streaming...
-----------------RESPONSE--------------
Continuing file streaming...
Reading from file stream...
Read 9000 bytes from file
Sent 9000 bytes to client
File streaming in progress - keeping connection alive
Waiting for events on port 8080...
=== GENERATING RESPONSE FOR CLIENT 5 ===
Continuing file streaming...
-----------------RESPONSE--------------
Continuing file streaming...
Reading from file stream...
Read 9000 bytes from file
Sent 9000 bytes to client
File streaming in progress - keeping connection alive
Waiting for events on port 8080...
=== GENERATING RESPONSE FOR CLIENT 5 ===
Continuing file streaming...
-----------------RESPONSE--------------
Continuing file streaming...
Reading from file stream...
Read 9000 bytes from file
Sent 9000 bytes to client
File streaming in progress - keeping connection alive
Waiting for events on port 8080...
=== GENERATING RESPONSE FOR CLIENT 5 ===
Continuing file streaming...
-----------------RESPONSE--------------
Continuing file streaming...
Reading from file stream...
Read 9000 bytes from file
Sent 9000 bytes to client
File streaming in progress - keeping connection alive
Waiting for events on port 8080...
=== GENERATING RESPONSE FOR CLIENT 5 ===
Continuing file streaming...
-----------------RESPONSE--------------
Continuing file streaming...
Reading from file stream...
Read 9000 bytes from file
Sent 9000 bytes to client
File streaming in progress - keeping connection alive
Waiting for events on port 8080...
=== GENERATING RESPONSE FOR CLIENT 5 ===
Continuing file streaming...
-----------------RESPONSE--------------
Continuing file streaming...
Reading from file stream...
Read 9000 bytes from file
Sent 9000 bytes to client
File streaming in progress - keeping connection alive
Waiting for events on port 8080...
=== GENERATING RESPONSE FOR CLIENT 5 ===
Continuing file streaming...
-----------------RESPONSE--------------
Continuing file streaming...
Reading from file stream...
Read 9000 bytes from file
Sent 9000 bytes to client
File streaming in progress - keeping connection alive
Waiting for events on port 8080...
=== GENERATING RESPONSE FOR CLIENT 5 ===
Continuing file streaming...
-----------------RESPONSE--------------
Continuing file streaming...
Reading from file stream...
Read 9000 bytes from file
Sent 9000 bytes to client
File streaming in progress - keeping connection alive
Waiting for events on port 8080...
=== GENERATING RESPONSE FOR CLIENT 5 ===
Continuing file streaming...
-----------------RESPONSE--------------
Continuing file streaming...
Reading from file stream...
Read 9000 bytes from file
Sent 9000 bytes to client
File streaming in progress - keeping connection alive
Waiting for events on port 8080...
=== GENERATING RESPONSE FOR CLIENT 5 ===
Continuing file streaming...
-----------------RESPONSE--------------
Continuing file streaming...
Reading from file stream...
Read 9000 bytes from file
Sent 9000 bytes to client
File streaming in progress - keeping connection alive
Waiting for events on port 8080...
=== GENERATING RESPONSE FOR CLIENT 5 ===
Continuing file streaming...
-----------------RESPONSE--------------
Continuing file streaming...
Reading from file stream...
Read 9000 bytes from file
Sent 9000 bytes to client
File streaming in progress - keeping connection alive
Waiting for events on port 8080...
=== GENERATING RESPONSE FOR CLIENT 5 ===
Continuing file streaming...
-----------------RESPONSE--------------
Continuing file streaming...
Reading from file stream...
Read 9000 bytes from file
Sent 9000 bytes to client
File streaming in progress - keeping connection alive
Waiting for events on port 8080...
=== GENERATING RESPONSE FOR CLIENT 5 ===
Continuing file streaming...
-----------------RESPONSE--------------
Continuing file streaming...
Reading from file stream...
Read 9000 bytes from file
Sent 9000 bytes to client
File streaming in progress - keeping connection alive
Waiting for events on port 8080...
=== GENERATING RESPONSE FOR CLIENT 5 ===
Continuing file streaming...
-----------------RESPONSE--------------
Continuing file streaming...
Reading from file stream...
Read 9000 bytes from file
Sent 9000 bytes to client
File streaming in progress - keeping connection alive
Waiting for events on port 8080...
=== GENERATING RESPONSE FOR CLIENT 5 ===
Continuing file streaming...
-----------------RESPONSE--------------
Continuing file streaming...
Reading from file stream...
Read 9000 bytes from file
Sent 9000 bytes to client
File streaming in progress - keeping connection alive
Waiting for events on port 8080...
=== GENERATING RESPONSE FOR CLIENT 5 ===
Continuing file streaming...
-----------------RESPONSE--------------
Continuing file streaming...
Reading from file stream...
Read 9000 bytes from file
Sent 9000 bytes to client
File streaming in progress - keeping connection alive
Waiting for events on port 8080...
=== GENERATING RESPONSE FOR CLIENT 5 ===
Continuing file streaming...
-----------------RESPONSE--------------
Continuing file streaming...
Reading from file stream...
Read 9000 bytes from file
Sent 9000 bytes to client
File streaming in progress - keeping connection alive
Waiting for events on port 8080...
=== GENERATING RESPONSE FOR CLIENT 5 ===
Continuing file streaming...
-----------------RESPONSE--------------
Continuing file streaming...
Reading from file stream...
Read 9000 bytes from file
Sent 9000 bytes to client
File streaming in progress - keeping connection alive
Waiting for events on port 8080...
=== GENERATING RESPONSE FOR CLIENT 5 ===
Continuing file streaming...
-----------------RESPONSE--------------
Continuing file streaming...
Reading from file stream...
Read 9000 bytes from file
Sent 9000 bytes to client
File streaming in progress - keeping connection alive
Waiting for events on port 8080...
=== GENERATING RESPONSE FOR CLIENT 5 ===
Continuing file streaming...
-----------------RESPONSE--------------
Continuing file streaming...
Reading from file stream...
Read 9000 bytes from file
Sent 9000 bytes to client
File streaming in progress - keeping connection alive
Waiting for events on port 8080...
=== GENERATING RESPONSE FOR CLIENT 5 ===
Continuing file streaming...
-----------------RESPONSE--------------
Continuing file streaming...
Reading from file stream...
Read 9000 bytes from file
Sent 9000 bytes to client
File streaming in progress - keeping connection alive
Waiting for events on port 8080...
=== GENERATING RESPONSE FOR CLIENT 5 ===
Continuing file streaming...
-----------------RESPONSE--------------
Continuing file streaming...
Reading from file stream...
Read 9000 bytes from file
Sent 9000 bytes to client
File streaming in progress - keeping connection alive
Waiting for events on port 8080...
=== GENERATING RESPONSE FOR CLIENT 5 ===
Continuing file streaming...
-----------------RESPONSE--------------
Continuing file streaming...
Reading from file stream...
Read 9000 bytes from file
Sent 9000 bytes to client
File streaming in progress - keeping connection alive
Waiting for events on port 8080...
=== GENERATING RESPONSE FOR CLIENT 5 ===
Continuing file streaming...
-----------------RESPONSE--------------
Continuing file streaming...
Reading from file stream...
Read 9000 bytes from file
Sent 9000 bytes to client
File streaming in progress - keeping connection alive
Waiting for events on port 8080...
=== GENERATING RESPONSE FOR CLIENT 5 ===
Continuing file streaming...
-----------------RESPONSE--------------
Continuing file streaming...
Reading from file stream...
Read 9000 bytes from file
Sent 9000 bytes to client
File streaming in progress - keeping connection alive
Waiting for events on port 8080...
=== GENERATING RESPONSE FOR CLIENT 5 ===
Continuing file streaming...
-----------------RESPONSE--------------
Continuing file streaming...
Reading from file stream...
Read 9000 bytes from file
Sent 9000 bytes to client
File streaming in progress - keeping connection alive
Waiting for events on port 8080...
=== GENERATING RESPONSE FOR CLIENT 5 ===
Continuing file streaming...
-----------------RESPONSE--------------
Continuing file streaming...
Reading from file stream...
Read 9000 bytes from file
Sent 9000 bytes to client
File streaming in progress - keeping connection alive
Waiting for events on port 8080...
=== GENERATING RESPONSE FOR CLIENT 5 ===
Continuing file streaming...
-----------------RESPONSE--------------
Continuing file streaming...
Reading from file stream...
Read 9000 bytes from file
Sent 9000 bytes to client
File streaming in progress - keeping connection alive
Waiting for events on port 8080...
=== GENERATING RESPONSE FOR CLIENT 5 ===
Continuing file streaming...
-----------------RESPONSE--------------
Continuing file streaming...
Reading from file stream...
Read 9000 bytes from file
Sent 9000 bytes to client
File streaming in progress - keeping connection alive
Waiting for events on port 8080...
=== GENERATING RESPONSE FOR CLIENT 5 ===
Continuing file streaming...
-----------------RESPONSE--------------
Continuing file streaming...
Reading from file stream...
Read 9000 bytes from file
Sent 9000 bytes to client
File streaming in progress - keeping connection alive
Waiting for events on port 8080...
=== GENERATING RESPONSE FOR CLIENT 5 ===
Continuing file streaming...
-----------------RESPONSE--------------
Continuing file streaming...
Reading from file stream...
Read 9000 bytes from file
Sent 9000 bytes to client
File streaming in progress - keeping connection alive
Waiting for events on port 8080...
=== GENERATING RESPONSE FOR CLIENT 5 ===
Continuing file streaming...
-----------------RESPONSE--------------
Continuing file streaming...
Reading from file stream...
Read 9000 bytes from file
Sent 9000 bytes to client
File streaming in progress - keeping connection alive
Waiting for events on port 8080...
=== GENERATING RESPONSE FOR CLIENT 5 ===
Continuing file streaming...
-----------------RESPONSE--------------
Continuing file streaming...
Reading from file stream...
Read 9000 bytes from file
Sent 9000 bytes to client
File streaming in progress - keeping connection alive
Waiting for events on port 8080...
=== GENERATING RESPONSE FOR CLIENT 5 ===
Continuing file streaming...
-----------------RESPONSE--------------
Continuing file streaming...
Reading from file stream...
Read 9000 bytes from file
Sent 9000 bytes to client
File streaming in progress - keeping connection alive
Waiting for events on port 8080...
=== GENERATING RESPONSE FOR CLIENT 5 ===
Continuing file streaming...
-----------------RESPONSE--------------
Continuing file streaming...
Reading from file stream...
Read 9000 bytes from file
Sent 9000 bytes to client
File streaming in progress - keeping connection alive
Waiting for events on port 8080...
=== GENERATING RESPONSE FOR CLIENT 5 ===
Continuing file streaming...
-----------------RESPONSE--------------
Continuing file streaming...
Reading from file stream...
Read 9000 bytes from file
Sent 9000 bytes to client
File streaming in progress - keeping connection alive
Waiting for events on port 8080...
=== GENERATING RESPONSE FOR CLIENT 5 ===
Continuing file streaming...
-----------------RESPONSE--------------
Continuing file streaming...
Reading from file stream...
Read 9000 bytes from file
Sent 9000 bytes to client
File streaming in progress - keeping connection alive
Waiting for events on port 8080...
=== GENERATING RESPONSE FOR CLIENT 5 ===
Continuing file streaming...
-----------------RESPONSE--------------
Continuing file streaming...
Reading from file stream...
Read 9000 bytes from file
Sent 9000 bytes to client
File streaming in progress - keeping connection alive
Waiting for events on port 8080...
=== GENERATING RESPONSE FOR CLIENT 5 ===
Continuing file streaming...
-----------------RESPONSE--------------
Continuing file streaming...
Reading from file stream...
Read 9000 bytes from file
Sent 9000 bytes to client
File streaming in progress - keeping connection alive
Waiting for events on port 8080...
=== GENERATING RESPONSE FOR CLIENT 5 ===
Continuing file streaming...
-----------------RESPONSE--------------
Continuing file streaming...
Reading from file stream...
Read 9000 bytes from file
Sent 9000 bytes to client
File streaming in progress - keeping connection alive
Waiting for events on port 8080...
=== GENERATING RESPONSE FOR CLIENT 5 ===
Continuing file streaming...
-----------------RESPONSE--------------
Continuing file streaming...
Reading from file stream...
Read 9000 bytes from file
Sent 9000 bytes to client
File streaming in progress - keeping connection alive
Waiting for events on port 8080...
=== GENERATING RESPONSE FOR CLIENT 5 ===
Continuing file streaming...
-----------------RESPONSE--------------
Continuing file streaming...
Reading from file stream...
Read 9000 bytes from file
Sent 9000 bytes to client
File streaming in progress - keeping connection alive
Waiting for events on port 8080...
=== GENERATING RESPONSE FOR CLIENT 5 ===
Continuing file streaming...
-----------------RESPONSE--------------
Continuing file streaming...
Reading from file stream...
Read 9000 bytes from file
Sent 9000 bytes to client
File streaming in progress - keeping connection alive
Waiting for events on port 8080...
=== GENERATING RESPONSE FOR CLIENT 5 ===
Continuing file streaming...
-----------------RESPONSE--------------
Continuing file streaming...
Reading from file stream...
Read 9000 bytes from file
Sent 9000 bytes to client
File streaming in progress - keeping connection alive
Waiting for events on port 8080...
=== GENERATING RESPONSE FOR CLIENT 5 ===
Continuing file streaming...
-----------------RESPONSE--------------
Continuing file streaming...
Reading from file stream...
Read 9000 bytes from file
Sent 9000 bytes to client
File streaming in progress - keeping connection alive
Waiting for events on port 8080...
=== GENERATING RESPONSE FOR CLIENT 5 ===
Continuing file streaming...
-----------------RESPONSE--------------
Continuing file streaming...
Reading from file stream...
Read 9000 bytes from file
Sent 9000 bytes to client
File streaming in progress - keeping connection alive
Waiting for events on port 8080...
=== GENERATING RESPONSE FOR CLIENT 5 ===
Continuing file streaming...
-----------------RESPONSE--------------
Continuing file streaming...
Reading from file stream...
Read 9000 bytes from file
Sent 9000 bytes to client
File streaming in progress - keeping connection alive
Waiting for events on port 8080...
=== GENERATING RESPONSE FOR CLIENT 5 ===
Continuing file streaming...
-----------------RESPONSE--------------
Continuing file streaming...
Reading from file stream...
Read 9000 bytes from file
Sent 9000 bytes to client
File streaming in progress - keeping connection alive
Waiting for events on port 8080...
=== GENERATING RESPONSE FOR CLIENT 5 ===
Continuing file streaming...
-----------------RESPONSE--------------
Continuing file streaming...
Reading from file stream...
Read 9000 bytes from file
Sent 9000 bytes to client
File streaming in progress - keeping connection alive
Waiting for events on port 8080...
=== GENERATING RESPONSE FOR CLIENT 5 ===
Continuing file streaming...
-----------------RESPONSE--------------
Continuing file streaming...
Reading from file stream...
Read 9000 bytes from file
Sent 9000 bytes to client
File streaming in progress - keeping connection alive
Waiting for events on port 8080...
=== GENERATING RESPONSE FOR CLIENT 5 ===
Continuing file streaming...
-----------------RESPONSE--------------
Continuing file streaming...
Reading from file stream...
Read 9000 bytes from file
Sent 9000 bytes to client
File streaming in progress - keeping connection alive
Waiting for events on port 8080...
=== GENERATING RESPONSE FOR CLIENT 5 ===
Continuing file streaming...
-----------------RESPONSE--------------
Continuing file streaming...
Reading from file stream...
Read 9000 bytes from file
Sent 9000 bytes to client
File streaming in progress - keeping connection alive
Waiting for events on port 8080...
=== GENERATING RESPONSE FOR CLIENT 5 ===
Continuing file streaming...
-----------------RESPONSE--------------
Continuing file streaming...
Reading from file stream...
Read 9000 bytes from file
Sent 9000 bytes to client
File streaming in progress - keeping connection alive
Waiting for events on port 8080...
=== GENERATING RESPONSE FOR CLIENT 5 ===
Continuing file streaming...
-----------------RESPONSE--------------
Continuing file streaming...
Reading from file stream...
Read 9000 bytes from file
Sent 9000 bytes to client
File streaming in progress - keeping connection alive
Waiting for events on port 8080...
=== GENERATING RESPONSE FOR CLIENT 5 ===
Continuing file streaming...
-----------------RESPONSE--------------
Continuing file streaming...
Reading from file stream...
Read 9000 bytes from file
Sent 9000 bytes to client
File streaming in progress - keeping connection alive
Waiting for events on port 8080...
=== GENERATING RESPONSE FOR CLIENT 5 ===
Continuing file streaming...
-----------------RESPONSE--------------
Continuing file streaming...
Reading from file stream...
Read 9000 bytes from file
Sent 9000 bytes to client
File streaming in progress - keeping connection alive
Waiting for events on port 8080...
=== GENERATING RESPONSE FOR CLIENT 5 ===
Continuing file streaming...
-----------------RESPONSE--------------
Continuing file streaming...
Reading from file stream...
Read 9000 bytes from file
Sent 9000 bytes to client
File streaming in progress - keeping connection alive
Waiting for events on port 8080...
=== GENERATING RESPONSE FOR CLIENT 5 ===
Continuing file streaming...
-----------------RESPONSE--------------
Continuing file streaming...
Reading from file stream...
Read 9000 bytes from file
Sent 9000 bytes to client
File streaming in progress - keeping connection alive
Waiting for events on port 8080...
=== GENERATING RESPONSE FOR CLIENT 5 ===
Continuing file streaming...
-----------------RESPONSE--------------
Continuing file streaming...
Reading from file stream...
Read 9000 bytes from file
Sent 9000 bytes to client
File streaming in progress - keeping connection alive
Waiting for events on port 8080...
=== GENERATING RESPONSE FOR CLIENT 5 ===
Continuing file streaming...
-----------------RESPONSE--------------
Continuing file streaming...
Reading from file stream...
Read 9000 bytes from file
Sent 9000 bytes to client
File streaming in progress - keeping connection alive
Waiting for events on port 8080...
=== GENERATING RESPONSE FOR CLIENT 5 ===
Continuing file streaming...
-----------------RESPONSE--------------
Continuing file streaming...
Reading from file stream...
Read 9000 bytes from file
Sent 9000 bytes to client
File streaming in progress - keeping connection alive
Waiting for events on port 8080...
=== GENERATING RESPONSE FOR CLIENT 5 ===
Continuing file streaming...
-----------------RESPONSE--------------
Continuing file streaming...
Reading from file stream...
Read 9000 bytes from file
Sent 9000 bytes to client
File streaming in progress - keeping connection alive
Waiting for events on port 8080...
=== GENERATING RESPONSE FOR CLIENT 5 ===
Continuing file streaming...
-----------------RESPONSE--------------
Continuing file streaming...
Reading from file stream...
Read 9000 bytes from file
Sent 9000 bytes to client
File streaming in progress - keeping connection alive
Waiting for events on port 8080...
=== GENERATING RESPONSE FOR CLIENT 5 ===
Continuing file streaming...
-----------------RESPONSE--------------
Continuing file streaming...
Reading from file stream...
Read 9000 bytes from file
Sent 9000 bytes to client
File streaming in progress - keeping connection alive
Waiting for events on port 8080...
=== GENERATING RESPONSE FOR CLIENT 5 ===
Continuing file streaming...
-----------------RESPONSE--------------
Continuing file streaming...
Reading from file stream...
Read 9000 bytes from file
Sent 9000 bytes to client
File streaming in progress - keeping connection alive
Waiting for events on port 8080...
=== GENERATING RESPONSE FOR CLIENT 5 ===
Continuing file streaming...
-----------------RESPONSE--------------
Continuing file streaming...
Reading from file stream...
Read 9000 bytes from file
Sent 9000 bytes to client
File streaming in progress - keeping connection alive
Waiting for events on port 8080...
=== GENERATING RESPONSE FOR CLIENT 5 ===
Continuing file streaming...
-----------------RESPONSE--------------
Continuing file streaming...
Reading from file stream...
Read 9000 bytes from file
Sent 9000 bytes to client
File streaming in progress - keeping connection alive
Waiting for events on port 8080...
=== GENERATING RESPONSE FOR CLIENT 5 ===
Continuing file streaming...
-----------------RESPONSE--------------
Continuing file streaming...
Reading from file stream...
Read 9000 bytes from file
Sent 9000 bytes to client
File streaming in progress - keeping connection alive
Waiting for events on port 8080...
=== GENERATING RESPONSE FOR CLIENT 5 ===
Continuing file streaming...
-----------------RESPONSE--------------
Continuing file streaming...
Reading from file stream...
Read 9000 bytes from file
Sent 9000 bytes to client
File streaming in progress - keeping connection alive
Waiting for events on port 8080...
=== GENERATING RESPONSE FOR CLIENT 5 ===
Continuing file streaming...
-----------------RESPONSE--------------
Continuing file streaming...
Reading from file stream...
Read 9000 bytes from file
Sent 9000 bytes to client
File streaming in progress - keeping connection alive
Waiting for events on port 8080...
=== GENERATING RESPONSE FOR CLIENT 5 ===
Continuing file streaming...
-----------------RESPONSE--------------
Continuing file streaming...
Reading from file stream...
Read 9000 bytes from file
Sent 9000 bytes to client
File streaming in progress - keeping connection alive
Waiting for events on port 8080...
=== GENERATING RESPONSE FOR CLIENT 5 ===
Continuing file streaming...
-----------------RESPONSE--------------
Continuing file streaming...
Reading from file stream...
Read 9000 bytes from file
Sent 9000 bytes to client
File streaming in progress - keeping connection alive
Waiting for events on port 8080...
=== GENERATING RESPONSE FOR CLIENT 5 ===
Continuing file streaming...
-----------------RESPONSE--------------
Continuing file streaming...
Reading from file stream...
Read 9000 bytes from file
Sent 9000 bytes to client
File streaming in progress - keeping connection alive
Waiting for events on port 8080...
=== GENERATING RESPONSE FOR CLIENT 5 ===
Continuing file streaming...
-----------------RESPONSE--------------
Continuing file streaming...
Reading from file stream...
Read 9000 bytes from file
Sent 9000 bytes to client
File streaming in progress - keeping connection alive
Waiting for events on port 8080...
=== GENERATING RESPONSE FOR CLIENT 5 ===
Continuing file streaming...
-----------------RESPONSE--------------
Continuing file streaming...
Reading from file stream...
Read 9000 bytes from file
Sent 9000 bytes to client
File streaming in progress - keeping connection alive
Waiting for events on port 8080...
=== GENERATING RESPONSE FOR CLIENT 5 ===
Continuing file streaming...
-----------------RESPONSE--------------
Continuing file streaming...
Reading from file stream...
Read 9000 bytes from file
Sent 9000 bytes to client
File streaming in progress - keeping connection alive
Waiting for events on port 8080...
=== GENERATING RESPONSE FOR CLIENT 5 ===
Continuing file streaming...
-----------------RESPONSE--------------
Continuing file streaming...
Reading from file stream...
Read 9000 bytes from file
Sent 9000 bytes to client
File streaming in progress - keeping connection alive
Waiting for events on port 8080...
=== GENERATING RESPONSE FOR CLIENT 5 ===
Continuing file streaming...
-----------------RESPONSE--------------
Continuing file streaming...
Reading from file stream...
Read 9000 bytes from file
Sent 9000 bytes to client
File streaming in progress - keeping connection alive
Waiting for events on port 8080...
=== GENERATING RESPONSE FOR CLIENT 5 ===
Continuing file streaming...
-----------------RESPONSE--------------
Continuing file streaming...
Reading from file stream...
Read 9000 bytes from file
Sent 9000 bytes to client
File streaming in progress - keeping connection alive
Waiting for events on port 8080...
=== GENERATING RESPONSE FOR CLIENT 5 ===
Continuing file streaming...
-----------------RESPONSE--------------
Continuing file streaming...
Reading from file stream...
Read 9000 bytes from file
Sent 9000 bytes to client
File streaming in progress - keeping connection alive
Waiting for events on port 8080...
=== GENERATING RESPONSE FOR CLIENT 5 ===
Continuing file streaming...
-----------------RESPONSE--------------
Continuing file streaming...
Reading from file stream...
Read 9000 bytes from file
Sent 9000 bytes to client
File streaming in progress - keeping connection alive
Waiting for events on port 8080...
=== GENERATING RESPONSE FOR CLIENT 5 ===
Continuing file streaming...
-----------------RESPONSE--------------
Continuing file streaming...
Reading from file stream...
Read 9000 bytes from file
Sent 9000 bytes to client
File streaming in progress - keeping connection alive
Waiting for events on port 8080...
=== GENERATING RESPONSE FOR CLIENT 5 ===
Continuing file streaming...
-----------------RESPONSE--------------
Continuing file streaming...
Reading from file stream...
Read 9000 bytes from file
Sent 9000 bytes to client
File streaming in progress - keeping connection alive
Waiting for events on port 8080...
=== GENERATING RESPONSE FOR CLIENT 5 ===
Continuing file streaming...
-----------------RESPONSE--------------
Continuing file streaming...
Reading from file stream...
Read 9000 bytes from file
Sent 9000 bytes to client
File streaming in progress - keeping connection alive
Waiting for events on port 8080...
=== GENERATING RESPONSE FOR CLIENT 5 ===
Continuing file streaming...
-----------------RESPONSE--------------
Continuing file streaming...
Reading from file stream...
Read 9000 bytes from file
Sent 9000 bytes to client
File streaming in progress - keeping connection alive
Waiting for events on port 8080...
=== GENERATING RESPONSE FOR CLIENT 5 ===
Continuing file streaming...
-----------------RESPONSE--------------
Continuing file streaming...
Reading from file stream...
Read 9000 bytes from file
Sent 9000 bytes to client
File streaming in progress - keeping connection alive
Waiting for events on port 8080...
=== GENERATING RESPONSE FOR CLIENT 5 ===
Continuing file streaming...
-----------------RESPONSE--------------
Continuing file streaming...
Reading from file stream...
Read 9000 bytes from file
Sent 9000 bytes to client
File streaming in progress - keeping connection alive
Waiting for events on port 8080...
=== GENERATING RESPONSE FOR CLIENT 5 ===
Continuing file streaming...
-----------------RESPONSE--------------
Continuing file streaming...
Reading from file stream...
Read 9000 bytes from file
Sent 9000 bytes to client
File streaming in progress - keeping connection alive
Waiting for events on port 8080...
=== GENERATING RESPONSE FOR CLIENT 5 ===
Continuing file streaming...
-----------------RESPONSE--------------
Continuing file streaming...
Reading from file stream...
Read 9000 bytes from file
Sent 9000 bytes to client
File streaming in progress - keeping connection alive
Waiting for events on port 8080...
=== GENERATING RESPONSE FOR CLIENT 5 ===
Continuing file streaming...
-----------------RESPONSE--------------
Continuing file streaming...
Reading from file stream...
Read 9000 bytes from file
Sent 9000 bytes to client
File streaming in progress - keeping connection alive
Waiting for events on port 8080...
=== GENERATING RESPONSE FOR CLIENT 5 ===
Continuing file streaming...
-----------------RESPONSE--------------
Continuing file streaming...
Reading from file stream...
Read 9000 bytes from file
Sent 9000 bytes to client
File streaming in progress - keeping connection alive
Waiting for events on port 8080...
=== GENERATING RESPONSE FOR CLIENT 5 ===
Continuing file streaming...
-----------------RESPONSE--------------
Continuing file streaming...
Reading from file stream...
Read 9000 bytes from file
Sent 9000 bytes to client
File streaming in progress - keeping connection alive
Waiting for events on port 8080...
=== GENERATING RESPONSE FOR CLIENT 5 ===
Continuing file streaming...
-----------------RESPONSE--------------
Continuing file streaming...
Reading from file stream...
Read 9000 bytes from file
Sent 9000 bytes to client
File streaming in progress - keeping connection alive
Waiting for events on port 8080...
=== GENERATING RESPONSE FOR CLIENT 5 ===
Continuing file streaming...
-----------------RESPONSE--------------
Continuing file streaming...
Reading from file stream...
Read 9000 bytes from file
Sent 9000 bytes to client
File streaming in progress - keeping connection alive
Waiting for events on port 8080...
=== GENERATING RESPONSE FOR CLIENT 5 ===
Continuing file streaming...
-----------------RESPONSE--------------
Continuing file streaming...
Reading from file stream...
Read 9000 bytes from file
Sent 9000 bytes to client
File streaming in progress - keeping connection alive
Waiting for events on port 8080...
=== GENERATING RESPONSE FOR CLIENT 5 ===
Continuing file streaming...
-----------------RESPONSE--------------
Continuing file streaming...
Reading from file stream...
Read 9000 bytes from file
Sent 9000 bytes to client
File streaming in progress - keeping connection alive
Waiting for events on port 8080...
=== GENERATING RESPONSE FOR CLIENT 5 ===
Continuing file streaming...
-----------------RESPONSE--------------
Continuing file streaming...
Reading from file stream...
Read 9000 bytes from file
Sent 9000 bytes to client
File streaming in progress - keeping connection alive
Waiting for events on port 8080...
=== GENERATING RESPONSE FOR CLIENT 5 ===
Continuing file streaming...
-----------------RESPONSE--------------
Continuing file streaming...
Reading from file stream...
Read 9000 bytes from file
Sent 9000 bytes to client
File streaming in progress - keeping connection alive
Waiting for events on port 8080...
=== GENERATING RESPONSE FOR CLIENT 5 ===
Continuing file streaming...
-----------------RESPONSE--------------
Continuing file streaming...
Reading from file stream...
Read 9000 bytes from file
Sent 9000 bytes to client
File streaming in progress - keeping connection alive
Waiting for events on port 8080...
=== GENERATING RESPONSE FOR CLIENT 5 ===
Continuing file streaming...
-----------------RESPONSE--------------
Continuing file streaming...
Reading from file stream...
Read 9000 bytes from file
Sent 9000 bytes to client
File streaming in progress - keeping connection alive
Waiting for events on port 8080...
=== GENERATING RESPONSE FOR CLIENT 5 ===
Continuing file streaming...
-----------------RESPONSE--------------
Continuing file streaming...
Reading from file stream...
Read 9000 bytes from file
Sent 9000 bytes to client
File streaming in progress - keeping connection alive
Waiting for events on port 8080...
=== GENERATING RESPONSE FOR CLIENT 5 ===
Continuing file streaming...
-----------------RESPONSE--------------
Continuing file streaming...
Reading from file stream...
Read 9000 bytes from file
Sent 9000 bytes to client
File streaming in progress - keeping connection alive
Waiting for events on port 8080...
=== GENERATING RESPONSE FOR CLIENT 5 ===
Continuing file streaming...
-----------------RESPONSE--------------
Continuing file streaming...
Reading from file stream...
Read 9000 bytes from file
Sent 9000 bytes to client
File streaming in progress - keeping connection alive
Waiting for events on port 8080...
=== GENERATING RESPONSE FOR CLIENT 5 ===
Continuing file streaming...
-----------------RESPONSE--------------
Continuing file streaming...
Reading from file stream...
Read 9000 bytes from file
Sent 9000 bytes to client
File streaming in progress - keeping connection alive
Waiting for events on port 8080...
=== GENERATING RESPONSE FOR CLIENT 5 ===
Continuing file streaming...
-----------------RESPONSE--------------
Continuing file streaming...
Reading from file stream...
Read 9000 bytes from file
Sent 9000 bytes to client
File streaming in progress - keeping connection alive
Waiting for events on port 8080...
=== GENERATING RESPONSE FOR CLIENT 5 ===
Continuing file streaming...
-----------------RESPONSE--------------
Continuing file streaming...
Reading from file stream...
Read 9000 bytes from file
Sent 9000 bytes to client
File streaming in progress - keeping connection alive
Waiting for events on port 8080...
=== GENERATING RESPONSE FOR CLIENT 5 ===
Continuing file streaming...
-----------------RESPONSE--------------
Continuing file streaming...
Reading from file stream...
Read 9000 bytes from file
Sent 9000 bytes to client
File streaming in progress - keeping connection alive
Waiting for events on port 8080...
=== GENERATING RESPONSE FOR CLIENT 5 ===
Continuing file streaming...
-----------------RESPONSE--------------
Continuing file streaming...
Reading from file stream...
Read 9000 bytes from file
Sent 9000 bytes to client
File streaming in progress - keeping connection alive
Waiting for events on port 8080...
=== GENERATING RESPONSE FOR CLIENT 5 ===
Continuing file streaming...
-----------------RESPONSE--------------
Continuing file streaming...
Reading from file stream...
Read 9000 bytes from file
Sent 9000 bytes to client
File streaming in progress - keeping connection alive
Waiting for events on port 8080...
=== GENERATING RESPONSE FOR CLIENT 5 ===
Continuing file streaming...
-----------------RESPONSE--------------
Continuing file streaming...
Reading from file stream...
Read 9000 bytes from file
Sent 9000 bytes to client
File streaming in progress - keeping connection alive
Waiting for events on port 8080...
=== GENERATING RESPONSE FOR CLIENT 5 ===
Continuing file streaming...
-----------------RESPONSE--------------
Continuing file streaming...
Reading from file stream...
Read 9000 bytes from file
Sent 9000 bytes to client
File streaming in progress - keeping connection alive
Waiting for events on port 8080...
=== GENERATING RESPONSE FOR CLIENT 5 ===
Continuing file streaming...
-----------------RESPONSE--------------
Continuing file streaming...
Reading from file stream...
Read 9000 bytes from file
Sent 9000 bytes to client
File streaming in progress - keeping connection alive
Waiting for events on port 8080...
=== GENERATING RESPONSE FOR CLIENT 5 ===
Continuing file streaming...
-----------------RESPONSE--------------
Continuing file streaming...
Reading from file stream...
Read 9000 bytes from file
Sent 9000 bytes to client
File streaming in progress - keeping connection alive
Waiting for events on port 8080...
=== GENERATING RESPONSE FOR CLIENT 5 ===
Continuing file streaming...
-----------------RESPONSE--------------
Continuing file streaming...
Reading from file stream...
Read 9000 bytes from file
Sent 9000 bytes to client
File streaming in progress - keeping connection alive
Waiting for events on port 8080...
=== GENERATING RESPONSE FOR CLIENT 5 ===
Continuing file streaming...
-----------------RESPONSE--------------
Continuing file streaming...
Reading from file stream...
Read 9000 bytes from file
Sent 9000 bytes to client
File streaming in progress - keeping connection alive
Waiting for events on port 8080...
=== GENERATING RESPONSE FOR CLIENT 5 ===
Continuing file streaming...
-----------------RESPONSE--------------
Continuing file streaming...
Reading from file stream...
Read 9000 bytes from file
Sent 9000 bytes to client
File streaming in progress - keeping connection alive
Waiting for events on port 8080...
=== GENERATING RESPONSE FOR CLIENT 5 ===
Continuing file streaming...
-----------------RESPONSE--------------
Continuing file streaming...
Reading from file stream...
Read 9000 bytes from file
Sent 9000 bytes to client
File streaming in progress - keeping connection alive
Waiting for events on port 8080...
=== GENERATING RESPONSE FOR CLIENT 5 ===
Continuing file streaming...
-----------------RESPONSE--------------
Continuing file streaming...
Reading from file stream...
Read 9000 bytes from file
Sent 9000 bytes to client
File streaming in progress - keeping connection alive
Waiting for events on port 8080...
=== GENERATING RESPONSE FOR CLIENT 5 ===
Continuing file streaming...
-----------------RESPONSE--------------
Continuing file streaming...
Reading from file stream...
Read 9000 bytes from file
Sent 9000 bytes to client
File streaming in progress - keeping connection alive
Waiting for events on port 8080...
=== GENERATING RESPONSE FOR CLIENT 5 ===
Continuing file streaming...
-----------------RESPONSE--------------
Continuing file streaming...
Reading from file stream...
Read 9000 bytes from file
Sent 9000 bytes to client
File streaming in progress - keeping connection alive
Waiting for events on port 8080...
=== GENERATING RESPONSE FOR CLIENT 5 ===
Continuing file streaming...
-----------------RESPONSE--------------
Continuing file streaming...
Reading from file stream...
Read 9000 bytes from file
Sent 9000 bytes to client
File streaming in progress - keeping connection alive
Waiting for events on port 8080...
=== GENERATING RESPONSE FOR CLIENT 5 ===
Continuing file streaming...
-----------------RESPONSE--------------
Continuing file streaming...
Reading from file stream...
Read 9000 bytes from file
Sent 9000 bytes to client
File streaming in progress - keeping connection alive
Waiting for events on port 8080...
=== GENERATING RESPONSE FOR CLIENT 5 ===
Continuing file streaming...
-----------------RESPONSE--------------
Continuing file streaming...
Reading from file stream...
Read 9000 bytes from file
Sent 9000 bytes to client
File streaming in progress - keeping connection alive
Waiting for events on port 8080...
=== GENERATING RESPONSE FOR CLIENT 5 ===
Continuing file streaming...
-----------------RESPONSE--------------
Continuing file streaming...
Reading from file stream...
Read 9000 bytes from file
Sent 9000 bytes to client
File streaming in progress - keeping connection alive
Waiting for events on port 8080...
=== GENERATING RESPONSE FOR CLIENT 5 ===
Continuing file streaming...
-----------------RESPONSE--------------
Continuing file streaming...
Reading from file stream...
Read 9000 bytes from file
Sent 9000 bytes to client
File streaming in progress - keeping connection alive
Waiting for events on port 8080...
=== GENERATING RESPONSE FOR CLIENT 5 ===
Continuing file streaming...
-----------------RESPONSE--------------
Continuing file streaming...
Reading from file stream...
Read 9000 bytes from file
Sent 9000 bytes to client
File streaming in progress - keeping connection alive
Waiting for events on port 8080...
=== GENERATING RESPONSE FOR CLIENT 5 ===
Continuing file streaming...
-----------------RESPONSE--------------
Continuing file streaming...
Reading from file stream...
Read 9000 bytes from file
Sent 9000 bytes to client
File streaming in progress - keeping connection alive
Waiting for events on port 8080...
=== GENERATING RESPONSE FOR CLIENT 5 ===
Continuing file streaming...
-----------------RESPONSE--------------
Continuing file streaming...
Reading from file stream...
Read 9000 bytes from file
Sent 9000 bytes to client
File streaming in progress - keeping connection alive
Waiting for events on port 8080...
=== GENERATING RESPONSE FOR CLIENT 5 ===
Continuing file streaming...
-----------------RESPONSE--------------
Continuing file streaming...
Reading from file stream...
Read 9000 bytes from file
Sent 9000 bytes to client
File streaming in progress - keeping connection alive
Waiting for events on port 8080...
=== GENERATING RESPONSE FOR CLIENT 5 ===
Continuing file streaming...
-----------------RESPONSE--------------
Continuing file streaming...
Reading from file stream...
Read 9000 bytes from file
Sent 9000 bytes to client
File streaming in progress - keeping connection alive
Waiting for events on port 8080...
=== GENERATING RESPONSE FOR CLIENT 5 ===
Continuing file streaming...
-----------------RESPONSE--------------
Continuing file streaming...
Reading from file stream...
Read 9000 bytes from file
Sent 9000 bytes to client
File streaming in progress - keeping connection alive
Waiting for events on port 8080...
=== GENERATING RESPONSE FOR CLIENT 5 ===
Continuing file streaming...
-----------------RESPONSE--------------
Continuing file streaming...
Reading from file stream...
Read 9000 bytes from file
Sent 9000 bytes to client
File streaming in progress - keeping connection alive
Waiting for events on port 8080...
=== GENERATING RESPONSE FOR CLIENT 5 ===
Continuing file streaming...
-----------------RESPONSE--------------
Continuing file streaming...
Reading from file stream...
Read 9000 bytes from file
Sent 9000 bytes to client
File streaming in progress - keeping connection alive
Waiting for events on port 8080...
=== GENERATING RESPONSE FOR CLIENT 5 ===
Continuing file streaming...
-----------------RESPONSE--------------
Continuing file streaming...
Reading from file stream...
Read 9000 bytes from file
Sent 9000 bytes to client
File streaming in progress - keeping connection alive
Waiting for events on port 8080...
=== GENERATING RESPONSE FOR CLIENT 5 ===
Continuing file streaming...
-----------------RESPONSE--------------
Continuing file streaming...
Reading from file stream...
Read 9000 bytes from file
Sent 9000 bytes to client
File streaming in progress - keeping connection alive
Waiting for events on port 8080...
=== GENERATING RESPONSE FOR CLIENT 5 ===
Continuing file streaming...
-----------------RESPONSE--------------
Continuing file streaming...
Reading from file stream...
Read 9000 bytes from file
Sent 9000 bytes to client
File streaming in progress - keeping connection alive
Waiting for events on port 8080...
=== GENERATING RESPONSE FOR CLIENT 5 ===
Continuing file streaming...
-----------------RESPONSE--------------
Continuing file streaming...
Reading from file stream...
Read 9000 bytes from file
Sent 9000 bytes to client
File streaming in progress - keeping connection alive
Waiting for events on port 8080...
=== GENERATING RESPONSE FOR CLIENT 5 ===
Continuing file streaming...
-----------------RESPONSE--------------
Continuing file streaming...
Reading from file stream...
Read 9000 bytes from file
Sent 9000 bytes to client
File streaming in progress - keeping connection alive
Waiting for events on port 8080...
=== GENERATING RESPONSE FOR CLIENT 5 ===
Continuing file streaming...
-----------------RESPONSE--------------
Continuing file streaming...
Reading from file stream...
Read 9000 bytes from file
Sent 9000 bytes to client
File streaming in progress - keeping connection alive
Waiting for events on port 8080...
=== GENERATING RESPONSE FOR CLIENT 5 ===
Continuing file streaming...
-----------------RESPONSE--------------
Continuing file streaming...
Reading from file stream...
Read 9000 bytes from file
Sent 9000 bytes to client
File streaming in progress - keeping connection alive
Waiting for events on port 8080...
=== GENERATING RESPONSE FOR CLIENT 5 ===
Continuing file streaming...
-----------------RESPONSE--------------
Continuing file streaming...
Reading from file stream...
Read 9000 bytes from file
Sent 9000 bytes to client
File streaming in progress - keeping connection alive
Waiting for events on port 8080...
=== GENERATING RESPONSE FOR CLIENT 5 ===
Continuing file streaming...
-----------------RESPONSE--------------
Continuing file streaming...
Reading from file stream...
Read 9000 bytes from file
Sent 9000 bytes to client
File streaming in progress - keeping connection alive
Waiting for events on port 8080...
=== GENERATING RESPONSE FOR CLIENT 5 ===
Continuing file streaming...
-----------------RESPONSE--------------
Continuing file streaming...
Reading from file stream...
Read 9000 bytes from file
Sent 9000 bytes to client
File streaming in progress - keeping connection alive
Waiting for events on port 8080...
=== GENERATING RESPONSE FOR CLIENT 5 ===
Continuing file streaming...
-----------------RESPONSE--------------
Continuing file streaming...
Reading from file stream...
Read 9000 bytes from file
Sent 9000 bytes to client
File streaming in progress - keeping connection alive
Waiting for events on port 8080...
=== GENERATING RESPONSE FOR CLIENT 5 ===
Continuing file streaming...
-----------------RESPONSE--------------
Continuing file streaming...
Reading from file stream...
Read 9000 bytes from file
Sent 9000 bytes to client
File streaming in progress - keeping connection alive
Waiting for events on port 8080...
=== GENERATING RESPONSE FOR CLIENT 5 ===
Continuing file streaming...
-----------------RESPONSE--------------
Continuing file streaming...
Reading from file stream...
Read 9000 bytes from file
Sent 9000 bytes to client
File streaming in progress - keeping connection alive
Waiting for events on port 8080...
=== GENERATING RESPONSE FOR CLIENT 5 ===
Continuing file streaming...
-----------------RESPONSE--------------
Continuing file streaming...
Reading from file stream...
Read 9000 bytes from file
Sent 9000 bytes to client
File streaming in progress - keeping connection alive
Waiting for events on port 8080...
=== GENERATING RESPONSE FOR CLIENT 5 ===
Continuing file streaming...
-----------------RESPONSE--------------
Continuing file streaming...
Reading from file stream...
Read 9000 bytes from file
Sent 9000 bytes to client
File streaming in progress - keeping connection alive
Waiting for events on port 8080...
=== GENERATING RESPONSE FOR CLIENT 5 ===
Continuing file streaming...
-----------------RESPONSE--------------
Continuing file streaming...
Reading from file stream...
Read 9000 bytes from file
Sent 9000 bytes to client
File streaming in progress - keeping connection alive
Waiting for events on port 8080...
=== GENERATING RESPONSE FOR CLIENT 5 ===
Continuing file streaming...
-----------------RESPONSE--------------
Continuing file streaming...
Reading from file stream...
Read 9000 bytes from file
Sent 9000 bytes to client
File streaming in progress - keeping connection alive
Waiting for events on port 8080...
=== GENERATING RESPONSE FOR CLIENT 5 ===
Continuing file streaming...
-----------------RESPONSE--------------
Continuing file streaming...
Reading from file stream...
Read 9000 bytes from file
Sent 9000 bytes to client
File streaming in progress - keeping connection alive
Waiting for events on port 8080...
=== GENERATING RESPONSE FOR CLIENT 5 ===
Continuing file streaming...
-----------------RESPONSE--------------
Continuing file streaming...
Reading from file stream...
Read 9000 bytes from file
Sent 9000 bytes to client
File streaming in progress - keeping connection alive
Waiting for events on port 8080...
=== GENERATING RESPONSE FOR CLIENT 5 ===
Continuing file streaming...
-----------------RESPONSE--------------
Continuing file streaming...
Reading from file stream...
Read 9000 bytes from file
Sent 9000 bytes to client
File streaming in progress - keeping connection alive
Waiting for events on port 8080...
=== GENERATING RESPONSE FOR CLIENT 5 ===
Continuing file streaming...
-----------------RESPONSE--------------
Continuing file streaming...
Reading from file stream...
Read 9000 bytes from file
Sent 9000 bytes to client
File streaming in progress - keeping connection alive
Waiting for events on port 8080...
=== GENERATING RESPONSE FOR CLIENT 5 ===
Continuing file streaming...
-----------------RESPONSE--------------
Continuing file streaming...
Reading from file stream...
Read 9000 bytes from file
Sent 9000 bytes to client
File streaming in progress - keeping connection alive
Waiting for events on port 8080...
=== GENERATING RESPONSE FOR CLIENT 5 ===
Continuing file streaming...
-----------------RESPONSE--------------
Continuing file streaming...
Reading from file stream...
Read 9000 bytes from file
Sent 9000 bytes to client
File streaming in progress - keeping connection alive
Waiting for events on port 8080...
=== GENERATING RESPONSE FOR CLIENT 5 ===
Continuing file streaming...
-----------------RESPONSE--------------
Continuing file streaming...
Reading from file stream...
Read 9000 bytes from file
Sent 9000 bytes to client
File streaming in progress - keeping connection alive
Waiting for events on port 8080...
=== GENERATING RESPONSE FOR CLIENT 5 ===
Continuing file streaming...
-----------------RESPONSE--------------
Continuing file streaming...
Reading from file stream...
Read 9000 bytes from file
Sent 9000 bytes to client
File streaming in progress - keeping connection alive
Waiting for events on port 8080...
=== GENERATING RESPONSE FOR CLIENT 5 ===
Continuing file streaming...
-----------------RESPONSE--------------
Continuing file streaming...
Reading from file stream...
Read 9000 bytes from file
Sent 9000 bytes to client
File streaming in progress - keeping connection alive
Waiting for events on port 8080...
=== GENERATING RESPONSE FOR CLIENT 5 ===
Continuing file streaming...
-----------------RESPONSE--------------
Continuing file streaming...
Reading from file stream...
Read 9000 bytes from file
Sent 9000 bytes to client
File streaming in progress - keeping connection alive
Waiting for events on port 8080...
=== GENERATING RESPONSE FOR CLIENT 5 ===
Continuing file streaming...
-----------------RESPONSE--------------
Continuing file streaming...
Reading from file stream...
Read 9000 bytes from file
Sent 9000 bytes to client
File streaming in progress - keeping connection alive
Waiting for events on port 8080...
=== GENERATING RESPONSE FOR CLIENT 5 ===
Continuing file streaming...
-----------------RESPONSE--------------
Continuing file streaming...
Reading from file stream...
Read 9000 bytes from file
Sent 9000 bytes to client
File streaming in progress - keeping connection alive
Waiting for events on port 8080...
=== GENERATING RESPONSE FOR CLIENT 5 ===
Continuing file streaming...
-----------------RESPONSE--------------
Continuing file streaming...
Reading from file stream...
Read 9000 bytes from file
Sent 9000 bytes to client
File streaming in progress - keeping connection alive
Waiting for events on port 8080...
=== GENERATING RESPONSE FOR CLIENT 5 ===
Continuing file streaming...
-----------------RESPONSE--------------
Continuing file streaming...
Reading from file stream...
Read 9000 bytes from file
Sent 9000 bytes to client
File streaming in progress - keeping connection alive
Waiting for events on port 8080...
=== GENERATING RESPONSE FOR CLIENT 5 ===
Continuing file streaming...
-----------------RESPONSE--------------
Continuing file streaming...
Reading from file stream...
Read 9000 bytes from file
Sent 9000 bytes to client
File streaming in progress - keeping connection alive
Waiting for events on port 8080...
=== GENERATING RESPONSE FOR CLIENT 5 ===
Continuing file streaming...
-----------------RESPONSE--------------
Continuing file streaming...
Reading from file stream...
Read 9000 bytes from file
Sent 9000 bytes to client
File streaming in progress - keeping connection alive
Waiting for events on port 8080...
=== GENERATING RESPONSE FOR CLIENT 5 ===
Continuing file streaming...
-----------------RESPONSE--------------
Continuing file streaming...
Reading from file stream...
Read 9000 bytes from file
Sent 9000 bytes to client
File streaming in progress - keeping connection alive
Waiting for events on port 8080...
=== GENERATING RESPONSE FOR CLIENT 5 ===
Continuing file streaming...
-----------------RESPONSE--------------
Continuing file streaming...
Reading from file stream...
Read 9000 bytes from file
Sent 9000 bytes to client
File streaming in progress - keeping connection alive
Waiting for events on port 8080...
=== GENERATING RESPONSE FOR CLIENT 5 ===
Continuing file streaming...
-----------------RESPONSE--------------
Continuing file streaming...
Reading from file stream...
Read 9000 bytes from file
Sent 9000 bytes to client
File streaming in progress - keeping connection alive
Waiting for events on port 8080...
=== GENERATING RESPONSE FOR CLIENT 5 ===
Continuing file streaming...
-----------------RESPONSE--------------
Continuing file streaming...
Reading from file stream...
Read 9000 bytes from file
Sent 9000 bytes to client
File streaming in progress - keeping connection alive
Waiting for events on port 8080...
=== GENERATING RESPONSE FOR CLIENT 5 ===
Continuing file streaming...
-----------------RESPONSE--------------
Continuing file streaming...
Reading from file stream...
Read 9000 bytes from file
Sent 9000 bytes to client
File streaming in progress - keeping connection alive
Waiting for events on port 8080...
=== GENERATING RESPONSE FOR CLIENT 5 ===
Continuing file streaming...
-----------------RESPONSE--------------
Continuing file streaming...
Reading from file stream...
Read 9000 bytes from file
Sent 9000 bytes to client
File streaming in progress - keeping connection alive
Waiting for events on port 8080...
=== GENERATING RESPONSE FOR CLIENT 5 ===
Continuing file streaming...
-----------------RESPONSE--------------
Continuing file streaming...
Reading from file stream...
Read 9000 bytes from file
Sent 9000 bytes to client
File streaming in progress - keeping connection alive
Waiting for events on port 8080...
=== GENERATING RESPONSE FOR CLIENT 5 ===
Continuing file streaming...
-----------------RESPONSE--------------
Continuing file streaming...
Reading from file stream...
Read 9000 bytes from file
Sent 9000 bytes to client
File streaming in progress - keeping connection alive
Waiting for events on port 8080...
=== GENERATING RESPONSE FOR CLIENT 5 ===
Continuing file streaming...
-----------------RESPONSE--------------
Continuing file streaming...
Reading from file stream...
Read 9000 bytes from file
Sent 9000 bytes to client
File streaming in progress - keeping connection alive
Waiting for events on port 8080...
No events (timeout)
Waiting for events on port 8080...
No events (timeout)
Waiting for events on port 8080...
No events (timeout)
Waiting for events on port 8080...
